Archive member included to satisfy reference by file (symbol)

d:/program files (x86)/atmel/studio/7.0/toolchain/avr8/avr8-gnu-toolchain/bin/../lib/gcc/avr/5.4.0/../../../../avr/lib/avr6\libm.a(addsf3.o)
                              controller/tempHumSensorController.o (__addsf3)
d:/program files (x86)/atmel/studio/7.0/toolchain/avr8/avr8-gnu-toolchain/bin/../lib/gcc/avr/5.4.0/../../../../avr/lib/avr6\libm.a(addsf3x.o)
                              d:/program files (x86)/atmel/studio/7.0/toolchain/avr8/avr8-gnu-toolchain/bin/../lib/gcc/avr/5.4.0/../../../../avr/lib/avr6\libm.a(addsf3.o) (__addsf3x)
d:/program files (x86)/atmel/studio/7.0/toolchain/avr8/avr8-gnu-toolchain/bin/../lib/gcc/avr/5.4.0/../../../../avr/lib/avr6\libm.a(cmpsf2.o)
                              model/senser/humiditySensor.o (__lesf2)
d:/program files (x86)/atmel/studio/7.0/toolchain/avr8/avr8-gnu-toolchain/bin/../lib/gcc/avr/5.4.0/../../../../avr/lib/avr6\libm.a(divsf3.o)
                              controller/sevenSegmentDisplayController.o (__divsf3)
d:/program files (x86)/atmel/studio/7.0/toolchain/avr8/avr8-gnu-toolchain/bin/../lib/gcc/avr/5.4.0/../../../../avr/lib/avr6\libm.a(divsf3x.o)
                              d:/program files (x86)/atmel/studio/7.0/toolchain/avr8/avr8-gnu-toolchain/bin/../lib/gcc/avr/5.4.0/../../../../avr/lib/avr6\libm.a(divsf3.o) (__divsf3x)
d:/program files (x86)/atmel/studio/7.0/toolchain/avr8/avr8-gnu-toolchain/bin/../lib/gcc/avr/5.4.0/../../../../avr/lib/avr6\libm.a(fixsfsi.o)
                              controller/tempHumSensorController.o (__fixsfsi)
d:/program files (x86)/atmel/studio/7.0/toolchain/avr8/avr8-gnu-toolchain/bin/../lib/gcc/avr/5.4.0/../../../../avr/lib/avr6\libm.a(fixunssfsi.o)
                              controller/CO2SensorController.o (__fixunssfsi)
d:/program files (x86)/atmel/studio/7.0/toolchain/avr8/avr8-gnu-toolchain/bin/../lib/gcc/avr/5.4.0/../../../../avr/lib/avr6\libm.a(floatsisf.o)
                              controller/sevenSegmentDisplayController.o (__floatsisf)
d:/program files (x86)/atmel/studio/7.0/toolchain/avr8/avr8-gnu-toolchain/bin/../lib/gcc/avr/5.4.0/../../../../avr/lib/avr6\libm.a(fp_cmp.o)
                              d:/program files (x86)/atmel/studio/7.0/toolchain/avr8/avr8-gnu-toolchain/bin/../lib/gcc/avr/5.4.0/../../../../avr/lib/avr6\libm.a(cmpsf2.o) (__fp_cmp)
d:/program files (x86)/atmel/studio/7.0/toolchain/avr8/avr8-gnu-toolchain/bin/../lib/gcc/avr/5.4.0/../../../../avr/lib/avr6\libm.a(fp_inf.o)
                              d:/program files (x86)/atmel/studio/7.0/toolchain/avr8/avr8-gnu-toolchain/bin/../lib/gcc/avr/5.4.0/../../../../avr/lib/avr6\libm.a(addsf3x.o) (__fp_inf)
d:/program files (x86)/atmel/studio/7.0/toolchain/avr8/avr8-gnu-toolchain/bin/../lib/gcc/avr/5.4.0/../../../../avr/lib/avr6\libm.a(fp_nan.o)
                              d:/program files (x86)/atmel/studio/7.0/toolchain/avr8/avr8-gnu-toolchain/bin/../lib/gcc/avr/5.4.0/../../../../avr/lib/avr6\libm.a(addsf3x.o) (__fp_nan)
d:/program files (x86)/atmel/studio/7.0/toolchain/avr8/avr8-gnu-toolchain/bin/../lib/gcc/avr/5.4.0/../../../../avr/lib/avr6\libm.a(fp_pscA.o)
                              d:/program files (x86)/atmel/studio/7.0/toolchain/avr8/avr8-gnu-toolchain/bin/../lib/gcc/avr/5.4.0/../../../../avr/lib/avr6\libm.a(addsf3x.o) (__fp_pscA)
d:/program files (x86)/atmel/studio/7.0/toolchain/avr8/avr8-gnu-toolchain/bin/../lib/gcc/avr/5.4.0/../../../../avr/lib/avr6\libm.a(fp_pscB.o)
                              d:/program files (x86)/atmel/studio/7.0/toolchain/avr8/avr8-gnu-toolchain/bin/../lib/gcc/avr/5.4.0/../../../../avr/lib/avr6\libm.a(addsf3x.o) (__fp_pscB)
d:/program files (x86)/atmel/studio/7.0/toolchain/avr8/avr8-gnu-toolchain/bin/../lib/gcc/avr/5.4.0/../../../../avr/lib/avr6\libm.a(fp_round.o)
                              d:/program files (x86)/atmel/studio/7.0/toolchain/avr8/avr8-gnu-toolchain/bin/../lib/gcc/avr/5.4.0/../../../../avr/lib/avr6\libm.a(addsf3.o) (__fp_round)
d:/program files (x86)/atmel/studio/7.0/toolchain/avr8/avr8-gnu-toolchain/bin/../lib/gcc/avr/5.4.0/../../../../avr/lib/avr6\libm.a(fp_split3.o)
                              d:/program files (x86)/atmel/studio/7.0/toolchain/avr8/avr8-gnu-toolchain/bin/../lib/gcc/avr/5.4.0/../../../../avr/lib/avr6\libm.a(addsf3x.o) (__fp_split3)
d:/program files (x86)/atmel/studio/7.0/toolchain/avr8/avr8-gnu-toolchain/bin/../lib/gcc/avr/5.4.0/../../../../avr/lib/avr6\libm.a(fp_zero.o)
                              d:/program files (x86)/atmel/studio/7.0/toolchain/avr8/avr8-gnu-toolchain/bin/../lib/gcc/avr/5.4.0/../../../../avr/lib/avr6\libm.a(addsf3x.o) (__fp_zero)
d:/program files (x86)/atmel/studio/7.0/toolchain/avr8/avr8-gnu-toolchain/bin/../lib/gcc/avr/5.4.0/../../../../avr/lib/avr6\libm.a(gesf2.o)
                              model/senser/humiditySensor.o (__gesf2)
d:/program files (x86)/atmel/studio/7.0/toolchain/avr8/avr8-gnu-toolchain/bin/../lib/gcc/avr/5.4.0/../../../../avr/lib/avr6\libm.a(mulsf3.o)
[...]
Memory Configuration

Name             Origin             Length             Attributes
text             0x00000000         0x00100000         xr
data             0x00800200         0x0000fe00         rw !x
eeprom           0x00810000         0x00010000         rw !x
fuse             0x00820000         0x00000003         rw !x
lock             0x00830000         0x00000400         rw !x
signature        0x00840000         0x00000400         rw !x
user_signatures  0x00850000         0x00000400         rw !x
*default*        0x00000000         0xffffffff

Linker script and memory map

Address of section .data set to 0x800200
LOAD D:/Program Files (x86)/Atmel/Studio/7.0/Packs/atmel/ATmega_DFP/1.3.300/gcc/dev/atmega2560/avr6/crtatmega2560.o
LOAD controller/CO2SensorController.o
LOAD controller/sevenSegmentDisplayController.o
LOAD controller/tempHumSensorController.o
LOAD model/device/AC.o
LOAD model/device/carbonDioxideGenerator.o
LOAD model/device/HumilityGenerator.o
LOAD model/senser/carbonDioxideSensor.o
LOAD model/senser/humiditySensor.o
LOAD model/senser/temperatureSensor.o
LOAD model/sensorModelManager.o
LOAD model/time/myTime.o
LOAD FreeRTOS/FreeRTOSTraceDriver/FreeRTOSTraceDriver.o
LOAD FreeRTOS/src/croutine.o
LOAD FreeRTOS/src/event_groups.o
LOAD FreeRTOS/src/heap_4.o
LOAD FreeRTOS/src/list.o
LOAD FreeRTOS/src/port.o
LOAD FreeRTOS/src/queue.o
LOAD FreeRTOS/src/stream_buffer.o
LOAD FreeRTOS/src/tasks.o
LOAD FreeRTOS/src/timers.o
LOAD FreeRTOS/src/variantHooks.o
LOAD LoRaWANHandler.o
LOAD main.o
START GROUP
LOAD d:/program files (x86)/atmel/studio/7.0/toolchain/avr8/avr8-gnu-toolchain/bin/../lib/gcc/avr/5.4.0/../../../../avr/lib/avr6\libm.a
LOAD ../drivers\libIotLibrary.a
END GROUP
START GROUP
LOAD d:/program files (x86)/atmel/studio/7.0/toolchain/avr8/avr8-gnu-toolchain/bin/../lib/gcc/avr/5.4.0/avr6\libgcc.a
LOAD d:/program files (x86)/atmel/studio/7.0/toolchain/avr8/avr8-gnu-toolchain/bin/../lib/gcc/avr/5.4.0/../../../../avr/lib/avr6\libm.a
LOAD d:/program files (x86)/atmel/studio/7.0/toolchain/avr8/avr8-gnu-toolchain/bin/../lib/gcc/avr/5.4.0/../../../../avr/lib/avr6\libc.a
LOAD D:/Program Files (x86)/Atmel/Studio/7.0/Packs/atmel/ATmega_DFP/1.3.300/gcc/dev/atmega2560/avr6\libatmega2560.a
END GROUP
                0x00000000                __TEXT_REGION_ORIGIN__ = DEFINED (__TEXT_REGION_ORIGIN__)?__TEXT_REGION_ORIGIN__:0x0
                0x00800200                __DATA_REGION_ORIGIN__ = DEFINED (__DATA_REGION_ORIGIN__)?__DATA_REGION_ORIGIN__:0x800200
                0x00100000                __TEXT_REGION_LENGTH__ = DEFINED (__TEXT_REGION_LENGTH__)?__TEXT_REGION_LENGTH__:0x100000
                0x0000fe00                __DATA_REGION_LENGTH__ = DEFINED (__DATA_REGION_LENGTH__)?__DATA_REGION_LENGTH__:0xfe00
                0x00010000                __EEPROM_REGION_LENGTH__ = DEFINED (__EEPROM_REGION_LENGTH__)?__EEPROM_REGION_LENGTH__:0x10000
                [0x00000003]                __FUSE_REGION_LENGTH__ = DEFINED (__FUSE_REGION_LENGTH__)?__FUSE_REGION_LENGTH__:0x400
                0x00000400                __LOCK_REGION_LENGTH__ = DEFINED (__LOCK_REGION_LENGTH__)?__LOCK_REGION_LENGTH__:0x400
                0x00000400                __SIGNATURE_REGION_LENGTH__ = DEFINED (__SIGNATURE_REGION_LENGTH__)?__SIGNATURE_REGION_LENGTH__:0x400
                0x00000400                __USER_SIGNATURE_REGION_LENGTH__ = DEFINED (__USER_SIGNATURE_REGION_LENGTH__)?__USER_SIGNATURE_REGION_LENGTH__:0x400

.hash
 *(.hash)

.dynsym
 *(.dynsym)

.dynstr
 *(.dynstr)

.gnu.version
 *(.gnu.version)

.gnu.version_d
 *(.gnu.version_d)

.gnu.version_r
 *(.gnu.version_r)

.rel.init
 *(.rel.init)

.rela.init
 *(.rela.init)

.rel.text
 *(.rel.text)
 *(.rel.text.*)
 *(.rel.gnu.linkonce.t*)

.rela.text
 *(.rela.text)
 *(.rela.text.*)
 *(.rela.gnu.linkonce.t*)

.rel.fini
 *(.rel.fini)

.rela.fini
 *(.rela.fini)

.rel.rodata
 *(.rel.rodata)
 *(.rel.rodata.*)
 *(.rel.gnu.linkonce.r*)

.rela.rodata
 *(.rela.rodata)
 *(.rela.rodata.*)
 *(.rela.gnu.linkonce.r*)

.rel.data
 *(.rel.data)
 *(.rel.data.*)
 *(.rel.gnu.linkonce.d*)

.rela.data
 *(.rela.data)
 *(.rela.data.*)
 *(.rela.gnu.linkonce.d*)

.rel.ctors
 *(.rel.ctors)

.rela.ctors
 *(.rela.ctors)

.rel.dtors
 *(.rel.dtors)

.rela.dtors
 *(.rela.dtors)

.rel.got
 *(.rel.got)

.rela.got
 *(.rela.got)

.rel.bss
 *(.rel.bss)

.rela.bss
 *(.rela.bss)

.rel.plt
 *(.rel.plt)

.rela.plt
 *(.rela.plt)

.text           0x00000000     0x774c
 *(.vectors)
 .vectors       0x00000000       0xe4 D:/Program Files (x86)/Atmel/Studio/7.0/Packs/atmel/ATmega_DFP/1.3.300/gcc/dev/atmega2560/avr6/crtatmega2560.o
                0x00000000                __vector_default
                0x00000000                __vectors
 *(.vectors)
 *(.progmem.gcc*)
 .progmem.gcc_sw_table
                0x000000e4       0x14 FreeRTOS/src/timers.o
 .progmem.gcc_sw_table.__vector_39
                0x000000f8       0xa2 ../drivers\libIotLibrary.a(twi.o)
 .progmem.gcc_fplib
                0x0000019a       0x28 d:/program files (x86)/atmel/studio/7.0/toolchain/avr8/avr8-gnu-toolchain/bin/../lib/gcc/avr/5.4.0/../../../../avr/lib/avr6\libm.a(exp.o)
 .progmem.gcc_fplib
                0x000001c2       0x5a d:/program files (x86)/atmel/studio/7.0/toolchain/avr8/avr8-gnu-toolchain/bin/../lib/gcc/avr/5.4.0/../../../../avr/lib/avr6\libm.a(log.o)
                0x0000021c                . = ALIGN (0x2)
                0x0000021c                __trampolines_start = .
 *(.trampolines)
 .trampolines   0x0000021c        0x0 linker stubs
 *(.trampolines*)
                0x0000021c                __trampolines_end = .
 *libprintf_flt.a:*(.progmem.data)
 *libc.a:*(.progmem.data)
 *(.progmem*)
                0x0000021c                . = ALIGN (0x2)
 *(.jumptables)
 *(.jumptables*)
 *(.lowtext)
 .lowtext       0x0000021c       0x74 FreeRTOS/src/tasks.o
 .lowtext       0x00000290      0x294 FreeRTOS/src/timers.o
 *(.lowtext*)
                0x00000524                __ctors_start = .
 *(.ctors)
                0x00000524                __ctors_end = .
                0x00000524                __dtors_start = .
 *(.dtors)
                0x00000524                __dtors_end = .
 SORT(*)(.ctors)
 SORT(*)(.dtors)
 *(.init0)
 .init0         0x00000524        0x0 D:/Program Files (x86)/Atmel/Studio/7.0/Packs/atmel/ATmega_DFP/1.3.300/gcc/dev/atmega2560/avr6/crtatmega2560.o
                0x00000524                __init
 *(.init0)
 *(.init1)
 *(.init1)
 *(.init2)
 .init2         0x00000524       0x10 D:/Program Files (x86)/Atmel/Studio/7.0/Packs/atmel/ATmega_DFP/1.3.300/gcc/dev/atmega2560/avr6/crtatmega2560.o
 *(.init2)
 *(.init3)
 *(.init3)
 *(.init4)
 .init4         0x00000534       0x1a d:/program files (x86)/atmel/studio/7.0/toolchain/avr8/avr8-gnu-toolchain/bin/../lib/gcc/avr/5.4.0/avr6\libgcc.a(_copy_data.o)
                0x00000534                __do_copy_data
 .init4         0x0000054e       0x10 d:/program files (x86)/atmel/studio/7.0/toolchain/avr8/avr8-gnu-toolchain/bin/../lib/gcc/avr/5.4.0/avr6\libgcc.a(_clear_bss.o)
                0x0000054e                __do_clear_bss
 *(.init4)
 *(.init5)
 *(.init5)
 *(.init6)
 *(.init6)
 *(.init7)
 *(.init7)
 *(.init8)
 *(.init8)
 *(.init9)
 .init9         0x0000055e        0x8 D:/Program Files (x86)/Atmel/Studio/7.0/Packs/atmel/ATmega_DFP/1.3.300/gcc/dev/atmega2560/avr6/crtatmega2560.o
 *(.init9)
 *(.text)
 .text          0x00000566        0x2 D:/Program Files (x86)/Atmel/Studio/7.0/Packs/atmel/ATmega_DFP/1.3.300/gcc/dev/atmega2560/avr6/crtatmega2560.o
                0x00000566                __vector_38
                0x00000566                __vector_22
                0x00000566                __vector_28
                0x00000566                __vector_1
                0x00000566                __vector_32
                0x00000566                __vector_34
                0x00000566                __vector_46
                0x00000566                __bad_interrupt
                0x00000566                __vector_6
                0x00000566                __vector_31
                0x00000566                __vector_35
                0x00000566                __vector_3
                0x00000566                __vector_23
                0x00000566                __vector_30
                0x00000566                __vector_45
                0x00000566                __vector_11
                0x00000566                __vector_13
                0x00000566                __vector_17
                0x00000566                __vector_19
                0x00000566                __vector_56
                0x00000566                __vector_7
                0x00000566                __vector_49
                0x00000566                __vector_41
                0x00000566                __vector_43
                0x00000566                __vector_27
                0x00000566                __vector_5
                0x00000566                __vector_33
                0x00000566                __vector_47
                0x00000566                __vector_4
                0x00000566                __vector_44
                0x00000566                __vector_9
                0x00000566                __vector_2
                0x00000566                __vector_15
                0x00000566                __vector_29
                0x00000566                __vector_40
                0x00000566                __vector_8
                0x00000566                __vector_48
                0x00000566                __vector_14
                0x00000566                __vector_53
                0x00000566                __vector_10
                0x00000566                __vector_50
                0x00000566                __vector_16
                0x00000566                __vector_18
                0x00000566                __vector_20
                0x00000566                __vector_42
                0x00000568                . = ALIGN (0x2)
 *(.text.*)
 .text.carbonDioxideController_task
                0x00000568       0xc8 controller/CO2SensorController.o
                0x00000568                carbonDioxideController_task
 .text.CO2SensorController_create
                0x00000630       0x38 controller/CO2SensorController.o
                0x00000630                CO2SensorController_create
 .text.sevenSegmentDisplayController_task
                0x00000668      0x1b2 controller/sevenSegmentDisplayController.o
                0x00000668                sevenSegmentDisplayController_task
 .text.sevenSegmentDisplayController_create
                0x0000081a       0x3c controller/sevenSegmentDisplayController.o
                0x0000081a                sevenSegmentDisplayController_create
 .text.tempHumSensorController_task
                0x00000856      0x10c controller/tempHumSensorController.o
                0x00000856                tempHumSensorController_task
 .text.tempHumSensorController_create
                0x00000962       0x40 controller/tempHumSensorController.o
                0x00000962                tempHumSensorController_create
 .text.AC_turnOnHeating
                0x000009a2       0x38 model/device/AC.o
                0x000009a2                AC_turnOnHeating
 .text.AC_turnOnCooling
                0x000009da       0x34 model/device/AC.o
                0x000009da                AC_turnOnCooling
 .text.AC_turnOff
                0x00000a0e       0x1e model/device/AC.o
                0x00000a0e                AC_turnOff
 .text.AC_getStateCode
                0x00000a2c       0x18 model/device/AC.o
                0x00000a2c                AC_getStateCode
 .text.carbonDioxideGenerator_getStateCode
                0x00000a44       0x12 model/device/carbonDioxideGenerator.o
                0x00000a44                carbonDioxideGenerator_getStateCode
 .text.HumilityGenerator_turnOn
                0x00000a56       0x20 model/device/HumilityGenerator.o
                0x00000a56                HumilityGenerator_turnOn
 .text.HumilityGenerator_turnOff
                0x00000a76       0x1e model/device/HumilityGenerator.o
                0x00000a76                HumilityGenerator_turnOff
 .text.HumilityGenerator_getStateCode
                0x00000a94       0x12 model/device/HumilityGenerator.o
                0x00000a94                HumilityGenerator_getStateCode
 .text.carbonDioxideSensor_create
                0x00000aa6       0x68 model/senser/carbonDioxideSensor.o
                0x00000aa6                carbonDioxideSensor_create
 .text.carbonDioxideSensor_setValue
                0x00000b0e       0x40 model/senser/carbonDioxideSensor.o
                0x00000b0e                carbonDioxideSensor_setValue
 .text.carbonDioxideSensor_getReportInterval
                0x00000b4e       0x4c model/senser/carbonDioxideSensor.o
                0x00000b4e                carbonDioxideSensor_getReportInterval
 .text.carbonDioxideSensor_getValue
                0x00000b9a       0x3e model/senser/carbonDioxideSensor.o
                0x00000b9a                carbonDioxideSensor_getValue
 .text.carbonDioxideSensor_getUpdateTime
                0x00000bd8       0x3e model/senser/carbonDioxideSensor.o
                0x00000bd8                carbonDioxideSensor_getUpdateTime
 .text.carbonDioxideSensor_setMaxCo2Value
                0x00000c16       0x48 model/senser/carbonDioxideSensor.o
                0x00000c16                carbonDioxideSensor_setMaxCo2Value
 .text.carbonDioxideSensor_setMinCo2Value
                0x00000c5e       0x48 model/senser/carbonDioxideSensor.o
                0x00000c5e                carbonDioxideSensor_setMinCo2Value
 .text.humiditySensor_create
                0x00000ca6       0x6a model/senser/humiditySensor.o
                0x00000ca6                humiditySensor_create
 .text.humiditySensor_setMaxValue
                0x00000d10       0x5a model/senser/humiditySensor.o
                0x00000d10                humiditySensor_setMaxValue
 .text.humiditySensor_setMinValue
                0x00000d6a       0x5a model/senser/humiditySensor.o
                0x00000d6a                humiditySensor_setMinValue
 .text.humiditySensor_setValue
                0x00000dc4       0xac model/senser/humiditySensor.o
                0x00000dc4                humiditySensor_setValue
 .text.humiditySensor_getReportInterval
                0x00000e70       0x4a model/senser/humiditySensor.o
                0x00000e70                humiditySensor_getReportInterval
 .text.humiditySensor_getValue
                0x00000eba       0x4a model/senser/humiditySensor.o
                0x00000eba                humiditySensor_getValue
 .text.temperatureSensor_create
                0x00000f04       0x6a model/senser/temperatureSensor.o
                0x00000f04                temperatureSensor_create
 .text.temperatureSensor_setValue
                0x00000f6e       0xae model/senser/temperatureSensor.o
                0x00000f6e                temperatureSensor_setValue
 .text.temperatureSensor_setmaxValue
                0x0000101c       0x58 model/senser/temperatureSensor.o
                0x0000101c                temperatureSensor_setmaxValue
 .text.temperatureSensor_setminValue
                0x00001074       0x58 model/senser/temperatureSensor.o
                0x00001074                temperatureSensor_setminValue
 .text.temperatureSensor_getReportInterval
                0x000010cc       0x4a model/senser/temperatureSensor.o
                0x000010cc                temperatureSensor_getReportInterval
 .text.temperatureSensor_getValue
                0x00001116       0x4a model/senser/temperatureSensor.o
                0x00001116                temperatureSensor_getValue
 .text.sensorModelManager_create
                0x00001160       0x48 model/sensorModelManager.o
                0x00001160                sensorModelManager_create
 .text.sensorModelManager_getTemperatureSensor
                0x000011a8        0xa model/sensorModelManager.o
                0x000011a8                sensorModelManager_getTemperatureSensor
 .text.sensorModelManager_getHumiditySensor
                0x000011b2        0xa model/sensorModelManager.o
                0x000011b2                sensorModelManager_getHumiditySensor
 .text.sensorModelManager_getCarbonDioxideSensor
                0x000011bc        0xa model/sensorModelManager.o
                0x000011bc                sensorModelManager_getCarbonDioxideSensor
 .text.mytime_tryCreateNowTime
                0x000011c6       0x40 model/time/myTime.o
                0x000011c6                mytime_tryCreateNowTime
 .text.myTime_addOneSec
                0x00001206       0x42 model/time/myTime.o
                0x00001206                myTime_addOneSec
 .text.myTime_create
                0x00001248       0x30 model/time/myTime.o
                0x00001248                myTime_create
 .text.myTime_updateToNowTime
                0x00001278       0x46 model/time/myTime.o
                0x00001278                myTime_updateToNowTime
 .text.myTime_getNowTime
                0x000012be        0xc model/time/myTime.o
                0x000012be                myTime_getNowTime
 .text.myTime_getHour
                0x000012ca        0x8 model/time/myTime.o
                0x000012ca                myTime_getHour
 .text.myTime_getMin
                0x000012d2        0x8 model/time/myTime.o
                0x000012d2                myTime_getMin
 .text.prvInsertBlockIntoFreeList
                0x000012da       0x9a FreeRTOS/src/heap_4.o
 .text.pvPortMalloc
                0x00001374      0x190 FreeRTOS/src/heap_4.o
                0x00001374                pvPortMalloc
 .text.vPortFree
                0x00001504       0x74 FreeRTOS/src/heap_4.o
                0x00001504                vPortFree
 .text.vListInitialise
                0x00001578       0x22 FreeRTOS/src/list.o
                0x00001578                vListInitialise
 .text.vListInitialiseItem
                0x0000159a        0x8 FreeRTOS/src/list.o
                0x0000159a                vListInitialiseItem
 .text.vListInsert
                0x000015a2       0x7a FreeRTOS/src/list.o
                0x000015a2                vListInsert
 .text.uxListRemove
                0x0000161c       0x4e FreeRTOS/src/list.o
                0x0000161c                uxListRemove
 .text.pxPortInitialiseStack
                0x0000166a       0x2e FreeRTOS/src/port.o
                0x0000166a                pxPortInitialiseStack
 .text.xPortStartScheduler
                0x00001698       0x78 FreeRTOS/src/port.o
                0x00001698                xPortStartScheduler
 .text.vPortYield
                0x00001710       0xc2 FreeRTOS/src/port.o
                0x00001710                vPortYield
 .text.vPortYieldFromTick
                0x000017d2       0xca FreeRTOS/src/port.o
                0x000017d2                vPortYieldFromTick
 .text.__vector_12
                0x0000189c        0x4 FreeRTOS/src/port.o
                0x0000189c                __vector_12
 .text.prvIsQueueEmpty
                0x000018a0       0x16 FreeRTOS/src/queue.o
 .text.prvCopyDataToQueue
                0x000018b6       0xbe FreeRTOS/src/queue.o
 .text.prvCopyDataFromQueue
                0x00001974       0x34 FreeRTOS/src/queue.o
 .text.prvUnlockQueue
                0x000019a8       0x9a FreeRTOS/src/queue.o
 .text.xQueueGenericReset
                0x00001a42       0x86 FreeRTOS/src/queue.o
                0x00001a42                xQueueGenericReset
 .text.xQueueGenericCreate
                0x00001ac8       0x42 FreeRTOS/src/queue.o
                0x00001ac8                xQueueGenericCreate
 .text.xQueueGenericSend
                0x00001b0a      0x146 FreeRTOS/src/queue.o
                0x00001b0a                xQueueGenericSend
 .text.xQueueGenericSendFromISR
                0x00001c50       0x76 FreeRTOS/src/queue.o
                0x00001c50                xQueueGenericSendFromISR
 .text.xQueueReceive
                0x00001cc6      0x132 FreeRTOS/src/queue.o
                0x00001cc6                xQueueReceive
 .text.xQueueSemaphoreTake
                0x00001df8      0x19c FreeRTOS/src/queue.o
                0x00001df8                xQueueSemaphoreTake
 .text.vQueueWaitForMessageRestricted
                0x00001f94       0x38 FreeRTOS/src/queue.o
                0x00001f94                vQueueWaitForMessageRestricted
 .text.prvBytesInBuffer
                0x00001fcc       0x26 FreeRTOS/src/stream_buffer.o
 .text.prvWriteBytesToBuffer
                0x00001ff2       0x92 FreeRTOS/src/stream_buffer.o
 .text.prvWriteMessageToBuffer
                0x00002084       0x80 FreeRTOS/src/stream_buffer.o
 .text.prvReadBytesFromBuffer
                0x00002104       0x9c FreeRTOS/src/stream_buffer.o
 .text.xStreamBufferGenericCreate
                0x000021a0       0x6a FreeRTOS/src/stream_buffer.o
                0x000021a0                xStreamBufferGenericCreate
 .text.xStreamBufferReset
                0x0000220a       0x74 FreeRTOS/src/stream_buffer.o
                0x0000220a                xStreamBufferReset
 .text.xStreamBufferSpacesAvailable
                0x0000227e       0x24 FreeRTOS/src/stream_buffer.o
                0x0000227e                xStreamBufferSpacesAvailable
 .text.xStreamBufferSend
                0x000022a2      0x17c FreeRTOS/src/stream_buffer.o
                0x000022a2                xStreamBufferSend
 .text.xStreamBufferSendFromISR
                0x0000241e       0x88 FreeRTOS/src/stream_buffer.o
                0x0000241e                xStreamBufferSendFromISR
 .text.xStreamBufferReceive
                0x000024a6      0x156 FreeRTOS/src/stream_buffer.o
                0x000024a6                xStreamBufferReceive
 .text.prvResetNextTaskUnblockTime
                0x000025fc       0x4e FreeRTOS/src/tasks.o
 .text.prvAddCurrentTaskToDelayedList
                0x0000264a      0x144 FreeRTOS/src/tasks.o
 .text.xTaskCreate
                0x0000278e      0x274 FreeRTOS/src/tasks.o
                0x0000278e                xTaskCreate
 .text.vTaskStartScheduler
                0x00002a02       0x70 FreeRTOS/src/tasks.o
                0x00002a02                vTaskStartScheduler
 .text.vTaskSuspendAll
                0x00002a72        0xc FreeRTOS/src/tasks.o
                0x00002a72                vTaskSuspendAll
 .text.xTaskGetTickCount
                0x00002a7e       0x1c FreeRTOS/src/tasks.o
                0x00002a7e                xTaskGetTickCount
 .text.xTaskIncrementTick
                0x00002a9a      0x260 FreeRTOS/src/tasks.o
                0x00002a9a                xTaskIncrementTick
 .text.xTaskResumeAll
                0x00002cfa      0x1cc FreeRTOS/src/tasks.o
                0x00002cfa                xTaskResumeAll
 .text.vTaskDelay
                0x00002ec6       0x32 FreeRTOS/src/tasks.o
                0x00002ec6                vTaskDelay
 .text.vTaskSwitchContext
                0x00002ef8       0xe2 FreeRTOS/src/tasks.o
                0x00002ef8                vTaskSwitchContext
 .text.vTaskPlaceOnEventList
                0x00002fda       0x2e FreeRTOS/src/tasks.o
                0x00002fda                vTaskPlaceOnEventList
 .text.vTaskPlaceOnEventListRestricted
                0x00003008       0x84 FreeRTOS/src/tasks.o
                0x00003008                vTaskPlaceOnEventListRestricted
 .text.xTaskRemoveFromEventList
                0x0000308c      0x160 FreeRTOS/src/tasks.o
                0x0000308c                xTaskRemoveFromEventList
 .text.vTaskSetTimeOutState
                0x000031ec       0x2c FreeRTOS/src/tasks.o
                0x000031ec                vTaskSetTimeOutState
 .text.vTaskInternalSetTimeOutState
                0x00003218       0x22 FreeRTOS/src/tasks.o
                0x00003218                vTaskInternalSetTimeOutState
 .text.xTaskCheckForTimeOut
                0x0000323a       0xb2 FreeRTOS/src/tasks.o
                0x0000323a                xTaskCheckForTimeOut
 .text.vTaskMissedYield
                0x000032ec        0x8 FreeRTOS/src/tasks.o
                0x000032ec                vTaskMissedYield
 .text.xTaskGetCurrentTaskHandle
                0x000032f4        0xa FreeRTOS/src/tasks.o
                0x000032f4                xTaskGetCurrentTaskHandle
 .text.xTaskGetSchedulerState
                0x000032fe       0x1c FreeRTOS/src/tasks.o
                0x000032fe                xTaskGetSchedulerState
 .text.xTaskPriorityInherit
                0x0000331a      0x10e FreeRTOS/src/tasks.o
                0x0000331a                xTaskPriorityInherit
 .text.xTaskPriorityDisinherit
                0x00003428       0xb6 FreeRTOS/src/tasks.o
                0x00003428                xTaskPriorityDisinherit
 .text.vTaskPriorityDisinheritAfterTimeout
                0x000034de       0xce FreeRTOS/src/tasks.o
                0x000034de                vTaskPriorityDisinheritAfterTimeout
 .text.pvTaskIncrementMutexHeldCount
                0x000035ac       0x24 FreeRTOS/src/tasks.o
                0x000035ac                pvTaskIncrementMutexHeldCount
 .text.xTaskGenericNotifyWait
                0x000035d0      0x150 FreeRTOS/src/tasks.o
                0x000035d0                xTaskGenericNotifyWait
 .text.xTaskGenericNotify
                0x00003720      0x1e8 FreeRTOS/src/tasks.o
                0x00003720                xTaskGenericNotify
 .text.xTaskGenericNotifyFromISR
                0x00003908      0x23c FreeRTOS/src/tasks.o
                0x00003908                xTaskGenericNotifyFromISR
 .text.xTaskGenericNotifyStateClear
                0x00003b44       0x34 FreeRTOS/src/tasks.o
                0x00003b44                xTaskGenericNotifyStateClear
 .text.prvInsertTimerInActiveList
                0x00003b78       0x92 FreeRTOS/src/timers.o
 .text.prvCheckForValidListAndQueue
                0x00003c0a       0x52 FreeRTOS/src/timers.o
 .text.xTimerCreateTimerTask
                0x00003c5c       0x42 FreeRTOS/src/timers.o
                0x00003c5c                xTimerCreateTimerTask
 .text.xTimerGenericCommand
                0x00003c9e       0xbc FreeRTOS/src/timers.o
                0x00003c9e                xTimerGenericCommand
 .text.prvSampleTimeNow
                0x00003d5a      0x12e FreeRTOS/src/timers.o
 .text.vApplicationIdleHook
                0x00003e88        0x2 FreeRTOS/src/variantHooks.o
                0x00003e88                vApplicationIdleHook
 .text.prvSetMainLedOn
                0x00003e8a        0x6 FreeRTOS/src/variantHooks.o
                0x00003e8a                prvSetMainLedOn
 .text.prvBlinkMainLed
                0x00003e90        0x4 FreeRTOS/src/variantHooks.o
                0x00003e90                prvBlinkMainLed
 .text.vApplicationMallocFailedHook
                0x00003e94       0x18 FreeRTOS/src/variantHooks.o
                0x00003e94                vApplicationMallocFailedHook
 .text.vApplicationStackOverflowHook
                0x00003eac       0x18 FreeRTOS/src/variantHooks.o
                0x00003eac                vApplicationStackOverflowHook
 .text.lora_handler_decodeUplink
                0x00003ec4       0x5a LoRaWANHandler.o
                0x00003ec4                lora_handler_decodeUplink
 .text.lora_handler_task
                0x00003f1e      0x352 LoRaWANHandler.o
                0x00003f1e                lora_handler_task
 .text.lora_handler_decodeDownlink
                0x00004270      0x144 LoRaWANHandler.o
                0x00004270                lora_handler_decodeDownlink
 .text.lora_handler_downlinkTask
                0x000043b4       0x5e LoRaWANHandler.o
                0x000043b4                lora_handler_downlinkTask
 .text.lora_handler_initialise
                0x00004412       0x56 LoRaWANHandler.o
                0x00004412                lora_handler_initialise
 .text.initialiseSystem
                0x00004468       0x86 main.o
                0x00004468                initialiseSystem
 .text.main     0x000044ee       0x1e main.o
                0x000044ee                main
 .text.avr-libc.fplib
                0x0000450c        0xa d:/program files (x86)/atmel/studio/7.0/toolchain/avr8/avr8-gnu-toolchain/bin/../lib/gcc/avr/5.4.0/../../../../avr/lib/avr6\libm.a(addsf3.o)
                0x0000450c                __subsf3
                0x0000450e                __addsf3
 .text.avr-libc.fplib
                0x00004516       0xc0 d:/program files (x86)/atmel/studio/7.0/toolchain/avr8/avr8-gnu-toolchain/bin/../lib/gcc/avr/5.4.0/../../../../avr/lib/avr6\libm.a(addsf3x.o)
                0x00004530                __addsf3x
 .text.avr-libc.fplib
                0x000045d6        0x8 d:/program files (x86)/atmel/studio/7.0/toolchain/avr8/avr8-gnu-toolchain/bin/../lib/gcc/avr/5.4.0/../../../../avr/lib/avr6\libm.a(cmpsf2.o)
                0x000045d6                __nesf2
                0x000045d6                __eqsf2
                0x000045d6                __cmpsf2
                0x000045d6                __ltsf2
                0x000045d6                __lesf2
 .text.avr-libc.fplib
                0x000045de        0x4 d:/program files (x86)/atmel/studio/7.0/toolchain/avr8/avr8-gnu-toolchain/bin/../lib/gcc/avr/5.4.0/../../../../avr/lib/avr6\libm.a(divsf3.o)
                0x000045de                __divsf3
 .text.avr-libc.fplib
                0x000045e2       0xcc d:/program files (x86)/atmel/studio/7.0/toolchain/avr8/avr8-gnu-toolchain/bin/../lib/gcc/avr/5.4.0/../../../../avr/lib/avr6\libm.a(divsf3x.o)
                0x000045f8                __divsf3x
                0x000045fc                __divsf3_pse
 .text.avr-libc.fplib
                0x000046ae        0xa d:/program files (x86)/atmel/studio/7.0/toolchain/avr8/avr8-gnu-toolchain/bin/../lib/gcc/avr/5.4.0/../../../../avr/lib/avr6\libm.a(fixsfsi.o)
                0x000046ae                __fixsfsi
 .text.avr-libc.fplib
                0x000046b8       0x58 d:/program files (x86)/atmel/studio/7.0/toolchain/avr8/avr8-gnu-toolchain/bin/../lib/gcc/avr/5.4.0/../../../../avr/lib/avr6\libm.a(fixunssfsi.o)
                0x000046b8                __fixunssfsi
 .text.avr-libc.fplib
                0x00004710       0x7a d:/program files (x86)/atmel/studio/7.0/toolchain/avr8/avr8-gnu-toolchain/bin/../lib/gcc/avr/5.4.0/../../../../avr/lib/avr6\libm.a(floatsisf.o)
                0x00004710                __floatunsisf
                0x00004714                __floatsisf
 .text.avr-libc.fplib
                0x0000478a       0x48 d:/program files (x86)/atmel/studio/7.0/toolchain/avr8/avr8-gnu-toolchain/bin/../lib/gcc/avr/5.4.0/../../../../avr/lib/avr6\libm.a(fp_cmp.o)
                0x0000478a                __fp_cmp
 .text.avr-libc.fplib
                0x000047d2        0xc d:/program files (x86)/atmel/studio/7.0/toolchain/avr8/avr8-gnu-toolchain/bin/../lib/gcc/avr/5.4.0/../../../../avr/lib/avr6\libm.a(fp_inf.o)
                0x000047d2                __fp_inf
 .text.avr-libc.fplib
                0x000047de        0x6 d:/program files (x86)/atmel/studio/7.0/toolchain/avr8/avr8-gnu-toolchain/bin/../lib/gcc/avr/5.4.0/../../../../avr/lib/avr6\libm.a(fp_nan.o)
                0x000047de                __fp_nan
 .text.avr-libc.fplib
                0x000047e4        0xe d:/program files (x86)/atmel/studio/7.0/toolchain/avr8/avr8-gnu-toolchain/bin/../lib/gcc/avr/5.4.0/../../../../avr/lib/avr6\libm.a(fp_pscA.o)
                0x000047e4                __fp_pscA
 .text.avr-libc.fplib
                0x000047f2        0xe d:/program files (x86)/atmel/studio/7.0/toolchain/avr8/avr8-gnu-toolchain/bin/../lib/gcc/avr/5.4.0/../../../../avr/lib/avr6\libm.a(fp_pscB.o)
                0x000047f2                __fp_pscB
 .text.avr-libc.fplib
                0x00004800       0x22 d:/program files (x86)/atmel/studio/7.0/toolchain/avr8/avr8-gnu-toolchain/bin/../lib/gcc/avr/5.4.0/../../../../avr/lib/avr6\libm.a(fp_round.o)
                0x00004800                __fp_round
 .text.avr-libc.fplib
                0x00004822       0x44 d:/program files (x86)/atmel/studio/7.0/toolchain/avr8/avr8-gnu-toolchain/bin/../lib/gcc/avr/5.4.0/../../../../avr/lib/avr6\libm.a(fp_split3.o)
                0x00004822                __fp_split3
                0x00004832                __fp_splitA
 .text.avr-libc.fplib
                0x00004866        0xe d:/program files (x86)/atmel/studio/7.0/toolchain/avr8/avr8-gnu-toolchain/bin/../lib/gcc/avr/5.4.0/../../../../avr/lib/avr6\libm.a(fp_zero.o)
                0x00004866                __fp_zero
                0x00004868                __fp_szero
 .text.avr-libc.fplib
                0x00004874        0x8 d:/program files (x86)/atmel/studio/7.0/toolchain/avr8/avr8-gnu-toolchain/bin/../lib/gcc/avr/5.4.0/../../../../avr/lib/avr6\libm.a(gesf2.o)
                0x00004874                __gesf2
                0x00004874                __gtsf2
 .text.avr-libc.fplib
                0x0000487c        0x4 d:/program files (x86)/atmel/studio/7.0/toolchain/avr8/avr8-gnu-toolchain/bin/../lib/gcc/avr/5.4.0/../../../../avr/lib/avr6\libm.a(mulsf3.o)
                0x0000487c                __mulsf3
 .text.avr-libc.fplib
                0x00004880       0xc2 d:/program files (x86)/atmel/studio/7.0/toolchain/avr8/avr8-gnu-toolchain/bin/../lib/gcc/avr/5.4.0/../../../../avr/lib/avr6\libm.a(mulsf3x.o)
                0x00004894                __mulsf3x
                0x00004898                __mulsf3_pse
 .text._spiCallBack
                0x00004942       0x34 ../drivers\libIotLibrary.a(display_7seg.o)
 .text.display_7seg_displayErr
                0x00004976       0x18 ../drivers\libIotLibrary.a(display_7seg.o)
                0x00004976                display_7seg_displayErr
 .text.display_7seg_display
                0x0000498e      0x14c ../drivers\libIotLibrary.a(display_7seg.o)
                0x0000498e                display_7seg_display
 .text.display_7seg_powerUp
                0x00004ada        0x8 ../drivers\libIotLibrary.a(display_7seg.o)
                0x00004ada                display_7seg_powerUp
 .text.display_7seg_powerDown
                0x00004ae2        0xe ../drivers\libIotLibrary.a(display_7seg.o)
                0x00004ae2                display_7seg_powerDown
 .text.display_7seg_initialise
                0x00004af0       0x7c ../drivers\libIotLibrary.a(display_7seg.o)
                0x00004af0                display_7seg_initialise
 .text.__vector_21
                0x00004b6c       0xe2 ../drivers\libIotLibrary.a(display_7seg.o)
                0x00004b6c                __vector_21
 .text._hihTwiCallback
                0x00004c4e       0x5a ../drivers\libIotLibrary.a(hih8120.o)
 .text.hih8120_initialise
                0x00004ca8       0x30 ../drivers\libIotLibrary.a(hih8120.o)
                0x00004ca8                hih8120_initialise
 .text.hih8120_wakeup
                0x00004cd8       0x2a ../drivers\libIotLibrary.a(hih8120.o)
                0x00004cd8                hih8120_wakeup
 .text.hih8120_measure
                0x00004d02       0x22 ../drivers\libIotLibrary.a(hih8120.o)
                0x00004d02                hih8120_measure
 .text.hih8120_getHumidity
                0x00004d24       0x24 ../drivers\libIotLibrary.a(hih8120.o)
                0x00004d24                hih8120_getHumidity
 .text.hih8120_getTemperature
                0x00004d48       0x2e ../drivers\libIotLibrary.a(hih8120.o)
                0x00004d48                hih8120_getTemperature
 .text._serialCallBack
                0x00004d76       0x8c ../drivers\libIotLibrary.a(lora_driver.o)
 .text._uploadMessage
                0x00004e02       0xb4 ../drivers\libIotLibrary.a(lora_driver.o)
 .text._reply2ReturnCode
                0x00004eb6       0xea ../drivers\libIotLibrary.a(lora_driver.o)
 .text._uploadMessageRc
                0x00004fa0        0x6 ../drivers\libIotLibrary.a(lora_driver.o)
 .text.lora_driver_initialise
                0x00004fa6       0x80 ../drivers\libIotLibrary.a(lora_driver.o)
                0x00004fa6                lora_driver_initialise
 .text.lora_driver_resetRn2483
                0x00005026       0x1c ../drivers\libIotLibrary.a(lora_driver.o)
                0x00005026                lora_driver_resetRn2483
 .text.lora_driver_rn2483FactoryReset
                0x00005042       0x24 ../drivers\libIotLibrary.a(lora_driver.o)
                0x00005042                lora_driver_rn2483FactoryReset
 .text.lora_driver_getRn2483Hweui
                0x00005066       0x38 ../drivers\libIotLibrary.a(lora_driver.o)
                0x00005066                lora_driver_getRn2483Hweui
 .text.lora_driver_setDeviceIdentifier
                0x0000509e       0x22 ../drivers\libIotLibrary.a(lora_driver.o)
                0x0000509e                lora_driver_setDeviceIdentifier
 .text.lora_driver_setApplicationIdentifier
                0x000050c0       0x22 ../drivers\libIotLibrary.a(lora_driver.o)
                0x000050c0                lora_driver_setApplicationIdentifier
 .text.lora_driver_setApplicationKey
                0x000050e2       0x22 ../drivers\libIotLibrary.a(lora_driver.o)
                0x000050e2                lora_driver_setApplicationKey
 .text.lora_driver_saveMac
                0x00005104        0xc ../drivers\libIotLibrary.a(lora_driver.o)
                0x00005104                lora_driver_saveMac
 .text.lora_driver_join
                0x00005110       0x52 ../drivers\libIotLibrary.a(lora_driver.o)
                0x00005110                lora_driver_join
 .text.lora_driver_sendUploadMessage
                0x00005162      0x196 ../drivers\libIotLibrary.a(lora_driver.o)
                0x00005162                lora_driver_sendUploadMessage
 .text.lora_driver_setAdaptiveDataRate
                0x000052f8       0x16 ../drivers\libIotLibrary.a(lora_driver.o)
                0x000052f8                lora_driver_setAdaptiveDataRate
 .text.lora_driver_setReceiveDelay
                0x0000530e       0x30 ../drivers\libIotLibrary.a(lora_driver.o)
                0x0000530e                lora_driver_setReceiveDelay
 .text.lora_driver_configureToEu868
                0x0000533e      0x1bc ../drivers\libIotLibrary.a(lora_driver.o)
                0x0000533e                lora_driver_configureToEu868
 .text.lora_driver_setOtaaIdentity
                0x000054fa       0x42 ../drivers\libIotLibrary.a(lora_driver.o)
                0x000054fa                lora_driver_setOtaaIdentity
 .text.lora_driver_mapReturnCodeToText
                0x0000553c       0x18 ../drivers\libIotLibrary.a(lora_driver.o)
                0x0000553c                lora_driver_mapReturnCodeToText
 .text.decode_port_no
                0x00005554       0x58 ../drivers\libIotLibrary.a(lora_driver_utils.o)
                0x00005554                decode_port_no
 .text.decode_hexadecimal_string_bytes
                0x000055ac       0x92 ../drivers\libIotLibrary.a(lora_driver_utils.o)
                0x000055ac                decode_hexadecimal_string_bytes
 .text._serialCallBack
                0x0000563e       0xb6 ../drivers\libIotLibrary.a(mh_z19.o)
 .text.mh_z19_initialise
                0x000056f4       0x4a ../drivers\libIotLibrary.a(mh_z19.o)
                0x000056f4                mh_z19_initialise
 .text.mh_z19_takeMeassuring
                0x0000573e       0x5e ../drivers\libIotLibrary.a(mh_z19.o)
                0x0000573e                mh_z19_takeMeassuring
 .text.mh_z19_getCo2Ppm
                0x0000579c       0x22 ../drivers\libIotLibrary.a(mh_z19.o)
                0x0000579c                mh_z19_getCo2Ppm
 .text.serial_create
                0x000057be      0x150 ../drivers\libIotLibrary.a(serial.o)
                0x000057be                serial_create
 .text.serial_sendByte
                0x0000590e       0x56 ../drivers\libIotLibrary.a(serial.o)
                0x0000590e                serial_sendByte
 .text.serial_sendBytes
                0x00005964       0xaa ../drivers\libIotLibrary.a(serial.o)
                0x00005964                serial_sendBytes
 .text.serial_getByte
                0x00005a0e       0x40 ../drivers\libIotLibrary.a(serial.o)
                0x00005a0e                serial_getByte
 .text.__vector_25
                0x00005a4e       0xa4 ../drivers\libIotLibrary.a(serial.o)
                0x00005a4e                __vector_25
 .text.__vector_26
                0x00005af2       0x88 ../drivers\libIotLibrary.a(serial.o)
                0x00005af2                __vector_26
 .text.__vector_36
                0x00005b7a       0xa4 ../drivers\libIotLibrary.a(serial.o)
                0x00005b7a                __vector_36
 .text.__vector_37
                0x00005c1e       0x88 ../drivers\libIotLibrary.a(serial.o)
                0x00005c1e                __vector_37
 .text.__vector_51
                0x00005ca6       0xa4 ../drivers\libIotLibrary.a(serial.o)
                0x00005ca6                __vector_51
 .text.__vector_52
                0x00005d4a       0x88 ../drivers\libIotLibrary.a(serial.o)
                0x00005d4a                __vector_52
 .text.__vector_54
                0x00005dd2       0xa4 ../drivers\libIotLibrary.a(serial.o)
                0x00005dd2                __vector_54
 .text.__vector_55
                0x00005e76       0x88 ../drivers\libIotLibrary.a(serial.o)
                0x00005e76                __vector_55
 .text.usart_getchar
                0x00005efe       0x2a ../drivers\libIotLibrary.a(stdio_driver.o)
 .text.usart_putchar
                0x00005f28       0x12 ../drivers\libIotLibrary.a(stdio_driver.o)
 .text.stdio_initialise
                0x00005f3a       0x52 ../drivers\libIotLibrary.a(stdio_driver.o)
                0x00005f3a                stdio_initialise
 .text._select_instance
                0x00005f8c       0x72 ../drivers\libIotLibrary.a(spi_iha.o)
 .text.spi_create
                0x00005ffe      0x1a4 ../drivers\libIotLibrary.a(spi_iha.o)
                0x00005ffe                spi_create
 .text.spi_sendByte
                0x000061a2       0xea ../drivers\libIotLibrary.a(spi_iha.o)
                0x000061a2                spi_sendByte
 .text.__vector_24
                0x0000628c      0x136 ../drivers\libIotLibrary.a(spi_iha.o)
                0x0000628c                __vector_24
 .text._turn_off
                0x000063c2       0x98 ../drivers\libIotLibrary.a(status_leds.o)
 .text._turn_on
                0x0000645a       0x98 ../drivers\libIotLibrary.a(status_leds.o)
 .text.status_leds_slowBlink
                0x000064f2       0x46 ../drivers\libIotLibrary.a(status_leds.o)
                0x000064f2                status_leds_slowBlink
 .text.status_leds_fastBlink
                0x00006538       0x46 ../drivers\libIotLibrary.a(status_leds.o)
                0x00006538                status_leds_fastBlink
 .text.status_leds_ledOn
                0x0000657e       0x1e ../drivers\libIotLibrary.a(status_leds.o)
                0x0000657e                status_leds_ledOn
 .text.status_leds_ledOff
                0x0000659c       0x1e ../drivers\libIotLibrary.a(status_leds.o)
                0x0000659c                status_leds_ledOff
 .text.status_leds_longPuls
                0x000065ba       0x24 ../drivers\libIotLibrary.a(status_leds.o)
                0x000065ba                status_leds_longPuls
 .text.status_leds_shortPuls
                0x000065de       0x24 ../drivers\libIotLibrary.a(status_leds.o)
                0x000065de                status_leds_shortPuls
 .text._initTwiInterface
                0x00006602       0x22 ../drivers\libIotLibrary.a(twi.o)
 .text.twiCreate
                0x00006624       0x9a ../drivers\libIotLibrary.a(twi.o)
                0x00006624                twiCreate
 .text.twiIsBusy
                0x000066be        0x8 ../drivers\libIotLibrary.a(twi.o)
                0x000066be                twiIsBusy
 .text.twiTransmit
                0x000066c6       0x98 ../drivers\libIotLibrary.a(twi.o)
                0x000066c6                twiTransmit
 .text.twiReceive
                0x0000675e       0x66 ../drivers\libIotLibrary.a(twi.o)
                0x0000675e                twiReceive
 .text.__vector_39
                0x000067c4      0x17a ../drivers\libIotLibrary.a(twi.o)
                0x000067c4                __vector_39
 .text.fifo_init
                0x0000693e       0x38 ../drivers\libIotLibrary.a(fifo.o)
                0x0000693e                fifo_init
 .text.avr-libc.fplib
                0x00006976       0x28 d:/program files (x86)/atmel/studio/7.0/toolchain/avr8/avr8-gnu-toolchain/bin/../lib/gcc/avr/5.4.0/../../../../avr/lib/avr6\libm.a(floor.o)
                0x00006976                floor
 .text.avr-libc.fplib
                0x0000699e       0x36 d:/program files (x86)/atmel/studio/7.0/toolchain/avr8/avr8-gnu-toolchain/bin/../lib/gcc/avr/5.4.0/../../../../avr/lib/avr6\libm.a(fp_mintl.o)
                0x0000699e                __fp_mintl
 .text.avr-libc.fplib
                0x000069d4       0x1c d:/program files (x86)/atmel/studio/7.0/toolchain/avr8/avr8-gnu-toolchain/bin/../lib/gcc/avr/5.4.0/../../../../avr/lib/avr6\libm.a(fp_mpack.o)
                0x000069d4                __fp_mpack
                0x000069d8                __fp_mpack_finite
 .text.avr-libc.fplib
                0x000069f0       0x30 d:/program files (x86)/atmel/studio/7.0/toolchain/avr8/avr8-gnu-toolchain/bin/../lib/gcc/avr/5.4.0/../../../../avr/lib/avr6\libm.a(fp_trunc.o)
                0x000069f0                __fp_trunc
 .text.avr-libc.fplib
                0x00006a20       0x9c d:/program files (x86)/atmel/studio/7.0/toolchain/avr8/avr8-gnu-toolchain/bin/../lib/gcc/avr/5.4.0/../../../../avr/lib/avr6\libm.a(pow.o)
                0x00006a20                pow
 .text.avr-libc.fplib
                0x00006abc       0x6c d:/program files (x86)/atmel/studio/7.0/toolchain/avr8/avr8-gnu-toolchain/bin/../lib/gcc/avr/5.4.0/../../../../avr/lib/avr6\libm.a(exp.o)
                0x00006acc                exp
 .text.avr-libc.fplib
                0x00006b28       0x4e d:/program files (x86)/atmel/studio/7.0/toolchain/avr8/avr8-gnu-toolchain/bin/../lib/gcc/avr/5.4.0/../../../../avr/lib/avr6\libm.a(fp_powser.o)
                0x00006b28                __fp_powser
 .text.avr-libc.fplib
                0x00006b76       0x10 d:/program files (x86)/atmel/studio/7.0/toolchain/avr8/avr8-gnu-toolchain/bin/../lib/gcc/avr/5.4.0/../../../../avr/lib/avr6\libm.a(inverse.o)
                0x00006b76                inverse
 .text.avr-libc.fplib
                0x00006b86       0x72 d:/program files (x86)/atmel/studio/7.0/toolchain/avr8/avr8-gnu-toolchain/bin/../lib/gcc/avr/5.4.0/../../../../avr/lib/avr6\libm.a(ldexp.o)
                0x00006b8c                ldexp
 .text.avr-libc.fplib
                0x00006bf8       0x9c d:/program files (x86)/atmel/studio/7.0/toolchain/avr8/avr8-gnu-toolchain/bin/../lib/gcc/avr/5.4.0/../../../../avr/lib/avr6\libm.a(log.o)
                0x00006c06                log
 .text.avr-libc.fplib
                0x00006c94       0x68 d:/program files (x86)/atmel/studio/7.0/toolchain/avr8/avr8-gnu-toolchain/bin/../lib/gcc/avr/5.4.0/../../../../avr/lib/avr6\libm.a(modf.o)
                0x00006c94                modf
                0x00006c94                modff
 .text.libgcc.div
                0x00006cfc       0x26 d:/program files (x86)/atmel/studio/7.0/toolchain/avr8/avr8-gnu-toolchain/bin/../lib/gcc/avr/5.4.0/avr6\libgcc.a(_divmodhi4.o)
                0x00006cfc                _div
                0x00006cfc                __divmodhi4
 .text.libgcc.div
                0x00006d22       0x44 d:/program files (x86)/atmel/studio/7.0/toolchain/avr8/avr8-gnu-toolchain/bin/../lib/gcc/avr/5.4.0/avr6\libgcc.a(_udivmodsi4.o)
                0x00006d22                __udivmodsi4
 .text.libgcc   0x00006d66       0x10 d:/program files (x86)/atmel/studio/7.0/toolchain/avr8/avr8-gnu-toolchain/bin/../lib/gcc/avr/5.4.0/avr6\libgcc.a(_tablejump2.o)
                0x00006d66                __tablejump2__
 .text.libgcc.mul
                0x00006d76       0x14 d:/program files (x86)/atmel/studio/7.0/toolchain/avr8/avr8-gnu-toolchain/bin/../lib/gcc/avr/5.4.0/avr6\libgcc.a(_muluhisi3.o)
                0x00006d76                __muluhisi3
 .text.libgcc.div
                0x00006d8a       0x28 d:/program files (x86)/atmel/studio/7.0/toolchain/avr8/avr8-gnu-toolchain/bin/../lib/gcc/avr/5.4.0/avr6\libgcc.a(_udivmodhi4.o)
                0x00006d8a                __udivmodhi4
 .text.libgcc.mul
                0x00006db2       0x1e d:/program files (x86)/atmel/studio/7.0/toolchain/avr8/avr8-gnu-toolchain/bin/../lib/gcc/avr/5.4.0/avr6\libgcc.a(_umulhisi3.o)
                0x00006db2                __umulhisi3
 .text.avr-libc
                0x00006dd0       0x34 d:/program files (x86)/atmel/studio/7.0/toolchain/avr8/avr8-gnu-toolchain/bin/../lib/gcc/avr/5.4.0/../../../../avr/lib/avr6\libc.a(calloc.o)
                0x00006dd0                calloc
 .text.avr-libc
                0x00006e04      0x242 d:/program files (x86)/atmel/studio/7.0/toolchain/avr8/avr8-gnu-toolchain/bin/../lib/gcc/avr/5.4.0/../../../../avr/lib/avr6\libc.a(malloc.o)
                0x00006e04                malloc
                0x00006f34                free
 .text.avr-libc
                0x00007046        0x8 d:/program files (x86)/atmel/studio/7.0/toolchain/avr8/avr8-gnu-toolchain/bin/../lib/gcc/avr/5.4.0/../../../../avr/lib/avr6\libc.a(abort.o)
                0x00007046                abort
 .text.avr-libc
                0x0000704e       0x12 d:/program files (x86)/atmel/studio/7.0/toolchain/avr8/avr8-gnu-toolchain/bin/../lib/gcc/avr/5.4.0/../../../../avr/lib/avr6\libc.a(memcpy.o)
                0x0000704e                memcpy
 .text.avr-libc
                0x00007060        0xe d:/program files (x86)/atmel/studio/7.0/toolchain/avr8/avr8-gnu-toolchain/bin/../lib/gcc/avr/5.4.0/../../../../avr/lib/avr6\libc.a(memset.o)
                0x00007060                memset
 .text.avr-libc
                0x0000706e       0x4a d:/program files (x86)/atmel/studio/7.0/toolchain/avr8/avr8-gnu-toolchain/bin/../lib/gcc/avr/5.4.0/../../../../avr/lib/avr6\libc.a(strcasestr.o)
                0x0000706e                strcasestr
 .text.avr-libc
                0x000070b8       0x16 d:/program files (x86)/atmel/studio/7.0/toolchain/avr8/avr8-gnu-toolchain/bin/../lib/gcc/avr/5.4.0/../../../../avr/lib/avr6\libc.a(strcat.o)
                0x000070b8                strcat
 .text.avr-libc
                0x000070ce        0xe d:/program files (x86)/atmel/studio/7.0/toolchain/avr8/avr8-gnu-toolchain/bin/../lib/gcc/avr/5.4.0/../../../../avr/lib/avr6\libc.a(strcpy.o)
                0x000070ce                strcpy
 .text.avr-libc
                0x000070dc       0x30 d:/program files (x86)/atmel/studio/7.0/toolchain/avr8/avr8-gnu-toolchain/bin/../lib/gcc/avr/5.4.0/../../../../avr/lib/avr6\libc.a(strncasecmp.o)
                0x000070dc                strncasecmp
 .text.avr-libc
                0x0000710c       0x26 d:/program files (x86)/atmel/studio/7.0/toolchain/avr8/avr8-gnu-toolchain/bin/../lib/gcc/avr/5.4.0/../../../../avr/lib/avr6\libc.a(printf.o)
                0x0000710c                printf
 .text.avr-libc
                0x00007132       0x60 d:/program files (x86)/atmel/studio/7.0/toolchain/avr8/avr8-gnu-toolchain/bin/../lib/gcc/avr/5.4.0/../../../../avr/lib/avr6\libc.a(puts.o)
                0x00007132                puts
 .text.avr-libc
                0x00007192       0x5c d:/program files (x86)/atmel/studio/7.0/toolchain/avr8/avr8-gnu-toolchain/bin/../lib/gcc/avr/5.4.0/../../../../avr/lib/avr6\libc.a(sprintf.o)
                0x00007192                sprintf
 .text.avr-libc
                0x000071ee      0x3fa d:/program files (x86)/atmel/studio/7.0/toolchain/avr8/avr8-gnu-toolchain/bin/../lib/gcc/avr/5.4.0/../../../../avr/lib/avr6\libc.a(vfprintf_std.o)
                0x000071ee                vfprintf
 .text.avr-libc
                0x000075e8       0x16 d:/program files (x86)/atmel/studio/7.0/toolchain/avr8/avr8-gnu-toolchain/bin/../lib/gcc/avr/5.4.0/../../../../avr/lib/avr6\libc.a(strnlen_P.o)
                0x000075e8                strnlen_P
 .text.avr-libc
                0x000075fe       0x16 d:/program files (x86)/atmel/studio/7.0/toolchain/avr8/avr8-gnu-toolchain/bin/../lib/gcc/avr/5.4.0/../../../../avr/lib/avr6\libc.a(strnlen.o)
                0x000075fe                strnlen
 .text.avr-libc
                0x00007614       0x78 d:/program files (x86)/atmel/studio/7.0/toolchain/avr8/avr8-gnu-toolchain/bin/../lib/gcc/avr/5.4.0/../../../../avr/lib/avr6\libc.a(fputc.o)
                0x00007614                fputc
 .text.avr-libc
                0x0000768c       0xbc d:/program files (x86)/atmel/studio/7.0/toolchain/avr8/avr8-gnu-toolchain/bin/../lib/gcc/avr/5.4.0/../../../../avr/lib/avr6\libc.a(ultoa_invert.o)
                0x0000768c                __ultoa_invert
                0x00007748                . = ALIGN (0x2)
 *(.fini9)
 .fini9         0x00007748        0x0 d:/program files (x86)/atmel/studio/7.0/toolchain/avr8/avr8-gnu-toolchain/bin/../lib/gcc/avr/5.4.0/avr6\libgcc.a(_exit.o)
                0x00007748                _exit
                0x00007748                exit
 *(.fini9)
 *(.fini8)
 *(.fini8)
 *(.fini7)
 *(.fini7)
 *(.fini6)
 *(.fini6)
 *(.fini5)
 *(.fini5)
 *(.fini4)
 *(.fini4)
 *(.fini3)
 *(.fini3)
 *(.fini2)
 *(.fini2)
 *(.fini1)
 *(.fini1)
 *(.fini0)
 .fini0         0x00007748        0x4 d:/program files (x86)/atmel/studio/7.0/toolchain/avr8/avr8-gnu-toolchain/bin/../lib/gcc/avr/5.4.0/avr6\libgcc.a(_exit.o)
 *(.fini0)
                0x0000774c                _etext = .

.data           0x00800200      0x69a load address 0x0000774c
                0x00800200                PROVIDE (__data_start, .)
 *(.data)
 .data          0x00800200        0x6 d:/program files (x86)/atmel/studio/7.0/toolchain/avr8/avr8-gnu-toolchain/bin/../lib/gcc/avr/5.4.0/../../../../avr/lib/avr6\libc.a(malloc.o)
                0x00800200                __malloc_heap_end
                0x00800202                __malloc_heap_start
                0x00800204                __malloc_margin
 *(.data*)
 .data.updateTime
                0x00800206        0x4 controller/sevenSegmentDisplayController.o
                0x00800206                updateTime
 .data.ac_turnOnStatue
                0x0080020a        0x2 model/device/AC.o
 .data.uxTopUsedPriority
                0x0080020c        0x1 FreeRTOS/src/tasks.o
                0x0080020c                uxTopUsedPriority
 .data._temp    0x0080020d        0x2 ../drivers\libIotLibrary.a(hih8120.o)
 .data._hum     0x0080020f        0x2 ../drivers\libIotLibrary.a(hih8120.o)
 .data._com_port_2_udr
                0x00800211        0x8 ../drivers\libIotLibrary.a(serial.o)
                0x00800211                _com_port_2_udr
 .data.mystdout.1882
                0x00800219        0xe ../drivers\libIotLibrary.a(stdio_driver.o)
 .data._twiCurrentState
                0x00800227        0x1 ../drivers\libIotLibrary.a(twi.o)
 *(.gnu.linkonce.d*)
 *(.rodata)
 .rodata        0x00800228       0x20 ../drivers\libIotLibrary.a(lora_driver.o)
 .rodata        0x00800248       0x2d ../drivers\libIotLibrary.a(mh_z19.o)
 *(.rodata*)
 .rodata.str1.1
                0x00800275       0x33 controller/CO2SensorController.o
 .rodata.str1.1
                0x008002a8       0x32 controller/sevenSegmentDisplayController.o
 .rodata.str1.1
                0x008002da       0x80 controller/tempHumSensorController.o
 .rodata.str1.1
                0x0080035a       0x38 model/device/AC.o
 .rodata.str1.1
                0x00800392       0x2b model/device/HumilityGenerator.o
 .rodata.str1.1
                0x008003bd        0x5 FreeRTOS/src/tasks.o
 .rodata.str1.1
                0x008003c2        0x8 FreeRTOS/src/timers.o
 .rodata.str1.1
                0x008003ca      0x1cb LoRaWANHandler.o
                                0x1ce (size before relaxing)
 .rodata.str1.1
                0x00800595       0x37 main.o
 .rodata._int2Seg
                0x008005cc       0x10 ../drivers\libIotLibrary.a(display_7seg.o)
 .rodata.str1.1
                0x008005dc      0x280 ../drivers\libIotLibrary.a(lora_driver.o)
                                0x2a5 (size before relaxing)
 .rodata._joinMode
                0x0080085c        0x4 ../drivers\libIotLibrary.a(lora_driver.o)
 .rodata._returnCode
                0x00800860       0x33 ../drivers\libIotLibrary.a(lora_driver.o)
                0x00800860                _returnCode
 .rodata._prescaler_mask
                0x00800893        0x7 ../drivers\libIotLibrary.a(spi_iha.o)
 *(.gnu.linkonce.r*)
                0x0080089a                . = ALIGN (0x2)
                0x0080089a                _edata = .
                0x0080089a                PROVIDE (__data_end, .)

.bss            0x0080089a      0xd06
                0x0080089a                PROVIDE (__bss_start, .)
 *(.bss)
 *(.bss*)
 .bss.humility  0x0080089a        0x4 controller/tempHumSensorController.o
                0x0080089a                humility
 .bss.temperature
                0x0080089e        0x4 controller/tempHumSensorController.o
                0x0080089e                temperature
 .bss.ac_turnOn
                0x008008a2        0x1 model/device/AC.o
 .bss.co2_turnOn
                0x008008a3        0x1 model/device/carbonDioxideGenerator.o
 .bss.hum_turnOn
                0x008008a4        0x1 model/device/HumilityGenerator.o
 .bss.nowTime   0x008008a5        0x2 model/time/myTime.o
 .bss.xBlockAllocatedBit
                0x008008a7        0x2 FreeRTOS/src/heap_4.o
 .bss.xNumberOfSuccessfulFrees
                0x008008a9        0x2 FreeRTOS/src/heap_4.o
 .bss.xNumberOfSuccessfulAllocations
                0x008008ab        0x2 FreeRTOS/src/heap_4.o
 .bss.xMinimumEverFreeBytesRemaining
                0x008008ad        0x2 FreeRTOS/src/heap_4.o
 .bss.xFreeBytesRemaining
                0x008008af        0x2 FreeRTOS/src/heap_4.o
 .bss.pxEnd     0x008008b1        0x2 FreeRTOS/src/heap_4.o
 .bss.xStart    0x008008b3        0x4 FreeRTOS/src/heap_4.o
 .bss.ucHeap    0x008008b7      0x9c4 FreeRTOS/src/heap_4.o
 .bss.uxSchedulerSuspended
                0x0080127b        0x1 FreeRTOS/src/tasks.o
 .bss.xIdleTaskHandle
                0x0080127c        0x2 FreeRTOS/src/tasks.o
 .bss.xNextTaskUnblockTime
                0x0080127e        0x4 FreeRTOS/src/tasks.o
 .bss.uxTaskNumber
                0x00801282        0x1 FreeRTOS/src/tasks.o
 .bss.xNumOfOverflows
                0x00801283        0x1 FreeRTOS/src/tasks.o
 .bss.xYieldPending
                0x00801284        0x1 FreeRTOS/src/tasks.o
 .bss.xPendedTicks
                0x00801285        0x4 FreeRTOS/src/tasks.o
 .bss.xSchedulerRunning
                0x00801289        0x1 FreeRTOS/src/tasks.o
 .bss.uxTopReadyPriority
                0x0080128a        0x1 FreeRTOS/src/tasks.o
 .bss.xTickCount
                0x0080128b        0x4 FreeRTOS/src/tasks.o
 .bss.uxCurrentNumberOfTasks
                0x0080128f        0x1 FreeRTOS/src/tasks.o
 .bss.xSuspendedTaskList
                0x00801290        0xb FreeRTOS/src/tasks.o
 .bss.uxDeletedTasksWaitingCleanUp
                0x0080129b        0x1 FreeRTOS/src/tasks.o
 .bss.xTasksWaitingTermination
                0x0080129c        0xb FreeRTOS/src/tasks.o
 .bss.xPendingReadyList
                0x008012a7        0xb FreeRTOS/src/tasks.o
 .bss.pxOverflowDelayedTaskList
                0x008012b2        0x2 FreeRTOS/src/tasks.o
 .bss.pxDelayedTaskList
                0x008012b4        0x2 FreeRTOS/src/tasks.o
 .bss.xDelayedTaskList2
                0x008012b6        0xb FreeRTOS/src/tasks.o
 .bss.xDelayedTaskList1
                0x008012c1        0xb FreeRTOS/src/tasks.o
 .bss.pxReadyTasksLists
                0x008012cc       0x6e FreeRTOS/src/tasks.o
 .bss.pxCurrentTCB
                0x0080133a        0x2 FreeRTOS/src/tasks.o
                0x0080133a                pxCurrentTCB
 .bss.xLastTime.2436
                0x0080133c        0x4 FreeRTOS/src/timers.o
 .bss.xTimerTaskHandle
                0x00801340        0x2 FreeRTOS/src/timers.o
 .bss.xTimerQueue
                0x00801342        0x2 FreeRTOS/src/timers.o
 .bss.pxOverflowTimerList
                0x00801344        0x2 FreeRTOS/src/timers.o
 .bss.pxCurrentTimerList
                0x00801346        0x2 FreeRTOS/src/timers.o
 .bss.xActiveTimerList2
                0x00801348        0xb FreeRTOS/src/timers.o
 .bss.xActiveTimerList1
                0x00801353        0xb FreeRTOS/src/timers.o
 .bss.queue     0x0080135e        0x2 LoRaWANHandler.o
 .bss.downLinkBufferHandle
                0x00801360        0x2 LoRaWANHandler.o
 .bss.downlinkPayload
                0x00801362       0x16 LoRaWANHandler.o
 .bss._uplink_payload
                0x00801378       0x16 LoRaWANHandler.o
 .bss._out_buf  0x0080138e       0x64 LoRaWANHandler.o
 .bss.downLinkMessageBufferHandle
                0x008013f2        0x2 main.o
 .bss._displayDoneCallBack
                0x008013f4        0x2 ../drivers\libIotLibrary.a(display_7seg.o)
 .bss._scrollIndex
                0x008013f6        0x1 ../drivers\libIotLibrary.a(display_7seg.o)
 .bss._maxHexSegmentindex
                0x008013f7        0x1 ../drivers\libIotLibrary.a(display_7seg.o)
 .bss._intCounter
                0x008013f8        0x2 ../drivers\libIotLibrary.a(display_7seg.o)
 .bss._hexSegments
                0x008013fa       0x26 ../drivers\libIotLibrary.a(display_7seg.o)
 .bss._digitSegments
                0x00801420        0x4 ../drivers\libIotLibrary.a(display_7seg.o)
 .bss._digitNo  0x00801424        0x1 ../drivers\libIotLibrary.a(display_7seg.o)
 .bss._spi      0x00801425        0x2 ../drivers\libIotLibrary.a(display_7seg.o)
 .bss._measuringIsReady
                0x00801427        0x1 ../drivers\libIotLibrary.a(hih8120.o)
 .bss._hih8120Handler
                0x00801428        0x2 ../drivers\libIotLibrary.a(hih8120.o)
 .bss._tmp_buf.2871
                0x0080142a       0x64 ../drivers\libIotLibrary.a(lora_driver.o)
 .bss.rec_buf_inp.2878
                0x0080148e        0x1 ../drivers\libIotLibrary.a(lora_driver.o)
 .bss._downlinkMessageBuffer
                0x0080148f        0x2 ../drivers\libIotLibrary.a(lora_driver.o)
 .bss._serialReplyBufferHandle
                0x00801491        0x2 ../drivers\libIotLibrary.a(lora_driver.o)
 .bss._rn2483_serial
                0x00801493        0x2 ../drivers\libIotLibrary.a(lora_driver.o)
 .bss._downlinkPayload
                0x00801495       0x16 ../drivers\libIotLibrary.a(lora_driver.o)
 .bss._payLoadHexBytes
                0x008014ab       0x15 ../drivers\libIotLibrary.a(lora_driver.o)
 .bss._recMessageBuf
                0x008014c0       0x2d ../drivers\libIotLibrary.a(lora_driver.o)
 .bss._sendMessage
                0x008014ed       0x2d ../drivers\libIotLibrary.a(lora_driver.o)
 .bss._replyMess
                0x0080151a       0x2d ../drivers\libIotLibrary.a(lora_driver.o)
 .bss.data.1944
                0x00801547        0x2 ../drivers\libIotLibrary.a(mh_z19.o)
 .bss.inDex.1943
                0x00801549        0x1 ../drivers\libIotLibrary.a(mh_z19.o)
 .bss.crc_sum.1945
                0x0080154a        0x1 ../drivers\libIotLibrary.a(mh_z19.o)
 .bss._appCallBack
                0x0080154b        0x2 ../drivers\libIotLibrary.a(mh_z19.o)
 .bss._mh_state
                0x0080154d        0x1 ../drivers\libIotLibrary.a(mh_z19.o)
                0x0080154d                _mh_state
 .bss._ppm      0x0080154e        0x2 ../drivers\libIotLibrary.a(mh_z19.o)
 .bss._serial   0x00801550        0x2 ../drivers\libIotLibrary.a(mh_z19.o)
 .bss._ser_handle
                0x00801552        0x8 ../drivers\libIotLibrary.a(serial.o)
 .bss._com_serial_instance
                0x0080155a        0x2 ../drivers\libIotLibrary.a(stdio_driver.o)
 .bss._initialised
                0x0080155c        0x1 ../drivers\libIotLibrary.a(spi_iha.o)
 .bss._this     0x0080155d        0x2 ../drivers\libIotLibrary.a(spi_iha.o)
 .bss._spi_active
                0x0080155f        0x1 ../drivers\libIotLibrary.a(spi_iha.o)
 .bss._led_status
                0x00801560       0x18 ../drivers\libIotLibrary.a(status_leds.o)
 .bss._index.1885
                0x00801578        0x1 ../drivers\libIotLibrary.a(twi.o)
 .bss._twiCurrentHandler
                0x00801579        0x2 ../drivers\libIotLibrary.a(twi.o)
 .bss._twiMessageLen
                0x0080157b        0x1 ../drivers\libIotLibrary.a(twi.o)
 .bss._twiMessageBuffer
                0x0080157c        0xa ../drivers\libIotLibrary.a(twi.o)
 .bss._twiIsInitiated
                0x00801586        0x1 ../drivers\libIotLibrary.a(twi.o)
 *(COMMON)
 COMMON         0x00801587        0x9 controller/CO2SensorController.o
                0x00801587                rc
                0x00801588                co2max
                0x0080158a                appm
                0x0080158c                carbon
                0x0080158e                co2min
 COMMON         0x00801590        0x4 controller/tempHumSensorController.o
                0x00801590                temperatureSensor
                0x00801592                humiditySensor
 COMMON         0x00801594        0x2 model/sensorModelManager.o
                0x00801594                carbonDioxideSensor
 COMMON         0x00801596        0x4 d:/program files (x86)/atmel/studio/7.0/toolchain/avr8/avr8-gnu-toolchain/bin/../lib/gcc/avr/5.4.0/../../../../avr/lib/avr6\libc.a(malloc.o)
                0x00801596                __brkval
                0x00801598                __flp
 COMMON         0x0080159a        0x6 d:/program files (x86)/atmel/studio/7.0/toolchain/avr8/avr8-gnu-toolchain/bin/../lib/gcc/avr/5.4.0/../../../../avr/lib/avr6\libc.a(iob.o)
                0x0080159a                __iob
                0x008015a0                PROVIDE (__bss_end, .)
                0x0000774c                __data_load_start = LOADADDR (.data)
                0x00007de6                __data_load_end = (__data_load_start + SIZEOF (.data))

.noinit         0x008015a0        0x0
                [!provide]                PROVIDE (__noinit_start, .)
 *(.noinit*)
                [!provide]                PROVIDE (__noinit_end, .)
                0x008015a0                _end = .
                0x008015a0                PROVIDE (__heap_start, .)

.eeprom         0x00810000        0x0
 *(.eeprom*)
                0x00810000                __eeprom_end = .

.fuse
 *(.fuse)
 *(.lfuse)
 *(.hfuse)
 *(.efuse)

.lock
 *(.lock*)

.signature
 *(.signature*)

.user_signatures
 *(.user_signatures*)

.stab
 *(.stab)

.stabstr
 *(.stabstr)

.stab.excl
 *(.stab.excl)

.stab.exclstr
 *(.stab.exclstr)

.stab.index
 *(.stab.index)

.stab.indexstr
 *(.stab.indexstr)

.comment        0x00000000       0x5c
 *(.comment)
 .comment       0x00000000       0x30 controller/CO2SensorController.o
                                 0x31 (size before relaxing)
 .comment       0x00000030       0x31 controller/sevenSegmentDisplayController.o
 .comment       0x00000030       0x31 controller/tempHumSensorController.o
 .comment       0x00000030       0x31 model/device/AC.o
 .comment       0x00000030       0x31 model/device/carbonDioxideGenerator.o
 .comment       0x00000030       0x31 model/device/HumilityGenerator.o
 .comment       0x00000030       0x31 model/senser/carbonDioxideSensor.o
 .comment       0x00000030       0x31 model/senser/humiditySensor.o
 .comment       0x00000030       0x31 model/senser/temperatureSensor.o
 .comment       0x00000030       0x31 model/sensorModelManager.o
 .comment       0x00000030       0x31 model/time/myTime.o
 .comment       0x00000030       0x31 FreeRTOS/src/heap_4.o
 .comment       0x00000030       0x31 FreeRTOS/src/list.o
 .comment       0x00000030       0x31 FreeRTOS/src/port.o
 .comment       0x00000030       0x31 FreeRTOS/src/queue.o
 .comment       0x00000030       0x31 FreeRTOS/src/stream_buffer.o
 .comment       0x00000030       0x31 FreeRTOS/src/tasks.o
 .comment       0x00000030       0x31 FreeRTOS/src/timers.o
 .comment       0x00000030       0x31 FreeRTOS/src/variantHooks.o
 .comment       0x00000030       0x31 LoRaWANHandler.o
 .comment       0x00000030       0x31 main.o
 .comment       0x00000030       0x31 ../drivers\libIotLibrary.a(display_7seg.o)
 .comment       0x00000030       0x31 ../drivers\libIotLibrary.a(hih8120.o)
 .comment       0x00000030       0x31 ../drivers\libIotLibrary.a(lora_driver.o)
 .comment       0x00000030       0x31 ../drivers\libIotLibrary.a(lora_driver_utils.o)
 .comment       0x00000030       0x31 ../drivers\libIotLibrary.a(mh_z19.o)
 .comment       0x00000030       0x31 ../drivers\libIotLibrary.a(serial.o)
 .comment       0x00000030       0x31 ../drivers\libIotLibrary.a(stdio_driver.o)
 .comment       0x00000030       0x31 ../drivers\libIotLibrary.a(spi_iha.o)
 .comment       0x00000030       0x31 ../drivers\libIotLibrary.a(status_leds.o)
 .comment       0x00000030       0x31 ../drivers\libIotLibrary.a(twi.o)
 .comment       0x00000030       0x31 ../drivers\libIotLibrary.a(fifo.o)
 .comment       0x00000030       0x31 d:/program files (x86)/atmel/studio/7.0/toolchain/avr8/avr8-gnu-toolchain/bin/../lib/gcc/avr/5.4.0/../../../../avr/lib/avr6\libc.a(calloc.o)
 .comment       0x00000030       0x31 d:/program files (x86)/atmel/studio/7.0/toolchain/avr8/avr8-gnu-toolchain/bin/../lib/gcc/avr/5.4.0/../../../../avr/lib/avr6\libc.a(malloc.o)
 .comment       0x00000030       0x31 d:/program files (x86)/atmel/studio/7.0/toolchain/avr8/avr8-gnu-toolchain/bin/../lib/gcc/avr/5.4.0/../../../../avr/lib/avr6\libc.a(iob.o)
 .comment       0x00000030       0x31 d:/program files (x86)/atmel/studio/7.0/toolchain/avr8/avr8-gnu-toolchain/bin/../lib/gcc/avr/5.4.0/../../../../avr/lib/avr6\libc.a(printf.o)
 .comment       0x00000030       0x31 d:/program files (x86)/atmel/studio/7.0/toolchain/avr8/avr8-gnu-toolchain/bin/../lib/gcc/avr/5.4.0/../../../../avr/lib/avr6\libc.a(puts.o)
 .comment       0x00000030       0x31 d:/program files (x86)/atmel/studio/7.0/toolchain/avr8/avr8-gnu-toolchain/bin/../lib/gcc/avr/5.4.0/../../../../avr/lib/avr6\libc.a(sprintf.o)
 .comment       0x00000030       0x2c d:/program files (x86)/atmel/studio/7.0/toolchain/avr8/avr8-gnu-toolchain/bin/../lib/gcc/avr/5.4.0/../../../../avr/lib/avr6\libc.a(vfprintf_std.o)
                                 0x2d (size before relaxing)
 .comment       0x0000005c       0x31 d:/program files (x86)/atmel/studio/7.0/toolchain/avr8/avr8-gnu-toolchain/bin/../lib/gcc/avr/5.4.0/../../../../avr/lib/avr6\libc.a(fputc.o)

.note.gnu.avr.deviceinfo
                0x00000000       0x40
 .note.gnu.avr.deviceinfo
                0x00000000       0x40 D:/Program Files (x86)/Atmel/Studio/7.0/Packs/atmel/ATmega_DFP/1.3.300/gcc/dev/atmega2560/avr6/crtatmega2560.o

.note.gnu.build-id
 *(.note.gnu.build-id)

.debug
 *(.debug)

.line
 *(.line)

.debug_srcinfo
 *(.debug_srcinfo)

.debug_sfnames
 *(.debug_sfnames)

.debug_aranges  0x00000000      0xcd8
 *(.debug_aranges)
 .debug_aranges
                0x00000000       0x30 controller/CO2SensorController.o
 .debug_aranges
                0x00000030       0x28 controller/sevenSegmentDisplayController.o
 .debug_aranges
                0x00000058       0x28 controller/tempHumSensorController.o
 .debug_aranges
                0x00000080       0x38 model/device/AC.o
 .debug_aranges
                0x000000b8       0x30 model/device/carbonDioxideGenerator.o
 .debug_aranges
                0x000000e8       0x30 model/device/HumilityGenerator.o
 .debug_aranges
                0x00000118       0x78 model/senser/carbonDioxideSensor.o
 .debug_aranges
                0x00000190       0x78 model/senser/humiditySensor.o
 .debug_aranges
                0x00000208       0x78 model/senser/temperatureSensor.o
 .debug_aranges
                0x00000280       0x40 model/sensorModelManager.o
 .debug_aranges
                0x000002c0       0x78 model/time/myTime.o
 .debug_aranges
                0x00000338       0x50 FreeRTOS/src/heap_4.o
 .debug_aranges
                0x00000388       0x40 FreeRTOS/src/list.o
 .debug_aranges
                0x000003c8       0x50 FreeRTOS/src/port.o
 .debug_aranges
                0x00000418       0xd8 FreeRTOS/src/queue.o
 .debug_aranges
                0x000004f0       0xb0 FreeRTOS/src/stream_buffer.o
 .debug_aranges
                0x000005a0      0x198 FreeRTOS/src/tasks.o
 .debug_aranges
                0x00000738       0x98 FreeRTOS/src/timers.o
 .debug_aranges
                0x000007d0       0x40 FreeRTOS/src/variantHooks.o
 .debug_aranges
                0x00000810       0x48 LoRaWANHandler.o
 .debug_aranges
                0x00000858       0x28 main.o
 .debug_aranges
                0x00000880       0x58 ../drivers\libIotLibrary.a(display_7seg.o)
 .debug_aranges
                0x000008d8       0x68 ../drivers\libIotLibrary.a(hih8120.o)
 .debug_aranges
                0x00000940      0x138 ../drivers\libIotLibrary.a(lora_driver.o)
 .debug_aranges
                0x00000a78       0x28 ../drivers\libIotLibrary.a(lora_driver_utils.o)
 .debug_aranges
                0x00000aa0       0x58 ../drivers\libIotLibrary.a(mh_z19.o)
 .debug_aranges
                0x00000af8       0x90 ../drivers\libIotLibrary.a(serial.o)
 .debug_aranges
                0x00000b88       0x38 ../drivers\libIotLibrary.a(stdio_driver.o)
 .debug_aranges
                0x00000bc0       0x40 ../drivers\libIotLibrary.a(spi_iha.o)
 .debug_aranges
                0x00000c00       0x68 ../drivers\libIotLibrary.a(status_leds.o)
 .debug_aranges
                0x00000c68       0x50 ../drivers\libIotLibrary.a(twi.o)
 .debug_aranges
                0x00000cb8       0x20 ../drivers\libIotLibrary.a(fifo.o)

.debug_pubnames
 *(.debug_pubnames)

.debug_info     0x00000000    0x10537
 *(.debug_info .gnu.linkonce.wi.*)
 .debug_info    0x00000000      0xbbc D:/Program Files (x86)/Atmel/Studio/7.0/Packs/atmel/ATmega_DFP/1.3.300/gcc/dev/atmega2560/avr6/crtatmega2560.o
 .debug_info    0x00000bbc      0x34e controller/CO2SensorController.o
 .debug_info    0x00000f0a      0x3ff controller/sevenSegmentDisplayController.o
 .debug_info    0x00001309      0x364 controller/tempHumSensorController.o
 .debug_info    0x0000166d      0x122 model/device/AC.o
 .debug_info    0x0000178f       0xee model/device/carbonDioxideGenerator.o
 .debug_info    0x0000187d       0xee model/device/HumilityGenerator.o
 .debug_info    0x0000196b      0x845 model/senser/carbonDioxideSensor.o
 .debug_info    0x000021b0      0x871 model/senser/humiditySensor.o
 .debug_info    0x00002a21      0x887 model/senser/temperatureSensor.o
 .debug_info    0x000032a8      0x2d9 model/sensorModelManager.o
 .debug_info    0x00003581      0x3da model/time/myTime.o
 .debug_info    0x0000395b      0x50c FreeRTOS/src/heap_4.o
 .debug_info    0x00003e67      0x2e7 FreeRTOS/src/list.o
 .debug_info    0x0000414e      0x2f6 FreeRTOS/src/port.o
 .debug_info    0x00004444     0x17d4 FreeRTOS/src/queue.o
 .debug_info    0x00005c18     0x145a FreeRTOS/src/stream_buffer.o
 .debug_info    0x00007072     0x226e FreeRTOS/src/tasks.o
 .debug_info    0x000092e0     0x10e6 FreeRTOS/src/timers.o
 .debug_info    0x0000a3c6      0x20f FreeRTOS/src/variantHooks.o
 .debug_info    0x0000a5d5      0xce5 LoRaWANHandler.o
 .debug_info    0x0000b2ba      0x292 main.o
 .debug_info    0x0000b54c      0x5b8 ../drivers\libIotLibrary.a(display_7seg.o)
 .debug_info    0x0000bb04      0x3a9 ../drivers\libIotLibrary.a(hih8120.o)
 .debug_info    0x0000bead     0x1747 ../drivers\libIotLibrary.a(lora_driver.o)
 .debug_info    0x0000d5f4      0x143 ../drivers\libIotLibrary.a(lora_driver_utils.o)
 .debug_info    0x0000d737      0x556 ../drivers\libIotLibrary.a(mh_z19.o)
 .debug_info    0x0000dc8d      0xddb ../drivers\libIotLibrary.a(serial.o)
 .debug_info    0x0000ea68      0x3b6 ../drivers\libIotLibrary.a(stdio_driver.o)
 .debug_info    0x0000ee1e      0xaed ../drivers\libIotLibrary.a(spi_iha.o)
 .debug_info    0x0000f90b      0x50c ../drivers\libIotLibrary.a(status_leds.o)
 .debug_info    0x0000fe17      0x55d ../drivers\libIotLibrary.a(twi.o)
 .debug_info    0x00010374      0x1c3 ../drivers\libIotLibrary.a(fifo.o)

.debug_abbrev   0x00000000     0x4155
 *(.debug_abbrev)
 .debug_abbrev  0x00000000      0xb1a D:/Program Files (x86)/Atmel/Studio/7.0/Packs/atmel/ATmega_DFP/1.3.300/gcc/dev/atmega2560/avr6/crtatmega2560.o
 .debug_abbrev  0x00000b1a      0x188 controller/CO2SensorController.o
 .debug_abbrev  0x00000ca2      0x127 controller/sevenSegmentDisplayController.o
 .debug_abbrev  0x00000dc9      0x143 controller/tempHumSensorController.o
 .debug_abbrev  0x00000f0c       0x88 model/device/AC.o
 .debug_abbrev  0x00000f94       0x88 model/device/carbonDioxideGenerator.o
 .debug_abbrev  0x0000101c       0x88 model/device/HumilityGenerator.o
 .debug_abbrev  0x000010a4      0x110 model/senser/carbonDioxideSensor.o
 .debug_abbrev  0x000011b4      0x12a model/senser/humiditySensor.o
 .debug_abbrev  0x000012de      0x12a model/senser/temperatureSensor.o
 .debug_abbrev  0x00001408       0xf6 model/sensorModelManager.o
 .debug_abbrev  0x000014fe      0x173 model/time/myTime.o
 .debug_abbrev  0x00001671      0x212 FreeRTOS/src/heap_4.o
 .debug_abbrev  0x00001883       0xff FreeRTOS/src/list.o
 .debug_abbrev  0x00001982      0x170 FreeRTOS/src/port.o
 .debug_abbrev  0x00001af2      0x29e FreeRTOS/src/queue.o
 .debug_abbrev  0x00001d90      0x2a8 FreeRTOS/src/stream_buffer.o
 .debug_abbrev  0x00002038      0x348 FreeRTOS/src/tasks.o
 .debug_abbrev  0x00002380      0x2f5 FreeRTOS/src/timers.o
 .debug_abbrev  0x00002675       0xff FreeRTOS/src/variantHooks.o
 .debug_abbrev  0x00002774      0x23c LoRaWANHandler.o
 .debug_abbrev  0x000029b0      0x12f main.o
 .debug_abbrev  0x00002adf      0x21f ../drivers\libIotLibrary.a(display_7seg.o)
 .debug_abbrev  0x00002cfe      0x184 ../drivers\libIotLibrary.a(hih8120.o)
 .debug_abbrev  0x00002e82      0x33b ../drivers\libIotLibrary.a(lora_driver.o)
 .debug_abbrev  0x000031bd       0xc0 ../drivers\libIotLibrary.a(lora_driver_utils.o)
 .debug_abbrev  0x0000327d      0x238 ../drivers\libIotLibrary.a(mh_z19.o)
 .debug_abbrev  0x000034b5      0x34a ../drivers\libIotLibrary.a(serial.o)
 .debug_abbrev  0x000037ff      0x1b3 ../drivers\libIotLibrary.a(stdio_driver.o)
 .debug_abbrev  0x000039b2      0x2cd ../drivers\libIotLibrary.a(spi_iha.o)
 .debug_abbrev  0x00003c7f      0x1d7 ../drivers\libIotLibrary.a(status_leds.o)
 .debug_abbrev  0x00003e56      0x217 ../drivers\libIotLibrary.a(twi.o)
 .debug_abbrev  0x0000406d       0xe8 ../drivers\libIotLibrary.a(fifo.o)

.debug_line     0x00000000     0x8138
 *(.debug_line .debug_line.* .debug_line_end)
 .debug_line    0x00000000      0x1f9 D:/Program Files (x86)/Atmel/Studio/7.0/Packs/atmel/ATmega_DFP/1.3.300/gcc/dev/atmega2560/avr6/crtatmega2560.o
 .debug_line    0x000001f9      0x1f0 controller/CO2SensorController.o
 .debug_line    0x000003e9      0x306 controller/sevenSegmentDisplayController.o
 .debug_line    0x000006ef      0x1f4 controller/tempHumSensorController.o
 .debug_line    0x000008e3      0x143 model/device/AC.o
 .debug_line    0x00000a26       0xff model/device/carbonDioxideGenerator.o
 .debug_line    0x00000b25       0xfa model/device/HumilityGenerator.o
 .debug_line    0x00000c1f      0x34d model/senser/carbonDioxideSensor.o
 .debug_line    0x00000f6c      0x39e model/senser/humiditySensor.o
 .debug_line    0x0000130a      0x39d model/senser/temperatureSensor.o
 .debug_line    0x000016a7      0x1b4 model/sensorModelManager.o
 .debug_line    0x0000185b      0x29d model/time/myTime.o
 .debug_line    0x00001af8      0x3de FreeRTOS/src/heap_4.o
 .debug_line    0x00001ed6      0x1db FreeRTOS/src/list.o
 .debug_line    0x000020b1      0x275 FreeRTOS/src/port.o
 .debug_line    0x00002326      0xb80 FreeRTOS/src/queue.o
 .debug_line    0x00002ea6      0x765 FreeRTOS/src/stream_buffer.o
 .debug_line    0x0000360b     0x147c FreeRTOS/src/tasks.o
 .debug_line    0x00004a87      0x55e FreeRTOS/src/timers.o
 .debug_line    0x00004fe5      0x1af FreeRTOS/src/variantHooks.o
 .debug_line    0x00005194      0x4a9 LoRaWANHandler.o
 .debug_line    0x0000563d      0x267 main.o
 .debug_line    0x000058a4      0x3e0 ../drivers\libIotLibrary.a(display_7seg.o)
 .debug_line    0x00005c84      0x24a ../drivers\libIotLibrary.a(hih8120.o)
 .debug_line    0x00005ece      0x9aa ../drivers\libIotLibrary.a(lora_driver.o)
 .debug_line    0x00006878      0x195 ../drivers\libIotLibrary.a(lora_driver_utils.o)
 .debug_line    0x00006a0d      0x2fc ../drivers\libIotLibrary.a(mh_z19.o)
 .debug_line    0x00006d09      0x6a0 ../drivers\libIotLibrary.a(serial.o)
 .debug_line    0x000073a9      0x146 ../drivers\libIotLibrary.a(stdio_driver.o)
 .debug_line    0x000074ef      0x4e6 ../drivers\libIotLibrary.a(spi_iha.o)
 .debug_line    0x000079d5      0x32c ../drivers\libIotLibrary.a(status_leds.o)
 .debug_line    0x00007d01      0x31c ../drivers\libIotLibrary.a(twi.o)
 .debug_line    0x0000801d      0x11b ../drivers\libIotLibrary.a(fifo.o)

.debug_frame    0x00000000     0x2ea8
 *(.debug_frame)
 .debug_frame   0x00000000       0x54 controller/CO2SensorController.o
 .debug_frame   0x00000054       0x44 controller/sevenSegmentDisplayController.o
 .debug_frame   0x00000098       0x58 controller/tempHumSensorController.o
 .debug_frame   0x000000f0       0x78 model/device/AC.o
 .debug_frame   0x00000168       0x5c model/device/carbonDioxideGenerator.o
 .debug_frame   0x000001c4       0x5c model/device/HumilityGenerator.o
 .debug_frame   0x00000220      0x21c model/senser/carbonDioxideSensor.o
 .debug_frame   0x0000043c      0x288 model/senser/humiditySensor.o
 .debug_frame   0x000006c4      0x288 model/senser/temperatureSensor.o
 .debug_frame   0x0000094c       0x78 model/sensorModelManager.o
 .debug_frame   0x000009c4      0x11c model/time/myTime.o
 .debug_frame   0x00000ae0       0xec FreeRTOS/src/heap_4.o
 .debug_frame   0x00000bcc       0x90 FreeRTOS/src/list.o
 .debug_frame   0x00000c5c       0x84 FreeRTOS/src/port.o
 .debug_frame   0x00000ce0      0x388 FreeRTOS/src/queue.o
 .debug_frame   0x00001068      0x3b0 FreeRTOS/src/stream_buffer.o
 .debug_frame   0x00001418      0x69c FreeRTOS/src/tasks.o
 .debug_frame   0x00001ab4      0x238 FreeRTOS/src/timers.o
 .debug_frame   0x00001cec       0x64 FreeRTOS/src/variantHooks.o
 .debug_frame   0x00001d50      0x1dc LoRaWANHandler.o
 .debug_frame   0x00001f2c       0x40 main.o
 .debug_frame   0x00001f6c      0x14c ../drivers\libIotLibrary.a(display_7seg.o)
 .debug_frame   0x000020b8       0xc0 ../drivers\libIotLibrary.a(hih8120.o)
 .debug_frame   0x00002178      0x460 ../drivers\libIotLibrary.a(lora_driver.o)
 .debug_frame   0x000025d8       0x48 ../drivers\libIotLibrary.a(lora_driver_utils.o)
 .debug_frame   0x00002620      0x100 ../drivers\libIotLibrary.a(mh_z19.o)
 .debug_frame   0x00002720      0x384 ../drivers\libIotLibrary.a(serial.o)
 .debug_frame   0x00002aa4       0x94 ../drivers\libIotLibrary.a(stdio_driver.o)
 .debug_frame   0x00002b38      0x134 ../drivers\libIotLibrary.a(spi_iha.o)
 .debug_frame   0x00002c6c       0xec ../drivers\libIotLibrary.a(status_leds.o)
 .debug_frame   0x00002d58      0x12c ../drivers\libIotLibrary.a(twi.o)
 .debug_frame   0x00002e84       0x24 ../drivers\libIotLibrary.a(fifo.o)

.debug_str      0x00000000     0x4d17
 *(.debug_str)
 .debug_str     0x00000000      0x3e6 D:/Program Files (x86)/Atmel/Studio/7.0/Packs/atmel/ATmega_DFP/1.3.300/gcc/dev/atmega2560/avr6/crtatmega2560.o
 .debug_str     0x000003e6      0x34e controller/CO2SensorController.o
                                0x3a0 (size before relaxing)
 .debug_str     0x00000734      0x21c controller/sevenSegmentDisplayController.o
                                0x43d (size before relaxing)
 .debug_str     0x00000950      0x1c8 controller/tempHumSensorController.o
                                0x3fb (size before relaxing)
 .debug_str     0x00000b18       0x72 model/device/AC.o
                                0x1f0 (size before relaxing)
 .debug_str     0x00000b8a       0x95 model/device/carbonDioxideGenerator.o
                                0x219 (size before relaxing)
 .debug_str     0x00000c1f       0x81 model/device/HumilityGenerator.o
                                0x205 (size before relaxing)
 .debug_str     0x00000ca0      0x21a model/senser/carbonDioxideSensor.o
                                0x4b0 (size before relaxing)
 .debug_str     0x00000eba      0x143 model/senser/humiditySensor.o
                                0x487 (size before relaxing)
 .debug_str     0x00000ffd      0x169 model/senser/temperatureSensor.o
                                0x4b6 (size before relaxing)
 .debug_str     0x00001166       0x5d model/sensorModelManager.o
                                0x3ed (size before relaxing)
 .debug_str     0x000011c3       0x8f model/time/myTime.o
                                0x28f (size before relaxing)
 .debug_str     0x00001252      0x304 FreeRTOS/src/heap_4.o
                                0x4ab (size before relaxing)
 .debug_str     0x00001556      0x129 FreeRTOS/src/list.o
                                0x2e7 (size before relaxing)
 .debug_str     0x0000167f      0x152 FreeRTOS/src/port.o
                                0x31c (size before relaxing)
 .debug_str     0x000017d1      0x61f FreeRTOS/src/queue.o
                                0x95b (size before relaxing)
 .debug_str     0x00001df0      0x4ed FreeRTOS/src/stream_buffer.o
                                0x7e4 (size before relaxing)
 .debug_str     0x000022dd      0x92a FreeRTOS/src/tasks.o
                                0xf7c (size before relaxing)
 .debug_str     0x00002c07      0x414 FreeRTOS/src/timers.o
                                0x852 (size before relaxing)
 .debug_str     0x0000301b       0x81 FreeRTOS/src/variantHooks.o
                                0x293 (size before relaxing)
 .debug_str     0x0000309c      0x52b LoRaWANHandler.o
                                0x9bc (size before relaxing)
 .debug_str     0x000035c7       0xb7 main.o
                                0x353 (size before relaxing)
 .debug_str     0x0000367e      0x2f1 ../drivers\libIotLibrary.a(display_7seg.o)
                                0x493 (size before relaxing)
 .debug_str     0x0000396f      0x1f9 ../drivers\libIotLibrary.a(hih8120.o)
                                0x45c (size before relaxing)
 .debug_str     0x00003b68      0x6a8 ../drivers\libIotLibrary.a(lora_driver.o)
                                0xcdb (size before relaxing)
 .debug_str     0x00004210       0x4f ../drivers\libIotLibrary.a(lora_driver_utils.o)
                                0x206 (size before relaxing)
 .debug_str     0x0000425f      0x117 ../drivers\libIotLibrary.a(mh_z19.o)
                                0x489 (size before relaxing)
 .debug_str     0x00004376      0x2c6 ../drivers\libIotLibrary.a(serial.o)
                                0x62f (size before relaxing)
 .debug_str     0x0000463c       0xa6 ../drivers\libIotLibrary.a(stdio_driver.o)
                                0x37d (size before relaxing)
 .debug_str     0x000046e2      0x21b ../drivers\libIotLibrary.a(spi_iha.o)
                                0x623 (size before relaxing)
 .debug_str     0x000048fd      0x10e ../drivers\libIotLibrary.a(status_leds.o)
                                0x36d (size before relaxing)
 .debug_str     0x00004a0b      0x2ea ../drivers\libIotLibrary.a(twi.o)
                                0x5b4 (size before relaxing)
 .debug_str     0x00004cf5       0x22 ../drivers\libIotLibrary.a(fifo.o)
                                0x239 (size before relaxing)

.debug_loc      0x00000000     0xecbf
 *(.debug_loc)
 .debug_loc     0x00000000       0xd5 controller/CO2SensorController.o
 .debug_loc     0x000000d5       0xf1 controller/sevenSegmentDisplayController.o
 .debug_loc     0x000001c6      0x13e controller/tempHumSensorController.o
 .debug_loc     0x00000304       0xb4 model/device/AC.o
 .debug_loc     0x000003b8       0x78 model/device/carbonDioxideGenerator.o
 .debug_loc     0x00000430       0x78 model/device/HumilityGenerator.o
 .debug_loc     0x000004a8      0x908 model/senser/carbonDioxideSensor.o
 .debug_loc     0x00000db0      0xa82 model/senser/humiditySensor.o
 .debug_loc     0x00001832      0xa82 model/senser/temperatureSensor.o
 .debug_loc     0x000022b4       0x8d model/sensorModelManager.o
 .debug_loc     0x00002341      0x34c model/time/myTime.o
 .debug_loc     0x0000268d      0x4e4 FreeRTOS/src/heap_4.o
 .debug_loc     0x00002b71      0x17d FreeRTOS/src/list.o
 .debug_loc     0x00002cee       0xf6 FreeRTOS/src/port.o
 .debug_loc     0x00002de4     0x1aee FreeRTOS/src/queue.o
 .debug_loc     0x000048d2     0x1e19 FreeRTOS/src/stream_buffer.o
 .debug_loc     0x000066eb     0x2a03 FreeRTOS/src/tasks.o
 .debug_loc     0x000090ee      0xcf7 FreeRTOS/src/timers.o
 .debug_loc     0x00009de5       0xdc FreeRTOS/src/variantHooks.o
 .debug_loc     0x00009ec1      0x84c LoRaWANHandler.o
 .debug_loc     0x0000a70d       0x3c main.o
 .debug_loc     0x0000a749      0x76a ../drivers\libIotLibrary.a(display_7seg.o)
 .debug_loc     0x0000aeb3       0x9f ../drivers\libIotLibrary.a(hih8120.o)
 .debug_loc     0x0000af52     0x1216 ../drivers\libIotLibrary.a(lora_driver.o)
 .debug_loc     0x0000c168      0x1d2 ../drivers\libIotLibrary.a(lora_driver_utils.o)
 .debug_loc     0x0000c33a      0x37c ../drivers\libIotLibrary.a(mh_z19.o)
 .debug_loc     0x0000c6b6     0x114c ../drivers\libIotLibrary.a(serial.o)
 .debug_loc     0x0000d802      0x18c ../drivers\libIotLibrary.a(stdio_driver.o)
 .debug_loc     0x0000d98e      0x9cc ../drivers\libIotLibrary.a(spi_iha.o)
 .debug_loc     0x0000e35a      0x292 ../drivers\libIotLibrary.a(status_leds.o)
 .debug_loc     0x0000e5ec      0x575 ../drivers\libIotLibrary.a(twi.o)
 .debug_loc     0x0000eb61      0x15e ../drivers\libIotLibrary.a(fifo.o)

.debug_macinfo
 *(.debug_macinfo)

.debug_weaknames
 *(.debug_weaknames)

.debug_funcnames
 *(.debug_funcnames)

.debug_typenames
 *(.debug_typenames)

.debug_varnames
 *(.debug_varnames)

.debug_pubtypes
 *(.debug_pubtypes)

.debug_ranges   0x00000000      0xd28
 *(.debug_ranges)
 .debug_ranges  0x00000000       0x20 controller/CO2SensorController.o
 .debug_ranges  0x00000020       0x18 controller/sevenSegmentDisplayController.o
 .debug_ranges  0x00000038       0x18 controller/tempHumSensorController.o
 .debug_ranges  0x00000050       0x28 model/device/AC.o
 .debug_ranges  0x00000078       0x20 model/device/carbonDioxideGenerator.o
 .debug_ranges  0x00000098       0x20 model/device/HumilityGenerator.o
 .debug_ranges  0x000000b8       0x68 model/senser/carbonDioxideSensor.o
 .debug_ranges  0x00000120       0x68 model/senser/humiditySensor.o
 .debug_ranges  0x00000188       0x68 model/senser/temperatureSensor.o
 .debug_ranges  0x000001f0       0x30 model/sensorModelManager.o
 .debug_ranges  0x00000220       0x68 model/time/myTime.o
 .debug_ranges  0x00000288       0x40 FreeRTOS/src/heap_4.o
 .debug_ranges  0x000002c8       0x30 FreeRTOS/src/list.o
 .debug_ranges  0x000002f8       0x40 FreeRTOS/src/port.o
 .debug_ranges  0x00000338      0x158 FreeRTOS/src/queue.o
 .debug_ranges  0x00000490       0xa0 FreeRTOS/src/stream_buffer.o
 .debug_ranges  0x00000530      0x238 FreeRTOS/src/tasks.o
 .debug_ranges  0x00000768       0xe0 FreeRTOS/src/timers.o
 .debug_ranges  0x00000848       0x30 FreeRTOS/src/variantHooks.o
 .debug_ranges  0x00000878       0x68 LoRaWANHandler.o
 .debug_ranges  0x000008e0       0x18 main.o
 .debug_ranges  0x000008f8       0x48 ../drivers\libIotLibrary.a(display_7seg.o)
 .debug_ranges  0x00000940       0x58 ../drivers\libIotLibrary.a(hih8120.o)
 .debug_ranges  0x00000998      0x128 ../drivers\libIotLibrary.a(lora_driver.o)
 .debug_ranges  0x00000ac0       0x30 ../drivers\libIotLibrary.a(lora_driver_utils.o)
 .debug_ranges  0x00000af0       0x48 ../drivers\libIotLibrary.a(mh_z19.o)
 .debug_ranges  0x00000b38       0x98 ../drivers\libIotLibrary.a(serial.o)
 .debug_ranges  0x00000bd0       0x28 ../drivers\libIotLibrary.a(stdio_driver.o)
 .debug_ranges  0x00000bf8       0x88 ../drivers\libIotLibrary.a(spi_iha.o)
 .debug_ranges  0x00000c80       0x58 ../drivers\libIotLibrary.a(status_leds.o)
 .debug_ranges  0x00000cd8       0x40 ../drivers\libIotLibrary.a(twi.o)
 .debug_ranges  0x00000d18       0x10 ../drivers\libIotLibrary.a(fifo.o)

.debug_macro
 *(.debug_macro)
OUTPUT(gh-iot.elf elf32-avr)
LOAD linker stubs
