Archive member included to satisfy reference by file (symbol)

d:/program files (x86)/atmel/studio/7.0/toolchain/avr8/avr8-gnu-toolchain/bin/../lib/gcc/avr/5.4.0/../../../../avr/lib/avr6\libm.a(addsf3.o)
                              controller/tempHumSensorController.o (__addsf3)
d:/program files (x86)/atmel/studio/7.0/toolchain/avr8/avr8-gnu-toolchain/bin/../lib/gcc/avr/5.4.0/../../../../avr/lib/avr6\libm.a(addsf3x.o)
                              d:/program files (x86)/atmel/studio/7.0/toolchain/avr8/avr8-gnu-toolchain/bin/../lib/gcc/avr/5.4.0/../../../../avr/lib/avr6\libm.a(addsf3.o) (__addsf3x)
d:/program files (x86)/atmel/studio/7.0/toolchain/avr8/avr8-gnu-toolchain/bin/../lib/gcc/avr/5.4.0/../../../../avr/lib/avr6\libm.a(cmpsf2.o)
                              model/senser/humiditySensor.o (__lesf2)
d:/program files (x86)/atmel/studio/7.0/toolchain/avr8/avr8-gnu-toolchain/bin/../lib/gcc/avr/5.4.0/../../../../avr/lib/avr6\libm.a(divsf3.o)
                              controller/sevenSegmentDisplayController.o (__divsf3)
d:/program files (x86)/atmel/studio/7.0/toolchain/avr8/avr8-gnu-toolchain/bin/../lib/gcc/avr/5.4.0/../../../../avr/lib/avr6\libm.a(divsf3x.o)
                              d:/program files (x86)/atmel/studio/7.0/toolchain/avr8/avr8-gnu-toolchain/bin/../lib/gcc/avr/5.4.0/../../../../avr/lib/avr6\libm.a(divsf3.o) (__divsf3x)
d:/program files (x86)/atmel/studio/7.0/toolchain/avr8/avr8-gnu-toolchain/bin/../lib/gcc/avr/5.4.0/../../../../avr/lib/avr6\libm.a(fixsfsi.o)
                              controller/tempHumSensorController.o (__fixsfsi)
d:/program files (x86)/atmel/studio/7.0/toolchain/avr8/avr8-gnu-toolchain/bin/../lib/gcc/avr/5.4.0/../../../../avr/lib/avr6\libm.a(fixunssfsi.o)
                              controller/CO2SensorController.o (__fixunssfsi)
d:/program files (x86)/atmel/studio/7.0/toolchain/avr8/avr8-gnu-toolchain/bin/../lib/gcc/avr/5.4.0/../../../../avr/lib/avr6\libm.a(floatsisf.o)
                              controller/sevenSegmentDisplayController.o (__floatsisf)
d:/program files (x86)/atmel/studio/7.0/toolchain/avr8/avr8-gnu-toolchain/bin/../lib/gcc/avr/5.4.0/../../../../avr/lib/avr6\libm.a(fp_cmp.o)
                              d:/program files (x86)/atmel/studio/7.0/toolchain/avr8/avr8-gnu-toolchain/bin/../lib/gcc/avr/5.4.0/../../../../avr/lib/avr6\libm.a(cmpsf2.o) (__fp_cmp)
d:/program files (x86)/atmel/studio/7.0/toolchain/avr8/avr8-gnu-toolchain/bin/../lib/gcc/avr/5.4.0/../../../../avr/lib/avr6\libm.a(fp_inf.o)
                              d:/program files (x86)/atmel/studio/7.0/toolchain/avr8/avr8-gnu-toolchain/bin/../lib/gcc/avr/5.4.0/../../../../avr/lib/avr6\libm.a(addsf3x.o) (__fp_inf)
d:/program files (x86)/atmel/studio/7.0/toolchain/avr8/avr8-gnu-toolchain/bin/../lib/gcc/avr/5.4.0/../../../../avr/lib/avr6\libm.a(fp_nan.o)
                              d:/program files (x86)/atmel/studio/7.0/toolchain/avr8/avr8-gnu-toolchain/bin/../lib/gcc/avr/5.4.0/../../../../avr/lib/avr6\libm.a(addsf3x.o) (__fp_nan)
d:/program files (x86)/atmel/studio/7.0/toolchain/avr8/avr8-gnu-toolchain/bin/../lib/gcc/avr/5.4.0/../../../../avr/lib/avr6\libm.a(fp_pscA.o)
                              d:/program files (x86)/atmel/studio/7.0/toolchain/avr8/avr8-gnu-toolchain/bin/../lib/gcc/avr/5.4.0/../../../../avr/lib/avr6\libm.a(addsf3x.o) (__fp_pscA)
d:/program files (x86)/atmel/studio/7.0/toolchain/avr8/avr8-gnu-toolchain/bin/../lib/gcc/avr/5.4.0/../../../../avr/lib/avr6\libm.a(fp_pscB.o)
                              d:/program files (x86)/atmel/studio/7.0/toolchain/avr8/avr8-gnu-toolchain/bin/../lib/gcc/avr/5.4.0/../../../../avr/lib/avr6\libm.a(addsf3x.o) (__fp_pscB)
d:/program files (x86)/atmel/studio/7.0/toolchain/avr8/avr8-gnu-toolchain/bin/../lib/gcc/avr/5.4.0/../../../../avr/lib/avr6\libm.a(fp_round.o)
                              d:/program files (x86)/atmel/studio/7.0/toolchain/avr8/avr8-gnu-toolchain/bin/../lib/gcc/avr/5.4.0/../../../../avr/lib/avr6\libm.a(addsf3.o) (__fp_round)
d:/program files (x86)/atmel/studio/7.0/toolchain/avr8/avr8-gnu-toolchain/bin/../lib/gcc/avr/5.4.0/../../../../avr/lib/avr6\libm.a(fp_split3.o)
                              d:/program files (x86)/atmel/studio/7.0/toolchain/avr8/avr8-gnu-toolchain/bin/../lib/gcc/avr/5.4.0/../../../../avr/lib/avr6\libm.a(addsf3x.o) (__fp_split3)
d:/program files (x86)/atmel/studio/7.0/toolchain/avr8/avr8-gnu-toolchain/bin/../lib/gcc/avr/5.4.0/../../../../avr/lib/avr6\libm.a(fp_zero.o)
                              d:/program files (x86)/atmel/studio/7.0/toolchain/avr8/avr8-gnu-toolchain/bin/../lib/gcc/avr/5.4.0/../../../../avr/lib/avr6\libm.a(addsf3x.o) (__fp_zero)
d:/program files (x86)/atmel/studio/7.0/toolchain/avr8/avr8-gnu-toolchain/bin/../lib/gcc/avr/5.4.0/../../../../avr/lib/avr6\libm.a(gesf2.o)
                              model/senser/humiditySensor.o (__gesf2)
d:/program files (x86)/atmel/studio/7.0/toolchain/avr8/avr8-gnu-toolchain/bin/../lib/gcc/avr/5.4.0/../../../../avr/lib/avr6\libm.a(mulsf3.o)
[...]
Memory Configuration

Name             Origin             Length             Attributes
text             0x00000000         0x00100000         xr
data             0x00800200         0x0000fe00         rw !x
eeprom           0x00810000         0x00010000         rw !x
fuse             0x00820000         0x00000003         rw !x
lock             0x00830000         0x00000400         rw !x
signature        0x00840000         0x00000400         rw !x
user_signatures  0x00850000         0x00000400         rw !x
*default*        0x00000000         0xffffffff

Linker script and memory map

Address of section .data set to 0x800200
LOAD D:/Program Files (x86)/Atmel/Studio/7.0/Packs/atmel/ATmega_DFP/1.3.300/gcc/dev/atmega2560/avr6/crtatmega2560.o
LOAD controller/CO2SensorController.o
LOAD controller/sevenSegmentDisplayController.o
LOAD controller/tempHumSensorController.o
LOAD model/device/AC.o
LOAD model/device/carbonDioxideGenerator.o
LOAD model/device/HumilityGenerator.o
LOAD model/device/rcServo.o
LOAD model/senser/carbonDioxideSensor.o
LOAD model/senser/humiditySensor.o
LOAD model/senser/temperatureSensor.o
LOAD model/sensorModelManager.o
LOAD model/time/myTime.o
LOAD FreeRTOS/FreeRTOSTraceDriver/FreeRTOSTraceDriver.o
LOAD FreeRTOS/src/croutine.o
LOAD FreeRTOS/src/event_groups.o
LOAD FreeRTOS/src/heap_4.o
LOAD FreeRTOS/src/list.o
LOAD FreeRTOS/src/port.o
LOAD FreeRTOS/src/queue.o
LOAD FreeRTOS/src/stream_buffer.o
LOAD FreeRTOS/src/tasks.o
LOAD FreeRTOS/src/timers.o
LOAD FreeRTOS/src/variantHooks.o
LOAD LoRaWANHandler.o
LOAD main.o
START GROUP
LOAD d:/program files (x86)/atmel/studio/7.0/toolchain/avr8/avr8-gnu-toolchain/bin/../lib/gcc/avr/5.4.0/../../../../avr/lib/avr6\libm.a
LOAD ../drivers\libIotLibrary.a
END GROUP
START GROUP
LOAD d:/program files (x86)/atmel/studio/7.0/toolchain/avr8/avr8-gnu-toolchain/bin/../lib/gcc/avr/5.4.0/avr6\libgcc.a
LOAD d:/program files (x86)/atmel/studio/7.0/toolchain/avr8/avr8-gnu-toolchain/bin/../lib/gcc/avr/5.4.0/../../../../avr/lib/avr6\libm.a
LOAD d:/program files (x86)/atmel/studio/7.0/toolchain/avr8/avr8-gnu-toolchain/bin/../lib/gcc/avr/5.4.0/../../../../avr/lib/avr6\libc.a
LOAD D:/Program Files (x86)/Atmel/Studio/7.0/Packs/atmel/ATmega_DFP/1.3.300/gcc/dev/atmega2560/avr6\libatmega2560.a
END GROUP
                0x00000000                __TEXT_REGION_ORIGIN__ = DEFINED (__TEXT_REGION_ORIGIN__)?__TEXT_REGION_ORIGIN__:0x0
                0x00800200                __DATA_REGION_ORIGIN__ = DEFINED (__DATA_REGION_ORIGIN__)?__DATA_REGION_ORIGIN__:0x800200
                0x00100000                __TEXT_REGION_LENGTH__ = DEFINED (__TEXT_REGION_LENGTH__)?__TEXT_REGION_LENGTH__:0x100000
                0x0000fe00                __DATA_REGION_LENGTH__ = DEFINED (__DATA_REGION_LENGTH__)?__DATA_REGION_LENGTH__:0xfe00
                0x00010000                __EEPROM_REGION_LENGTH__ = DEFINED (__EEPROM_REGION_LENGTH__)?__EEPROM_REGION_LENGTH__:0x10000
                [0x00000003]                __FUSE_REGION_LENGTH__ = DEFINED (__FUSE_REGION_LENGTH__)?__FUSE_REGION_LENGTH__:0x400
                0x00000400                __LOCK_REGION_LENGTH__ = DEFINED (__LOCK_REGION_LENGTH__)?__LOCK_REGION_LENGTH__:0x400
                0x00000400                __SIGNATURE_REGION_LENGTH__ = DEFINED (__SIGNATURE_REGION_LENGTH__)?__SIGNATURE_REGION_LENGTH__:0x400
                0x00000400                __USER_SIGNATURE_REGION_LENGTH__ = DEFINED (__USER_SIGNATURE_REGION_LENGTH__)?__USER_SIGNATURE_REGION_LENGTH__:0x400

.hash
 *(.hash)

.dynsym
 *(.dynsym)

.dynstr
 *(.dynstr)

.gnu.version
 *(.gnu.version)

.gnu.version_d
 *(.gnu.version_d)

.gnu.version_r
 *(.gnu.version_r)

.rel.init
 *(.rel.init)

.rela.init
 *(.rela.init)

.rel.text
 *(.rel.text)
 *(.rel.text.*)
 *(.rel.gnu.linkonce.t*)

.rela.text
 *(.rela.text)
 *(.rela.text.*)
 *(.rela.gnu.linkonce.t*)

.rel.fini
 *(.rel.fini)

.rela.fini
 *(.rela.fini)

.rel.rodata
 *(.rel.rodata)
 *(.rel.rodata.*)
 *(.rel.gnu.linkonce.r*)

.rela.rodata
 *(.rela.rodata)
 *(.rela.rodata.*)
 *(.rela.gnu.linkonce.r*)

.rel.data
 *(.rel.data)
 *(.rel.data.*)
 *(.rel.gnu.linkonce.d*)

.rela.data
 *(.rela.data)
 *(.rela.data.*)
 *(.rela.gnu.linkonce.d*)

.rel.ctors
 *(.rel.ctors)

.rela.ctors
 *(.rela.ctors)

.rel.dtors
 *(.rel.dtors)

.rela.dtors
 *(.rela.dtors)

.rel.got
 *(.rel.got)

.rela.got
 *(.rela.got)

.rel.bss
 *(.rel.bss)

.rela.bss
 *(.rela.bss)

.rel.plt
 *(.rel.plt)

.rela.plt
 *(.rela.plt)

.text           0x00000000     0x791c
 *(.vectors)
 .vectors       0x00000000       0xe4 D:/Program Files (x86)/Atmel/Studio/7.0/Packs/atmel/ATmega_DFP/1.3.300/gcc/dev/atmega2560/avr6/crtatmega2560.o
                0x00000000                __vector_default
                0x00000000                __vectors
 *(.vectors)
 *(.progmem.gcc*)
 .progmem.gcc_sw_table
                0x000000e4       0x14 FreeRTOS/src/timers.o
 .progmem.gcc_sw_table.__vector_39
                0x000000f8       0xa2 ../drivers\libIotLibrary.a(twi.o)
 .progmem.gcc_fplib
                0x0000019a       0x28 d:/program files (x86)/atmel/studio/7.0/toolchain/avr8/avr8-gnu-toolchain/bin/../lib/gcc/avr/5.4.0/../../../../avr/lib/avr6\libm.a(exp.o)
 .progmem.gcc_fplib
                0x000001c2       0x5a d:/program files (x86)/atmel/studio/7.0/toolchain/avr8/avr8-gnu-toolchain/bin/../lib/gcc/avr/5.4.0/../../../../avr/lib/avr6\libm.a(log.o)
                0x0000021c                . = ALIGN (0x2)
                0x0000021c                __trampolines_start = .
 *(.trampolines)
 .trampolines   0x0000021c        0x0 linker stubs
 *(.trampolines*)
                0x0000021c                __trampolines_end = .
 *libprintf_flt.a:*(.progmem.data)
 *libc.a:*(.progmem.data)
 *(.progmem*)
                0x0000021c                . = ALIGN (0x2)
 *(.jumptables)
 *(.jumptables*)
 *(.lowtext)
 .lowtext       0x0000021c       0x74 FreeRTOS/src/tasks.o
 .lowtext       0x00000290      0x294 FreeRTOS/src/timers.o
 *(.lowtext*)
                0x00000524                __ctors_start = .
 *(.ctors)
                0x00000524                __ctors_end = .
                0x00000524                __dtors_start = .
 *(.dtors)
                0x00000524                __dtors_end = .
 SORT(*)(.ctors)
 SORT(*)(.dtors)
 *(.init0)
 .init0         0x00000524        0x0 D:/Program Files (x86)/Atmel/Studio/7.0/Packs/atmel/ATmega_DFP/1.3.300/gcc/dev/atmega2560/avr6/crtatmega2560.o
                0x00000524                __init
 *(.init0)
 *(.init1)
 *(.init1)
 *(.init2)
 .init2         0x00000524       0x10 D:/Program Files (x86)/Atmel/Studio/7.0/Packs/atmel/ATmega_DFP/1.3.300/gcc/dev/atmega2560/avr6/crtatmega2560.o
 *(.init2)
 *(.init3)
 *(.init3)
 *(.init4)
 .init4         0x00000534       0x1a d:/program files (x86)/atmel/studio/7.0/toolchain/avr8/avr8-gnu-toolchain/bin/../lib/gcc/avr/5.4.0/avr6\libgcc.a(_copy_data.o)
                0x00000534                __do_copy_data
 .init4         0x0000054e       0x10 d:/program files (x86)/atmel/studio/7.0/toolchain/avr8/avr8-gnu-toolchain/bin/../lib/gcc/avr/5.4.0/avr6\libgcc.a(_clear_bss.o)
                0x0000054e                __do_clear_bss
 *(.init4)
 *(.init5)
 *(.init5)
 *(.init6)
 *(.init6)
 *(.init7)
 *(.init7)
 *(.init8)
 *(.init8)
 *(.init9)
 .init9         0x0000055e        0x8 D:/Program Files (x86)/Atmel/Studio/7.0/Packs/atmel/ATmega_DFP/1.3.300/gcc/dev/atmega2560/avr6/crtatmega2560.o
 *(.init9)
 *(.text)
 .text          0x00000566        0x2 D:/Program Files (x86)/Atmel/Studio/7.0/Packs/atmel/ATmega_DFP/1.3.300/gcc/dev/atmega2560/avr6/crtatmega2560.o
                0x00000566                __vector_38
                0x00000566                __vector_22
                0x00000566                __vector_28
                0x00000566                __vector_1
                0x00000566                __vector_32
                0x00000566                __vector_34
                0x00000566                __vector_46
                0x00000566                __bad_interrupt
                0x00000566                __vector_6
                0x00000566                __vector_31
                0x00000566                __vector_35
                0x00000566                __vector_3
                0x00000566                __vector_23
                0x00000566                __vector_30
                0x00000566                __vector_45
                0x00000566                __vector_11
                0x00000566                __vector_13
                0x00000566                __vector_17
                0x00000566                __vector_19
                0x00000566                __vector_56
                0x00000566                __vector_7
                0x00000566                __vector_49
                0x00000566                __vector_41
                0x00000566                __vector_43
                0x00000566                __vector_27
                0x00000566                __vector_5
                0x00000566                __vector_33
                0x00000566                __vector_47
                0x00000566                __vector_4
                0x00000566                __vector_44
                0x00000566                __vector_9
                0x00000566                __vector_2
                0x00000566                __vector_15
                0x00000566                __vector_29
                0x00000566                __vector_40
                0x00000566                __vector_8
                0x00000566                __vector_48
                0x00000566                __vector_14
                0x00000566                __vector_53
                0x00000566                __vector_10
                0x00000566                __vector_50
                0x00000566                __vector_16
                0x00000566                __vector_18
                0x00000566                __vector_20
                0x00000566                __vector_42
                0x00000568                . = ALIGN (0x2)
 *(.text.*)
 .text.carbonDioxideController_task
                0x00000568       0xc8 controller/CO2SensorController.o
                0x00000568                carbonDioxideController_task
 .text.CO2SensorController_create
                0x00000630       0x38 controller/CO2SensorController.o
                0x00000630                CO2SensorController_create
 .text.sevenSegmentDisplayController_task
                0x00000668      0x1b2 controller/sevenSegmentDisplayController.o
                0x00000668                sevenSegmentDisplayController_task
 .text.sevenSegmentDisplayController_create
                0x0000081a       0x3c controller/sevenSegmentDisplayController.o
                0x0000081a                sevenSegmentDisplayController_create
 .text.tempHumSensorController_task
                0x00000856      0x10c controller/tempHumSensorController.o
                0x00000856                tempHumSensorController_task
 .text.tempHumSensorController_create
                0x00000962       0x40 controller/tempHumSensorController.o
                0x00000962                tempHumSensorController_create
 .text.AC_turnOnHeating
                0x000009a2       0x42 model/device/AC.o
                0x000009a2                AC_turnOnHeating
 .text.AC_turnOnCooling
                0x000009e4       0x3e model/device/AC.o
                0x000009e4                AC_turnOnCooling
 .text.AC_turnOff
                0x00000a22       0x24 model/device/AC.o
                0x00000a22                AC_turnOff
 .text.AC_getStateCode
                0x00000a46       0x18 model/device/AC.o
                0x00000a46                AC_getStateCode
 .text.carbonDioxideGenerator_turnOn
                0x00000a5e       0x20 model/device/carbonDioxideGenerator.o
                0x00000a5e                carbonDioxideGenerator_turnOn
 .text.carbonDioxideGenerator_turnOff
                0x00000a7e       0x1e model/device/carbonDioxideGenerator.o
                0x00000a7e                carbonDioxideGenerator_turnOff
 .text.carbonDioxideGenerator_getStateCode
                0x00000a9c       0x12 model/device/carbonDioxideGenerator.o
                0x00000a9c                carbonDioxideGenerator_getStateCode
 .text.HumilityGenerator_turnOn
                0x00000aae       0x20 model/device/HumilityGenerator.o
                0x00000aae                HumilityGenerator_turnOn
 .text.HumilityGenerator_turnOff
                0x00000ace       0x1e model/device/HumilityGenerator.o
                0x00000ace                HumilityGenerator_turnOff
 .text.HumilityGenerator_getStateCode
                0x00000aec       0x12 model/device/HumilityGenerator.o
                0x00000aec                HumilityGenerator_getStateCode
 .text.rcServo_init
                0x00000afe        0x6 model/device/rcServo.o
                0x00000afe                rcServo_init
 .text.rcServo_turnLeft
                0x00000b04       0x12 model/device/rcServo.o
                0x00000b04                rcServo_turnLeft
 .text.rcServo_turnRight
                0x00000b16       0x10 model/device/rcServo.o
                0x00000b16                rcServo_turnRight
 .text.rcServo_backToZero
                0x00000b26        0x8 model/device/rcServo.o
                0x00000b26                rcServo_backToZero
 .text.carbonDioxideSensor_create
                0x00000b2e       0x92 model/senser/carbonDioxideSensor.o
                0x00000b2e                carbonDioxideSensor_create
 .text.carbonDioxideSensor_setValue
                0x00000bc0       0x64 model/senser/carbonDioxideSensor.o
                0x00000bc0                carbonDioxideSensor_setValue
 .text.carbonDioxideSensor_getReportInterval
                0x00000c24       0x4c model/senser/carbonDioxideSensor.o
                0x00000c24                carbonDioxideSensor_getReportInterval
 .text.carbonDioxideSensor_getValue
                0x00000c70       0x3e model/senser/carbonDioxideSensor.o
                0x00000c70                carbonDioxideSensor_getValue
 .text.carbonDioxideSensor_getUpdateTime
                0x00000cae       0x3e model/senser/carbonDioxideSensor.o
                0x00000cae                carbonDioxideSensor_getUpdateTime
 .text.carbonDioxideSensor_setMaxCo2Value
                0x00000cec       0x48 model/senser/carbonDioxideSensor.o
                0x00000cec                carbonDioxideSensor_setMaxCo2Value
 .text.carbonDioxideSensor_setMinCo2Value
                0x00000d34       0x48 model/senser/carbonDioxideSensor.o
                0x00000d34                carbonDioxideSensor_setMinCo2Value
 .text.humiditySensor_create
                0x00000d7c       0x96 model/senser/humiditySensor.o
                0x00000d7c                humiditySensor_create
 .text.humiditySensor_setMaxValue
                0x00000e12       0x5a model/senser/humiditySensor.o
                0x00000e12                humiditySensor_setMaxValue
 .text.humiditySensor_setMinValue
                0x00000e6c       0x5a model/senser/humiditySensor.o
                0x00000e6c                humiditySensor_setMinValue
 .text.humiditySensor_setValue
                0x00000ec6       0xac model/senser/humiditySensor.o
                0x00000ec6                humiditySensor_setValue
 .text.humiditySensor_getReportInterval
                0x00000f72       0x4a model/senser/humiditySensor.o
                0x00000f72                humiditySensor_getReportInterval
 .text.humiditySensor_getValue
                0x00000fbc       0x4a model/senser/humiditySensor.o
                0x00000fbc                humiditySensor_getValue
 .text.temperatureSensor_create
                0x00001006       0x96 model/senser/temperatureSensor.o
                0x00001006                temperatureSensor_create
 .text.temperatureSensor_setValue
                0x0000109c       0xae model/senser/temperatureSensor.o
                0x0000109c                temperatureSensor_setValue
 .text.temperatureSensor_setmaxValue
                0x0000114a       0x58 model/senser/temperatureSensor.o
                0x0000114a                temperatureSensor_setmaxValue
 .text.temperatureSensor_setminValue
                0x000011a2       0x58 model/senser/temperatureSensor.o
                0x000011a2                temperatureSensor_setminValue
 .text.temperatureSensor_getReportInterval
                0x000011fa       0x4a model/senser/temperatureSensor.o
                0x000011fa                temperatureSensor_getReportInterval
 .text.temperatureSensor_getValue
                0x00001244       0x4a model/senser/temperatureSensor.o
                0x00001244                temperatureSensor_getValue
 .text.sensorModelManager_create
                0x0000128e       0x48 model/sensorModelManager.o
                0x0000128e                sensorModelManager_create
 .text.sensorModelManager_getTemperatureSensor
                0x000012d6        0xa model/sensorModelManager.o
                0x000012d6                sensorModelManager_getTemperatureSensor
 .text.sensorModelManager_getHumiditySensor
                0x000012e0        0xa model/sensorModelManager.o
                0x000012e0                sensorModelManager_getHumiditySensor
 .text.sensorModelManager_getCarbonDioxideSensor
                0x000012ea        0xa model/sensorModelManager.o
                0x000012ea                sensorModelManager_getCarbonDioxideSensor
 .text.mytime_tryCreateNowTime
                0x000012f4       0x40 model/time/myTime.o
                0x000012f4                mytime_tryCreateNowTime
 .text.myTime_addOneSec
                0x00001334       0x42 model/time/myTime.o
                0x00001334                myTime_addOneSec
 .text.myTime_create
                0x00001376       0x30 model/time/myTime.o
                0x00001376                myTime_create
 .text.myTime_updateToNowTime
                0x000013a6       0x46 model/time/myTime.o
                0x000013a6                myTime_updateToNowTime
 .text.myTime_getNowTime
                0x000013ec        0xc model/time/myTime.o
                0x000013ec                myTime_getNowTime
 .text.myTime_getHour
                0x000013f8        0x8 model/time/myTime.o
                0x000013f8                myTime_getHour
 .text.myTime_getMin
                0x00001400        0x8 model/time/myTime.o
                0x00001400                myTime_getMin
 .text.prvInsertBlockIntoFreeList
                0x00001408       0x9a FreeRTOS/src/heap_4.o
 .text.pvPortMalloc
                0x000014a2      0x190 FreeRTOS/src/heap_4.o
                0x000014a2                pvPortMalloc
 .text.vPortFree
                0x00001632       0x74 FreeRTOS/src/heap_4.o
                0x00001632                vPortFree
 .text.vListInitialise
                0x000016a6       0x22 FreeRTOS/src/list.o
                0x000016a6                vListInitialise
 .text.vListInitialiseItem
                0x000016c8        0x8 FreeRTOS/src/list.o
                0x000016c8                vListInitialiseItem
 .text.vListInsert
                0x000016d0       0x7a FreeRTOS/src/list.o
                0x000016d0                vListInsert
 .text.uxListRemove
                0x0000174a       0x4e FreeRTOS/src/list.o
                0x0000174a                uxListRemove
 .text.pxPortInitialiseStack
                0x00001798       0x2e FreeRTOS/src/port.o
                0x00001798                pxPortInitialiseStack
 .text.xPortStartScheduler
                0x000017c6       0x78 FreeRTOS/src/port.o
                0x000017c6                xPortStartScheduler
 .text.vPortYield
                0x0000183e       0xc2 FreeRTOS/src/port.o
                0x0000183e                vPortYield
 .text.vPortYieldFromTick
                0x00001900       0xca FreeRTOS/src/port.o
                0x00001900                vPortYieldFromTick
 .text.__vector_12
                0x000019ca        0x4 FreeRTOS/src/port.o
                0x000019ca                __vector_12
 .text.prvIsQueueEmpty
                0x000019ce       0x16 FreeRTOS/src/queue.o
 .text.prvCopyDataToQueue
                0x000019e4       0xbe FreeRTOS/src/queue.o
 .text.prvCopyDataFromQueue
                0x00001aa2       0x34 FreeRTOS/src/queue.o
 .text.prvUnlockQueue
                0x00001ad6       0x9a FreeRTOS/src/queue.o
 .text.xQueueGenericReset
                0x00001b70       0x86 FreeRTOS/src/queue.o
                0x00001b70                xQueueGenericReset
 .text.xQueueGenericCreate
                0x00001bf6       0x42 FreeRTOS/src/queue.o
                0x00001bf6                xQueueGenericCreate
 .text.xQueueGenericSend
                0x00001c38      0x146 FreeRTOS/src/queue.o
                0x00001c38                xQueueGenericSend
 .text.xQueueCreateMutex
                0x00001d7e       0x36 FreeRTOS/src/queue.o
                0x00001d7e                xQueueCreateMutex
 .text.xQueueGenericSendFromISR
                0x00001db4       0x76 FreeRTOS/src/queue.o
                0x00001db4                xQueueGenericSendFromISR
 .text.xQueueReceive
                0x00001e2a      0x132 FreeRTOS/src/queue.o
                0x00001e2a                xQueueReceive
 .text.xQueueSemaphoreTake
                0x00001f5c      0x19c FreeRTOS/src/queue.o
                0x00001f5c                xQueueSemaphoreTake
 .text.vQueueWaitForMessageRestricted
                0x000020f8       0x38 FreeRTOS/src/queue.o
                0x000020f8                vQueueWaitForMessageRestricted
 .text.prvBytesInBuffer
                0x00002130       0x26 FreeRTOS/src/stream_buffer.o
 .text.prvWriteBytesToBuffer
                0x00002156       0x92 FreeRTOS/src/stream_buffer.o
 .text.prvWriteMessageToBuffer
                0x000021e8       0x80 FreeRTOS/src/stream_buffer.o
 .text.prvReadBytesFromBuffer
                0x00002268       0x9c FreeRTOS/src/stream_buffer.o
 .text.xStreamBufferGenericCreate
                0x00002304       0x6a FreeRTOS/src/stream_buffer.o
                0x00002304                xStreamBufferGenericCreate
 .text.xStreamBufferReset
                0x0000236e       0x74 FreeRTOS/src/stream_buffer.o
                0x0000236e                xStreamBufferReset
 .text.xStreamBufferSpacesAvailable
                0x000023e2       0x24 FreeRTOS/src/stream_buffer.o
                0x000023e2                xStreamBufferSpacesAvailable
 .text.xStreamBufferSend
                0x00002406      0x17c FreeRTOS/src/stream_buffer.o
                0x00002406                xStreamBufferSend
 .text.xStreamBufferSendFromISR
                0x00002582       0x88 FreeRTOS/src/stream_buffer.o
                0x00002582                xStreamBufferSendFromISR
 .text.xStreamBufferReceive
                0x0000260a      0x156 FreeRTOS/src/stream_buffer.o
                0x0000260a                xStreamBufferReceive
 .text.prvResetNextTaskUnblockTime
                0x00002760       0x4e FreeRTOS/src/tasks.o
 .text.prvAddCurrentTaskToDelayedList
                0x000027ae      0x144 FreeRTOS/src/tasks.o
 .text.xTaskCreate
                0x000028f2      0x274 FreeRTOS/src/tasks.o
                0x000028f2                xTaskCreate
 .text.vTaskStartScheduler
                0x00002b66       0x70 FreeRTOS/src/tasks.o
                0x00002b66                vTaskStartScheduler
 .text.vTaskSuspendAll
                0x00002bd6        0xc FreeRTOS/src/tasks.o
                0x00002bd6                vTaskSuspendAll
 .text.xTaskGetTickCount
                0x00002be2       0x1c FreeRTOS/src/tasks.o
                0x00002be2                xTaskGetTickCount
 .text.xTaskIncrementTick
                0x00002bfe      0x260 FreeRTOS/src/tasks.o
                0x00002bfe                xTaskIncrementTick
 .text.xTaskResumeAll
                0x00002e5e      0x1cc FreeRTOS/src/tasks.o
                0x00002e5e                xTaskResumeAll
 .text.vTaskDelay
                0x0000302a       0x32 FreeRTOS/src/tasks.o
                0x0000302a                vTaskDelay
 .text.vTaskSwitchContext
                0x0000305c       0xe2 FreeRTOS/src/tasks.o
                0x0000305c                vTaskSwitchContext
 .text.vTaskPlaceOnEventList
                0x0000313e       0x2e FreeRTOS/src/tasks.o
                0x0000313e                vTaskPlaceOnEventList
 .text.vTaskPlaceOnEventListRestricted
                0x0000316c       0x84 FreeRTOS/src/tasks.o
                0x0000316c                vTaskPlaceOnEventListRestricted
 .text.xTaskRemoveFromEventList
                0x000031f0      0x160 FreeRTOS/src/tasks.o
                0x000031f0                xTaskRemoveFromEventList
 .text.vTaskSetTimeOutState
                0x00003350       0x2c FreeRTOS/src/tasks.o
                0x00003350                vTaskSetTimeOutState
 .text.vTaskInternalSetTimeOutState
                0x0000337c       0x22 FreeRTOS/src/tasks.o
                0x0000337c                vTaskInternalSetTimeOutState
 .text.xTaskCheckForTimeOut
                0x0000339e       0xb2 FreeRTOS/src/tasks.o
                0x0000339e                xTaskCheckForTimeOut
 .text.vTaskMissedYield
                0x00003450        0x8 FreeRTOS/src/tasks.o
                0x00003450                vTaskMissedYield
 .text.xTaskGetCurrentTaskHandle
                0x00003458        0xa FreeRTOS/src/tasks.o
                0x00003458                xTaskGetCurrentTaskHandle
 .text.xTaskGetSchedulerState
                0x00003462       0x1c FreeRTOS/src/tasks.o
                0x00003462                xTaskGetSchedulerState
 .text.xTaskPriorityInherit
                0x0000347e      0x10e FreeRTOS/src/tasks.o
                0x0000347e                xTaskPriorityInherit
 .text.xTaskPriorityDisinherit
                0x0000358c       0xb6 FreeRTOS/src/tasks.o
                0x0000358c                xTaskPriorityDisinherit
 .text.vTaskPriorityDisinheritAfterTimeout
                0x00003642       0xce FreeRTOS/src/tasks.o
                0x00003642                vTaskPriorityDisinheritAfterTimeout
 .text.pvTaskIncrementMutexHeldCount
                0x00003710       0x24 FreeRTOS/src/tasks.o
                0x00003710                pvTaskIncrementMutexHeldCount
 .text.xTaskGenericNotifyWait
                0x00003734      0x150 FreeRTOS/src/tasks.o
                0x00003734                xTaskGenericNotifyWait
 .text.xTaskGenericNotify
                0x00003884      0x1e8 FreeRTOS/src/tasks.o
                0x00003884                xTaskGenericNotify
 .text.xTaskGenericNotifyFromISR
                0x00003a6c      0x23c FreeRTOS/src/tasks.o
                0x00003a6c                xTaskGenericNotifyFromISR
 .text.xTaskGenericNotifyStateClear
                0x00003ca8       0x34 FreeRTOS/src/tasks.o
                0x00003ca8                xTaskGenericNotifyStateClear
 .text.prvInsertTimerInActiveList
                0x00003cdc       0x92 FreeRTOS/src/timers.o
 .text.prvCheckForValidListAndQueue
                0x00003d6e       0x52 FreeRTOS/src/timers.o
 .text.xTimerCreateTimerTask
                0x00003dc0       0x42 FreeRTOS/src/timers.o
                0x00003dc0                xTimerCreateTimerTask
 .text.xTimerGenericCommand
                0x00003e02       0xbc FreeRTOS/src/timers.o
                0x00003e02                xTimerGenericCommand
 .text.prvSampleTimeNow
                0x00003ebe      0x12e FreeRTOS/src/timers.o
 .text.vApplicationIdleHook
                0x00003fec        0x2 FreeRTOS/src/variantHooks.o
                0x00003fec                vApplicationIdleHook
 .text.prvSetMainLedOn
                0x00003fee        0x6 FreeRTOS/src/variantHooks.o
                0x00003fee                prvSetMainLedOn
 .text.prvBlinkMainLed
                0x00003ff4        0x4 FreeRTOS/src/variantHooks.o
                0x00003ff4                prvBlinkMainLed
 .text.vApplicationMallocFailedHook
                0x00003ff8       0x18 FreeRTOS/src/variantHooks.o
                0x00003ff8                vApplicationMallocFailedHook
 .text.vApplicationStackOverflowHook
                0x00004010       0x18 FreeRTOS/src/variantHooks.o
                0x00004010                vApplicationStackOverflowHook
 .text.lora_handler_decodeUplink
                0x00004028       0x5a LoRaWANHandler.o
                0x00004028                lora_handler_decodeUplink
 .text.lora_handler_task
                0x00004082      0x352 LoRaWANHandler.o
                0x00004082                lora_handler_task
 .text.lora_handler_decodeDownlink
                0x000043d4      0x144 LoRaWANHandler.o
                0x000043d4                lora_handler_decodeDownlink
 .text.lora_handler_downlinkTask
                0x00004518       0x5e LoRaWANHandler.o
                0x00004518                lora_handler_downlinkTask
 .text.lora_handler_initialise
                0x00004576       0x56 LoRaWANHandler.o
                0x00004576                lora_handler_initialise
 .text.initialiseSystem
                0x000045cc       0x8a main.o
                0x000045cc                initialiseSystem
 .text.main     0x00004656       0x1e main.o
                0x00004656                main
 .text.avr-libc.fplib
                0x00004674        0xa d:/program files (x86)/atmel/studio/7.0/toolchain/avr8/avr8-gnu-toolchain/bin/../lib/gcc/avr/5.4.0/../../../../avr/lib/avr6\libm.a(addsf3.o)
                0x00004674                __subsf3
                0x00004676                __addsf3
 .text.avr-libc.fplib
                0x0000467e       0xc0 d:/program files (x86)/atmel/studio/7.0/toolchain/avr8/avr8-gnu-toolchain/bin/../lib/gcc/avr/5.4.0/../../../../avr/lib/avr6\libm.a(addsf3x.o)
                0x00004698                __addsf3x
 .text.avr-libc.fplib
                0x0000473e        0x8 d:/program files (x86)/atmel/studio/7.0/toolchain/avr8/avr8-gnu-toolchain/bin/../lib/gcc/avr/5.4.0/../../../../avr/lib/avr6\libm.a(cmpsf2.o)
                0x0000473e                __nesf2
                0x0000473e                __eqsf2
                0x0000473e                __cmpsf2
                0x0000473e                __ltsf2
                0x0000473e                __lesf2
 .text.avr-libc.fplib
                0x00004746        0x4 d:/program files (x86)/atmel/studio/7.0/toolchain/avr8/avr8-gnu-toolchain/bin/../lib/gcc/avr/5.4.0/../../../../avr/lib/avr6\libm.a(divsf3.o)
                0x00004746                __divsf3
 .text.avr-libc.fplib
                0x0000474a       0xcc d:/program files (x86)/atmel/studio/7.0/toolchain/avr8/avr8-gnu-toolchain/bin/../lib/gcc/avr/5.4.0/../../../../avr/lib/avr6\libm.a(divsf3x.o)
                0x00004760                __divsf3x
                0x00004764                __divsf3_pse
 .text.avr-libc.fplib
                0x00004816        0xa d:/program files (x86)/atmel/studio/7.0/toolchain/avr8/avr8-gnu-toolchain/bin/../lib/gcc/avr/5.4.0/../../../../avr/lib/avr6\libm.a(fixsfsi.o)
                0x00004816                __fixsfsi
 .text.avr-libc.fplib
                0x00004820       0x58 d:/program files (x86)/atmel/studio/7.0/toolchain/avr8/avr8-gnu-toolchain/bin/../lib/gcc/avr/5.4.0/../../../../avr/lib/avr6\libm.a(fixunssfsi.o)
                0x00004820                __fixunssfsi
 .text.avr-libc.fplib
                0x00004878       0x7a d:/program files (x86)/atmel/studio/7.0/toolchain/avr8/avr8-gnu-toolchain/bin/../lib/gcc/avr/5.4.0/../../../../avr/lib/avr6\libm.a(floatsisf.o)
                0x00004878                __floatunsisf
                0x0000487c                __floatsisf
 .text.avr-libc.fplib
                0x000048f2       0x48 d:/program files (x86)/atmel/studio/7.0/toolchain/avr8/avr8-gnu-toolchain/bin/../lib/gcc/avr/5.4.0/../../../../avr/lib/avr6\libm.a(fp_cmp.o)
                0x000048f2                __fp_cmp
 .text.avr-libc.fplib
                0x0000493a        0xc d:/program files (x86)/atmel/studio/7.0/toolchain/avr8/avr8-gnu-toolchain/bin/../lib/gcc/avr/5.4.0/../../../../avr/lib/avr6\libm.a(fp_inf.o)
                0x0000493a                __fp_inf
 .text.avr-libc.fplib
                0x00004946        0x6 d:/program files (x86)/atmel/studio/7.0/toolchain/avr8/avr8-gnu-toolchain/bin/../lib/gcc/avr/5.4.0/../../../../avr/lib/avr6\libm.a(fp_nan.o)
                0x00004946                __fp_nan
 .text.avr-libc.fplib
                0x0000494c        0xe d:/program files (x86)/atmel/studio/7.0/toolchain/avr8/avr8-gnu-toolchain/bin/../lib/gcc/avr/5.4.0/../../../../avr/lib/avr6\libm.a(fp_pscA.o)
                0x0000494c                __fp_pscA
 .text.avr-libc.fplib
                0x0000495a        0xe d:/program files (x86)/atmel/studio/7.0/toolchain/avr8/avr8-gnu-toolchain/bin/../lib/gcc/avr/5.4.0/../../../../avr/lib/avr6\libm.a(fp_pscB.o)
                0x0000495a                __fp_pscB
 .text.avr-libc.fplib
                0x00004968       0x22 d:/program files (x86)/atmel/studio/7.0/toolchain/avr8/avr8-gnu-toolchain/bin/../lib/gcc/avr/5.4.0/../../../../avr/lib/avr6\libm.a(fp_round.o)
                0x00004968                __fp_round
 .text.avr-libc.fplib
                0x0000498a       0x44 d:/program files (x86)/atmel/studio/7.0/toolchain/avr8/avr8-gnu-toolchain/bin/../lib/gcc/avr/5.4.0/../../../../avr/lib/avr6\libm.a(fp_split3.o)
                0x0000498a                __fp_split3
                0x0000499a                __fp_splitA
 .text.avr-libc.fplib
                0x000049ce        0xe d:/program files (x86)/atmel/studio/7.0/toolchain/avr8/avr8-gnu-toolchain/bin/../lib/gcc/avr/5.4.0/../../../../avr/lib/avr6\libm.a(fp_zero.o)
                0x000049ce                __fp_zero
                0x000049d0                __fp_szero
 .text.avr-libc.fplib
                0x000049dc        0x8 d:/program files (x86)/atmel/studio/7.0/toolchain/avr8/avr8-gnu-toolchain/bin/../lib/gcc/avr/5.4.0/../../../../avr/lib/avr6\libm.a(gesf2.o)
                0x000049dc                __gesf2
                0x000049dc                __gtsf2
 .text.avr-libc.fplib
                0x000049e4        0x4 d:/program files (x86)/atmel/studio/7.0/toolchain/avr8/avr8-gnu-toolchain/bin/../lib/gcc/avr/5.4.0/../../../../avr/lib/avr6\libm.a(mulsf3.o)
                0x000049e4                __mulsf3
 .text.avr-libc.fplib
                0x000049e8       0xc2 d:/program files (x86)/atmel/studio/7.0/toolchain/avr8/avr8-gnu-toolchain/bin/../lib/gcc/avr/5.4.0/../../../../avr/lib/avr6\libm.a(mulsf3x.o)
                0x000049fc                __mulsf3x
                0x00004a00                __mulsf3_pse
 .text._spiCallBack
                0x00004aaa       0x34 ../drivers\libIotLibrary.a(display_7seg.o)
 .text.display_7seg_displayErr
                0x00004ade       0x18 ../drivers\libIotLibrary.a(display_7seg.o)
                0x00004ade                display_7seg_displayErr
 .text.display_7seg_display
                0x00004af6      0x14c ../drivers\libIotLibrary.a(display_7seg.o)
                0x00004af6                display_7seg_display
 .text.display_7seg_powerUp
                0x00004c42        0x8 ../drivers\libIotLibrary.a(display_7seg.o)
                0x00004c42                display_7seg_powerUp
 .text.display_7seg_powerDown
                0x00004c4a        0xe ../drivers\libIotLibrary.a(display_7seg.o)
                0x00004c4a                display_7seg_powerDown
 .text.display_7seg_initialise
                0x00004c58       0x7c ../drivers\libIotLibrary.a(display_7seg.o)
                0x00004c58                display_7seg_initialise
 .text.__vector_21
                0x00004cd4       0xe2 ../drivers\libIotLibrary.a(display_7seg.o)
                0x00004cd4                __vector_21
 .text._hihTwiCallback
                0x00004db6       0x5a ../drivers\libIotLibrary.a(hih8120.o)
 .text.hih8120_initialise
                0x00004e10       0x30 ../drivers\libIotLibrary.a(hih8120.o)
                0x00004e10                hih8120_initialise
 .text.hih8120_wakeup
                0x00004e40       0x2a ../drivers\libIotLibrary.a(hih8120.o)
                0x00004e40                hih8120_wakeup
 .text.hih8120_measure
                0x00004e6a       0x22 ../drivers\libIotLibrary.a(hih8120.o)
                0x00004e6a                hih8120_measure
 .text.hih8120_getHumidity
                0x00004e8c       0x24 ../drivers\libIotLibrary.a(hih8120.o)
                0x00004e8c                hih8120_getHumidity
 .text.hih8120_getTemperature
                0x00004eb0       0x2e ../drivers\libIotLibrary.a(hih8120.o)
                0x00004eb0                hih8120_getTemperature
 .text._serialCallBack
                0x00004ede       0x8c ../drivers\libIotLibrary.a(lora_driver.o)
 .text._uploadMessage
                0x00004f6a       0xb4 ../drivers\libIotLibrary.a(lora_driver.o)
 .text._reply2ReturnCode
                0x0000501e       0xea ../drivers\libIotLibrary.a(lora_driver.o)
 .text._uploadMessageRc
                0x00005108        0x6 ../drivers\libIotLibrary.a(lora_driver.o)
 .text.lora_driver_initialise
                0x0000510e       0x80 ../drivers\libIotLibrary.a(lora_driver.o)
                0x0000510e                lora_driver_initialise
 .text.lora_driver_resetRn2483
                0x0000518e       0x1c ../drivers\libIotLibrary.a(lora_driver.o)
                0x0000518e                lora_driver_resetRn2483
 .text.lora_driver_rn2483FactoryReset
                0x000051aa       0x24 ../drivers\libIotLibrary.a(lora_driver.o)
                0x000051aa                lora_driver_rn2483FactoryReset
 .text.lora_driver_getRn2483Hweui
                0x000051ce       0x38 ../drivers\libIotLibrary.a(lora_driver.o)
                0x000051ce                lora_driver_getRn2483Hweui
 .text.lora_driver_setDeviceIdentifier
                0x00005206       0x22 ../drivers\libIotLibrary.a(lora_driver.o)
                0x00005206                lora_driver_setDeviceIdentifier
 .text.lora_driver_setApplicationIdentifier
                0x00005228       0x22 ../drivers\libIotLibrary.a(lora_driver.o)
                0x00005228                lora_driver_setApplicationIdentifier
 .text.lora_driver_setApplicationKey
                0x0000524a       0x22 ../drivers\libIotLibrary.a(lora_driver.o)
                0x0000524a                lora_driver_setApplicationKey
 .text.lora_driver_saveMac
                0x0000526c        0xc ../drivers\libIotLibrary.a(lora_driver.o)
                0x0000526c                lora_driver_saveMac
 .text.lora_driver_join
                0x00005278       0x52 ../drivers\libIotLibrary.a(lora_driver.o)
                0x00005278                lora_driver_join
 .text.lora_driver_sendUploadMessage
                0x000052ca      0x196 ../drivers\libIotLibrary.a(lora_driver.o)
                0x000052ca                lora_driver_sendUploadMessage
 .text.lora_driver_setAdaptiveDataRate
                0x00005460       0x16 ../drivers\libIotLibrary.a(lora_driver.o)
                0x00005460                lora_driver_setAdaptiveDataRate
 .text.lora_driver_setReceiveDelay
                0x00005476       0x30 ../drivers\libIotLibrary.a(lora_driver.o)
                0x00005476                lora_driver_setReceiveDelay
 .text.lora_driver_configureToEu868
                0x000054a6      0x1bc ../drivers\libIotLibrary.a(lora_driver.o)
                0x000054a6                lora_driver_configureToEu868
 .text.lora_driver_setOtaaIdentity
                0x00005662       0x42 ../drivers\libIotLibrary.a(lora_driver.o)
                0x00005662                lora_driver_setOtaaIdentity
 .text.lora_driver_mapReturnCodeToText
                0x000056a4       0x18 ../drivers\libIotLibrary.a(lora_driver.o)
                0x000056a4                lora_driver_mapReturnCodeToText
 .text.decode_port_no
                0x000056bc       0x58 ../drivers\libIotLibrary.a(lora_driver_utils.o)
                0x000056bc                decode_port_no
 .text.decode_hexadecimal_string_bytes
                0x00005714       0x92 ../drivers\libIotLibrary.a(lora_driver_utils.o)
                0x00005714                decode_hexadecimal_string_bytes
 .text._serialCallBack
                0x000057a6       0xb6 ../drivers\libIotLibrary.a(mh_z19.o)
 .text.mh_z19_initialise
                0x0000585c       0x4a ../drivers\libIotLibrary.a(mh_z19.o)
                0x0000585c                mh_z19_initialise
 .text.mh_z19_takeMeassuring
                0x000058a6       0x5e ../drivers\libIotLibrary.a(mh_z19.o)
                0x000058a6                mh_z19_takeMeassuring
 .text.mh_z19_getCo2Ppm
                0x00005904       0x22 ../drivers\libIotLibrary.a(mh_z19.o)
                0x00005904                mh_z19_getCo2Ppm
 .text.rc_servo_setPosition
                0x00005926       0x30 ../drivers\libIotLibrary.a(rc_servo.o)
                0x00005926                rc_servo_setPosition
 .text.rc_servo_initialise
                0x00005956       0x38 ../drivers\libIotLibrary.a(rc_servo.o)
                0x00005956                rc_servo_initialise
 .text.serial_create
                0x0000598e      0x150 ../drivers\libIotLibrary.a(serial.o)
                0x0000598e                serial_create
 .text.serial_sendByte
                0x00005ade       0x56 ../drivers\libIotLibrary.a(serial.o)
                0x00005ade                serial_sendByte
 .text.serial_sendBytes
                0x00005b34       0xaa ../drivers\libIotLibrary.a(serial.o)
                0x00005b34                serial_sendBytes
 .text.serial_getByte
                0x00005bde       0x40 ../drivers\libIotLibrary.a(serial.o)
                0x00005bde                serial_getByte
 .text.__vector_25
                0x00005c1e       0xa4 ../drivers\libIotLibrary.a(serial.o)
                0x00005c1e                __vector_25
 .text.__vector_26
                0x00005cc2       0x88 ../drivers\libIotLibrary.a(serial.o)
                0x00005cc2                __vector_26
 .text.__vector_36
                0x00005d4a       0xa4 ../drivers\libIotLibrary.a(serial.o)
                0x00005d4a                __vector_36
 .text.__vector_37
                0x00005dee       0x88 ../drivers\libIotLibrary.a(serial.o)
                0x00005dee                __vector_37
 .text.__vector_51
                0x00005e76       0xa4 ../drivers\libIotLibrary.a(serial.o)
                0x00005e76                __vector_51
 .text.__vector_52
                0x00005f1a       0x88 ../drivers\libIotLibrary.a(serial.o)
                0x00005f1a                __vector_52
 .text.__vector_54
                0x00005fa2       0xa4 ../drivers\libIotLibrary.a(serial.o)
                0x00005fa2                __vector_54
 .text.__vector_55
                0x00006046       0x88 ../drivers\libIotLibrary.a(serial.o)
                0x00006046                __vector_55
 .text.usart_getchar
                0x000060ce       0x2a ../drivers\libIotLibrary.a(stdio_driver.o)
 .text.usart_putchar
                0x000060f8       0x12 ../drivers\libIotLibrary.a(stdio_driver.o)
 .text.stdio_initialise
                0x0000610a       0x52 ../drivers\libIotLibrary.a(stdio_driver.o)
                0x0000610a                stdio_initialise
 .text._select_instance
                0x0000615c       0x72 ../drivers\libIotLibrary.a(spi_iha.o)
 .text.spi_create
                0x000061ce      0x1a4 ../drivers\libIotLibrary.a(spi_iha.o)
                0x000061ce                spi_create
 .text.spi_sendByte
                0x00006372       0xea ../drivers\libIotLibrary.a(spi_iha.o)
                0x00006372                spi_sendByte
 .text.__vector_24
                0x0000645c      0x136 ../drivers\libIotLibrary.a(spi_iha.o)
                0x0000645c                __vector_24
 .text._turn_off
                0x00006592       0x98 ../drivers\libIotLibrary.a(status_leds.o)
 .text._turn_on
                0x0000662a       0x98 ../drivers\libIotLibrary.a(status_leds.o)
 .text.status_leds_slowBlink
                0x000066c2       0x46 ../drivers\libIotLibrary.a(status_leds.o)
                0x000066c2                status_leds_slowBlink
 .text.status_leds_fastBlink
                0x00006708       0x46 ../drivers\libIotLibrary.a(status_leds.o)
                0x00006708                status_leds_fastBlink
 .text.status_leds_ledOn
                0x0000674e       0x1e ../drivers\libIotLibrary.a(status_leds.o)
                0x0000674e                status_leds_ledOn
 .text.status_leds_ledOff
                0x0000676c       0x1e ../drivers\libIotLibrary.a(status_leds.o)
                0x0000676c                status_leds_ledOff
 .text.status_leds_longPuls
                0x0000678a       0x24 ../drivers\libIotLibrary.a(status_leds.o)
                0x0000678a                status_leds_longPuls
 .text.status_leds_shortPuls
                0x000067ae       0x24 ../drivers\libIotLibrary.a(status_leds.o)
                0x000067ae                status_leds_shortPuls
 .text._initTwiInterface
                0x000067d2       0x22 ../drivers\libIotLibrary.a(twi.o)
 .text.twiCreate
                0x000067f4       0x9a ../drivers\libIotLibrary.a(twi.o)
                0x000067f4                twiCreate
 .text.twiIsBusy
                0x0000688e        0x8 ../drivers\libIotLibrary.a(twi.o)
                0x0000688e                twiIsBusy
 .text.twiTransmit
                0x00006896       0x98 ../drivers\libIotLibrary.a(twi.o)
                0x00006896                twiTransmit
 .text.twiReceive
                0x0000692e       0x66 ../drivers\libIotLibrary.a(twi.o)
                0x0000692e                twiReceive
 .text.__vector_39
                0x00006994      0x17a ../drivers\libIotLibrary.a(twi.o)
                0x00006994                __vector_39
 .text.fifo_init
                0x00006b0e       0x38 ../drivers\libIotLibrary.a(fifo.o)
                0x00006b0e                fifo_init
 .text.avr-libc.fplib
                0x00006b46       0x28 d:/program files (x86)/atmel/studio/7.0/toolchain/avr8/avr8-gnu-toolchain/bin/../lib/gcc/avr/5.4.0/../../../../avr/lib/avr6\libm.a(floor.o)
                0x00006b46                floor
 .text.avr-libc.fplib
                0x00006b6e       0x36 d:/program files (x86)/atmel/studio/7.0/toolchain/avr8/avr8-gnu-toolchain/bin/../lib/gcc/avr/5.4.0/../../../../avr/lib/avr6\libm.a(fp_mintl.o)
                0x00006b6e                __fp_mintl
 .text.avr-libc.fplib
                0x00006ba4       0x1c d:/program files (x86)/atmel/studio/7.0/toolchain/avr8/avr8-gnu-toolchain/bin/../lib/gcc/avr/5.4.0/../../../../avr/lib/avr6\libm.a(fp_mpack.o)
                0x00006ba4                __fp_mpack
                0x00006ba8                __fp_mpack_finite
 .text.avr-libc.fplib
                0x00006bc0       0x30 d:/program files (x86)/atmel/studio/7.0/toolchain/avr8/avr8-gnu-toolchain/bin/../lib/gcc/avr/5.4.0/../../../../avr/lib/avr6\libm.a(fp_trunc.o)
                0x00006bc0                __fp_trunc
 .text.avr-libc.fplib
                0x00006bf0       0x9c d:/program files (x86)/atmel/studio/7.0/toolchain/avr8/avr8-gnu-toolchain/bin/../lib/gcc/avr/5.4.0/../../../../avr/lib/avr6\libm.a(pow.o)
                0x00006bf0                pow
 .text.avr-libc.fplib
                0x00006c8c       0x6c d:/program files (x86)/atmel/studio/7.0/toolchain/avr8/avr8-gnu-toolchain/bin/../lib/gcc/avr/5.4.0/../../../../avr/lib/avr6\libm.a(exp.o)
                0x00006c9c                exp
 .text.avr-libc.fplib
                0x00006cf8       0x4e d:/program files (x86)/atmel/studio/7.0/toolchain/avr8/avr8-gnu-toolchain/bin/../lib/gcc/avr/5.4.0/../../../../avr/lib/avr6\libm.a(fp_powser.o)
                0x00006cf8                __fp_powser
 .text.avr-libc.fplib
                0x00006d46       0x10 d:/program files (x86)/atmel/studio/7.0/toolchain/avr8/avr8-gnu-toolchain/bin/../lib/gcc/avr/5.4.0/../../../../avr/lib/avr6\libm.a(inverse.o)
                0x00006d46                inverse
 .text.avr-libc.fplib
                0x00006d56       0x72 d:/program files (x86)/atmel/studio/7.0/toolchain/avr8/avr8-gnu-toolchain/bin/../lib/gcc/avr/5.4.0/../../../../avr/lib/avr6\libm.a(ldexp.o)
                0x00006d5c                ldexp
 .text.avr-libc.fplib
                0x00006dc8       0x9c d:/program files (x86)/atmel/studio/7.0/toolchain/avr8/avr8-gnu-toolchain/bin/../lib/gcc/avr/5.4.0/../../../../avr/lib/avr6\libm.a(log.o)
                0x00006dd6                log
 .text.avr-libc.fplib
                0x00006e64       0x68 d:/program files (x86)/atmel/studio/7.0/toolchain/avr8/avr8-gnu-toolchain/bin/../lib/gcc/avr/5.4.0/../../../../avr/lib/avr6\libm.a(modf.o)
                0x00006e64                modf
                0x00006e64                modff
 .text.libgcc.div
                0x00006ecc       0x26 d:/program files (x86)/atmel/studio/7.0/toolchain/avr8/avr8-gnu-toolchain/bin/../lib/gcc/avr/5.4.0/avr6\libgcc.a(_divmodhi4.o)
                0x00006ecc                _div
                0x00006ecc                __divmodhi4
 .text.libgcc.div
                0x00006ef2       0x44 d:/program files (x86)/atmel/studio/7.0/toolchain/avr8/avr8-gnu-toolchain/bin/../lib/gcc/avr/5.4.0/avr6\libgcc.a(_udivmodsi4.o)
                0x00006ef2                __udivmodsi4
 .text.libgcc   0x00006f36       0x10 d:/program files (x86)/atmel/studio/7.0/toolchain/avr8/avr8-gnu-toolchain/bin/../lib/gcc/avr/5.4.0/avr6\libgcc.a(_tablejump2.o)
                0x00006f36                __tablejump2__
 .text.libgcc.mul
                0x00006f46       0x14 d:/program files (x86)/atmel/studio/7.0/toolchain/avr8/avr8-gnu-toolchain/bin/../lib/gcc/avr/5.4.0/avr6\libgcc.a(_muluhisi3.o)
                0x00006f46                __muluhisi3
 .text.libgcc.div
                0x00006f5a       0x28 d:/program files (x86)/atmel/studio/7.0/toolchain/avr8/avr8-gnu-toolchain/bin/../lib/gcc/avr/5.4.0/avr6\libgcc.a(_udivmodhi4.o)
                0x00006f5a                __udivmodhi4
 .text.libgcc.mul
                0x00006f82       0x1e d:/program files (x86)/atmel/studio/7.0/toolchain/avr8/avr8-gnu-toolchain/bin/../lib/gcc/avr/5.4.0/avr6\libgcc.a(_umulhisi3.o)
                0x00006f82                __umulhisi3
 .text.avr-libc
                0x00006fa0       0x34 d:/program files (x86)/atmel/studio/7.0/toolchain/avr8/avr8-gnu-toolchain/bin/../lib/gcc/avr/5.4.0/../../../../avr/lib/avr6\libc.a(calloc.o)
                0x00006fa0                calloc
 .text.avr-libc
                0x00006fd4      0x242 d:/program files (x86)/atmel/studio/7.0/toolchain/avr8/avr8-gnu-toolchain/bin/../lib/gcc/avr/5.4.0/../../../../avr/lib/avr6\libc.a(malloc.o)
                0x00006fd4                malloc
                0x00007104                free
 .text.avr-libc
                0x00007216        0x8 d:/program files (x86)/atmel/studio/7.0/toolchain/avr8/avr8-gnu-toolchain/bin/../lib/gcc/avr/5.4.0/../../../../avr/lib/avr6\libc.a(abort.o)
                0x00007216                abort
 .text.avr-libc
                0x0000721e       0x12 d:/program files (x86)/atmel/studio/7.0/toolchain/avr8/avr8-gnu-toolchain/bin/../lib/gcc/avr/5.4.0/../../../../avr/lib/avr6\libc.a(memcpy.o)
                0x0000721e                memcpy
 .text.avr-libc
                0x00007230        0xe d:/program files (x86)/atmel/studio/7.0/toolchain/avr8/avr8-gnu-toolchain/bin/../lib/gcc/avr/5.4.0/../../../../avr/lib/avr6\libc.a(memset.o)
                0x00007230                memset
 .text.avr-libc
                0x0000723e       0x4a d:/program files (x86)/atmel/studio/7.0/toolchain/avr8/avr8-gnu-toolchain/bin/../lib/gcc/avr/5.4.0/../../../../avr/lib/avr6\libc.a(strcasestr.o)
                0x0000723e                strcasestr
 .text.avr-libc
                0x00007288       0x16 d:/program files (x86)/atmel/studio/7.0/toolchain/avr8/avr8-gnu-toolchain/bin/../lib/gcc/avr/5.4.0/../../../../avr/lib/avr6\libc.a(strcat.o)
                0x00007288                strcat
 .text.avr-libc
                0x0000729e        0xe d:/program files (x86)/atmel/studio/7.0/toolchain/avr8/avr8-gnu-toolchain/bin/../lib/gcc/avr/5.4.0/../../../../avr/lib/avr6\libc.a(strcpy.o)
                0x0000729e                strcpy
 .text.avr-libc
                0x000072ac       0x30 d:/program files (x86)/atmel/studio/7.0/toolchain/avr8/avr8-gnu-toolchain/bin/../lib/gcc/avr/5.4.0/../../../../avr/lib/avr6\libc.a(strncasecmp.o)
                0x000072ac                strncasecmp
 .text.avr-libc
                0x000072dc       0x26 d:/program files (x86)/atmel/studio/7.0/toolchain/avr8/avr8-gnu-toolchain/bin/../lib/gcc/avr/5.4.0/../../../../avr/lib/avr6\libc.a(printf.o)
                0x000072dc                printf
 .text.avr-libc
                0x00007302       0x60 d:/program files (x86)/atmel/studio/7.0/toolchain/avr8/avr8-gnu-toolchain/bin/../lib/gcc/avr/5.4.0/../../../../avr/lib/avr6\libc.a(puts.o)
                0x00007302                puts
 .text.avr-libc
                0x00007362       0x5c d:/program files (x86)/atmel/studio/7.0/toolchain/avr8/avr8-gnu-toolchain/bin/../lib/gcc/avr/5.4.0/../../../../avr/lib/avr6\libc.a(sprintf.o)
                0x00007362                sprintf
 .text.avr-libc
                0x000073be      0x3fa d:/program files (x86)/atmel/studio/7.0/toolchain/avr8/avr8-gnu-toolchain/bin/../lib/gcc/avr/5.4.0/../../../../avr/lib/avr6\libc.a(vfprintf_std.o)
                0x000073be                vfprintf
 .text.avr-libc
                0x000077b8       0x16 d:/program files (x86)/atmel/studio/7.0/toolchain/avr8/avr8-gnu-toolchain/bin/../lib/gcc/avr/5.4.0/../../../../avr/lib/avr6\libc.a(strnlen_P.o)
                0x000077b8                strnlen_P
 .text.avr-libc
                0x000077ce       0x16 d:/program files (x86)/atmel/studio/7.0/toolchain/avr8/avr8-gnu-toolchain/bin/../lib/gcc/avr/5.4.0/../../../../avr/lib/avr6\libc.a(strnlen.o)
                0x000077ce                strnlen
 .text.avr-libc
                0x000077e4       0x78 d:/program files (x86)/atmel/studio/7.0/toolchain/avr8/avr8-gnu-toolchain/bin/../lib/gcc/avr/5.4.0/../../../../avr/lib/avr6\libc.a(fputc.o)
                0x000077e4                fputc
 .text.avr-libc
                0x0000785c       0xbc d:/program files (x86)/atmel/studio/7.0/toolchain/avr8/avr8-gnu-toolchain/bin/../lib/gcc/avr/5.4.0/../../../../avr/lib/avr6\libc.a(ultoa_invert.o)
                0x0000785c                __ultoa_invert
                0x00007918                . = ALIGN (0x2)
 *(.fini9)
 .fini9         0x00007918        0x0 d:/program files (x86)/atmel/studio/7.0/toolchain/avr8/avr8-gnu-toolchain/bin/../lib/gcc/avr/5.4.0/avr6\libgcc.a(_exit.o)
                0x00007918                _exit
                0x00007918                exit
 *(.fini9)
 *(.fini8)
 *(.fini8)
 *(.fini7)
 *(.fini7)
 *(.fini6)
 *(.fini6)
 *(.fini5)
 *(.fini5)
 *(.fini4)
 *(.fini4)
 *(.fini3)
 *(.fini3)
 *(.fini2)
 *(.fini2)
 *(.fini1)
 *(.fini1)
 *(.fini0)
 .fini0         0x00007918        0x4 d:/program files (x86)/atmel/studio/7.0/toolchain/avr8/avr8-gnu-toolchain/bin/../lib/gcc/avr/5.4.0/avr6\libgcc.a(_exit.o)
 *(.fini0)
                0x0000791c                _etext = .

.data           0x00800200      0x6e0 load address 0x0000791c
                0x00800200                PROVIDE (__data_start, .)
 *(.data)
 .data          0x00800200        0x6 d:/program files (x86)/atmel/studio/7.0/toolchain/avr8/avr8-gnu-toolchain/bin/../lib/gcc/avr/5.4.0/../../../../avr/lib/avr6\libc.a(malloc.o)
                0x00800200                __malloc_heap_end
                0x00800202                __malloc_heap_start
                0x00800204                __malloc_margin
 *(.data*)
 .data.updateTime
                0x00800206        0x4 controller/sevenSegmentDisplayController.o
                0x00800206                updateTime
 .data.ac_turnOnStatue
                0x0080020a        0x2 model/device/AC.o
 .data.uxTopUsedPriority
                0x0080020c        0x1 FreeRTOS/src/tasks.o
                0x0080020c                uxTopUsedPriority
 .data._temp    0x0080020d        0x2 ../drivers\libIotLibrary.a(hih8120.o)
 .data._hum     0x0080020f        0x2 ../drivers\libIotLibrary.a(hih8120.o)
 .data._com_port_2_udr
                0x00800211        0x8 ../drivers\libIotLibrary.a(serial.o)
                0x00800211                _com_port_2_udr
 .data.mystdout.1882
                0x00800219        0xe ../drivers\libIotLibrary.a(stdio_driver.o)
 .data._twiCurrentState
                0x00800227        0x1 ../drivers\libIotLibrary.a(twi.o)
 *(.gnu.linkonce.d*)
 *(.rodata)
 .rodata        0x00800228       0x20 ../drivers\libIotLibrary.a(lora_driver.o)
 .rodata        0x00800248       0x2d ../drivers\libIotLibrary.a(mh_z19.o)
 *(.rodata*)
 .rodata.str1.1
                0x00800275       0x33 controller/CO2SensorController.o
 .rodata.str1.1
                0x008002a8       0x32 controller/sevenSegmentDisplayController.o
 .rodata.str1.1
                0x008002da       0x80 controller/tempHumSensorController.o
 .rodata.str1.1
                0x0080035a       0x38 model/device/AC.o
 .rodata.str1.1
                0x00800392       0x45 model/device/carbonDioxideGenerator.o
 .rodata.str1.1
                0x008003d7       0x2b model/device/HumilityGenerator.o
 .rodata.str1.1
                0x00800402        0x5 FreeRTOS/src/tasks.o
 .rodata.str1.1
                0x00800407        0x8 FreeRTOS/src/timers.o
 .rodata.str1.1
                0x0080040f      0x1cb LoRaWANHandler.o
                                0x1ce (size before relaxing)
 .rodata.str1.1
                0x008005da       0x37 main.o
 .rodata._int2Seg
                0x00800611       0x10 ../drivers\libIotLibrary.a(display_7seg.o)
 .rodata.str1.1
                0x00800621      0x280 ../drivers\libIotLibrary.a(lora_driver.o)
                                0x2a5 (size before relaxing)
 .rodata._joinMode
                0x008008a1        0x4 ../drivers\libIotLibrary.a(lora_driver.o)
 .rodata._returnCode
                0x008008a5       0x33 ../drivers\libIotLibrary.a(lora_driver.o)
                0x008008a5                _returnCode
 .rodata._prescaler_mask
                0x008008d8        0x7 ../drivers\libIotLibrary.a(spi_iha.o)
 *(.gnu.linkonce.r*)
                0x008008e0                . = ALIGN (0x2)
 *fill*         0x008008df        0x1 
                0x008008e0                _edata = .
                0x008008e0                PROVIDE (__data_end, .)

.bss            0x008008e0      0xd06
                0x008008e0                PROVIDE (__bss_start, .)
 *(.bss)
 *(.bss*)
 .bss.humility  0x008008e0        0x4 controller/tempHumSensorController.o
                0x008008e0                humility
 .bss.temperature
                0x008008e4        0x4 controller/tempHumSensorController.o
                0x008008e4                temperature
 .bss.ac_turnOn
                0x008008e8        0x1 model/device/AC.o
 .bss.co2_turnOn
                0x008008e9        0x1 model/device/carbonDioxideGenerator.o
 .bss.hum_turnOn
                0x008008ea        0x1 model/device/HumilityGenerator.o
 .bss.nowTime   0x008008eb        0x2 model/time/myTime.o
 .bss.xBlockAllocatedBit
                0x008008ed        0x2 FreeRTOS/src/heap_4.o
 .bss.xNumberOfSuccessfulFrees
                0x008008ef        0x2 FreeRTOS/src/heap_4.o
 .bss.xNumberOfSuccessfulAllocations
                0x008008f1        0x2 FreeRTOS/src/heap_4.o
 .bss.xMinimumEverFreeBytesRemaining
                0x008008f3        0x2 FreeRTOS/src/heap_4.o
 .bss.xFreeBytesRemaining
                0x008008f5        0x2 FreeRTOS/src/heap_4.o
 .bss.pxEnd     0x008008f7        0x2 FreeRTOS/src/heap_4.o
 .bss.xStart    0x008008f9        0x4 FreeRTOS/src/heap_4.o
 .bss.ucHeap    0x008008fd      0x9c4 FreeRTOS/src/heap_4.o
 .bss.uxSchedulerSuspended
                0x008012c1        0x1 FreeRTOS/src/tasks.o
 .bss.xIdleTaskHandle
                0x008012c2        0x2 FreeRTOS/src/tasks.o
 .bss.xNextTaskUnblockTime
                0x008012c4        0x4 FreeRTOS/src/tasks.o
 .bss.uxTaskNumber
                0x008012c8        0x1 FreeRTOS/src/tasks.o
 .bss.xNumOfOverflows
                0x008012c9        0x1 FreeRTOS/src/tasks.o
 .bss.xYieldPending
                0x008012ca        0x1 FreeRTOS/src/tasks.o
 .bss.xPendedTicks
                0x008012cb        0x4 FreeRTOS/src/tasks.o
 .bss.xSchedulerRunning
                0x008012cf        0x1 FreeRTOS/src/tasks.o
 .bss.uxTopReadyPriority
                0x008012d0        0x1 FreeRTOS/src/tasks.o
 .bss.xTickCount
                0x008012d1        0x4 FreeRTOS/src/tasks.o
 .bss.uxCurrentNumberOfTasks
                0x008012d5        0x1 FreeRTOS/src/tasks.o
 .bss.xSuspendedTaskList
                0x008012d6        0xb FreeRTOS/src/tasks.o
 .bss.uxDeletedTasksWaitingCleanUp
                0x008012e1        0x1 FreeRTOS/src/tasks.o
 .bss.xTasksWaitingTermination
                0x008012e2        0xb FreeRTOS/src/tasks.o
 .bss.xPendingReadyList
                0x008012ed        0xb FreeRTOS/src/tasks.o
 .bss.pxOverflowDelayedTaskList
                0x008012f8        0x2 FreeRTOS/src/tasks.o
 .bss.pxDelayedTaskList
                0x008012fa        0x2 FreeRTOS/src/tasks.o
 .bss.xDelayedTaskList2
                0x008012fc        0xb FreeRTOS/src/tasks.o
 .bss.xDelayedTaskList1
                0x00801307        0xb FreeRTOS/src/tasks.o
 .bss.pxReadyTasksLists
                0x00801312       0x6e FreeRTOS/src/tasks.o
 .bss.pxCurrentTCB
                0x00801380        0x2 FreeRTOS/src/tasks.o
                0x00801380                pxCurrentTCB
 .bss.xLastTime.2436
                0x00801382        0x4 FreeRTOS/src/timers.o
 .bss.xTimerTaskHandle
                0x00801386        0x2 FreeRTOS/src/timers.o
 .bss.xTimerQueue
                0x00801388        0x2 FreeRTOS/src/timers.o
 .bss.pxOverflowTimerList
                0x0080138a        0x2 FreeRTOS/src/timers.o
 .bss.pxCurrentTimerList
                0x0080138c        0x2 FreeRTOS/src/timers.o
 .bss.xActiveTimerList2
                0x0080138e        0xb FreeRTOS/src/timers.o
 .bss.xActiveTimerList1
                0x00801399        0xb FreeRTOS/src/timers.o
 .bss.queue     0x008013a4        0x2 LoRaWANHandler.o
 .bss.downLinkBufferHandle
                0x008013a6        0x2 LoRaWANHandler.o
 .bss.downlinkPayload
                0x008013a8       0x16 LoRaWANHandler.o
 .bss._uplink_payload
                0x008013be       0x16 LoRaWANHandler.o
 .bss._out_buf  0x008013d4       0x64 LoRaWANHandler.o
 .bss.downLinkMessageBufferHandle
                0x00801438        0x2 main.o
 .bss._displayDoneCallBack
                0x0080143a        0x2 ../drivers\libIotLibrary.a(display_7seg.o)
 .bss._scrollIndex
                0x0080143c        0x1 ../drivers\libIotLibrary.a(display_7seg.o)
 .bss._maxHexSegmentindex
                0x0080143d        0x1 ../drivers\libIotLibrary.a(display_7seg.o)
 .bss._intCounter
                0x0080143e        0x2 ../drivers\libIotLibrary.a(display_7seg.o)
 .bss._hexSegments
                0x00801440       0x26 ../drivers\libIotLibrary.a(display_7seg.o)
 .bss._digitSegments
                0x00801466        0x4 ../drivers\libIotLibrary.a(display_7seg.o)
 .bss._digitNo  0x0080146a        0x1 ../drivers\libIotLibrary.a(display_7seg.o)
 .bss._spi      0x0080146b        0x2 ../drivers\libIotLibrary.a(display_7seg.o)
 .bss._measuringIsReady
                0x0080146d        0x1 ../drivers\libIotLibrary.a(hih8120.o)
 .bss._hih8120Handler
                0x0080146e        0x2 ../drivers\libIotLibrary.a(hih8120.o)
 .bss._tmp_buf.2871
                0x00801470       0x64 ../drivers\libIotLibrary.a(lora_driver.o)
 .bss.rec_buf_inp.2878
                0x008014d4        0x1 ../drivers\libIotLibrary.a(lora_driver.o)
 .bss._downlinkMessageBuffer
                0x008014d5        0x2 ../drivers\libIotLibrary.a(lora_driver.o)
 .bss._serialReplyBufferHandle
                0x008014d7        0x2 ../drivers\libIotLibrary.a(lora_driver.o)
 .bss._rn2483_serial
                0x008014d9        0x2 ../drivers\libIotLibrary.a(lora_driver.o)
 .bss._downlinkPayload
                0x008014db       0x16 ../drivers\libIotLibrary.a(lora_driver.o)
 .bss._payLoadHexBytes
                0x008014f1       0x15 ../drivers\libIotLibrary.a(lora_driver.o)
 .bss._recMessageBuf
                0x00801506       0x2d ../drivers\libIotLibrary.a(lora_driver.o)
 .bss._sendMessage
                0x00801533       0x2d ../drivers\libIotLibrary.a(lora_driver.o)
 .bss._replyMess
                0x00801560       0x2d ../drivers\libIotLibrary.a(lora_driver.o)
 .bss.data.1944
                0x0080158d        0x2 ../drivers\libIotLibrary.a(mh_z19.o)
 .bss.inDex.1943
                0x0080158f        0x1 ../drivers\libIotLibrary.a(mh_z19.o)
 .bss.crc_sum.1945
                0x00801590        0x1 ../drivers\libIotLibrary.a(mh_z19.o)
 .bss._appCallBack
                0x00801591        0x2 ../drivers\libIotLibrary.a(mh_z19.o)
 .bss._mh_state
                0x00801593        0x1 ../drivers\libIotLibrary.a(mh_z19.o)
                0x00801593                _mh_state
 .bss._ppm      0x00801594        0x2 ../drivers\libIotLibrary.a(mh_z19.o)
 .bss._serial   0x00801596        0x2 ../drivers\libIotLibrary.a(mh_z19.o)
 .bss._ser_handle
                0x00801598        0x8 ../drivers\libIotLibrary.a(serial.o)
 .bss._com_serial_instance
                0x008015a0        0x2 ../drivers\libIotLibrary.a(stdio_driver.o)
 .bss._initialised
                0x008015a2        0x1 ../drivers\libIotLibrary.a(spi_iha.o)
 .bss._this     0x008015a3        0x2 ../drivers\libIotLibrary.a(spi_iha.o)
 .bss._spi_active
                0x008015a5        0x1 ../drivers\libIotLibrary.a(spi_iha.o)
 .bss._led_status
                0x008015a6       0x18 ../drivers\libIotLibrary.a(status_leds.o)
 .bss._index.1885
                0x008015be        0x1 ../drivers\libIotLibrary.a(twi.o)
 .bss._twiCurrentHandler
                0x008015bf        0x2 ../drivers\libIotLibrary.a(twi.o)
 .bss._twiMessageLen
                0x008015c1        0x1 ../drivers\libIotLibrary.a(twi.o)
 .bss._twiMessageBuffer
                0x008015c2        0xa ../drivers\libIotLibrary.a(twi.o)
 .bss._twiIsInitiated
                0x008015cc        0x1 ../drivers\libIotLibrary.a(twi.o)
 *(COMMON)
 COMMON         0x008015cd        0x9 controller/CO2SensorController.o
                0x008015cd                rc
                0x008015ce                co2max
                0x008015d0                appm
                0x008015d2                carbon
                0x008015d4                co2min
 COMMON         0x008015d6        0x4 controller/tempHumSensorController.o
                0x008015d6                temperatureSensor
                0x008015d8                humiditySensor
 COMMON         0x008015da        0x2 model/sensorModelManager.o
                0x008015da                carbonDioxideSensor
 COMMON         0x008015dc        0x4 d:/program files (x86)/atmel/studio/7.0/toolchain/avr8/avr8-gnu-toolchain/bin/../lib/gcc/avr/5.4.0/../../../../avr/lib/avr6\libc.a(malloc.o)
                0x008015dc                __brkval
                0x008015de                __flp
 COMMON         0x008015e0        0x6 d:/program files (x86)/atmel/studio/7.0/toolchain/avr8/avr8-gnu-toolchain/bin/../lib/gcc/avr/5.4.0/../../../../avr/lib/avr6\libc.a(iob.o)
                0x008015e0                __iob
                0x008015e6                PROVIDE (__bss_end, .)
                0x0000791c                __data_load_start = LOADADDR (.data)
                0x00007ffc                __data_load_end = (__data_load_start + SIZEOF (.data))

.noinit         0x008015e6        0x0
                [!provide]                PROVIDE (__noinit_start, .)
 *(.noinit*)
                [!provide]                PROVIDE (__noinit_end, .)
                0x008015e6                _end = .
                0x008015e6                PROVIDE (__heap_start, .)

.eeprom         0x00810000        0x0
 *(.eeprom*)
                0x00810000                __eeprom_end = .

.fuse
 *(.fuse)
 *(.lfuse)
 *(.hfuse)
 *(.efuse)

.lock
 *(.lock*)

.signature
 *(.signature*)

.user_signatures
 *(.user_signatures*)

.stab
 *(.stab)

.stabstr
 *(.stabstr)

.stab.excl
 *(.stab.excl)

.stab.exclstr
 *(.stab.exclstr)

.stab.index
 *(.stab.index)

.stab.indexstr
 *(.stab.indexstr)

.comment        0x00000000       0x5c
 *(.comment)
 .comment       0x00000000       0x30 controller/CO2SensorController.o
                                 0x31 (size before relaxing)
 .comment       0x00000030       0x31 controller/sevenSegmentDisplayController.o
 .comment       0x00000030       0x31 controller/tempHumSensorController.o
 .comment       0x00000030       0x31 model/device/AC.o
 .comment       0x00000030       0x31 model/device/carbonDioxideGenerator.o
 .comment       0x00000030       0x31 model/device/HumilityGenerator.o
 .comment       0x00000030       0x31 model/device/rcServo.o
 .comment       0x00000030       0x31 model/senser/carbonDioxideSensor.o
 .comment       0x00000030       0x31 model/senser/humiditySensor.o
 .comment       0x00000030       0x31 model/senser/temperatureSensor.o
 .comment       0x00000030       0x31 model/sensorModelManager.o
 .comment       0x00000030       0x31 model/time/myTime.o
 .comment       0x00000030       0x31 FreeRTOS/src/heap_4.o
 .comment       0x00000030       0x31 FreeRTOS/src/list.o
 .comment       0x00000030       0x31 FreeRTOS/src/port.o
 .comment       0x00000030       0x31 FreeRTOS/src/queue.o
 .comment       0x00000030       0x31 FreeRTOS/src/stream_buffer.o
 .comment       0x00000030       0x31 FreeRTOS/src/tasks.o
 .comment       0x00000030       0x31 FreeRTOS/src/timers.o
 .comment       0x00000030       0x31 FreeRTOS/src/variantHooks.o
 .comment       0x00000030       0x31 LoRaWANHandler.o
 .comment       0x00000030       0x31 main.o
 .comment       0x00000030       0x31 ../drivers\libIotLibrary.a(display_7seg.o)
 .comment       0x00000030       0x31 ../drivers\libIotLibrary.a(hih8120.o)
 .comment       0x00000030       0x31 ../drivers\libIotLibrary.a(lora_driver.o)
 .comment       0x00000030       0x31 ../drivers\libIotLibrary.a(lora_driver_utils.o)
 .comment       0x00000030       0x31 ../drivers\libIotLibrary.a(mh_z19.o)
 .comment       0x00000030       0x31 ../drivers\libIotLibrary.a(rc_servo.o)
 .comment       0x00000030       0x31 ../drivers\libIotLibrary.a(serial.o)
 .comment       0x00000030       0x31 ../drivers\libIotLibrary.a(stdio_driver.o)
 .comment       0x00000030       0x31 ../drivers\libIotLibrary.a(spi_iha.o)
 .comment       0x00000030       0x31 ../drivers\libIotLibrary.a(status_leds.o)
 .comment       0x00000030       0x31 ../drivers\libIotLibrary.a(twi.o)
 .comment       0x00000030       0x31 ../drivers\libIotLibrary.a(fifo.o)
 .comment       0x00000030       0x31 d:/program files (x86)/atmel/studio/7.0/toolchain/avr8/avr8-gnu-toolchain/bin/../lib/gcc/avr/5.4.0/../../../../avr/lib/avr6\libc.a(calloc.o)
 .comment       0x00000030       0x31 d:/program files (x86)/atmel/studio/7.0/toolchain/avr8/avr8-gnu-toolchain/bin/../lib/gcc/avr/5.4.0/../../../../avr/lib/avr6\libc.a(malloc.o)
 .comment       0x00000030       0x31 d:/program files (x86)/atmel/studio/7.0/toolchain/avr8/avr8-gnu-toolchain/bin/../lib/gcc/avr/5.4.0/../../../../avr/lib/avr6\libc.a(iob.o)
 .comment       0x00000030       0x31 d:/program files (x86)/atmel/studio/7.0/toolchain/avr8/avr8-gnu-toolchain/bin/../lib/gcc/avr/5.4.0/../../../../avr/lib/avr6\libc.a(printf.o)
 .comment       0x00000030       0x31 d:/program files (x86)/atmel/studio/7.0/toolchain/avr8/avr8-gnu-toolchain/bin/../lib/gcc/avr/5.4.0/../../../../avr/lib/avr6\libc.a(puts.o)
 .comment       0x00000030       0x31 d:/program files (x86)/atmel/studio/7.0/toolchain/avr8/avr8-gnu-toolchain/bin/../lib/gcc/avr/5.4.0/../../../../avr/lib/avr6\libc.a(sprintf.o)
 .comment       0x00000030       0x2c d:/program files (x86)/atmel/studio/7.0/toolchain/avr8/avr8-gnu-toolchain/bin/../lib/gcc/avr/5.4.0/../../../../avr/lib/avr6\libc.a(vfprintf_std.o)
                                 0x2d (size before relaxing)
 .comment       0x0000005c       0x31 d:/program files (x86)/atmel/studio/7.0/toolchain/avr8/avr8-gnu-toolchain/bin/../lib/gcc/avr/5.4.0/../../../../avr/lib/avr6\libc.a(fputc.o)

.note.gnu.avr.deviceinfo
                0x00000000       0x40
 .note.gnu.avr.deviceinfo
                0x00000000       0x40 D:/Program Files (x86)/Atmel/Studio/7.0/Packs/atmel/ATmega_DFP/1.3.300/gcc/dev/atmega2560/avr6/crtatmega2560.o

.note.gnu.build-id
 *(.note.gnu.build-id)

.debug
 *(.debug)

.line
 *(.line)

.debug_srcinfo
 *(.debug_srcinfo)

.debug_sfnames
 *(.debug_sfnames)

.debug_aranges  0x00000000      0xd40
 *(.debug_aranges)
 .debug_aranges
                0x00000000       0x30 controller/CO2SensorController.o
 .debug_aranges
                0x00000030       0x28 controller/sevenSegmentDisplayController.o
 .debug_aranges
                0x00000058       0x28 controller/tempHumSensorController.o
 .debug_aranges
                0x00000080       0x38 model/device/AC.o
 .debug_aranges
                0x000000b8       0x30 model/device/carbonDioxideGenerator.o
 .debug_aranges
                0x000000e8       0x30 model/device/HumilityGenerator.o
 .debug_aranges
                0x00000118       0x38 model/device/rcServo.o
 .debug_aranges
                0x00000150       0x78 model/senser/carbonDioxideSensor.o
 .debug_aranges
                0x000001c8       0x78 model/senser/humiditySensor.o
 .debug_aranges
                0x00000240       0x80 model/senser/temperatureSensor.o
 .debug_aranges
                0x000002c0       0x40 model/sensorModelManager.o
 .debug_aranges
                0x00000300       0x78 model/time/myTime.o
 .debug_aranges
                0x00000378       0x50 FreeRTOS/src/heap_4.o
 .debug_aranges
                0x000003c8       0x40 FreeRTOS/src/list.o
 .debug_aranges
                0x00000408       0x50 FreeRTOS/src/port.o
 .debug_aranges
                0x00000458       0xd8 FreeRTOS/src/queue.o
 .debug_aranges
                0x00000530       0xb0 FreeRTOS/src/stream_buffer.o
 .debug_aranges
                0x000005e0      0x198 FreeRTOS/src/tasks.o
 .debug_aranges
                0x00000778       0x98 FreeRTOS/src/timers.o
 .debug_aranges
                0x00000810       0x40 FreeRTOS/src/variantHooks.o
 .debug_aranges
                0x00000850       0x48 LoRaWANHandler.o
 .debug_aranges
                0x00000898       0x28 main.o
 .debug_aranges
                0x000008c0       0x58 ../drivers\libIotLibrary.a(display_7seg.o)
 .debug_aranges
                0x00000918       0x68 ../drivers\libIotLibrary.a(hih8120.o)
 .debug_aranges
                0x00000980      0x138 ../drivers\libIotLibrary.a(lora_driver.o)
 .debug_aranges
                0x00000ab8       0x28 ../drivers\libIotLibrary.a(lora_driver_utils.o)
 .debug_aranges
                0x00000ae0       0x58 ../drivers\libIotLibrary.a(mh_z19.o)
 .debug_aranges
                0x00000b38       0x28 ../drivers\libIotLibrary.a(rc_servo.o)
 .debug_aranges
                0x00000b60       0x90 ../drivers\libIotLibrary.a(serial.o)
 .debug_aranges
                0x00000bf0       0x38 ../drivers\libIotLibrary.a(stdio_driver.o)
 .debug_aranges
                0x00000c28       0x40 ../drivers\libIotLibrary.a(spi_iha.o)
 .debug_aranges
                0x00000c68       0x68 ../drivers\libIotLibrary.a(status_leds.o)
 .debug_aranges
                0x00000cd0       0x50 ../drivers\libIotLibrary.a(twi.o)
 .debug_aranges
                0x00000d20       0x20 ../drivers\libIotLibrary.a(fifo.o)

.debug_pubnames
 *(.debug_pubnames)

.debug_info     0x00000000    0x108d2
 *(.debug_info .gnu.linkonce.wi.*)
 .debug_info    0x00000000      0xbbc D:/Program Files (x86)/Atmel/Studio/7.0/Packs/atmel/ATmega_DFP/1.3.300/gcc/dev/atmega2560/avr6/crtatmega2560.o
 .debug_info    0x00000bbc      0x34e controller/CO2SensorController.o
 .debug_info    0x00000f0a      0x3ff controller/sevenSegmentDisplayController.o
 .debug_info    0x00001309      0x364 controller/tempHumSensorController.o
 .debug_info    0x0000166d      0x19b model/device/AC.o
 .debug_info    0x00001808       0xee model/device/carbonDioxideGenerator.o
 .debug_info    0x000018f6       0xee model/device/HumilityGenerator.o
 .debug_info    0x000019e4      0x15c model/device/rcServo.o
 .debug_info    0x00001b40      0x85c model/senser/carbonDioxideSensor.o
 .debug_info    0x0000239c      0x871 model/senser/humiditySensor.o
 .debug_info    0x00002c0d      0x90d model/senser/temperatureSensor.o
 .debug_info    0x0000351a      0x2d9 model/sensorModelManager.o
 .debug_info    0x000037f3      0x3da model/time/myTime.o
 .debug_info    0x00003bcd      0x50c FreeRTOS/src/heap_4.o
 .debug_info    0x000040d9      0x2e7 FreeRTOS/src/list.o
 .debug_info    0x000043c0      0x2f6 FreeRTOS/src/port.o
 .debug_info    0x000046b6     0x17d4 FreeRTOS/src/queue.o
 .debug_info    0x00005e8a     0x145a FreeRTOS/src/stream_buffer.o
 .debug_info    0x000072e4     0x226e FreeRTOS/src/tasks.o
 .debug_info    0x00009552     0x10e6 FreeRTOS/src/timers.o
 .debug_info    0x0000a638      0x20f FreeRTOS/src/variantHooks.o
 .debug_info    0x0000a847      0xce5 LoRaWANHandler.o
 .debug_info    0x0000b52c      0x2ac main.o
 .debug_info    0x0000b7d8      0x5b8 ../drivers\libIotLibrary.a(display_7seg.o)
 .debug_info    0x0000bd90      0x3a9 ../drivers\libIotLibrary.a(hih8120.o)
 .debug_info    0x0000c139     0x1747 ../drivers\libIotLibrary.a(lora_driver.o)
 .debug_info    0x0000d880      0x143 ../drivers\libIotLibrary.a(lora_driver_utils.o)
 .debug_info    0x0000d9c3      0x556 ../drivers\libIotLibrary.a(mh_z19.o)
 .debug_info    0x0000df19      0x10f ../drivers\libIotLibrary.a(rc_servo.o)
 .debug_info    0x0000e028      0xddb ../drivers\libIotLibrary.a(serial.o)
 .debug_info    0x0000ee03      0x3b6 ../drivers\libIotLibrary.a(stdio_driver.o)
 .debug_info    0x0000f1b9      0xaed ../drivers\libIotLibrary.a(spi_iha.o)
 .debug_info    0x0000fca6      0x50c ../drivers\libIotLibrary.a(status_leds.o)
 .debug_info    0x000101b2      0x55d ../drivers\libIotLibrary.a(twi.o)
 .debug_info    0x0001070f      0x1c3 ../drivers\libIotLibrary.a(fifo.o)

.debug_abbrev   0x00000000     0x4324
 *(.debug_abbrev)
 .debug_abbrev  0x00000000      0xb1a D:/Program Files (x86)/Atmel/Studio/7.0/Packs/atmel/ATmega_DFP/1.3.300/gcc/dev/atmega2560/avr6/crtatmega2560.o
 .debug_abbrev  0x00000b1a      0x188 controller/CO2SensorController.o
 .debug_abbrev  0x00000ca2      0x127 controller/sevenSegmentDisplayController.o
 .debug_abbrev  0x00000dc9      0x143 controller/tempHumSensorController.o
 .debug_abbrev  0x00000f0c       0xb1 model/device/AC.o
 .debug_abbrev  0x00000fbd       0x88 model/device/carbonDioxideGenerator.o
 .debug_abbrev  0x00001045       0x88 model/device/HumilityGenerator.o
 .debug_abbrev  0x000010cd       0xa1 model/device/rcServo.o
 .debug_abbrev  0x0000116e      0x12c model/senser/carbonDioxideSensor.o
 .debug_abbrev  0x0000129a      0x146 model/senser/humiditySensor.o
 .debug_abbrev  0x000013e0      0x146 model/senser/temperatureSensor.o
 .debug_abbrev  0x00001526       0xf6 model/sensorModelManager.o
 .debug_abbrev  0x0000161c      0x173 model/time/myTime.o
 .debug_abbrev  0x0000178f      0x212 FreeRTOS/src/heap_4.o
 .debug_abbrev  0x000019a1       0xff FreeRTOS/src/list.o
 .debug_abbrev  0x00001aa0      0x170 FreeRTOS/src/port.o
 .debug_abbrev  0x00001c10      0x29e FreeRTOS/src/queue.o
 .debug_abbrev  0x00001eae      0x2a8 FreeRTOS/src/stream_buffer.o
 .debug_abbrev  0x00002156      0x348 FreeRTOS/src/tasks.o
 .debug_abbrev  0x0000249e      0x2f5 FreeRTOS/src/timers.o
 .debug_abbrev  0x00002793       0xff FreeRTOS/src/variantHooks.o
 .debug_abbrev  0x00002892      0x23c LoRaWANHandler.o
 .debug_abbrev  0x00002ace      0x124 main.o
 .debug_abbrev  0x00002bf2      0x21f ../drivers\libIotLibrary.a(display_7seg.o)
 .debug_abbrev  0x00002e11      0x184 ../drivers\libIotLibrary.a(hih8120.o)
 .debug_abbrev  0x00002f95      0x33b ../drivers\libIotLibrary.a(lora_driver.o)
 .debug_abbrev  0x000032d0       0xc0 ../drivers\libIotLibrary.a(lora_driver_utils.o)
 .debug_abbrev  0x00003390      0x238 ../drivers\libIotLibrary.a(mh_z19.o)
 .debug_abbrev  0x000035c8       0xbc ../drivers\libIotLibrary.a(rc_servo.o)
 .debug_abbrev  0x00003684      0x34a ../drivers\libIotLibrary.a(serial.o)
 .debug_abbrev  0x000039ce      0x1b3 ../drivers\libIotLibrary.a(stdio_driver.o)
 .debug_abbrev  0x00003b81      0x2cd ../drivers\libIotLibrary.a(spi_iha.o)
 .debug_abbrev  0x00003e4e      0x1d7 ../drivers\libIotLibrary.a(status_leds.o)
 .debug_abbrev  0x00004025      0x217 ../drivers\libIotLibrary.a(twi.o)
 .debug_abbrev  0x0000423c       0xe8 ../drivers\libIotLibrary.a(fifo.o)

.debug_line     0x00000000     0x83ed
 *(.debug_line .debug_line.* .debug_line_end)
 .debug_line    0x00000000      0x1f9 D:/Program Files (x86)/Atmel/Studio/7.0/Packs/atmel/ATmega_DFP/1.3.300/gcc/dev/atmega2560/avr6/crtatmega2560.o
 .debug_line    0x000001f9      0x1f0 controller/CO2SensorController.o
 .debug_line    0x000003e9      0x306 controller/sevenSegmentDisplayController.o
 .debug_line    0x000006ef      0x1f4 controller/tempHumSensorController.o
 .debug_line    0x000008e3      0x164 model/device/AC.o
 .debug_line    0x00000a47       0xff model/device/carbonDioxideGenerator.o
 .debug_line    0x00000b46       0xfa model/device/HumilityGenerator.o
 .debug_line    0x00000c40       0xa6 model/device/rcServo.o
 .debug_line    0x00000ce6      0x3bf model/senser/carbonDioxideSensor.o
 .debug_line    0x000010a5      0x3b7 model/senser/humiditySensor.o
 .debug_line    0x0000145c      0x3de model/senser/temperatureSensor.o
 .debug_line    0x0000183a      0x1b4 model/sensorModelManager.o
 .debug_line    0x000019ee      0x29d model/time/myTime.o
 .debug_line    0x00001c8b      0x3de FreeRTOS/src/heap_4.o
 .debug_line    0x00002069      0x1db FreeRTOS/src/list.o
 .debug_line    0x00002244      0x275 FreeRTOS/src/port.o
 .debug_line    0x000024b9      0xb80 FreeRTOS/src/queue.o
 .debug_line    0x00003039      0x765 FreeRTOS/src/stream_buffer.o
 .debug_line    0x0000379e     0x147c FreeRTOS/src/tasks.o
 .debug_line    0x00004c1a      0x55e FreeRTOS/src/timers.o
 .debug_line    0x00005178      0x1af FreeRTOS/src/variantHooks.o
 .debug_line    0x00005327      0x4a9 LoRaWANHandler.o
 .debug_line    0x000057d0      0x28c main.o
 .debug_line    0x00005a5c      0x3e0 ../drivers\libIotLibrary.a(display_7seg.o)
 .debug_line    0x00005e3c      0x24a ../drivers\libIotLibrary.a(hih8120.o)
 .debug_line    0x00006086      0x9aa ../drivers\libIotLibrary.a(lora_driver.o)
 .debug_line    0x00006a30      0x195 ../drivers\libIotLibrary.a(lora_driver_utils.o)
 .debug_line    0x00006bc5      0x2fc ../drivers\libIotLibrary.a(mh_z19.o)
 .debug_line    0x00006ec1       0xfd ../drivers\libIotLibrary.a(rc_servo.o)
 .debug_line    0x00006fbe      0x6a0 ../drivers\libIotLibrary.a(serial.o)
 .debug_line    0x0000765e      0x146 ../drivers\libIotLibrary.a(stdio_driver.o)
 .debug_line    0x000077a4      0x4e6 ../drivers\libIotLibrary.a(spi_iha.o)
 .debug_line    0x00007c8a      0x32c ../drivers\libIotLibrary.a(status_leds.o)
 .debug_line    0x00007fb6      0x31c ../drivers\libIotLibrary.a(twi.o)
 .debug_line    0x000082d2      0x11b ../drivers\libIotLibrary.a(fifo.o)

.debug_frame    0x00000000     0x2f4c
 *(.debug_frame)
 .debug_frame   0x00000000       0x54 controller/CO2SensorController.o
 .debug_frame   0x00000054       0x44 controller/sevenSegmentDisplayController.o
 .debug_frame   0x00000098       0x58 controller/tempHumSensorController.o
 .debug_frame   0x000000f0       0x78 model/device/AC.o
 .debug_frame   0x00000168       0x5c model/device/carbonDioxideGenerator.o
 .debug_frame   0x000001c4       0x5c model/device/HumilityGenerator.o
 .debug_frame   0x00000220       0x54 model/device/rcServo.o
 .debug_frame   0x00000274      0x21c model/senser/carbonDioxideSensor.o
 .debug_frame   0x00000490      0x288 model/senser/humiditySensor.o
 .debug_frame   0x00000718      0x2a4 model/senser/temperatureSensor.o
 .debug_frame   0x000009bc       0x78 model/sensorModelManager.o
 .debug_frame   0x00000a34      0x11c model/time/myTime.o
 .debug_frame   0x00000b50       0xec FreeRTOS/src/heap_4.o
 .debug_frame   0x00000c3c       0x90 FreeRTOS/src/list.o
 .debug_frame   0x00000ccc       0x84 FreeRTOS/src/port.o
 .debug_frame   0x00000d50      0x388 FreeRTOS/src/queue.o
 .debug_frame   0x000010d8      0x3b0 FreeRTOS/src/stream_buffer.o
 .debug_frame   0x00001488      0x69c FreeRTOS/src/tasks.o
 .debug_frame   0x00001b24      0x238 FreeRTOS/src/timers.o
 .debug_frame   0x00001d5c       0x64 FreeRTOS/src/variantHooks.o
 .debug_frame   0x00001dc0      0x1dc LoRaWANHandler.o
 .debug_frame   0x00001f9c       0x40 main.o
 .debug_frame   0x00001fdc      0x14c ../drivers\libIotLibrary.a(display_7seg.o)
 .debug_frame   0x00002128       0xc0 ../drivers\libIotLibrary.a(hih8120.o)
 .debug_frame   0x000021e8      0x460 ../drivers\libIotLibrary.a(lora_driver.o)
 .debug_frame   0x00002648       0x48 ../drivers\libIotLibrary.a(lora_driver_utils.o)
 .debug_frame   0x00002690      0x100 ../drivers\libIotLibrary.a(mh_z19.o)
 .debug_frame   0x00002790       0x34 ../drivers\libIotLibrary.a(rc_servo.o)
 .debug_frame   0x000027c4      0x384 ../drivers\libIotLibrary.a(serial.o)
 .debug_frame   0x00002b48       0x94 ../drivers\libIotLibrary.a(stdio_driver.o)
 .debug_frame   0x00002bdc      0x134 ../drivers\libIotLibrary.a(spi_iha.o)
 .debug_frame   0x00002d10       0xec ../drivers\libIotLibrary.a(status_leds.o)
 .debug_frame   0x00002dfc      0x12c ../drivers\libIotLibrary.a(twi.o)
 .debug_frame   0x00002f28       0x24 ../drivers\libIotLibrary.a(fifo.o)

.debug_str      0x00000000     0x4e0e
 *(.debug_str)
 .debug_str     0x00000000      0x3e6 D:/Program Files (x86)/Atmel/Studio/7.0/Packs/atmel/ATmega_DFP/1.3.300/gcc/dev/atmega2560/avr6/crtatmega2560.o
 .debug_str     0x000003e6      0x34e controller/CO2SensorController.o
                                0x3a0 (size before relaxing)
 .debug_str     0x00000734      0x21c controller/sevenSegmentDisplayController.o
                                0x43d (size before relaxing)
 .debug_str     0x00000950      0x1c8 controller/tempHumSensorController.o
                                0x3fb (size before relaxing)
 .debug_str     0x00000b18       0xa8 model/device/AC.o
                                0x226 (size before relaxing)
 .debug_str     0x00000bc0       0x95 model/device/carbonDioxideGenerator.o
                                0x219 (size before relaxing)
 .debug_str     0x00000c55       0x81 model/device/HumilityGenerator.o
                                0x205 (size before relaxing)
 .debug_str     0x00000cd6       0x71 model/device/rcServo.o
                                0x219 (size before relaxing)
 .debug_str     0x00000d47      0x20e model/senser/carbonDioxideSensor.o
                                0x4db (size before relaxing)
 .debug_str     0x00000f55      0x16a model/senser/humiditySensor.o
                                0x487 (size before relaxing)
 .debug_str     0x000010bf      0x174 model/senser/temperatureSensor.o
                                0x4cf (size before relaxing)
 .debug_str     0x00001233       0x5d model/sensorModelManager.o
                                0x3ed (size before relaxing)
 .debug_str     0x00001290       0x8f model/time/myTime.o
                                0x28f (size before relaxing)
 .debug_str     0x0000131f      0x304 FreeRTOS/src/heap_4.o
                                0x4ab (size before relaxing)
 .debug_str     0x00001623      0x129 FreeRTOS/src/list.o
                                0x2e7 (size before relaxing)
 .debug_str     0x0000174c      0x152 FreeRTOS/src/port.o
                                0x31c (size before relaxing)
 .debug_str     0x0000189e      0x60d FreeRTOS/src/queue.o
                                0x95b (size before relaxing)
 .debug_str     0x00001eab      0x4ed FreeRTOS/src/stream_buffer.o
                                0x7e4 (size before relaxing)
 .debug_str     0x00002398      0x92a FreeRTOS/src/tasks.o
                                0xf7c (size before relaxing)
 .debug_str     0x00002cc2      0x414 FreeRTOS/src/timers.o
                                0x852 (size before relaxing)
 .debug_str     0x000030d6       0x81 FreeRTOS/src/variantHooks.o
                                0x293 (size before relaxing)
 .debug_str     0x00003157      0x52b LoRaWANHandler.o
                                0x9bc (size before relaxing)
 .debug_str     0x00003682       0xb7 main.o
                                0x360 (size before relaxing)
 .debug_str     0x00003739      0x2f1 ../drivers\libIotLibrary.a(display_7seg.o)
                                0x493 (size before relaxing)
 .debug_str     0x00003a2a      0x1f9 ../drivers\libIotLibrary.a(hih8120.o)
                                0x45c (size before relaxing)
 .debug_str     0x00003c23      0x6a8 ../drivers\libIotLibrary.a(lora_driver.o)
                                0xcdb (size before relaxing)
 .debug_str     0x000042cb       0x4f ../drivers\libIotLibrary.a(lora_driver_utils.o)
                                0x206 (size before relaxing)
 .debug_str     0x0000431a      0x117 ../drivers\libIotLibrary.a(mh_z19.o)
                                0x489 (size before relaxing)
 .debug_str     0x00004431       0x3c ../drivers\libIotLibrary.a(rc_servo.o)
                                0x1e2 (size before relaxing)
 .debug_str     0x0000446d      0x2c6 ../drivers\libIotLibrary.a(serial.o)
                                0x62f (size before relaxing)
 .debug_str     0x00004733       0xa6 ../drivers\libIotLibrary.a(stdio_driver.o)
                                0x37d (size before relaxing)
 .debug_str     0x000047d9      0x21b ../drivers\libIotLibrary.a(spi_iha.o)
                                0x623 (size before relaxing)
 .debug_str     0x000049f4      0x10e ../drivers\libIotLibrary.a(status_leds.o)
                                0x36d (size before relaxing)
 .debug_str     0x00004b02      0x2ea ../drivers\libIotLibrary.a(twi.o)
                                0x5b4 (size before relaxing)
 .debug_str     0x00004dec       0x22 ../drivers\libIotLibrary.a(fifo.o)
                                0x239 (size before relaxing)

.debug_loc      0x00000000     0xee3f
 *(.debug_loc)
 .debug_loc     0x00000000       0xd5 controller/CO2SensorController.o
 .debug_loc     0x000000d5       0xf1 controller/sevenSegmentDisplayController.o
 .debug_loc     0x000001c6      0x13e controller/tempHumSensorController.o
 .debug_loc     0x00000304       0xb4 model/device/AC.o
 .debug_loc     0x000003b8       0x78 model/device/carbonDioxideGenerator.o
 .debug_loc     0x00000430       0x78 model/device/HumilityGenerator.o
 .debug_loc     0x000004a8       0xa2 model/device/rcServo.o
 .debug_loc     0x0000054a      0x918 model/senser/carbonDioxideSensor.o
 .debug_loc     0x00000e62      0xa92 model/senser/humiditySensor.o
 .debug_loc     0x000018f4      0xb11 model/senser/temperatureSensor.o
 .debug_loc     0x00002405       0x8d model/sensorModelManager.o
 .debug_loc     0x00002492      0x34c model/time/myTime.o
 .debug_loc     0x000027de      0x4e4 FreeRTOS/src/heap_4.o
 .debug_loc     0x00002cc2      0x17d FreeRTOS/src/list.o
 .debug_loc     0x00002e3f       0xf6 FreeRTOS/src/port.o
 .debug_loc     0x00002f35     0x1aee FreeRTOS/src/queue.o
 .debug_loc     0x00004a23     0x1e19 FreeRTOS/src/stream_buffer.o
 .debug_loc     0x0000683c     0x2a03 FreeRTOS/src/tasks.o
 .debug_loc     0x0000923f      0xcf7 FreeRTOS/src/timers.o
 .debug_loc     0x00009f36       0xdc FreeRTOS/src/variantHooks.o
 .debug_loc     0x0000a012      0x84c LoRaWANHandler.o
 .debug_loc     0x0000a85e       0x3c main.o
 .debug_loc     0x0000a89a      0x76a ../drivers\libIotLibrary.a(display_7seg.o)
 .debug_loc     0x0000b004       0x9f ../drivers\libIotLibrary.a(hih8120.o)
 .debug_loc     0x0000b0a3     0x1216 ../drivers\libIotLibrary.a(lora_driver.o)
 .debug_loc     0x0000c2b9      0x1d2 ../drivers\libIotLibrary.a(lora_driver_utils.o)
 .debug_loc     0x0000c48b      0x37c ../drivers\libIotLibrary.a(mh_z19.o)
 .debug_loc     0x0000c807       0x2f ../drivers\libIotLibrary.a(rc_servo.o)
 .debug_loc     0x0000c836     0x114c ../drivers\libIotLibrary.a(serial.o)
 .debug_loc     0x0000d982      0x18c ../drivers\libIotLibrary.a(stdio_driver.o)
 .debug_loc     0x0000db0e      0x9cc ../drivers\libIotLibrary.a(spi_iha.o)
 .debug_loc     0x0000e4da      0x292 ../drivers\libIotLibrary.a(status_leds.o)
 .debug_loc     0x0000e76c      0x575 ../drivers\libIotLibrary.a(twi.o)
 .debug_loc     0x0000ece1      0x15e ../drivers\libIotLibrary.a(fifo.o)

.debug_macinfo
 *(.debug_macinfo)

.debug_weaknames
 *(.debug_weaknames)

.debug_funcnames
 *(.debug_funcnames)

.debug_typenames
 *(.debug_typenames)

.debug_varnames
 *(.debug_varnames)

.debug_pubtypes
 *(.debug_pubtypes)

.debug_ranges   0x00000000      0xd70
 *(.debug_ranges)
 .debug_ranges  0x00000000       0x20 controller/CO2SensorController.o
 .debug_ranges  0x00000020       0x18 controller/sevenSegmentDisplayController.o
 .debug_ranges  0x00000038       0x18 controller/tempHumSensorController.o
 .debug_ranges  0x00000050       0x28 model/device/AC.o
 .debug_ranges  0x00000078       0x20 model/device/carbonDioxideGenerator.o
 .debug_ranges  0x00000098       0x20 model/device/HumilityGenerator.o
 .debug_ranges  0x000000b8       0x28 model/device/rcServo.o
 .debug_ranges  0x000000e0       0x68 model/senser/carbonDioxideSensor.o
 .debug_ranges  0x00000148       0x68 model/senser/humiditySensor.o
 .debug_ranges  0x000001b0       0x70 model/senser/temperatureSensor.o
 .debug_ranges  0x00000220       0x30 model/sensorModelManager.o
 .debug_ranges  0x00000250       0x68 model/time/myTime.o
 .debug_ranges  0x000002b8       0x40 FreeRTOS/src/heap_4.o
 .debug_ranges  0x000002f8       0x30 FreeRTOS/src/list.o
 .debug_ranges  0x00000328       0x40 FreeRTOS/src/port.o
 .debug_ranges  0x00000368      0x158 FreeRTOS/src/queue.o
 .debug_ranges  0x000004c0       0xa0 FreeRTOS/src/stream_buffer.o
 .debug_ranges  0x00000560      0x238 FreeRTOS/src/tasks.o
 .debug_ranges  0x00000798       0xe0 FreeRTOS/src/timers.o
 .debug_ranges  0x00000878       0x30 FreeRTOS/src/variantHooks.o
 .debug_ranges  0x000008a8       0x68 LoRaWANHandler.o
 .debug_ranges  0x00000910       0x18 main.o
 .debug_ranges  0x00000928       0x48 ../drivers\libIotLibrary.a(display_7seg.o)