Archive member included to satisfy reference by file (symbol)

d:/program files (x86)/atmel/studio/7.0/toolchain/avr8/avr8-gnu-toolchain/bin/../lib/gcc/avr/5.4.0/../../../../avr/lib/avr6\libm.a(addsf3.o)
                              controller/tempHumSensorController.o (__addsf3)
d:/program files (x86)/atmel/studio/7.0/toolchain/avr8/avr8-gnu-toolchain/bin/../lib/gcc/avr/5.4.0/../../../../avr/lib/avr6\libm.a(addsf3x.o)
                              d:/program files (x86)/atmel/studio/7.0/toolchain/avr8/avr8-gnu-toolchain/bin/../lib/gcc/avr/5.4.0/../../../../avr/lib/avr6\libm.a(addsf3.o) (__addsf3x)
d:/program files (x86)/atmel/studio/7.0/toolchain/avr8/avr8-gnu-toolchain/bin/../lib/gcc/avr/5.4.0/../../../../avr/lib/avr6\libm.a(divsf3.o)
                              controller/sevenSegmentDisplayController.o (__divsf3)
d:/program files (x86)/atmel/studio/7.0/toolchain/avr8/avr8-gnu-toolchain/bin/../lib/gcc/avr/5.4.0/../../../../avr/lib/avr6\libm.a(divsf3x.o)
                              d:/program files (x86)/atmel/studio/7.0/toolchain/avr8/avr8-gnu-toolchain/bin/../lib/gcc/avr/5.4.0/../../../../avr/lib/avr6\libm.a(divsf3.o) (__divsf3x)
d:/program files (x86)/atmel/studio/7.0/toolchain/avr8/avr8-gnu-toolchain/bin/../lib/gcc/avr/5.4.0/../../../../avr/lib/avr6\libm.a(fixsfsi.o)
                              controller/tempHumSensorController.o (__fixsfsi)
d:/program files (x86)/atmel/studio/7.0/toolchain/avr8/avr8-gnu-toolchain/bin/../lib/gcc/avr/5.4.0/../../../../avr/lib/avr6\libm.a(fixunssfsi.o)
                              controller/CO2SensorController.o (__fixunssfsi)
d:/program files (x86)/atmel/studio/7.0/toolchain/avr8/avr8-gnu-toolchain/bin/../lib/gcc/avr/5.4.0/../../../../avr/lib/avr6\libm.a(floatsisf.o)
                              controller/sevenSegmentDisplayController.o (__floatsisf)
d:/program files (x86)/atmel/studio/7.0/toolchain/avr8/avr8-gnu-toolchain/bin/../lib/gcc/avr/5.4.0/../../../../avr/lib/avr6\libm.a(fp_inf.o)
                              d:/program files (x86)/atmel/studio/7.0/toolchain/avr8/avr8-gnu-toolchain/bin/../lib/gcc/avr/5.4.0/../../../../avr/lib/avr6\libm.a(addsf3x.o) (__fp_inf)
d:/program files (x86)/atmel/studio/7.0/toolchain/avr8/avr8-gnu-toolchain/bin/../lib/gcc/avr/5.4.0/../../../../avr/lib/avr6\libm.a(fp_nan.o)
                              d:/program files (x86)/atmel/studio/7.0/toolchain/avr8/avr8-gnu-toolchain/bin/../lib/gcc/avr/5.4.0/../../../../avr/lib/avr6\libm.a(addsf3x.o) (__fp_nan)
d:/program files (x86)/atmel/studio/7.0/toolchain/avr8/avr8-gnu-toolchain/bin/../lib/gcc/avr/5.4.0/../../../../avr/lib/avr6\libm.a(fp_pscA.o)
                              d:/program files (x86)/atmel/studio/7.0/toolchain/avr8/avr8-gnu-toolchain/bin/../lib/gcc/avr/5.4.0/../../../../avr/lib/avr6\libm.a(addsf3x.o) (__fp_pscA)
d:/program files (x86)/atmel/studio/7.0/toolchain/avr8/avr8-gnu-toolchain/bin/../lib/gcc/avr/5.4.0/../../../../avr/lib/avr6\libm.a(fp_pscB.o)
                              d:/program files (x86)/atmel/studio/7.0/toolchain/avr8/avr8-gnu-toolchain/bin/../lib/gcc/avr/5.4.0/../../../../avr/lib/avr6\libm.a(addsf3x.o) (__fp_pscB)
d:/program files (x86)/atmel/studio/7.0/toolchain/avr8/avr8-gnu-toolchain/bin/../lib/gcc/avr/5.4.0/../../../../avr/lib/avr6\libm.a(fp_round.o)
                              d:/program files (x86)/atmel/studio/7.0/toolchain/avr8/avr8-gnu-toolchain/bin/../lib/gcc/avr/5.4.0/../../../../avr/lib/avr6\libm.a(addsf3.o) (__fp_round)
d:/program files (x86)/atmel/studio/7.0/toolchain/avr8/avr8-gnu-toolchain/bin/../lib/gcc/avr/5.4.0/../../../../avr/lib/avr6\libm.a(fp_split3.o)
                              d:/program files (x86)/atmel/studio/7.0/toolchain/avr8/avr8-gnu-toolchain/bin/../lib/gcc/avr/5.4.0/../../../../avr/lib/avr6\libm.a(addsf3x.o) (__fp_split3)
d:/program files (x86)/atmel/studio/7.0/toolchain/avr8/avr8-gnu-toolchain/bin/../lib/gcc/avr/5.4.0/../../../../avr/lib/avr6\libm.a(fp_zero.o)
                              d:/program files (x86)/atmel/studio/7.0/toolchain/avr8/avr8-gnu-toolchain/bin/../lib/gcc/avr/5.4.0/../../../../avr/lib/avr6\libm.a(addsf3x.o) (__fp_zero)
d:/program files (x86)/atmel/studio/7.0/toolchain/avr8/avr8-gnu-toolchain/bin/../lib/gcc/avr/5.4.0/../../../../avr/lib/avr6\libm.a(mulsf3.o)
                              controller/CO2SensorController.o (__mulsf3)
d:/program files (x86)/atmel/studio/7.0/toolchain/avr8/avr8-gnu-toolchain/bin/../lib/gcc/avr/5.4.0/../../../../avr/lib/avr6\libm.a(mulsf3x.o)
                              d:/program files (x86)/atmel/studio/7.0/toolchain/avr8/avr8-gnu-toolchain/bin/../lib/gcc/avr/5.4.0/../../../../avr/lib/avr6\libm.a(mulsf3.o) (__mulsf3x)
../drivers\libIotLibrary.a(display_7seg.o)
                              controller/sevenSegmentDisplayController.o (display_7seg_display)
../drivers\libIotLibrary.a(hih8120.o)
                              main.o (hih8120_initialise)
../drivers\libIotLibrary.a(lora_driver.o)
                              main.o (lora_driver_initialise)
[...]
Memory Configuration

Name             Origin             Length             Attributes
text             0x00000000         0x00100000         xr
data             0x00800200         0x0000fe00         rw !x
eeprom           0x00810000         0x00010000         rw !x
fuse             0x00820000         0x00000003         rw !x
lock             0x00830000         0x00000400         rw !x
signature        0x00840000         0x00000400         rw !x
user_signatures  0x00850000         0x00000400         rw !x
*default*        0x00000000         0xffffffff

Linker script and memory map

Address of section .data set to 0x800200
LOAD D:/Program Files (x86)/Atmel/Studio/7.0/Packs/atmel/ATmega_DFP/1.3.300/gcc/dev/atmega2560/avr6/crtatmega2560.o
LOAD controller/CO2SensorController.o
LOAD controller/sevenSegmentDisplayController.o
LOAD controller/tempHumSensorController.o
LOAD model/senser/carbonDioxideSensor.o
LOAD model/senser/humiditySensor.o
LOAD model/senser/temperatureSensor.o
LOAD model/sensorModelManager.o
LOAD model/time/myTime.o
LOAD FreeRTOS/FreeRTOSTraceDriver/FreeRTOSTraceDriver.o
LOAD FreeRTOS/src/croutine.o
LOAD FreeRTOS/src/event_groups.o
LOAD FreeRTOS/src/heap_4.o
LOAD FreeRTOS/src/list.o
LOAD FreeRTOS/src/port.o
LOAD FreeRTOS/src/queue.o
LOAD FreeRTOS/src/stream_buffer.o
LOAD FreeRTOS/src/tasks.o
LOAD FreeRTOS/src/timers.o
LOAD FreeRTOS/src/variantHooks.o
LOAD LoRaWANHandler.o
LOAD main.o
START GROUP
LOAD d:/program files (x86)/atmel/studio/7.0/toolchain/avr8/avr8-gnu-toolchain/bin/../lib/gcc/avr/5.4.0/../../../../avr/lib/avr6\libm.a
LOAD ../drivers\libIotLibrary.a
END GROUP
START GROUP
LOAD d:/program files (x86)/atmel/studio/7.0/toolchain/avr8/avr8-gnu-toolchain/bin/../lib/gcc/avr/5.4.0/avr6\libgcc.a
LOAD d:/program files (x86)/atmel/studio/7.0/toolchain/avr8/avr8-gnu-toolchain/bin/../lib/gcc/avr/5.4.0/../../../../avr/lib/avr6\libm.a
LOAD d:/program files (x86)/atmel/studio/7.0/toolchain/avr8/avr8-gnu-toolchain/bin/../lib/gcc/avr/5.4.0/../../../../avr/lib/avr6\libc.a
LOAD D:/Program Files (x86)/Atmel/Studio/7.0/Packs/atmel/ATmega_DFP/1.3.300/gcc/dev/atmega2560/avr6\libatmega2560.a
END GROUP
                0x00000000                __TEXT_REGION_ORIGIN__ = DEFINED (__TEXT_REGION_ORIGIN__)?__TEXT_REGION_ORIGIN__:0x0
                0x00800200                __DATA_REGION_ORIGIN__ = DEFINED (__DATA_REGION_ORIGIN__)?__DATA_REGION_ORIGIN__:0x800200
                0x00100000                __TEXT_REGION_LENGTH__ = DEFINED (__TEXT_REGION_LENGTH__)?__TEXT_REGION_LENGTH__:0x100000
                0x0000fe00                __DATA_REGION_LENGTH__ = DEFINED (__DATA_REGION_LENGTH__)?__DATA_REGION_LENGTH__:0xfe00
                0x00010000                __EEPROM_REGION_LENGTH__ = DEFINED (__EEPROM_REGION_LENGTH__)?__EEPROM_REGION_LENGTH__:0x10000
                [0x00000003]                __FUSE_REGION_LENGTH__ = DEFINED (__FUSE_REGION_LENGTH__)?__FUSE_REGION_LENGTH__:0x400
                0x00000400                __LOCK_REGION_LENGTH__ = DEFINED (__LOCK_REGION_LENGTH__)?__LOCK_REGION_LENGTH__:0x400
                0x00000400                __SIGNATURE_REGION_LENGTH__ = DEFINED (__SIGNATURE_REGION_LENGTH__)?__SIGNATURE_REGION_LENGTH__:0x400
                0x00000400                __USER_SIGNATURE_REGION_LENGTH__ = DEFINED (__USER_SIGNATURE_REGION_LENGTH__)?__USER_SIGNATURE_REGION_LENGTH__:0x400

.hash
 *(.hash)

.dynsym
 *(.dynsym)

.dynstr
 *(.dynstr)

.gnu.version
 *(.gnu.version)

.gnu.version_d
 *(.gnu.version_d)

.gnu.version_r
 *(.gnu.version_r)

.rel.init
 *(.rel.init)

.rela.init
 *(.rela.init)

.rel.text
 *(.rel.text)
 *(.rel.text.*)
 *(.rel.gnu.linkonce.t*)

.rela.text
 *(.rela.text)
 *(.rela.text.*)
 *(.rela.gnu.linkonce.t*)

.rel.fini
 *(.rel.fini)

.rela.fini
 *(.rela.fini)

.rel.rodata
 *(.rel.rodata)
 *(.rel.rodata.*)
 *(.rel.gnu.linkonce.r*)

.rela.rodata
 *(.rela.rodata)
 *(.rela.rodata.*)
 *(.rela.gnu.linkonce.r*)

.rel.data
 *(.rel.data)
 *(.rel.data.*)
 *(.rel.gnu.linkonce.d*)

.rela.data
 *(.rela.data)
 *(.rela.data.*)
 *(.rela.gnu.linkonce.d*)

.rel.ctors
 *(.rel.ctors)

.rela.ctors
 *(.rela.ctors)

.rel.dtors
 *(.rel.dtors)

.rela.dtors
 *(.rela.dtors)

.rel.got
 *(.rel.got)

.rela.got
 *(.rela.got)

.rel.bss
 *(.rel.bss)

.rela.bss
 *(.rela.bss)

.rel.plt
 *(.rel.plt)

.rela.plt
 *(.rela.plt)

.text           0x00000000     0x752e
 *(.vectors)
 .vectors       0x00000000       0xe4 D:/Program Files (x86)/Atmel/Studio/7.0/Packs/atmel/ATmega_DFP/1.3.300/gcc/dev/atmega2560/avr6/crtatmega2560.o
                0x00000000                __vector_default
                0x00000000                __vectors
 *(.vectors)
 *(.progmem.gcc*)
 .progmem.gcc_sw_table
                0x000000e4       0x14 FreeRTOS/src/timers.o
 .progmem.gcc_sw_table.__vector_39
                0x000000f8       0xa2 ../drivers\libIotLibrary.a(twi.o)
 .progmem.gcc_fplib
                0x0000019a       0x28 d:/program files (x86)/atmel/studio/7.0/toolchain/avr8/avr8-gnu-toolchain/bin/../lib/gcc/avr/5.4.0/../../../../avr/lib/avr6\libm.a(exp.o)
 .progmem.gcc_fplib
                0x000001c2       0x5a d:/program files (x86)/atmel/studio/7.0/toolchain/avr8/avr8-gnu-toolchain/bin/../lib/gcc/avr/5.4.0/../../../../avr/lib/avr6\libm.a(log.o)
                0x0000021c                . = ALIGN (0x2)
                0x0000021c                __trampolines_start = .
 *(.trampolines)
 .trampolines   0x0000021c        0x0 linker stubs
 *(.trampolines*)
                0x0000021c                __trampolines_end = .
 *libprintf_flt.a:*(.progmem.data)
 *libc.a:*(.progmem.data)
 *(.progmem*)
                0x0000021c                . = ALIGN (0x2)
 *(.jumptables)
 *(.jumptables*)
 *(.lowtext)
 .lowtext       0x0000021c       0x74 FreeRTOS/src/tasks.o
 .lowtext       0x00000290      0x292 FreeRTOS/src/timers.o
 *(.lowtext*)
                0x00000522                __ctors_start = .
 *(.ctors)
                0x00000522                __ctors_end = .
                0x00000522                __dtors_start = .
 *(.dtors)
                0x00000522                __dtors_end = .
 SORT(*)(.ctors)
 SORT(*)(.dtors)
 *(.init0)
 .init0         0x00000522        0x0 D:/Program Files (x86)/Atmel/Studio/7.0/Packs/atmel/ATmega_DFP/1.3.300/gcc/dev/atmega2560/avr6/crtatmega2560.o
                0x00000522                __init
 *(.init0)
 *(.init1)
 *(.init1)
 *(.init2)
 .init2         0x00000522       0x10 D:/Program Files (x86)/Atmel/Studio/7.0/Packs/atmel/ATmega_DFP/1.3.300/gcc/dev/atmega2560/avr6/crtatmega2560.o
 *(.init2)
 *(.init3)
 *(.init3)
 *(.init4)
 .init4         0x00000532       0x1a d:/program files (x86)/atmel/studio/7.0/toolchain/avr8/avr8-gnu-toolchain/bin/../lib/gcc/avr/5.4.0/avr6\libgcc.a(_copy_data.o)
                0x00000532                __do_copy_data
 .init4         0x0000054c       0x10 d:/program files (x86)/atmel/studio/7.0/toolchain/avr8/avr8-gnu-toolchain/bin/../lib/gcc/avr/5.4.0/avr6\libgcc.a(_clear_bss.o)
                0x0000054c                __do_clear_bss
 *(.init4)
 *(.init5)
 *(.init5)
 *(.init6)
 *(.init6)
 *(.init7)
 *(.init7)
 *(.init8)
 *(.init8)
 *(.init9)
 .init9         0x0000055c        0x8 D:/Program Files (x86)/Atmel/Studio/7.0/Packs/atmel/ATmega_DFP/1.3.300/gcc/dev/atmega2560/avr6/crtatmega2560.o
 *(.init9)
 *(.text)
 .text          0x00000564        0x2 D:/Program Files (x86)/Atmel/Studio/7.0/Packs/atmel/ATmega_DFP/1.3.300/gcc/dev/atmega2560/avr6/crtatmega2560.o
                0x00000564                __vector_38
                0x00000564                __vector_22
                0x00000564                __vector_28
                0x00000564                __vector_1
                0x00000564                __vector_32
                0x00000564                __vector_34
                0x00000564                __vector_46
                0x00000564                __bad_interrupt
                0x00000564                __vector_6
                0x00000564                __vector_31
                0x00000564                __vector_35
                0x00000564                __vector_3
                0x00000564                __vector_23
                0x00000564                __vector_30
                0x00000564                __vector_45
                0x00000564                __vector_11
                0x00000564                __vector_13
                0x00000564                __vector_17
                0x00000564                __vector_19
                0x00000564                __vector_56
                0x00000564                __vector_7
                0x00000564                __vector_49
                0x00000564                __vector_41
                0x00000564                __vector_43
                0x00000564                __vector_27
                0x00000564                __vector_5
                0x00000564                __vector_33
                0x00000564                __vector_47
                0x00000564                __vector_4
                0x00000564                __vector_44
                0x00000564                __vector_9
                0x00000564                __vector_2
                0x00000564                __vector_15
                0x00000564                __vector_29
                0x00000564                __vector_40
                0x00000564                __vector_8
                0x00000564                __vector_48
                0x00000564                __vector_14
                0x00000564                __vector_53
                0x00000564                __vector_10
                0x00000564                __vector_50
                0x00000564                __vector_16
                0x00000564                __vector_18
                0x00000564                __vector_20
                0x00000564                __vector_42
                0x00000566                . = ALIGN (0x2)
 *(.text.*)
 .text.carbonDioxideController_task
                0x00000566       0xc8 controller/CO2SensorController.o
                0x00000566                carbonDioxideController_task
 .text.CO2SensorController_create
                0x0000062e       0x38 controller/CO2SensorController.o
                0x0000062e                CO2SensorController_create
 .text.sevenSegmentDisplayController_task
                0x00000666      0x1ae controller/sevenSegmentDisplayController.o
                0x00000666                sevenSegmentDisplayController_task
 .text.sevenSegmentDisplayController_create
                0x00000814       0x4c controller/sevenSegmentDisplayController.o
                0x00000814                sevenSegmentDisplayController_create
 .text.tempHumSensorController_task
                0x00000860      0x10c controller/tempHumSensorController.o
                0x00000860                tempHumSensorController_task
 .text.tempHumSensorController_create
                0x0000096c       0x40 controller/tempHumSensorController.o
                0x0000096c                tempHumSensorController_create
 .text.carbonDioxideSensor_create
                0x000009ac       0x66 model/senser/carbonDioxideSensor.o
                0x000009ac                carbonDioxideSensor_create
 .text.carbonDioxideSensor_setValue
                0x00000a12       0x40 model/senser/carbonDioxideSensor.o
                0x00000a12                carbonDioxideSensor_setValue
 .text.carbonDioxideSensor_getReportInterval
                0x00000a52       0x4c model/senser/carbonDioxideSensor.o
                0x00000a52                carbonDioxideSensor_getReportInterval
 .text.carbonDioxideSensor_getValue
                0x00000a9e       0x3e model/senser/carbonDioxideSensor.o
                0x00000a9e                carbonDioxideSensor_getValue
 .text.carbonDioxideSensor_getUpdateTime
                0x00000adc       0x3e model/senser/carbonDioxideSensor.o
                0x00000adc                carbonDioxideSensor_getUpdateTime
 .text.carbonDioxideSensor_setMaxCo2Value
                0x00000b1a       0x48 model/senser/carbonDioxideSensor.o
                0x00000b1a                carbonDioxideSensor_setMaxCo2Value
 .text.carbonDioxideSensor_setMinCo2Value
                0x00000b62       0x48 model/senser/carbonDioxideSensor.o
                0x00000b62                carbonDioxideSensor_setMinCo2Value
 .text.humiditySensor_create
                0x00000baa       0x6a model/senser/humiditySensor.o
                0x00000baa                humiditySensor_create
 .text.humiditySensor_setMaxValue
                0x00000c14       0x5a model/senser/humiditySensor.o
                0x00000c14                humiditySensor_setMaxValue
 .text.humiditySensor_setMinValue
                0x00000c6e       0x58 model/senser/humiditySensor.o
                0x00000c6e                humiditySensor_setMinValue
 .text.humiditySensor_setValue
                0x00000cc6       0x50 model/senser/humiditySensor.o
                0x00000cc6                humiditySensor_setValue
 .text.humiditySensor_getReportInterval
                0x00000d16       0x4a model/senser/humiditySensor.o
                0x00000d16                humiditySensor_getReportInterval
 .text.humiditySensor_getValue
                0x00000d60       0x4a model/senser/humiditySensor.o
                0x00000d60                humiditySensor_getValue
 .text.temperatureSensor_create
                0x00000daa       0x6a model/senser/temperatureSensor.o
                0x00000daa                temperatureSensor_create
 .text.temperatureSensor_setValue
                0x00000e14       0x50 model/senser/temperatureSensor.o
                0x00000e14                temperatureSensor_setValue
 .text.temperatureSensor_setmaxValue
                0x00000e64       0x58 model/senser/temperatureSensor.o
                0x00000e64                temperatureSensor_setmaxValue
 .text.temperatureSensor_setminValue
                0x00000ebc       0x58 model/senser/temperatureSensor.o
                0x00000ebc                temperatureSensor_setminValue
 .text.temperatureSensor_getReportInterval
                0x00000f14       0x4a model/senser/temperatureSensor.o
                0x00000f14                temperatureSensor_getReportInterval
 .text.temperatureSensor_getValue
                0x00000f5e       0x4a model/senser/temperatureSensor.o
                0x00000f5e                temperatureSensor_getValue
 .text.sensorModelManager_create
                0x00000fa8       0x50 model/sensorModelManager.o
                0x00000fa8                sensorModelManager_create
 .text.sensorModelManager_getTemperatureSensor
                0x00000ff8        0xa model/sensorModelManager.o
                0x00000ff8                sensorModelManager_getTemperatureSensor
 .text.sensorModelManager_getHumiditySensor
                0x00001002        0xa model/sensorModelManager.o
                0x00001002                sensorModelManager_getHumiditySensor
 .text.sensorModelManager_getCarbonDioxideSensor
                0x0000100c        0xa model/sensorModelManager.o
                0x0000100c                sensorModelManager_getCarbonDioxideSensor
 .text.nowTimeClockTask
                0x00001016       0x4c model/time/myTime.o
                0x00001016                nowTimeClockTask
 .text.mytime_tryCreateNowTime
                0x00001062       0x6e model/time/myTime.o
                0x00001062                mytime_tryCreateNowTime
 .text.myTime_create
                0x000010d0       0x30 model/time/myTime.o
                0x000010d0                myTime_create
 .text.myTime_updateToNowTime
                0x00001100       0x4e model/time/myTime.o
                0x00001100                myTime_updateToNowTime
 .text.myTime_getNowTime
                0x0000114e        0xc model/time/myTime.o
                0x0000114e                myTime_getNowTime
 .text.myTime_getHour
                0x0000115a        0x8 model/time/myTime.o
                0x0000115a                myTime_getHour
 .text.myTime_getMin
                0x00001162        0x8 model/time/myTime.o
                0x00001162                myTime_getMin
 .text.prvInsertBlockIntoFreeList
                0x0000116a       0x9a FreeRTOS/src/heap_4.o
 .text.pvPortMalloc
                0x00001204      0x190 FreeRTOS/src/heap_4.o
                0x00001204                pvPortMalloc
 .text.vPortFree
                0x00001394       0x74 FreeRTOS/src/heap_4.o
                0x00001394                vPortFree
 .text.vListInitialise
                0x00001408       0x22 FreeRTOS/src/list.o
                0x00001408                vListInitialise
 .text.vListInitialiseItem
                0x0000142a        0x8 FreeRTOS/src/list.o
                0x0000142a                vListInitialiseItem
 .text.vListInsert
                0x00001432       0x7a FreeRTOS/src/list.o
                0x00001432                vListInsert
 .text.uxListRemove
                0x000014ac       0x4e FreeRTOS/src/list.o
                0x000014ac                uxListRemove
 .text.pxPortInitialiseStack
                0x000014fa       0x2e FreeRTOS/src/port.o
                0x000014fa                pxPortInitialiseStack
 .text.xPortStartScheduler
                0x00001528       0x78 FreeRTOS/src/port.o
                0x00001528                xPortStartScheduler
 .text.vPortYield
                0x000015a0       0xc2 FreeRTOS/src/port.o
                0x000015a0                vPortYield
 .text.vPortYieldFromTick
                0x00001662       0xca FreeRTOS/src/port.o
                0x00001662                vPortYieldFromTick
 .text.__vector_12
                0x0000172c        0x4 FreeRTOS/src/port.o
                0x0000172c                __vector_12
 .text.prvIsQueueEmpty
                0x00001730       0x16 FreeRTOS/src/queue.o
 .text.prvCopyDataToQueue
                0x00001746       0xbe FreeRTOS/src/queue.o
 .text.prvCopyDataFromQueue
                0x00001804       0x34 FreeRTOS/src/queue.o
 .text.prvUnlockQueue
                0x00001838       0x9a FreeRTOS/src/queue.o
 .text.xQueueGenericReset
                0x000018d2       0x86 FreeRTOS/src/queue.o
                0x000018d2                xQueueGenericReset
 .text.xQueueGenericCreate
                0x00001958       0x42 FreeRTOS/src/queue.o
                0x00001958                xQueueGenericCreate
 .text.xQueueGenericSend
                0x0000199a      0x146 FreeRTOS/src/queue.o
                0x0000199a                xQueueGenericSend
 .text.xQueueGenericSendFromISR
                0x00001ae0       0x76 FreeRTOS/src/queue.o
                0x00001ae0                xQueueGenericSendFromISR
 .text.xQueueReceive
                0x00001b56      0x132 FreeRTOS/src/queue.o
                0x00001b56                xQueueReceive
 .text.xQueueSemaphoreTake
                0x00001c88      0x19c FreeRTOS/src/queue.o
                0x00001c88                xQueueSemaphoreTake
 .text.vQueueWaitForMessageRestricted
                0x00001e24       0x38 FreeRTOS/src/queue.o
                0x00001e24                vQueueWaitForMessageRestricted
 .text.prvBytesInBuffer
                0x00001e5c       0x26 FreeRTOS/src/stream_buffer.o
 .text.prvWriteBytesToBuffer
                0x00001e82       0x92 FreeRTOS/src/stream_buffer.o
 .text.prvWriteMessageToBuffer
                0x00001f14       0x80 FreeRTOS/src/stream_buffer.o
 .text.prvReadBytesFromBuffer
                0x00001f94       0x9c FreeRTOS/src/stream_buffer.o
 .text.xStreamBufferGenericCreate
                0x00002030       0x6a FreeRTOS/src/stream_buffer.o
                0x00002030                xStreamBufferGenericCreate
 .text.xStreamBufferReset
                0x0000209a       0x74 FreeRTOS/src/stream_buffer.o
                0x0000209a                xStreamBufferReset
 .text.xStreamBufferSpacesAvailable
                0x0000210e       0x24 FreeRTOS/src/stream_buffer.o
                0x0000210e                xStreamBufferSpacesAvailable
 .text.xStreamBufferSend
                0x00002132      0x17c FreeRTOS/src/stream_buffer.o
                0x00002132                xStreamBufferSend
 .text.xStreamBufferSendFromISR
                0x000022ae       0x88 FreeRTOS/src/stream_buffer.o
                0x000022ae                xStreamBufferSendFromISR
 .text.xStreamBufferReceive
                0x00002336      0x156 FreeRTOS/src/stream_buffer.o
                0x00002336                xStreamBufferReceive
 .text.prvResetNextTaskUnblockTime
                0x0000248c       0x4e FreeRTOS/src/tasks.o
 .text.prvAddCurrentTaskToDelayedList
                0x000024da      0x144 FreeRTOS/src/tasks.o
 .text.xTaskCreate
                0x0000261e      0x274 FreeRTOS/src/tasks.o
                0x0000261e                xTaskCreate
 .text.vTaskStartScheduler
                0x00002892       0x70 FreeRTOS/src/tasks.o
                0x00002892                vTaskStartScheduler
 .text.vTaskSuspendAll
                0x00002902        0xc FreeRTOS/src/tasks.o
                0x00002902                vTaskSuspendAll
 .text.xTaskGetTickCount
                0x0000290e       0x1c FreeRTOS/src/tasks.o
                0x0000290e                xTaskGetTickCount
 .text.xTaskIncrementTick
                0x0000292a      0x260 FreeRTOS/src/tasks.o
                0x0000292a                xTaskIncrementTick
 .text.xTaskResumeAll
                0x00002b8a      0x1cc FreeRTOS/src/tasks.o
                0x00002b8a                xTaskResumeAll
 .text.vTaskDelay
                0x00002d56       0x32 FreeRTOS/src/tasks.o
                0x00002d56                vTaskDelay
 .text.vTaskSwitchContext
                0x00002d88       0xe2 FreeRTOS/src/tasks.o
                0x00002d88                vTaskSwitchContext
 .text.vTaskPlaceOnEventList
                0x00002e6a       0x2e FreeRTOS/src/tasks.o
                0x00002e6a                vTaskPlaceOnEventList
 .text.vTaskPlaceOnEventListRestricted
                0x00002e98       0x84 FreeRTOS/src/tasks.o
                0x00002e98                vTaskPlaceOnEventListRestricted
 .text.xTaskRemoveFromEventList
                0x00002f1c      0x160 FreeRTOS/src/tasks.o
                0x00002f1c                xTaskRemoveFromEventList
 .text.vTaskSetTimeOutState
                0x0000307c       0x2c FreeRTOS/src/tasks.o
                0x0000307c                vTaskSetTimeOutState
 .text.vTaskInternalSetTimeOutState
                0x000030a8       0x22 FreeRTOS/src/tasks.o
                0x000030a8                vTaskInternalSetTimeOutState
 .text.xTaskCheckForTimeOut
                0x000030ca       0xb2 FreeRTOS/src/tasks.o
                0x000030ca                xTaskCheckForTimeOut
 .text.vTaskMissedYield
                0x0000317c        0x8 FreeRTOS/src/tasks.o
                0x0000317c                vTaskMissedYield
 .text.xTaskGetCurrentTaskHandle
                0x00003184        0xa FreeRTOS/src/tasks.o
                0x00003184                xTaskGetCurrentTaskHandle
 .text.xTaskGetSchedulerState
                0x0000318e       0x1c FreeRTOS/src/tasks.o
                0x0000318e                xTaskGetSchedulerState
 .text.xTaskPriorityInherit
                0x000031aa      0x10e FreeRTOS/src/tasks.o
                0x000031aa                xTaskPriorityInherit
 .text.xTaskPriorityDisinherit
                0x000032b8       0xb6 FreeRTOS/src/tasks.o
                0x000032b8                xTaskPriorityDisinherit
 .text.vTaskPriorityDisinheritAfterTimeout
                0x0000336e       0xce FreeRTOS/src/tasks.o
                0x0000336e                vTaskPriorityDisinheritAfterTimeout
 .text.pvTaskIncrementMutexHeldCount
                0x0000343c       0x24 FreeRTOS/src/tasks.o
                0x0000343c                pvTaskIncrementMutexHeldCount
 .text.xTaskGenericNotifyWait
                0x00003460      0x150 FreeRTOS/src/tasks.o
                0x00003460                xTaskGenericNotifyWait
 .text.xTaskGenericNotify
                0x000035b0      0x1e8 FreeRTOS/src/tasks.o
                0x000035b0                xTaskGenericNotify
 .text.xTaskGenericNotifyFromISR
                0x00003798      0x23c FreeRTOS/src/tasks.o
                0x00003798                xTaskGenericNotifyFromISR
 .text.xTaskGenericNotifyStateClear
                0x000039d4       0x34 FreeRTOS/src/tasks.o
                0x000039d4                xTaskGenericNotifyStateClear
 .text.prvInsertTimerInActiveList
                0x00003a08       0x92 FreeRTOS/src/timers.o
 .text.prvCheckForValidListAndQueue
                0x00003a9a       0x52 FreeRTOS/src/timers.o
 .text.xTimerCreateTimerTask
                0x00003aec       0x42 FreeRTOS/src/timers.o
                0x00003aec                xTimerCreateTimerTask
 .text.xTimerGenericCommand
                0x00003b2e       0xbc FreeRTOS/src/timers.o
                0x00003b2e                xTimerGenericCommand
 .text.prvSampleTimeNow
                0x00003bea      0x12e FreeRTOS/src/timers.o
 .text.vApplicationIdleHook
                0x00003d18        0x2 FreeRTOS/src/variantHooks.o
                0x00003d18                vApplicationIdleHook
 .text.prvSetMainLedOn
                0x00003d1a        0x6 FreeRTOS/src/variantHooks.o
                0x00003d1a                prvSetMainLedOn
 .text.prvBlinkMainLed
                0x00003d20        0x4 FreeRTOS/src/variantHooks.o
                0x00003d20                prvBlinkMainLed
 .text.vApplicationMallocFailedHook
                0x00003d24       0x18 FreeRTOS/src/variantHooks.o
                0x00003d24                vApplicationMallocFailedHook
 .text.vApplicationStackOverflowHook
                0x00003d3c       0x18 FreeRTOS/src/variantHooks.o
                0x00003d3c                vApplicationStackOverflowHook
 .text.lora_handler_decodeUplink
                0x00003d54       0x5a LoRaWANHandler.o
                0x00003d54                lora_handler_decodeUplink
 .text.lora_handler_decodeDownlink
                0x00003dae      0x144 LoRaWANHandler.o
                0x00003dae                lora_handler_decodeDownlink
 .text.lora_handler_task
                0x00003ef2      0x380 LoRaWANHandler.o
                0x00003ef2                lora_handler_task
 .text.lora_handler_initialise
                0x00004272       0x30 LoRaWANHandler.o
                0x00004272                lora_handler_initialise
 .text.initialiseSystem
                0x000042a2       0x86 main.o
                0x000042a2                initialiseSystem
 .text.main     0x00004328       0x1e main.o
                0x00004328                main
 .text.avr-libc.fplib
                0x00004346        0xa d:/program files (x86)/atmel/studio/7.0/toolchain/avr8/avr8-gnu-toolchain/bin/../lib/gcc/avr/5.4.0/../../../../avr/lib/avr6\libm.a(addsf3.o)
                0x00004346                __subsf3
                0x00004348                __addsf3
 .text.avr-libc.fplib
                0x00004350       0xc0 d:/program files (x86)/atmel/studio/7.0/toolchain/avr8/avr8-gnu-toolchain/bin/../lib/gcc/avr/5.4.0/../../../../avr/lib/avr6\libm.a(addsf3x.o)
                0x0000436a                __addsf3x
 .text.avr-libc.fplib
                0x00004410        0x4 d:/program files (x86)/atmel/studio/7.0/toolchain/avr8/avr8-gnu-toolchain/bin/../lib/gcc/avr/5.4.0/../../../../avr/lib/avr6\libm.a(divsf3.o)
                0x00004410                __divsf3
 .text.avr-libc.fplib
                0x00004414       0xcc d:/program files (x86)/atmel/studio/7.0/toolchain/avr8/avr8-gnu-toolchain/bin/../lib/gcc/avr/5.4.0/../../../../avr/lib/avr6\libm.a(divsf3x.o)
                0x0000442a                __divsf3x
                0x0000442e                __divsf3_pse
 .text.avr-libc.fplib
                0x000044e0        0xa d:/program files (x86)/atmel/studio/7.0/toolchain/avr8/avr8-gnu-toolchain/bin/../lib/gcc/avr/5.4.0/../../../../avr/lib/avr6\libm.a(fixsfsi.o)
                0x000044e0                __fixsfsi
 .text.avr-libc.fplib
                0x000044ea       0x58 d:/program files (x86)/atmel/studio/7.0/toolchain/avr8/avr8-gnu-toolchain/bin/../lib/gcc/avr/5.4.0/../../../../avr/lib/avr6\libm.a(fixunssfsi.o)
                0x000044ea                __fixunssfsi
 .text.avr-libc.fplib
                0x00004542       0x7a d:/program files (x86)/atmel/studio/7.0/toolchain/avr8/avr8-gnu-toolchain/bin/../lib/gcc/avr/5.4.0/../../../../avr/lib/avr6\libm.a(floatsisf.o)
                0x00004542                __floatunsisf
                0x00004546                __floatsisf
 .text.avr-libc.fplib
                0x000045bc        0xc d:/program files (x86)/atmel/studio/7.0/toolchain/avr8/avr8-gnu-toolchain/bin/../lib/gcc/avr/5.4.0/../../../../avr/lib/avr6\libm.a(fp_inf.o)
                0x000045bc                __fp_inf
 .text.avr-libc.fplib
                0x000045c8        0x6 d:/program files (x86)/atmel/studio/7.0/toolchain/avr8/avr8-gnu-toolchain/bin/../lib/gcc/avr/5.4.0/../../../../avr/lib/avr6\libm.a(fp_nan.o)
                0x000045c8                __fp_nan
 .text.avr-libc.fplib
                0x000045ce        0xe d:/program files (x86)/atmel/studio/7.0/toolchain/avr8/avr8-gnu-toolchain/bin/../lib/gcc/avr/5.4.0/../../../../avr/lib/avr6\libm.a(fp_pscA.o)
                0x000045ce                __fp_pscA
 .text.avr-libc.fplib
                0x000045dc        0xe d:/program files (x86)/atmel/studio/7.0/toolchain/avr8/avr8-gnu-toolchain/bin/../lib/gcc/avr/5.4.0/../../../../avr/lib/avr6\libm.a(fp_pscB.o)
                0x000045dc                __fp_pscB
 .text.avr-libc.fplib
                0x000045ea       0x22 d:/program files (x86)/atmel/studio/7.0/toolchain/avr8/avr8-gnu-toolchain/bin/../lib/gcc/avr/5.4.0/../../../../avr/lib/avr6\libm.a(fp_round.o)
                0x000045ea                __fp_round
 .text.avr-libc.fplib
                0x0000460c       0x44 d:/program files (x86)/atmel/studio/7.0/toolchain/avr8/avr8-gnu-toolchain/bin/../lib/gcc/avr/5.4.0/../../../../avr/lib/avr6\libm.a(fp_split3.o)
                0x0000460c                __fp_split3
                0x0000461c                __fp_splitA
 .text.avr-libc.fplib
                0x00004650        0xe d:/program files (x86)/atmel/studio/7.0/toolchain/avr8/avr8-gnu-toolchain/bin/../lib/gcc/avr/5.4.0/../../../../avr/lib/avr6\libm.a(fp_zero.o)
                0x00004650                __fp_zero
                0x00004652                __fp_szero
 .text.avr-libc.fplib
                0x0000465e        0x4 d:/program files (x86)/atmel/studio/7.0/toolchain/avr8/avr8-gnu-toolchain/bin/../lib/gcc/avr/5.4.0/../../../../avr/lib/avr6\libm.a(mulsf3.o)
                0x0000465e                __mulsf3
 .text.avr-libc.fplib
                0x00004662       0xc2 d:/program files (x86)/atmel/studio/7.0/toolchain/avr8/avr8-gnu-toolchain/bin/../lib/gcc/avr/5.4.0/../../../../avr/lib/avr6\libm.a(mulsf3x.o)
                0x00004676                __mulsf3x
                0x0000467a                __mulsf3_pse
 .text._spiCallBack
                0x00004724       0x34 ../drivers\libIotLibrary.a(display_7seg.o)
 .text.display_7seg_displayErr
                0x00004758       0x18 ../drivers\libIotLibrary.a(display_7seg.o)
                0x00004758                display_7seg_displayErr
 .text.display_7seg_display
                0x00004770      0x14c ../drivers\libIotLibrary.a(display_7seg.o)
                0x00004770                display_7seg_display
 .text.display_7seg_powerUp
                0x000048bc        0x8 ../drivers\libIotLibrary.a(display_7seg.o)
                0x000048bc                display_7seg_powerUp
 .text.display_7seg_powerDown
                0x000048c4        0xe ../drivers\libIotLibrary.a(display_7seg.o)
                0x000048c4                display_7seg_powerDown
 .text.display_7seg_initialise
                0x000048d2       0x7c ../drivers\libIotLibrary.a(display_7seg.o)
                0x000048d2                display_7seg_initialise
 .text.__vector_21
                0x0000494e       0xe2 ../drivers\libIotLibrary.a(display_7seg.o)
                0x0000494e                __vector_21
 .text._hihTwiCallback
                0x00004a30       0x5a ../drivers\libIotLibrary.a(hih8120.o)
 .text.hih8120_initialise
                0x00004a8a       0x30 ../drivers\libIotLibrary.a(hih8120.o)
                0x00004a8a                hih8120_initialise
 .text.hih8120_wakeup
                0x00004aba       0x2a ../drivers\libIotLibrary.a(hih8120.o)
                0x00004aba                hih8120_wakeup
 .text.hih8120_measure
                0x00004ae4       0x22 ../drivers\libIotLibrary.a(hih8120.o)
                0x00004ae4                hih8120_measure
 .text.hih8120_getHumidity
                0x00004b06       0x24 ../drivers\libIotLibrary.a(hih8120.o)
                0x00004b06                hih8120_getHumidity
 .text.hih8120_getTemperature
                0x00004b2a       0x2e ../drivers\libIotLibrary.a(hih8120.o)
                0x00004b2a                hih8120_getTemperature
 .text._serialCallBack
                0x00004b58       0x8c ../drivers\libIotLibrary.a(lora_driver.o)
 .text._uploadMessage
                0x00004be4       0xb4 ../drivers\libIotLibrary.a(lora_driver.o)
 .text._reply2ReturnCode
                0x00004c98       0xea ../drivers\libIotLibrary.a(lora_driver.o)
 .text._uploadMessageRc
                0x00004d82        0x6 ../drivers\libIotLibrary.a(lora_driver.o)
 .text.lora_driver_initialise
                0x00004d88       0x80 ../drivers\libIotLibrary.a(lora_driver.o)
                0x00004d88                lora_driver_initialise
 .text.lora_driver_resetRn2483
                0x00004e08       0x1c ../drivers\libIotLibrary.a(lora_driver.o)
                0x00004e08                lora_driver_resetRn2483
 .text.lora_driver_rn2483FactoryReset
                0x00004e24       0x24 ../drivers\libIotLibrary.a(lora_driver.o)
                0x00004e24                lora_driver_rn2483FactoryReset
 .text.lora_driver_getRn2483Hweui
                0x00004e48       0x38 ../drivers\libIotLibrary.a(lora_driver.o)
                0x00004e48                lora_driver_getRn2483Hweui
 .text.lora_driver_setDeviceIdentifier
                0x00004e80       0x22 ../drivers\libIotLibrary.a(lora_driver.o)
                0x00004e80                lora_driver_setDeviceIdentifier
 .text.lora_driver_setApplicationIdentifier
                0x00004ea2       0x22 ../drivers\libIotLibrary.a(lora_driver.o)
                0x00004ea2                lora_driver_setApplicationIdentifier
 .text.lora_driver_setApplicationKey
                0x00004ec4       0x22 ../drivers\libIotLibrary.a(lora_driver.o)
                0x00004ec4                lora_driver_setApplicationKey
 .text.lora_driver_saveMac
                0x00004ee6        0xc ../drivers\libIotLibrary.a(lora_driver.o)
                0x00004ee6                lora_driver_saveMac
 .text.lora_driver_join
                0x00004ef2       0x52 ../drivers\libIotLibrary.a(lora_driver.o)
                0x00004ef2                lora_driver_join
 .text.lora_driver_sendUploadMessage
                0x00004f44      0x196 ../drivers\libIotLibrary.a(lora_driver.o)
                0x00004f44                lora_driver_sendUploadMessage
 .text.lora_driver_setAdaptiveDataRate
                0x000050da       0x16 ../drivers\libIotLibrary.a(lora_driver.o)
                0x000050da                lora_driver_setAdaptiveDataRate
 .text.lora_driver_setReceiveDelay
                0x000050f0       0x30 ../drivers\libIotLibrary.a(lora_driver.o)
                0x000050f0                lora_driver_setReceiveDelay
 .text.lora_driver_configureToEu868
                0x00005120      0x1bc ../drivers\libIotLibrary.a(lora_driver.o)
                0x00005120                lora_driver_configureToEu868
 .text.lora_driver_setOtaaIdentity
                0x000052dc       0x42 ../drivers\libIotLibrary.a(lora_driver.o)
                0x000052dc                lora_driver_setOtaaIdentity
 .text.lora_driver_mapReturnCodeToText
                0x0000531e       0x18 ../drivers\libIotLibrary.a(lora_driver.o)
                0x0000531e                lora_driver_mapReturnCodeToText
 .text.decode_port_no
                0x00005336       0x58 ../drivers\libIotLibrary.a(lora_driver_utils.o)
                0x00005336                decode_port_no
 .text.decode_hexadecimal_string_bytes
                0x0000538e       0x92 ../drivers\libIotLibrary.a(lora_driver_utils.o)
                0x0000538e                decode_hexadecimal_string_bytes
 .text._serialCallBack
                0x00005420       0xb6 ../drivers\libIotLibrary.a(mh_z19.o)
 .text.mh_z19_initialise
                0x000054d6       0x4a ../drivers\libIotLibrary.a(mh_z19.o)
                0x000054d6                mh_z19_initialise
 .text.mh_z19_takeMeassuring
                0x00005520       0x5e ../drivers\libIotLibrary.a(mh_z19.o)
                0x00005520                mh_z19_takeMeassuring
 .text.mh_z19_getCo2Ppm
                0x0000557e       0x22 ../drivers\libIotLibrary.a(mh_z19.o)
                0x0000557e                mh_z19_getCo2Ppm
 .text.serial_create
                0x000055a0      0x150 ../drivers\libIotLibrary.a(serial.o)
                0x000055a0                serial_create
 .text.serial_sendByte
                0x000056f0       0x56 ../drivers\libIotLibrary.a(serial.o)
                0x000056f0                serial_sendByte
 .text.serial_sendBytes
                0x00005746       0xaa ../drivers\libIotLibrary.a(serial.o)
                0x00005746                serial_sendBytes
 .text.serial_getByte
                0x000057f0       0x40 ../drivers\libIotLibrary.a(serial.o)
                0x000057f0                serial_getByte
 .text.__vector_25
                0x00005830       0xa4 ../drivers\libIotLibrary.a(serial.o)
                0x00005830                __vector_25
 .text.__vector_26
                0x000058d4       0x88 ../drivers\libIotLibrary.a(serial.o)
                0x000058d4                __vector_26
 .text.__vector_36
                0x0000595c       0xa4 ../drivers\libIotLibrary.a(serial.o)
                0x0000595c                __vector_36
 .text.__vector_37
                0x00005a00       0x88 ../drivers\libIotLibrary.a(serial.o)
                0x00005a00                __vector_37
 .text.__vector_51
                0x00005a88       0xa4 ../drivers\libIotLibrary.a(serial.o)
                0x00005a88                __vector_51
 .text.__vector_52
                0x00005b2c       0x88 ../drivers\libIotLibrary.a(serial.o)
                0x00005b2c                __vector_52
 .text.__vector_54
                0x00005bb4       0xa4 ../drivers\libIotLibrary.a(serial.o)
                0x00005bb4                __vector_54
 .text.__vector_55
                0x00005c58       0x88 ../drivers\libIotLibrary.a(serial.o)
                0x00005c58                __vector_55
 .text.usart_getchar
                0x00005ce0       0x2a ../drivers\libIotLibrary.a(stdio_driver.o)
 .text.usart_putchar
                0x00005d0a       0x12 ../drivers\libIotLibrary.a(stdio_driver.o)
 .text.stdio_initialise
                0x00005d1c       0x52 ../drivers\libIotLibrary.a(stdio_driver.o)
                0x00005d1c                stdio_initialise
 .text._select_instance
                0x00005d6e       0x72 ../drivers\libIotLibrary.a(spi_iha.o)
 .text.spi_create
                0x00005de0      0x1a4 ../drivers\libIotLibrary.a(spi_iha.o)
                0x00005de0                spi_create
 .text.spi_sendByte
                0x00005f84       0xea ../drivers\libIotLibrary.a(spi_iha.o)
                0x00005f84                spi_sendByte
 .text.__vector_24
                0x0000606e      0x136 ../drivers\libIotLibrary.a(spi_iha.o)
                0x0000606e                __vector_24
 .text._turn_off
                0x000061a4       0x98 ../drivers\libIotLibrary.a(status_leds.o)
 .text._turn_on
                0x0000623c       0x98 ../drivers\libIotLibrary.a(status_leds.o)
 .text.status_leds_slowBlink
                0x000062d4       0x46 ../drivers\libIotLibrary.a(status_leds.o)
                0x000062d4                status_leds_slowBlink
 .text.status_leds_fastBlink
                0x0000631a       0x46 ../drivers\libIotLibrary.a(status_leds.o)
                0x0000631a                status_leds_fastBlink
 .text.status_leds_ledOn
                0x00006360       0x1e ../drivers\libIotLibrary.a(status_leds.o)
                0x00006360                status_leds_ledOn
 .text.status_leds_ledOff
                0x0000637e       0x1e ../drivers\libIotLibrary.a(status_leds.o)
                0x0000637e                status_leds_ledOff
 .text.status_leds_longPuls
                0x0000639c       0x24 ../drivers\libIotLibrary.a(status_leds.o)
                0x0000639c                status_leds_longPuls
 .text.status_leds_shortPuls
                0x000063c0       0x24 ../drivers\libIotLibrary.a(status_leds.o)
                0x000063c0                status_leds_shortPuls
 .text._initTwiInterface
                0x000063e4       0x22 ../drivers\libIotLibrary.a(twi.o)
 .text.twiCreate
                0x00006406       0x9a ../drivers\libIotLibrary.a(twi.o)
                0x00006406                twiCreate
 .text.twiIsBusy
                0x000064a0        0x8 ../drivers\libIotLibrary.a(twi.o)
                0x000064a0                twiIsBusy
 .text.twiTransmit
                0x000064a8       0x98 ../drivers\libIotLibrary.a(twi.o)
                0x000064a8                twiTransmit
 .text.twiReceive
                0x00006540       0x66 ../drivers\libIotLibrary.a(twi.o)
                0x00006540                twiReceive
 .text.__vector_39
                0x000065a6      0x17a ../drivers\libIotLibrary.a(twi.o)
                0x000065a6                __vector_39
 .text.fifo_init
                0x00006720       0x38 ../drivers\libIotLibrary.a(fifo.o)
                0x00006720                fifo_init
 .text.avr-libc.fplib
                0x00006758       0x28 d:/program files (x86)/atmel/studio/7.0/toolchain/avr8/avr8-gnu-toolchain/bin/../lib/gcc/avr/5.4.0/../../../../avr/lib/avr6\libm.a(floor.o)
                0x00006758                floor
 .text.avr-libc.fplib
                0x00006780       0x36 d:/program files (x86)/atmel/studio/7.0/toolchain/avr8/avr8-gnu-toolchain/bin/../lib/gcc/avr/5.4.0/../../../../avr/lib/avr6\libm.a(fp_mintl.o)
                0x00006780                __fp_mintl
 .text.avr-libc.fplib
                0x000067b6       0x1c d:/program files (x86)/atmel/studio/7.0/toolchain/avr8/avr8-gnu-toolchain/bin/../lib/gcc/avr/5.4.0/../../../../avr/lib/avr6\libm.a(fp_mpack.o)
                0x000067b6                __fp_mpack
                0x000067ba                __fp_mpack_finite
 .text.avr-libc.fplib
                0x000067d2       0x30 d:/program files (x86)/atmel/studio/7.0/toolchain/avr8/avr8-gnu-toolchain/bin/../lib/gcc/avr/5.4.0/../../../../avr/lib/avr6\libm.a(fp_trunc.o)
                0x000067d2                __fp_trunc
 .text.avr-libc.fplib
                0x00006802       0x9c d:/program files (x86)/atmel/studio/7.0/toolchain/avr8/avr8-gnu-toolchain/bin/../lib/gcc/avr/5.4.0/../../../../avr/lib/avr6\libm.a(pow.o)
                0x00006802                pow
 .text.avr-libc.fplib
                0x0000689e       0x6c d:/program files (x86)/atmel/studio/7.0/toolchain/avr8/avr8-gnu-toolchain/bin/../lib/gcc/avr/5.4.0/../../../../avr/lib/avr6\libm.a(exp.o)
                0x000068ae                exp
 .text.avr-libc.fplib
                0x0000690a       0x4e d:/program files (x86)/atmel/studio/7.0/toolchain/avr8/avr8-gnu-toolchain/bin/../lib/gcc/avr/5.4.0/../../../../avr/lib/avr6\libm.a(fp_powser.o)
                0x0000690a                __fp_powser
 .text.avr-libc.fplib
                0x00006958       0x10 d:/program files (x86)/atmel/studio/7.0/toolchain/avr8/avr8-gnu-toolchain/bin/../lib/gcc/avr/5.4.0/../../../../avr/lib/avr6\libm.a(inverse.o)
                0x00006958                inverse
 .text.avr-libc.fplib
                0x00006968       0x72 d:/program files (x86)/atmel/studio/7.0/toolchain/avr8/avr8-gnu-toolchain/bin/../lib/gcc/avr/5.4.0/../../../../avr/lib/avr6\libm.a(ldexp.o)
                0x0000696e                ldexp
 .text.avr-libc.fplib
                0x000069da       0x9c d:/program files (x86)/atmel/studio/7.0/toolchain/avr8/avr8-gnu-toolchain/bin/../lib/gcc/avr/5.4.0/../../../../avr/lib/avr6\libm.a(log.o)
                0x000069e8                log
 .text.avr-libc.fplib
                0x00006a76       0x68 d:/program files (x86)/atmel/studio/7.0/toolchain/avr8/avr8-gnu-toolchain/bin/../lib/gcc/avr/5.4.0/../../../../avr/lib/avr6\libm.a(modf.o)
                0x00006a76                modf
                0x00006a76                modff
 .text.libgcc.div
                0x00006ade       0x26 d:/program files (x86)/atmel/studio/7.0/toolchain/avr8/avr8-gnu-toolchain/bin/../lib/gcc/avr/5.4.0/avr6\libgcc.a(_divmodhi4.o)
                0x00006ade                _div
                0x00006ade                __divmodhi4
 .text.libgcc.div
                0x00006b04       0x44 d:/program files (x86)/atmel/studio/7.0/toolchain/avr8/avr8-gnu-toolchain/bin/../lib/gcc/avr/5.4.0/avr6\libgcc.a(_udivmodsi4.o)
                0x00006b04                __udivmodsi4
 .text.libgcc   0x00006b48       0x10 d:/program files (x86)/atmel/studio/7.0/toolchain/avr8/avr8-gnu-toolchain/bin/../lib/gcc/avr/5.4.0/avr6\libgcc.a(_tablejump2.o)
                0x00006b48                __tablejump2__
 .text.libgcc.mul
                0x00006b58       0x14 d:/program files (x86)/atmel/studio/7.0/toolchain/avr8/avr8-gnu-toolchain/bin/../lib/gcc/avr/5.4.0/avr6\libgcc.a(_muluhisi3.o)
                0x00006b58                __muluhisi3
 .text.libgcc.div
                0x00006b6c       0x28 d:/program files (x86)/atmel/studio/7.0/toolchain/avr8/avr8-gnu-toolchain/bin/../lib/gcc/avr/5.4.0/avr6\libgcc.a(_udivmodhi4.o)
                0x00006b6c                __udivmodhi4
 .text.libgcc.mul
                0x00006b94       0x1e d:/program files (x86)/atmel/studio/7.0/toolchain/avr8/avr8-gnu-toolchain/bin/../lib/gcc/avr/5.4.0/avr6\libgcc.a(_umulhisi3.o)
                0x00006b94                __umulhisi3
 .text.avr-libc
                0x00006bb2       0x34 d:/program files (x86)/atmel/studio/7.0/toolchain/avr8/avr8-gnu-toolchain/bin/../lib/gcc/avr/5.4.0/../../../../avr/lib/avr6\libc.a(calloc.o)
                0x00006bb2                calloc
 .text.avr-libc
                0x00006be6      0x242 d:/program files (x86)/atmel/studio/7.0/toolchain/avr8/avr8-gnu-toolchain/bin/../lib/gcc/avr/5.4.0/../../../../avr/lib/avr6\libc.a(malloc.o)
                0x00006be6                malloc
                0x00006d16                free
 .text.avr-libc
                0x00006e28        0x8 d:/program files (x86)/atmel/studio/7.0/toolchain/avr8/avr8-gnu-toolchain/bin/../lib/gcc/avr/5.4.0/../../../../avr/lib/avr6\libc.a(abort.o)
                0x00006e28                abort
 .text.avr-libc
                0x00006e30       0x12 d:/program files (x86)/atmel/studio/7.0/toolchain/avr8/avr8-gnu-toolchain/bin/../lib/gcc/avr/5.4.0/../../../../avr/lib/avr6\libc.a(memcpy.o)
                0x00006e30                memcpy
 .text.avr-libc
                0x00006e42        0xe d:/program files (x86)/atmel/studio/7.0/toolchain/avr8/avr8-gnu-toolchain/bin/../lib/gcc/avr/5.4.0/../../../../avr/lib/avr6\libc.a(memset.o)
                0x00006e42                memset
 .text.avr-libc
                0x00006e50       0x4a d:/program files (x86)/atmel/studio/7.0/toolchain/avr8/avr8-gnu-toolchain/bin/../lib/gcc/avr/5.4.0/../../../../avr/lib/avr6\libc.a(strcasestr.o)
                0x00006e50                strcasestr
 .text.avr-libc
                0x00006e9a       0x16 d:/program files (x86)/atmel/studio/7.0/toolchain/avr8/avr8-gnu-toolchain/bin/../lib/gcc/avr/5.4.0/../../../../avr/lib/avr6\libc.a(strcat.o)
                0x00006e9a                strcat
 .text.avr-libc
                0x00006eb0        0xe d:/program files (x86)/atmel/studio/7.0/toolchain/avr8/avr8-gnu-toolchain/bin/../lib/gcc/avr/5.4.0/../../../../avr/lib/avr6\libc.a(strcpy.o)
                0x00006eb0                strcpy
 .text.avr-libc
                0x00006ebe       0x30 d:/program files (x86)/atmel/studio/7.0/toolchain/avr8/avr8-gnu-toolchain/bin/../lib/gcc/avr/5.4.0/../../../../avr/lib/avr6\libc.a(strncasecmp.o)
                0x00006ebe                strncasecmp
 .text.avr-libc
                0x00006eee       0x26 d:/program files (x86)/atmel/studio/7.0/toolchain/avr8/avr8-gnu-toolchain/bin/../lib/gcc/avr/5.4.0/../../../../avr/lib/avr6\libc.a(printf.o)
                0x00006eee                printf
 .text.avr-libc
                0x00006f14       0x60 d:/program files (x86)/atmel/studio/7.0/toolchain/avr8/avr8-gnu-toolchain/bin/../lib/gcc/avr/5.4.0/../../../../avr/lib/avr6\libc.a(puts.o)
                0x00006f14                puts
 .text.avr-libc
                0x00006f74       0x5c d:/program files (x86)/atmel/studio/7.0/toolchain/avr8/avr8-gnu-toolchain/bin/../lib/gcc/avr/5.4.0/../../../../avr/lib/avr6\libc.a(sprintf.o)
                0x00006f74                sprintf
 .text.avr-libc
                0x00006fd0      0x3fa d:/program files (x86)/atmel/studio/7.0/toolchain/avr8/avr8-gnu-toolchain/bin/../lib/gcc/avr/5.4.0/../../../../avr/lib/avr6\libc.a(vfprintf_std.o)
                0x00006fd0                vfprintf
 .text.avr-libc
                0x000073ca       0x16 d:/program files (x86)/atmel/studio/7.0/toolchain/avr8/avr8-gnu-toolchain/bin/../lib/gcc/avr/5.4.0/../../../../avr/lib/avr6\libc.a(strnlen_P.o)
                0x000073ca                strnlen_P
 .text.avr-libc
                0x000073e0       0x16 d:/program files (x86)/atmel/studio/7.0/toolchain/avr8/avr8-gnu-toolchain/bin/../lib/gcc/avr/5.4.0/../../../../avr/lib/avr6\libc.a(strnlen.o)
                0x000073e0                strnlen
 .text.avr-libc
                0x000073f6       0x78 d:/program files (x86)/atmel/studio/7.0/toolchain/avr8/avr8-gnu-toolchain/bin/../lib/gcc/avr/5.4.0/../../../../avr/lib/avr6\libc.a(fputc.o)
                0x000073f6                fputc
 .text.avr-libc
                0x0000746e       0xbc d:/program files (x86)/atmel/studio/7.0/toolchain/avr8/avr8-gnu-toolchain/bin/../lib/gcc/avr/5.4.0/../../../../avr/lib/avr6\libc.a(ultoa_invert.o)
                0x0000746e                __ultoa_invert
                0x0000752a                . = ALIGN (0x2)
 *(.fini9)
 .fini9         0x0000752a        0x0 d:/program files (x86)/atmel/studio/7.0/toolchain/avr8/avr8-gnu-toolchain/bin/../lib/gcc/avr/5.4.0/avr6\libgcc.a(_exit.o)
                0x0000752a                _exit
                0x0000752a                exit
 *(.fini9)
 *(.fini8)
 *(.fini8)
 *(.fini7)
 *(.fini7)
 *(.fini6)
 *(.fini6)
 *(.fini5)
 *(.fini5)
 *(.fini4)
 *(.fini4)
 *(.fini3)
 *(.fini3)
 *(.fini2)
 *(.fini2)
 *(.fini1)
 *(.fini1)
 *(.fini0)
 .fini0         0x0000752a        0x4 d:/program files (x86)/atmel/studio/7.0/toolchain/avr8/avr8-gnu-toolchain/bin/../lib/gcc/avr/5.4.0/avr6\libgcc.a(_exit.o)
 *(.fini0)
                0x0000752e                _etext = .

.data           0x00800200      0x65e load address 0x0000752e
                0x00800200                PROVIDE (__data_start, .)
 *(.data)
 .data          0x00800200        0x6 d:/program files (x86)/atmel/studio/7.0/toolchain/avr8/avr8-gnu-toolchain/bin/../lib/gcc/avr/5.4.0/../../../../avr/lib/avr6\libc.a(malloc.o)
                0x00800200                __malloc_heap_end
                0x00800202                __malloc_heap_start
                0x00800204                __malloc_margin
 *(.data*)
 .data.uxTopUsedPriority
                0x00800206        0x1 FreeRTOS/src/tasks.o
                0x00800206                uxTopUsedPriority
 .data._temp    0x00800207        0x2 ../drivers\libIotLibrary.a(hih8120.o)
 .data._hum     0x00800209        0x2 ../drivers\libIotLibrary.a(hih8120.o)
 .data._com_port_2_udr
                0x0080020b        0x8 ../drivers\libIotLibrary.a(serial.o)
                0x0080020b                _com_port_2_udr
 .data.mystdout.1882
                0x00800213        0xe ../drivers\libIotLibrary.a(stdio_driver.o)
 .data._twiCurrentState
                0x00800221        0x1 ../drivers\libIotLibrary.a(twi.o)
 *(.gnu.linkonce.d*)
 *(.rodata)
 .rodata        0x00800222       0x20 ../drivers\libIotLibrary.a(lora_driver.o)
 .rodata        0x00800242       0x2d ../drivers\libIotLibrary.a(mh_z19.o)
 *(.rodata*)
 .rodata.str1.1
                0x0080026f       0x33 controller/CO2SensorController.o
 .rodata.str1.1
                0x008002a2       0x32 controller/sevenSegmentDisplayController.o
 .rodata.str1.1
                0x008002d4       0x80 controller/tempHumSensorController.o
 .rodata.str1.1
                0x00800354       0x2b model/time/myTime.o
 .rodata.str1.1
                0x0080037f        0x5 FreeRTOS/src/tasks.o
 .rodata.str1.1
                0x00800384        0x8 FreeRTOS/src/timers.o
 .rodata.str1.1
                0x0080038c      0x1c9 LoRaWANHandler.o
                                0x1cc (size before relaxing)
 .rodata.str1.1
                0x00800555       0x37 main.o
 .rodata._int2Seg
                0x0080058c       0x10 ../drivers\libIotLibrary.a(display_7seg.o)
 .rodata.str1.1
                0x0080059c      0x284 ../drivers\libIotLibrary.a(lora_driver.o)
                                0x2a5 (size before relaxing)
 .rodata._joinMode
                0x00800820        0x4 ../drivers\libIotLibrary.a(lora_driver.o)
 .rodata._returnCode
                0x00800824       0x33 ../drivers\libIotLibrary.a(lora_driver.o)
                0x00800824                _returnCode
 .rodata._prescaler_mask
                0x00800857        0x7 ../drivers\libIotLibrary.a(spi_iha.o)
 *(.gnu.linkonce.r*)
                0x0080085e                . = ALIGN (0x2)
                0x0080085e                _edata = .
                0x0080085e                PROVIDE (__data_end, .)

.bss            0x0080085e      0xd05
                0x0080085e                PROVIDE (__bss_start, .)
 *(.bss)
 *(.bss*)
 .bss.humility  0x0080085e        0x4 controller/tempHumSensorController.o
                0x0080085e                humility
 .bss.temperature
                0x00800862        0x4 controller/tempHumSensorController.o
                0x00800862                temperature
 .bss.xBlockAllocatedBit
                0x00800866        0x2 FreeRTOS/src/heap_4.o
 .bss.xNumberOfSuccessfulFrees
                0x00800868        0x2 FreeRTOS/src/heap_4.o
 .bss.xNumberOfSuccessfulAllocations
                0x0080086a        0x2 FreeRTOS/src/heap_4.o
 .bss.xMinimumEverFreeBytesRemaining
                0x0080086c        0x2 FreeRTOS/src/heap_4.o
 .bss.xFreeBytesRemaining
                0x0080086e        0x2 FreeRTOS/src/heap_4.o
 .bss.pxEnd     0x00800870        0x2 FreeRTOS/src/heap_4.o
 .bss.xStart    0x00800872        0x4 FreeRTOS/src/heap_4.o
 .bss.ucHeap    0x00800876      0x9c4 FreeRTOS/src/heap_4.o
 .bss.uxSchedulerSuspended
                0x0080123a        0x1 FreeRTOS/src/tasks.o
 .bss.xIdleTaskHandle
                0x0080123b        0x2 FreeRTOS/src/tasks.o
 .bss.xNextTaskUnblockTime
                0x0080123d        0x4 FreeRTOS/src/tasks.o
 .bss.uxTaskNumber
                0x00801241        0x1 FreeRTOS/src/tasks.o
 .bss.xNumOfOverflows
                0x00801242        0x1 FreeRTOS/src/tasks.o
 .bss.xYieldPending
                0x00801243        0x1 FreeRTOS/src/tasks.o
 .bss.xPendedTicks
                0x00801244        0x4 FreeRTOS/src/tasks.o
 .bss.xSchedulerRunning
                0x00801248        0x1 FreeRTOS/src/tasks.o
 .bss.uxTopReadyPriority
                0x00801249        0x1 FreeRTOS/src/tasks.o
 .bss.xTickCount
                0x0080124a        0x4 FreeRTOS/src/tasks.o
 .bss.uxCurrentNumberOfTasks
                0x0080124e        0x1 FreeRTOS/src/tasks.o
 .bss.xSuspendedTaskList
                0x0080124f        0xb FreeRTOS/src/tasks.o
 .bss.uxDeletedTasksWaitingCleanUp
                0x0080125a        0x1 FreeRTOS/src/tasks.o
 .bss.xTasksWaitingTermination
                0x0080125b        0xb FreeRTOS/src/tasks.o
 .bss.xPendingReadyList
                0x00801266        0xb FreeRTOS/src/tasks.o
 .bss.pxOverflowDelayedTaskList
                0x00801271        0x2 FreeRTOS/src/tasks.o
 .bss.pxDelayedTaskList
                0x00801273        0x2 FreeRTOS/src/tasks.o
 .bss.xDelayedTaskList2
                0x00801275        0xb FreeRTOS/src/tasks.o
 .bss.xDelayedTaskList1
                0x00801280        0xb FreeRTOS/src/tasks.o
 .bss.pxReadyTasksLists
                0x0080128b       0x6e FreeRTOS/src/tasks.o
 .bss.pxCurrentTCB
                0x008012f9        0x2 FreeRTOS/src/tasks.o
                0x008012f9                pxCurrentTCB
 .bss.xLastTime.2436
                0x008012fb        0x4 FreeRTOS/src/timers.o
 .bss.xTimerTaskHandle
                0x008012ff        0x2 FreeRTOS/src/timers.o
 .bss.xTimerQueue
                0x00801301        0x2 FreeRTOS/src/timers.o
 .bss.pxOverflowTimerList
                0x00801303        0x2 FreeRTOS/src/timers.o
 .bss.pxCurrentTimerList
                0x00801305        0x2 FreeRTOS/src/timers.o
 .bss.xActiveTimerList2
                0x00801307        0xb FreeRTOS/src/timers.o
 .bss.xActiveTimerList1
                0x00801312        0xb FreeRTOS/src/timers.o
 .bss.downLinkBufferHandle
                0x0080131d        0x2 LoRaWANHandler.o
 .bss.downlinkPayload
                0x0080131f       0x16 LoRaWANHandler.o
 .bss._uplink_payload
                0x00801335       0x16 LoRaWANHandler.o
 .bss._out_buf  0x0080134b       0x64 LoRaWANHandler.o
 .bss.downLinkMessageBufferHandle
                0x008013af        0x2 main.o
 .bss._displayDoneCallBack
                0x008013b1        0x2 ../drivers\libIotLibrary.a(display_7seg.o)
 .bss._scrollIndex
                0x008013b3        0x1 ../drivers\libIotLibrary.a(display_7seg.o)
 .bss._maxHexSegmentindex
                0x008013b4        0x1 ../drivers\libIotLibrary.a(display_7seg.o)
 .bss._intCounter
                0x008013b5        0x2 ../drivers\libIotLibrary.a(display_7seg.o)
 .bss._hexSegments
                0x008013b7       0x26 ../drivers\libIotLibrary.a(display_7seg.o)
 .bss._digitSegments
                0x008013dd        0x4 ../drivers\libIotLibrary.a(display_7seg.o)
 .bss._digitNo  0x008013e1        0x1 ../drivers\libIotLibrary.a(display_7seg.o)
 .bss._spi      0x008013e2        0x2 ../drivers\libIotLibrary.a(display_7seg.o)
 .bss._measuringIsReady
                0x008013e4        0x1 ../drivers\libIotLibrary.a(hih8120.o)
 .bss._hih8120Handler
                0x008013e5        0x2 ../drivers\libIotLibrary.a(hih8120.o)
 .bss._tmp_buf.2871
                0x008013e7       0x64 ../drivers\libIotLibrary.a(lora_driver.o)
 .bss.rec_buf_inp.2878
                0x0080144b        0x1 ../drivers\libIotLibrary.a(lora_driver.o)
 .bss._downlinkMessageBuffer
                0x0080144c        0x2 ../drivers\libIotLibrary.a(lora_driver.o)
 .bss._serialReplyBufferHandle
                0x0080144e        0x2 ../drivers\libIotLibrary.a(lora_driver.o)
 .bss._rn2483_serial
                0x00801450        0x2 ../drivers\libIotLibrary.a(lora_driver.o)
 .bss._downlinkPayload
                0x00801452       0x16 ../drivers\libIotLibrary.a(lora_driver.o)
 .bss._payLoadHexBytes
                0x00801468       0x15 ../drivers\libIotLibrary.a(lora_driver.o)
 .bss._recMessageBuf
                0x0080147d       0x2d ../drivers\libIotLibrary.a(lora_driver.o)
 .bss._sendMessage
                0x008014aa       0x2d ../drivers\libIotLibrary.a(lora_driver.o)
 .bss._replyMess
                0x008014d7       0x2d ../drivers\libIotLibrary.a(lora_driver.o)
 .bss.data.1944
                0x00801504        0x2 ../drivers\libIotLibrary.a(mh_z19.o)
 .bss.inDex.1943
                0x00801506        0x1 ../drivers\libIotLibrary.a(mh_z19.o)
 .bss.crc_sum.1945
                0x00801507        0x1 ../drivers\libIotLibrary.a(mh_z19.o)
 .bss._appCallBack
                0x00801508        0x2 ../drivers\libIotLibrary.a(mh_z19.o)
 .bss._mh_state
                0x0080150a        0x1 ../drivers\libIotLibrary.a(mh_z19.o)
                0x0080150a                _mh_state
 .bss._ppm      0x0080150b        0x2 ../drivers\libIotLibrary.a(mh_z19.o)
 .bss._serial   0x0080150d        0x2 ../drivers\libIotLibrary.a(mh_z19.o)
 .bss._ser_handle
                0x0080150f        0x8 ../drivers\libIotLibrary.a(serial.o)
 .bss._com_serial_instance
                0x00801517        0x2 ../drivers\libIotLibrary.a(stdio_driver.o)
 .bss._initialised
                0x00801519        0x1 ../drivers\libIotLibrary.a(spi_iha.o)
 .bss._this     0x0080151a        0x2 ../drivers\libIotLibrary.a(spi_iha.o)
 .bss._spi_active
                0x0080151c        0x1 ../drivers\libIotLibrary.a(spi_iha.o)
 .bss._led_status
                0x0080151d       0x18 ../drivers\libIotLibrary.a(status_leds.o)
 .bss._index.1885
                0x00801535        0x1 ../drivers\libIotLibrary.a(twi.o)
 .bss._twiCurrentHandler
                0x00801536        0x2 ../drivers\libIotLibrary.a(twi.o)
 .bss._twiMessageLen
                0x00801538        0x1 ../drivers\libIotLibrary.a(twi.o)
 .bss._twiMessageBuffer
                0x00801539        0xa ../drivers\libIotLibrary.a(twi.o)
 .bss._twiIsInitiated
                0x00801543        0x1 ../drivers\libIotLibrary.a(twi.o)
 *(COMMON)
 COMMON         0x00801544        0x9 controller/CO2SensorController.o
                0x00801544                rc
                0x00801545                co2max
                0x00801547                appm
                0x00801549                carbon
                0x0080154b                co2min
 COMMON         0x0080154d        0x4 controller/sevenSegmentDisplayController.o
                0x0080154d                updateTime
 COMMON         0x00801551        0x4 controller/tempHumSensorController.o
                0x00801551                temperatureSensor
                0x00801553                humiditySensor
 COMMON         0x00801555        0x2 model/sensorModelManager.o
                0x00801555                carbonDioxideSensor
 COMMON         0x00801557        0x2 model/time/myTime.o
                0x00801557                nowTime
 COMMON         0x00801559        0x4 d:/program files (x86)/atmel/studio/7.0/toolchain/avr8/avr8-gnu-toolchain/bin/../lib/gcc/avr/5.4.0/../../../../avr/lib/avr6\libc.a(malloc.o)
                0x00801559                __brkval
                0x0080155b                __flp
 COMMON         0x0080155d        0x6 d:/program files (x86)/atmel/studio/7.0/toolchain/avr8/avr8-gnu-toolchain/bin/../lib/gcc/avr/5.4.0/../../../../avr/lib/avr6\libc.a(iob.o)
                0x0080155d                __iob
                0x00801563                PROVIDE (__bss_end, .)
                0x0000752e                __data_load_start = LOADADDR (.data)
                0x00007b8c                __data_load_end = (__data_load_start + SIZEOF (.data))

.noinit         0x00801563        0x0
                [!provide]                PROVIDE (__noinit_start, .)
 *(.noinit*)
                [!provide]                PROVIDE (__noinit_end, .)
                0x00801563                _end = .
                0x00801563                PROVIDE (__heap_start, .)

.eeprom         0x00810000        0x0
 *(.eeprom*)
                0x00810000                __eeprom_end = .

.fuse
 *(.fuse)
 *(.lfuse)
 *(.hfuse)
 *(.efuse)

.lock
 *(.lock*)

.signature
 *(.signature*)

.user_signatures
 *(.user_signatures*)

.stab
 *(.stab)

.stabstr
 *(.stabstr)

.stab.excl
 *(.stab.excl)

.stab.exclstr
 *(.stab.exclstr)

.stab.index
 *(.stab.index)

.stab.indexstr
 *(.stab.indexstr)

.comment        0x00000000       0x5c
 *(.comment)
 .comment       0x00000000       0x30 controller/CO2SensorController.o
                                 0x31 (size before relaxing)
 .comment       0x00000030       0x31 controller/sevenSegmentDisplayController.o
 .comment       0x00000030       0x31 controller/tempHumSensorController.o
 .comment       0x00000030       0x31 model/senser/carbonDioxideSensor.o
 .comment       0x00000030       0x31 model/senser/humiditySensor.o
 .comment       0x00000030       0x31 model/senser/temperatureSensor.o
 .comment       0x00000030       0x31 model/sensorModelManager.o
 .comment       0x00000030       0x31 model/time/myTime.o
 .comment       0x00000030       0x31 FreeRTOS/src/heap_4.o
 .comment       0x00000030       0x31 FreeRTOS/src/list.o
 .comment       0x00000030       0x31 FreeRTOS/src/port.o
 .comment       0x00000030       0x31 FreeRTOS/src/queue.o
 .comment       0x00000030       0x31 FreeRTOS/src/stream_buffer.o
 .comment       0x00000030       0x31 FreeRTOS/src/tasks.o
 .comment       0x00000030       0x31 FreeRTOS/src/timers.o
 .comment       0x00000030       0x31 FreeRTOS/src/variantHooks.o
 .comment       0x00000030       0x31 LoRaWANHandler.o
 .comment       0x00000030       0x31 main.o
 .comment       0x00000030       0x31 ../drivers\libIotLibrary.a(display_7seg.o)
 .comment       0x00000030       0x31 ../drivers\libIotLibrary.a(hih8120.o)
 .comment       0x00000030       0x31 ../drivers\libIotLibrary.a(lora_driver.o)
 .comment       0x00000030       0x31 ../drivers\libIotLibrary.a(lora_driver_utils.o)
 .comment       0x00000030       0x31 ../drivers\libIotLibrary.a(mh_z19.o)
 .comment       0x00000030       0x31 ../drivers\libIotLibrary.a(serial.o)
 .comment       0x00000030       0x31 ../drivers\libIotLibrary.a(stdio_driver.o)
 .comment       0x00000030       0x31 ../drivers\libIotLibrary.a(spi_iha.o)
 .comment       0x00000030       0x31 ../drivers\libIotLibrary.a(status_leds.o)
 .comment       0x00000030       0x31 ../drivers\libIotLibrary.a(twi.o)
 .comment       0x00000030       0x31 ../drivers\libIotLibrary.a(fifo.o)
 .comment       0x00000030       0x31 d:/program files (x86)/atmel/studio/7.0/toolchain/avr8/avr8-gnu-toolchain/bin/../lib/gcc/avr/5.4.0/../../../../avr/lib/avr6\libc.a(calloc.o)
 .comment       0x00000030       0x31 d:/program files (x86)/atmel/studio/7.0/toolchain/avr8/avr8-gnu-toolchain/bin/../lib/gcc/avr/5.4.0/../../../../avr/lib/avr6\libc.a(malloc.o)
 .comment       0x00000030       0x31 d:/program files (x86)/atmel/studio/7.0/toolchain/avr8/avr8-gnu-toolchain/bin/../lib/gcc/avr/5.4.0/../../../../avr/lib/avr6\libc.a(iob.o)
 .comment       0x00000030       0x31 d:/program files (x86)/atmel/studio/7.0/toolchain/avr8/avr8-gnu-toolchain/bin/../lib/gcc/avr/5.4.0/../../../../avr/lib/avr6\libc.a(printf.o)
 .comment       0x00000030       0x31 d:/program files (x86)/atmel/studio/7.0/toolchain/avr8/avr8-gnu-toolchain/bin/../lib/gcc/avr/5.4.0/../../../../avr/lib/avr6\libc.a(puts.o)
 .comment       0x00000030       0x31 d:/program files (x86)/atmel/studio/7.0/toolchain/avr8/avr8-gnu-toolchain/bin/../lib/gcc/avr/5.4.0/../../../../avr/lib/avr6\libc.a(sprintf.o)
 .comment       0x00000030       0x2c d:/program files (x86)/atmel/studio/7.0/toolchain/avr8/avr8-gnu-toolchain/bin/../lib/gcc/avr/5.4.0/../../../../avr/lib/avr6\libc.a(vfprintf_std.o)
                                 0x2d (size before relaxing)
 .comment       0x0000005c       0x31 d:/program files (x86)/atmel/studio/7.0/toolchain/avr8/avr8-gnu-toolchain/bin/../lib/gcc/avr/5.4.0/../../../../avr/lib/avr6\libc.a(fputc.o)

.note.gnu.avr.deviceinfo
                0x00000000       0x40
 .note.gnu.avr.deviceinfo
                0x00000000       0x40 D:/Program Files (x86)/Atmel/Studio/7.0/Packs/atmel/ATmega_DFP/1.3.300/gcc/dev/atmega2560/avr6/crtatmega2560.o

.note.gnu.build-id
 *(.note.gnu.build-id)

.debug
 *(.debug)

.line
 *(.line)

.debug_srcinfo
 *(.debug_srcinfo)

.debug_sfnames
 *(.debug_sfnames)

.debug_aranges  0x00000000      0xc38
 *(.debug_aranges)
 .debug_aranges
                0x00000000       0x30 controller/CO2SensorController.o
 .debug_aranges
                0x00000030       0x28 controller/sevenSegmentDisplayController.o
 .debug_aranges
                0x00000058       0x28 controller/tempHumSensorController.o
 .debug_aranges
                0x00000080       0x78 model/senser/carbonDioxideSensor.o
 .debug_aranges
                0x000000f8       0x78 model/senser/humiditySensor.o
 .debug_aranges
                0x00000170       0x78 model/senser/temperatureSensor.o
 .debug_aranges
                0x000001e8       0x40 model/sensorModelManager.o
 .debug_aranges
                0x00000228       0x78 model/time/myTime.o
 .debug_aranges
                0x000002a0       0x50 FreeRTOS/src/heap_4.o
 .debug_aranges
                0x000002f0       0x40 FreeRTOS/src/list.o
 .debug_aranges
                0x00000330       0x50 FreeRTOS/src/port.o
 .debug_aranges
                0x00000380       0xd8 FreeRTOS/src/queue.o
 .debug_aranges
                0x00000458       0xb0 FreeRTOS/src/stream_buffer.o
 .debug_aranges
                0x00000508      0x198 FreeRTOS/src/tasks.o
 .debug_aranges
                0x000006a0       0x98 FreeRTOS/src/timers.o
 .debug_aranges
                0x00000738       0x40 FreeRTOS/src/variantHooks.o
 .debug_aranges
                0x00000778       0x40 LoRaWANHandler.o
 .debug_aranges
                0x000007b8       0x28 main.o
 .debug_aranges
                0x000007e0       0x58 ../drivers\libIotLibrary.a(display_7seg.o)
 .debug_aranges
                0x00000838       0x68 ../drivers\libIotLibrary.a(hih8120.o)
 .debug_aranges
                0x000008a0      0x138 ../drivers\libIotLibrary.a(lora_driver.o)
 .debug_aranges
                0x000009d8       0x28 ../drivers\libIotLibrary.a(lora_driver_utils.o)
 .debug_aranges
                0x00000a00       0x58 ../drivers\libIotLibrary.a(mh_z19.o)
 .debug_aranges
                0x00000a58       0x90 ../drivers\libIotLibrary.a(serial.o)
 .debug_aranges
                0x00000ae8       0x38 ../drivers\libIotLibrary.a(stdio_driver.o)
 .debug_aranges
                0x00000b20       0x40 ../drivers\libIotLibrary.a(spi_iha.o)
 .debug_aranges
                0x00000b60       0x68 ../drivers\libIotLibrary.a(status_leds.o)
 .debug_aranges
                0x00000bc8       0x50 ../drivers\libIotLibrary.a(twi.o)
 .debug_aranges
                0x00000c18       0x20 ../drivers\libIotLibrary.a(fifo.o)

.debug_pubnames
 *(.debug_pubnames)

.debug_info     0x00000000     0xfbe0
 *(.debug_info .gnu.linkonce.wi.*)
 .debug_info    0x00000000      0xbbc D:/Program Files (x86)/Atmel/Studio/7.0/Packs/atmel/ATmega_DFP/1.3.300/gcc/dev/atmega2560/avr6/crtatmega2560.o
 .debug_info    0x00000bbc      0x34e controller/CO2SensorController.o
 .debug_info    0x00000f0a      0x3f0 controller/sevenSegmentDisplayController.o
 .debug_info    0x000012fa      0x364 controller/tempHumSensorController.o
 .debug_info    0x0000165e      0x845 model/senser/carbonDioxideSensor.o
 .debug_info    0x00001ea3      0x845 model/senser/humiditySensor.o
 .debug_info    0x000026e8      0x845 model/senser/temperatureSensor.o
 .debug_info    0x00002f2d      0x2f4 model/sensorModelManager.o
 .debug_info    0x00003221      0x488 model/time/myTime.o
 .debug_info    0x000036a9      0x50c FreeRTOS/src/heap_4.o
 .debug_info    0x00003bb5      0x2e7 FreeRTOS/src/list.o
 .debug_info    0x00003e9c      0x2f6 FreeRTOS/src/port.o
 .debug_info    0x00004192     0x17d4 FreeRTOS/src/queue.o
 .debug_info    0x00005966     0x145a FreeRTOS/src/stream_buffer.o
 .debug_info    0x00006dc0     0x226e FreeRTOS/src/tasks.o
 .debug_info    0x0000902e     0x10e6 FreeRTOS/src/timers.o
 .debug_info    0x0000a114      0x20f FreeRTOS/src/variantHooks.o
 .debug_info    0x0000a323      0x640 LoRaWANHandler.o
 .debug_info    0x0000a963      0x292 main.o
 .debug_info    0x0000abf5      0x5b8 ../drivers\libIotLibrary.a(display_7seg.o)
 .debug_info    0x0000b1ad      0x3a9 ../drivers\libIotLibrary.a(hih8120.o)
 .debug_info    0x0000b556     0x1747 ../drivers\libIotLibrary.a(lora_driver.o)
 .debug_info    0x0000cc9d      0x143 ../drivers\libIotLibrary.a(lora_driver_utils.o)
 .debug_info    0x0000cde0      0x556 ../drivers\libIotLibrary.a(mh_z19.o)
 .debug_info    0x0000d336      0xddb ../drivers\libIotLibrary.a(serial.o)
 .debug_info    0x0000e111      0x3b6 ../drivers\libIotLibrary.a(stdio_driver.o)
 .debug_info    0x0000e4c7      0xaed ../drivers\libIotLibrary.a(spi_iha.o)
 .debug_info    0x0000efb4      0x50c ../drivers\libIotLibrary.a(status_leds.o)
 .debug_info    0x0000f4c0      0x55d ../drivers\libIotLibrary.a(twi.o)
 .debug_info    0x0000fa1d      0x1c3 ../drivers\libIotLibrary.a(fifo.o)

.debug_abbrev   0x00000000     0x3ff1
 *(.debug_abbrev)
 .debug_abbrev  0x00000000      0xb1a D:/Program Files (x86)/Atmel/Studio/7.0/Packs/atmel/ATmega_DFP/1.3.300/gcc/dev/atmega2560/avr6/crtatmega2560.o
 .debug_abbrev  0x00000b1a      0x188 controller/CO2SensorController.o
 .debug_abbrev  0x00000ca2      0x129 controller/sevenSegmentDisplayController.o
 .debug_abbrev  0x00000dcb      0x143 controller/tempHumSensorController.o
 .debug_abbrev  0x00000f0e      0x110 model/senser/carbonDioxideSensor.o
 .debug_abbrev  0x0000101e      0x146 model/senser/humiditySensor.o
 .debug_abbrev  0x00001164      0x146 model/senser/temperatureSensor.o
 .debug_abbrev  0x000012aa       0xf6 model/sensorModelManager.o
 .debug_abbrev  0x000013a0      0x19e model/time/myTime.o
 .debug_abbrev  0x0000153e      0x212 FreeRTOS/src/heap_4.o
 .debug_abbrev  0x00001750       0xff FreeRTOS/src/list.o
 .debug_abbrev  0x0000184f      0x170 FreeRTOS/src/port.o
 .debug_abbrev  0x000019bf      0x29e FreeRTOS/src/queue.o
 .debug_abbrev  0x00001c5d      0x2a8 FreeRTOS/src/stream_buffer.o
 .debug_abbrev  0x00001f05      0x348 FreeRTOS/src/tasks.o
 .debug_abbrev  0x0000224d      0x2f5 FreeRTOS/src/timers.o
 .debug_abbrev  0x00002542       0xff FreeRTOS/src/variantHooks.o
 .debug_abbrev  0x00002641      0x20b LoRaWANHandler.o
 .debug_abbrev  0x0000284c      0x12f main.o
 .debug_abbrev  0x0000297b      0x21f ../drivers\libIotLibrary.a(display_7seg.o)
 .debug_abbrev  0x00002b9a      0x184 ../drivers\libIotLibrary.a(hih8120.o)
 .debug_abbrev  0x00002d1e      0x33b ../drivers\libIotLibrary.a(lora_driver.o)
 .debug_abbrev  0x00003059       0xc0 ../drivers\libIotLibrary.a(lora_driver_utils.o)
 .debug_abbrev  0x00003119      0x238 ../drivers\libIotLibrary.a(mh_z19.o)
 .debug_abbrev  0x00003351      0x34a ../drivers\libIotLibrary.a(serial.o)
 .debug_abbrev  0x0000369b      0x1b3 ../drivers\libIotLibrary.a(stdio_driver.o)
 .debug_abbrev  0x0000384e      0x2cd ../drivers\libIotLibrary.a(spi_iha.o)
 .debug_abbrev  0x00003b1b      0x1d7 ../drivers\libIotLibrary.a(status_leds.o)
 .debug_abbrev  0x00003cf2      0x217 ../drivers\libIotLibrary.a(twi.o)
 .debug_abbrev  0x00003f09       0xe8 ../drivers\libIotLibrary.a(fifo.o)

.debug_line     0x00000000     0x7cfc
 *(.debug_line .debug_line.* .debug_line_end)
 .debug_line    0x00000000      0x1f9 D:/Program Files (x86)/Atmel/Studio/7.0/Packs/atmel/ATmega_DFP/1.3.300/gcc/dev/atmega2560/avr6/crtatmega2560.o
 .debug_line    0x000001f9      0x1f0 controller/CO2SensorController.o
 .debug_line    0x000003e9      0x2f8 controller/sevenSegmentDisplayController.o
 .debug_line    0x000006e1      0x1f4 controller/tempHumSensorController.o
 .debug_line    0x000008d5      0x34d model/senser/carbonDioxideSensor.o
 .debug_line    0x00000c22      0x342 model/senser/humiditySensor.o
 .debug_line    0x00000f64      0x349 model/senser/temperatureSensor.o
 .debug_line    0x000012ad      0x1b4 model/sensorModelManager.o
 .debug_line    0x00001461      0x2ff model/time/myTime.o
 .debug_line    0x00001760      0x3de FreeRTOS/src/heap_4.o
 .debug_line    0x00001b3e      0x1db FreeRTOS/src/list.o
 .debug_line    0x00001d19      0x275 FreeRTOS/src/port.o
 .debug_line    0x00001f8e      0xb80 FreeRTOS/src/queue.o
 .debug_line    0x00002b0e      0x765 FreeRTOS/src/stream_buffer.o
 .debug_line    0x00003273     0x147c FreeRTOS/src/tasks.o
 .debug_line    0x000046ef      0x55e FreeRTOS/src/timers.o
 .debug_line    0x00004c4d      0x1af FreeRTOS/src/variantHooks.o
 .debug_line    0x00004dfc      0x405 LoRaWANHandler.o
 .debug_line    0x00005201      0x267 main.o
 .debug_line    0x00005468      0x3e0 ../drivers\libIotLibrary.a(display_7seg.o)
 .debug_line    0x00005848      0x24a ../drivers\libIotLibrary.a(hih8120.o)
 .debug_line    0x00005a92      0x9aa ../drivers\libIotLibrary.a(lora_driver.o)
 .debug_line    0x0000643c      0x195 ../drivers\libIotLibrary.a(lora_driver_utils.o)
 .debug_line    0x000065d1      0x2fc ../drivers\libIotLibrary.a(mh_z19.o)
 .debug_line    0x000068cd      0x6a0 ../drivers\libIotLibrary.a(serial.o)
 .debug_line    0x00006f6d      0x146 ../drivers\libIotLibrary.a(stdio_driver.o)
 .debug_line    0x000070b3      0x4e6 ../drivers\libIotLibrary.a(spi_iha.o)
 .debug_line    0x00007599      0x32c ../drivers\libIotLibrary.a(status_leds.o)
 .debug_line    0x000078c5      0x31c ../drivers\libIotLibrary.a(twi.o)
 .debug_line    0x00007be1      0x11b ../drivers\libIotLibrary.a(fifo.o)

.debug_frame    0x00000000     0x2d6c
 *(.debug_frame)
 .debug_frame   0x00000000       0x54 controller/CO2SensorController.o
 .debug_frame   0x00000054       0x44 controller/sevenSegmentDisplayController.o
 .debug_frame   0x00000098       0x58 controller/tempHumSensorController.o
 .debug_frame   0x000000f0      0x21c model/senser/carbonDioxideSensor.o
 .debug_frame   0x0000030c      0x27c model/senser/humiditySensor.o
 .debug_frame   0x00000588      0x27c model/senser/temperatureSensor.o
 .debug_frame   0x00000804       0x78 model/sensorModelManager.o
 .debug_frame   0x0000087c      0x12c model/time/myTime.o
 .debug_frame   0x000009a8       0xec FreeRTOS/src/heap_4.o
 .debug_frame   0x00000a94       0x90 FreeRTOS/src/list.o
 .debug_frame   0x00000b24       0x84 FreeRTOS/src/port.o
 .debug_frame   0x00000ba8      0x388 FreeRTOS/src/queue.o
 .debug_frame   0x00000f30      0x3b0 FreeRTOS/src/stream_buffer.o
 .debug_frame   0x000012e0      0x69c FreeRTOS/src/tasks.o
 .debug_frame   0x0000197c      0x238 FreeRTOS/src/timers.o
 .debug_frame   0x00001bb4       0x64 FreeRTOS/src/variantHooks.o
 .debug_frame   0x00001c18      0x1d8 LoRaWANHandler.o
 .debug_frame   0x00001df0       0x40 main.o
 .debug_frame   0x00001e30      0x14c ../drivers\libIotLibrary.a(display_7seg.o)
 .debug_frame   0x00001f7c       0xc0 ../drivers\libIotLibrary.a(hih8120.o)
 .debug_frame   0x0000203c      0x460 ../drivers\libIotLibrary.a(lora_driver.o)
 .debug_frame   0x0000249c       0x48 ../drivers\libIotLibrary.a(lora_driver_utils.o)
 .debug_frame   0x000024e4      0x100 ../drivers\libIotLibrary.a(mh_z19.o)
 .debug_frame   0x000025e4      0x384 ../drivers\libIotLibrary.a(serial.o)
 .debug_frame   0x00002968       0x94 ../drivers\libIotLibrary.a(stdio_driver.o)
 .debug_frame   0x000029fc      0x134 ../drivers\libIotLibrary.a(spi_iha.o)
 .debug_frame   0x00002b30       0xec ../drivers\libIotLibrary.a(status_leds.o)
 .debug_frame   0x00002c1c      0x12c ../drivers\libIotLibrary.a(twi.o)
 .debug_frame   0x00002d48       0x24 ../drivers\libIotLibrary.a(fifo.o)

.debug_str      0x00000000     0x4b76
 *(.debug_str)
 .debug_str     0x00000000      0x3e6 D:/Program Files (x86)/Atmel/Studio/7.0/Packs/atmel/ATmega_DFP/1.3.300/gcc/dev/atmega2560/avr6/crtatmega2560.o
 .debug_str     0x000003e6      0x34e controller/CO2SensorController.o
                                0x3a0 (size before relaxing)
 .debug_str     0x00000734      0x21d controller/sevenSegmentDisplayController.o
                                0x43e (size before relaxing)
 .debug_str     0x00000951      0x1c8 controller/tempHumSensorController.o
                                0x3fb (size before relaxing)
 .debug_str     0x00000b19      0x21a model/senser/carbonDioxideSensor.o
                                0x4b0 (size before relaxing)
 .debug_str     0x00000d33      0x143 model/senser/humiditySensor.o
                                0x454 (size before relaxing)
 .debug_str     0x00000e76      0x169 model/senser/temperatureSensor.o
                                0x489 (size before relaxing)
 .debug_str     0x00000fdf       0x5d model/sensorModelManager.o
                                0x3ed (size before relaxing)
 .debug_str     0x0000103c       0xa0 model/time/myTime.o
                                0x2f8 (size before relaxing)
 .debug_str     0x000010dc      0x304 FreeRTOS/src/heap_4.o
                                0x4ab (size before relaxing)
 .debug_str     0x000013e0      0x129 FreeRTOS/src/list.o
                                0x2e7 (size before relaxing)
 .debug_str     0x00001509      0x152 FreeRTOS/src/port.o
                                0x31c (size before relaxing)
 .debug_str     0x0000165b      0x61f FreeRTOS/src/queue.o
                                0x95b (size before relaxing)
 .debug_str     0x00001c7a      0x4ed FreeRTOS/src/stream_buffer.o
                                0x7e4 (size before relaxing)
 .debug_str     0x00002167      0x92a FreeRTOS/src/tasks.o
                                0xf7c (size before relaxing)
 .debug_str     0x00002a91      0x414 FreeRTOS/src/timers.o
                                0x852 (size before relaxing)
 .debug_str     0x00002ea5       0x81 FreeRTOS/src/variantHooks.o
                                0x293 (size before relaxing)
 .debug_str     0x00002f26      0x334 LoRaWANHandler.o
                                0x69f (size before relaxing)
 .debug_str     0x0000325a       0xb7 main.o
                                0x353 (size before relaxing)
 .debug_str     0x00003311      0x2f7 ../drivers\libIotLibrary.a(display_7seg.o)
                                0x493 (size before relaxing)
 .debug_str     0x00003608      0x1f9 ../drivers\libIotLibrary.a(hih8120.o)
                                0x45c (size before relaxing)
 .debug_str     0x00003801      0x7f2 ../drivers\libIotLibrary.a(lora_driver.o)
                                0xcdb (size before relaxing)
 .debug_str     0x00003ff3       0x4f ../drivers\libIotLibrary.a(lora_driver_utils.o)
                                0x206 (size before relaxing)
 .debug_str     0x00004042      0x117 ../drivers\libIotLibrary.a(mh_z19.o)
                                0x489 (size before relaxing)
 .debug_str     0x00004159      0x2c6 ../drivers\libIotLibrary.a(serial.o)
                                0x62f (size before relaxing)
 .debug_str     0x0000441f       0xa6 ../drivers\libIotLibrary.a(stdio_driver.o)
                                0x37d (size before relaxing)
 .debug_str     0x000044c5      0x21b ../drivers\libIotLibrary.a(spi_iha.o)
                                0x623 (size before relaxing)
 .debug_str     0x000046e0      0x18a ../drivers\libIotLibrary.a(status_leds.o)
                                0x36d (size before relaxing)
 .debug_str     0x0000486a      0x2ea ../drivers\libIotLibrary.a(twi.o)
                                0x5b4 (size before relaxing)
 .debug_str     0x00004b54       0x22 ../drivers\libIotLibrary.a(fifo.o)
                                0x239 (size before relaxing)

.debug_loc      0x00000000     0xea20
 *(.debug_loc)
 .debug_loc     0x00000000       0xd5 controller/CO2SensorController.o
 .debug_loc     0x000000d5      0x11f controller/sevenSegmentDisplayController.o
 .debug_loc     0x000001f4      0x13e controller/tempHumSensorController.o
 .debug_loc     0x00000332      0x908 model/senser/carbonDioxideSensor.o
 .debug_loc     0x00000c3a      0xa74 model/senser/humiditySensor.o
 .debug_loc     0x000016ae      0xa74 model/senser/temperatureSensor.o
 .debug_loc     0x00002122       0x8d model/sensorModelManager.o
 .debug_loc     0x000021af      0x384 model/time/myTime.o
 .debug_loc     0x00002533      0x4e4 FreeRTOS/src/heap_4.o
 .debug_loc     0x00002a17      0x17d FreeRTOS/src/list.o
 .debug_loc     0x00002b94       0xf6 FreeRTOS/src/port.o
 .debug_loc     0x00002c8a     0x1aee FreeRTOS/src/queue.o
 .debug_loc     0x00004778     0x1e19 FreeRTOS/src/stream_buffer.o
 .debug_loc     0x00006591     0x2a03 FreeRTOS/src/tasks.o
 .debug_loc     0x00008f94      0xcf7 FreeRTOS/src/timers.o
 .debug_loc     0x00009c8b       0xdc FreeRTOS/src/variantHooks.o
 .debug_loc     0x00009d67      0x707 LoRaWANHandler.o
 .debug_loc     0x0000a46e       0x3c main.o
 .debug_loc     0x0000a4aa      0x76a ../drivers\libIotLibrary.a(display_7seg.o)
 .debug_loc     0x0000ac14       0x9f ../drivers\libIotLibrary.a(hih8120.o)
 .debug_loc     0x0000acb3     0x1216 ../drivers\libIotLibrary.a(lora_driver.o)
 .debug_loc     0x0000bec9      0x1d2 ../drivers\libIotLibrary.a(lora_driver_utils.o)
 .debug_loc     0x0000c09b      0x37c ../drivers\libIotLibrary.a(mh_z19.o)
 .debug_loc     0x0000c417     0x114c ../drivers\libIotLibrary.a(serial.o)
 .debug_loc     0x0000d563      0x18c ../drivers\libIotLibrary.a(stdio_driver.o)
 .debug_loc     0x0000d6ef      0x9cc ../drivers\libIotLibrary.a(spi_iha.o)
 .debug_loc     0x0000e0bb      0x292 ../drivers\libIotLibrary.a(status_leds.o)
 .debug_loc     0x0000e34d      0x575 ../drivers\libIotLibrary.a(twi.o)
 .debug_loc     0x0000e8c2      0x15e ../drivers\libIotLibrary.a(fifo.o)

.debug_macinfo
 *(.debug_macinfo)

.debug_weaknames
 *(.debug_weaknames)

.debug_funcnames
 *(.debug_funcnames)

.debug_typenames
 *(.debug_typenames)

.debug_varnames
 *(.debug_varnames)

.debug_pubtypes
 *(.debug_pubtypes)

.debug_ranges   0x00000000      0xcb8
 *(.debug_ranges)
 .debug_ranges  0x00000000       0x20 controller/CO2SensorController.o
 .debug_ranges  0x00000020       0x18 controller/sevenSegmentDisplayController.o
 .debug_ranges  0x00000038       0x18 controller/tempHumSensorController.o
 .debug_ranges  0x00000050       0x68 model/senser/carbonDioxideSensor.o
 .debug_ranges  0x000000b8       0x68 model/senser/humiditySensor.o
 .debug_ranges  0x00000120       0x68 model/senser/temperatureSensor.o
 .debug_ranges  0x00000188       0x30 model/sensorModelManager.o
 .debug_ranges  0x000001b8       0x68 model/time/myTime.o
 .debug_ranges  0x00000220       0x40 FreeRTOS/src/heap_4.o
 .debug_ranges  0x00000260       0x30 FreeRTOS/src/list.o
 .debug_ranges  0x00000290       0x40 FreeRTOS/src/port.o
 .debug_ranges  0x000002d0      0x158 FreeRTOS/src/queue.o
 .debug_ranges  0x00000428       0xa0 FreeRTOS/src/stream_buffer.o
 .debug_ranges  0x000004c8      0x238 FreeRTOS/src/tasks.o
 .debug_ranges  0x00000700       0xe0 FreeRTOS/src/timers.o
 .debug_ranges  0x000007e0       0x30 FreeRTOS/src/variantHooks.o
 .debug_ranges  0x00000810       0x60 LoRaWANHandler.o
 .debug_ranges  0x00000870       0x18 main.o
 .debug_ranges  0x00000888       0x48 ../drivers\libIotLibrary.a(display_7seg.o)
 .debug_ranges  0x000008d0       0x58 ../drivers\libIotLibrary.a(hih8120.o)
 .debug_ranges  0x00000928      0x128 ../drivers\libIotLibrary.a(lora_driver.o)
 .debug_ranges  0x00000a50       0x30 ../drivers\libIotLibrary.a(lora_driver_utils.o)
 .debug_ranges  0x00000a80       0x48 ../drivers\libIotLibrary.a(mh_z19.o)
 .debug_ranges  0x00000ac8       0x98 ../drivers\libIotLibrary.a(serial.o)
 .debug_ranges  0x00000b60       0x28 ../drivers\libIotLibrary.a(stdio_driver.o)
 .debug_ranges  0x00000b88       0x88 ../drivers\libIotLibrary.a(spi_iha.o)
 .debug_ranges  0x00000c10       0x58 ../drivers\libIotLibrary.a(status_leds.o)
 .debug_ranges  0x00000c68       0x40 ../drivers\libIotLibrary.a(twi.o)
 .debug_ranges  0x00000ca8       0x10 ../drivers\libIotLibrary.a(fifo.o)

.debug_macro
 *(.debug_macro)
OUTPUT(gh-iot.elf elf32-avr)
LOAD linker stubs
