Archive member included to satisfy reference by file (symbol)

../drivers\libIotLibrary.a(lora_driver.o)
                              LoRaWANHandler.o (lora_driver_flushBuffers)
../drivers\libIotLibrary.a(lora_driver_utils.o)
                              ../drivers\libIotLibrary.a(lora_driver.o) (decode_port_no)
../drivers\libIotLibrary.a(serial.o)
                              ../drivers\libIotLibrary.a(lora_driver.o) (serial_create)
../drivers\libIotLibrary.a(stdio_driver.o)
                              main.o (stdio_initialise)
../drivers\libIotLibrary.a(status_leds.o)
                              main.o (status_leds_initialise)
../drivers\libIotLibrary.a(fifo.o)
                              ../drivers\libIotLibrary.a(serial.o) (fifo_init)
d:/program files (x86)/atmel/studio/7.0/toolchain/avr8/avr8-gnu-toolchain/bin/../lib/gcc/avr/5.4.0/../../../../avr/lib/avr6\libm.a(addsf3.o)
                              ../drivers\libIotLibrary.a(serial.o) (__subsf3)
d:/program files (x86)/atmel/studio/7.0/toolchain/avr8/avr8-gnu-toolchain/bin/../lib/gcc/avr/5.4.0/../../../../avr/lib/avr6\libm.a(addsf3x.o)
                              d:/program files (x86)/atmel/studio/7.0/toolchain/avr8/avr8-gnu-toolchain/bin/../lib/gcc/avr/5.4.0/../../../../avr/lib/avr6\libm.a(addsf3.o) (__addsf3x)
d:/program files (x86)/atmel/studio/7.0/toolchain/avr8/avr8-gnu-toolchain/bin/../lib/gcc/avr/5.4.0/../../../../avr/lib/avr6\libm.a(divsf3.o)
                              ../drivers\libIotLibrary.a(serial.o) (__divsf3)
d:/program files (x86)/atmel/studio/7.0/toolchain/avr8/avr8-gnu-toolchain/bin/../lib/gcc/avr/5.4.0/../../../../avr/lib/avr6\libm.a(divsf3x.o)
                              d:/program files (x86)/atmel/studio/7.0/toolchain/avr8/avr8-gnu-toolchain/bin/../lib/gcc/avr/5.4.0/../../../../avr/lib/avr6\libm.a(divsf3.o) (__divsf3x)
d:/program files (x86)/atmel/studio/7.0/toolchain/avr8/avr8-gnu-toolchain/bin/../lib/gcc/avr/5.4.0/../../../../avr/lib/avr6\libm.a(fixunssfsi.o)
                              ../drivers\libIotLibrary.a(serial.o) (__fixunssfsi)
d:/program files (x86)/atmel/studio/7.0/toolchain/avr8/avr8-gnu-toolchain/bin/../lib/gcc/avr/5.4.0/../../../../avr/lib/avr6\libm.a(floatsisf.o)
                              ../drivers\libIotLibrary.a(serial.o) (__floatunsisf)
d:/program files (x86)/atmel/studio/7.0/toolchain/avr8/avr8-gnu-toolchain/bin/../lib/gcc/avr/5.4.0/../../../../avr/lib/avr6\libm.a(fp_inf.o)
                              d:/program files (x86)/atmel/studio/7.0/toolchain/avr8/avr8-gnu-toolchain/bin/../lib/gcc/avr/5.4.0/../../../../avr/lib/avr6\libm.a(addsf3x.o) (__fp_inf)
d:/program files (x86)/atmel/studio/7.0/toolchain/avr8/avr8-gnu-toolchain/bin/../lib/gcc/avr/5.4.0/../../../../avr/lib/avr6\libm.a(fp_nan.o)
                              d:/program files (x86)/atmel/studio/7.0/toolchain/avr8/avr8-gnu-toolchain/bin/../lib/gcc/avr/5.4.0/../../../../avr/lib/avr6\libm.a(addsf3x.o) (__fp_nan)
d:/program files (x86)/atmel/studio/7.0/toolchain/avr8/avr8-gnu-toolchain/bin/../lib/gcc/avr/5.4.0/../../../../avr/lib/avr6\libm.a(fp_pscA.o)
                              d:/program files (x86)/atmel/studio/7.0/toolchain/avr8/avr8-gnu-toolchain/bin/../lib/gcc/avr/5.4.0/../../../../avr/lib/avr6\libm.a(addsf3x.o) (__fp_pscA)
d:/program files (x86)/atmel/studio/7.0/toolchain/avr8/avr8-gnu-toolchain/bin/../lib/gcc/avr/5.4.0/../../../../avr/lib/avr6\libm.a(fp_pscB.o)
                              d:/program files (x86)/atmel/studio/7.0/toolchain/avr8/avr8-gnu-toolchain/bin/../lib/gcc/avr/5.4.0/../../../../avr/lib/avr6\libm.a(addsf3x.o) (__fp_pscB)
d:/program files (x86)/atmel/studio/7.0/toolchain/avr8/avr8-gnu-toolchain/bin/../lib/gcc/avr/5.4.0/../../../../avr/lib/avr6\libm.a(fp_round.o)
                              d:/program files (x86)/atmel/studio/7.0/toolchain/avr8/avr8-gnu-toolchain/bin/../lib/gcc/avr/5.4.0/../../../../avr/lib/avr6\libm.a(addsf3.o) (__fp_round)
d:/program files (x86)/atmel/studio/7.0/toolchain/avr8/avr8-gnu-toolchain/bin/../lib/gcc/avr/5.4.0/../../../../avr/lib/avr6\libm.a(fp_split3.o)
                              d:/program files (x86)/atmel/studio/7.0/toolchain/avr8/avr8-gnu-toolchain/bin/../lib/gcc/avr/5.4.0/../../../../avr/lib/avr6\libm.a(addsf3x.o) (__fp_split3)
d:/program files (x86)/atmel/studio/7.0/toolchain/avr8/avr8-gnu-toolchain/bin/../lib/gcc/avr/5.4.0/../../../../avr/lib/avr6\libm.a(fp_zero.o)
                              d:/program files (x86)/atmel/studio/7.0/toolchain/avr8/avr8-gnu-toolchain/bin/../lib/gcc/avr/5.4.0/../../../../avr/lib/avr6\libm.a(addsf3x.o) (__fp_zero)
d:/program files (x86)/atmel/studio/7.0/toolchain/avr8/avr8-gnu-toolchain/bin/../lib/gcc/avr/5.4.0/../../../../avr/lib/avr6\libm.a(mulsf3.o)
                              ../drivers\libIotLibrary.a(serial.o) (__mulsf3)
d:/program files (x86)/atmel/studio/7.0/toolchain/avr8/avr8-gnu-toolchain/bin/../lib/gcc/avr/5.4.0/../../../../avr/lib/avr6\libm.a(mulsf3x.o)
[...]
Memory Configuration

Name             Origin             Length             Attributes
text             0x00000000         0x00100000         xr
data             0x00800200         0x0000fe00         rw !x
eeprom           0x00810000         0x00010000         rw !x
fuse             0x00820000         0x00000003         rw !x
lock             0x00830000         0x00000400         rw !x
signature        0x00840000         0x00000400         rw !x
user_signatures  0x00850000         0x00000400         rw !x
*default*        0x00000000         0xffffffff

Linker script and memory map

Address of section .data set to 0x800200
LOAD D:/Program Files (x86)/Atmel/Studio/7.0/Packs/atmel/ATmega_DFP/1.3.300/gcc/dev/atmega2560/avr6/crtatmega2560.o
LOAD FreeRTOS/FreeRTOSTraceDriver/FreeRTOSTraceDriver.o
LOAD FreeRTOS/src/croutine.o
LOAD FreeRTOS/src/event_groups.o
LOAD FreeRTOS/src/heap_4.o
LOAD FreeRTOS/src/list.o
LOAD FreeRTOS/src/port.o
LOAD FreeRTOS/src/queue.o
LOAD FreeRTOS/src/stream_buffer.o
LOAD FreeRTOS/src/tasks.o
LOAD FreeRTOS/src/timers.o
LOAD FreeRTOS/src/variantHooks.o
LOAD LoRaWANHandler.o
LOAD main.o
START GROUP
LOAD d:/program files (x86)/atmel/studio/7.0/toolchain/avr8/avr8-gnu-toolchain/bin/../lib/gcc/avr/5.4.0/../../../../avr/lib/avr6\libm.a
LOAD ../drivers\libIotLibrary.a
END GROUP
START GROUP
LOAD d:/program files (x86)/atmel/studio/7.0/toolchain/avr8/avr8-gnu-toolchain/bin/../lib/gcc/avr/5.4.0/avr6\libgcc.a
LOAD d:/program files (x86)/atmel/studio/7.0/toolchain/avr8/avr8-gnu-toolchain/bin/../lib/gcc/avr/5.4.0/../../../../avr/lib/avr6\libm.a
LOAD d:/program files (x86)/atmel/studio/7.0/toolchain/avr8/avr8-gnu-toolchain/bin/../lib/gcc/avr/5.4.0/../../../../avr/lib/avr6\libc.a
LOAD D:/Program Files (x86)/Atmel/Studio/7.0/Packs/atmel/ATmega_DFP/1.3.300/gcc/dev/atmega2560/avr6\libatmega2560.a
END GROUP
                0x00000000                __TEXT_REGION_ORIGIN__ = DEFINED (__TEXT_REGION_ORIGIN__)?__TEXT_REGION_ORIGIN__:0x0
                0x00800200                __DATA_REGION_ORIGIN__ = DEFINED (__DATA_REGION_ORIGIN__)?__DATA_REGION_ORIGIN__:0x800200
                0x00100000                __TEXT_REGION_LENGTH__ = DEFINED (__TEXT_REGION_LENGTH__)?__TEXT_REGION_LENGTH__:0x100000
                0x0000fe00                __DATA_REGION_LENGTH__ = DEFINED (__DATA_REGION_LENGTH__)?__DATA_REGION_LENGTH__:0xfe00
                0x00010000                __EEPROM_REGION_LENGTH__ = DEFINED (__EEPROM_REGION_LENGTH__)?__EEPROM_REGION_LENGTH__:0x10000
                [0x00000003]                __FUSE_REGION_LENGTH__ = DEFINED (__FUSE_REGION_LENGTH__)?__FUSE_REGION_LENGTH__:0x400
                0x00000400                __LOCK_REGION_LENGTH__ = DEFINED (__LOCK_REGION_LENGTH__)?__LOCK_REGION_LENGTH__:0x400
                0x00000400                __SIGNATURE_REGION_LENGTH__ = DEFINED (__SIGNATURE_REGION_LENGTH__)?__SIGNATURE_REGION_LENGTH__:0x400
                0x00000400                __USER_SIGNATURE_REGION_LENGTH__ = DEFINED (__USER_SIGNATURE_REGION_LENGTH__)?__USER_SIGNATURE_REGION_LENGTH__:0x400

.hash
 *(.hash)

.dynsym
 *(.dynsym)

.dynstr
 *(.dynstr)

.gnu.version
 *(.gnu.version)

.gnu.version_d
 *(.gnu.version_d)

.gnu.version_r
 *(.gnu.version_r)

.rel.init
 *(.rel.init)

.rela.init
 *(.rela.init)

.rel.text
 *(.rel.text)
 *(.rel.text.*)
 *(.rel.gnu.linkonce.t*)

.rela.text
 *(.rela.text)
 *(.rela.text.*)
 *(.rela.gnu.linkonce.t*)

.rel.fini
 *(.rel.fini)

.rela.fini
 *(.rela.fini)

.rel.rodata
 *(.rel.rodata)
 *(.rel.rodata.*)
 *(.rel.gnu.linkonce.r*)

.rela.rodata
 *(.rela.rodata)
 *(.rela.rodata.*)
 *(.rela.gnu.linkonce.r*)

.rel.data
 *(.rel.data)
 *(.rel.data.*)
 *(.rel.gnu.linkonce.d*)

.rela.data
 *(.rela.data)
 *(.rela.data.*)
 *(.rela.gnu.linkonce.d*)

.rel.ctors
 *(.rel.ctors)

.rela.ctors
 *(.rela.ctors)

.rel.dtors
 *(.rel.dtors)

.rela.dtors
 *(.rela.dtors)

.rel.got
 *(.rel.got)

.rela.got
 *(.rela.got)

.rel.bss
 *(.rel.bss)

.rela.bss
 *(.rela.bss)

.rel.plt
 *(.rel.plt)

.rela.plt
 *(.rela.plt)

.text           0x00000000     0x5268
 *(.vectors)
 .vectors       0x00000000       0xe4 D:/Program Files (x86)/Atmel/Studio/7.0/Packs/atmel/ATmega_DFP/1.3.300/gcc/dev/atmega2560/avr6/crtatmega2560.o
                0x00000000                __vector_default
                0x00000000                __vectors
 *(.vectors)
 *(.progmem.gcc*)
 .progmem.gcc_sw_table
                0x000000e4       0x14 FreeRTOS/src/timers.o
                0x000000f8                . = ALIGN (0x2)
                0x000000f8                __trampolines_start = .
 *(.trampolines)
 .trampolines   0x000000f8        0x0 linker stubs
 *(.trampolines*)
                0x000000f8                __trampolines_end = .
 *libprintf_flt.a:*(.progmem.data)
 *libc.a:*(.progmem.data)
 *(.progmem*)
                0x000000f8                . = ALIGN (0x2)
 *(.jumptables)
 *(.jumptables*)
 *(.lowtext)
 .lowtext       0x000000f8       0x6c FreeRTOS/src/tasks.o
 .lowtext       0x00000164      0x288 FreeRTOS/src/timers.o
 *(.lowtext*)
                0x000003ec                __ctors_start = .
 *(.ctors)
                0x000003ec                __ctors_end = .
                0x000003ec                __dtors_start = .
 *(.dtors)
                0x000003ec                __dtors_end = .
 SORT(*)(.ctors)
 SORT(*)(.dtors)
 *(.init0)
 .init0         0x000003ec        0x0 D:/Program Files (x86)/Atmel/Studio/7.0/Packs/atmel/ATmega_DFP/1.3.300/gcc/dev/atmega2560/avr6/crtatmega2560.o
                0x000003ec                __init
 *(.init0)
 *(.init1)
 *(.init1)
 *(.init2)
 .init2         0x000003ec       0x10 D:/Program Files (x86)/Atmel/Studio/7.0/Packs/atmel/ATmega_DFP/1.3.300/gcc/dev/atmega2560/avr6/crtatmega2560.o
 *(.init2)
 *(.init3)
 *(.init3)
 *(.init4)
 .init4         0x000003fc       0x1a d:/program files (x86)/atmel/studio/7.0/toolchain/avr8/avr8-gnu-toolchain/bin/../lib/gcc/avr/5.4.0/avr6\libgcc.a(_copy_data.o)
                0x000003fc                __do_copy_data
 .init4         0x00000416       0x10 d:/program files (x86)/atmel/studio/7.0/toolchain/avr8/avr8-gnu-toolchain/bin/../lib/gcc/avr/5.4.0/avr6\libgcc.a(_clear_bss.o)
                0x00000416                __do_clear_bss
 *(.init4)
 *(.init5)
 *(.init5)
 *(.init6)
 *(.init6)
 *(.init7)
 *(.init7)
 *(.init8)
 *(.init8)
 *(.init9)
 .init9         0x00000426        0x8 D:/Program Files (x86)/Atmel/Studio/7.0/Packs/atmel/ATmega_DFP/1.3.300/gcc/dev/atmega2560/avr6/crtatmega2560.o
 *(.init9)
 *(.text)
 .text          0x0000042e        0x2 D:/Program Files (x86)/Atmel/Studio/7.0/Packs/atmel/ATmega_DFP/1.3.300/gcc/dev/atmega2560/avr6/crtatmega2560.o
                0x0000042e                __vector_38
                0x0000042e                __vector_22
                0x0000042e                __vector_28
                0x0000042e                __vector_1
                0x0000042e                __vector_32
                0x0000042e                __vector_34
                0x0000042e                __vector_24
                0x0000042e                __vector_46
                0x0000042e                __bad_interrupt
                0x0000042e                __vector_6
                0x0000042e                __vector_31
                0x0000042e                __vector_35
                0x0000042e                __vector_39
                0x0000042e                __vector_3
                0x0000042e                __vector_23
                0x0000042e                __vector_30
                0x0000042e                __vector_45
                0x0000042e                __vector_11
                0x0000042e                __vector_13
                0x0000042e                __vector_17
                0x0000042e                __vector_19
                0x0000042e                __vector_56
                0x0000042e                __vector_7
                0x0000042e                __vector_49
                0x0000042e                __vector_41
                0x0000042e                __vector_43
                0x0000042e                __vector_27
                0x0000042e                __vector_5
                0x0000042e                __vector_33
                0x0000042e                __vector_47
                0x0000042e                __vector_4
                0x0000042e                __vector_44
                0x0000042e                __vector_9
                0x0000042e                __vector_2
                0x0000042e                __vector_21
                0x0000042e                __vector_15
                0x0000042e                __vector_29
                0x0000042e                __vector_40
                0x0000042e                __vector_8
                0x0000042e                __vector_48
                0x0000042e                __vector_14
                0x0000042e                __vector_53
                0x0000042e                __vector_10
                0x0000042e                __vector_50
                0x0000042e                __vector_16
                0x0000042e                __vector_18
                0x0000042e                __vector_20
                0x0000042e                __vector_42
                0x00000430                . = ALIGN (0x2)
 *(.text.*)
 .text.prvInsertBlockIntoFreeList
                0x00000430       0x9a FreeRTOS/src/heap_4.o
 .text.pvPortMalloc
                0x000004ca      0x190 FreeRTOS/src/heap_4.o
                0x000004ca                pvPortMalloc
 .text.vPortFree
                0x0000065a       0x74 FreeRTOS/src/heap_4.o
                0x0000065a                vPortFree
 .text.vListInitialise
                0x000006ce       0x22 FreeRTOS/src/list.o
                0x000006ce                vListInitialise
 .text.vListInitialiseItem
                0x000006f0        0x8 FreeRTOS/src/list.o
                0x000006f0                vListInitialiseItem
 .text.vListInsert
                0x000006f8       0x7a FreeRTOS/src/list.o
                0x000006f8                vListInsert
 .text.uxListRemove
                0x00000772       0x4e FreeRTOS/src/list.o
                0x00000772                uxListRemove
 .text.pxPortInitialiseStack
                0x000007c0       0x2e FreeRTOS/src/port.o
                0x000007c0                pxPortInitialiseStack
 .text.xPortStartScheduler
                0x000007ee       0x78 FreeRTOS/src/port.o
                0x000007ee                xPortStartScheduler
 .text.vPortYield
                0x00000866       0xc2 FreeRTOS/src/port.o
                0x00000866                vPortYield
 .text.vPortYieldFromTick
                0x00000928       0xca FreeRTOS/src/port.o
                0x00000928                vPortYieldFromTick
 .text.__vector_12
                0x000009f2        0x4 FreeRTOS/src/port.o
                0x000009f2                __vector_12
 .text.prvIsQueueEmpty
                0x000009f6       0x16 FreeRTOS/src/queue.o
 .text.prvCopyDataToQueue
                0x00000a0c       0xbe FreeRTOS/src/queue.o
 .text.prvCopyDataFromQueue
                0x00000aca       0x34 FreeRTOS/src/queue.o
 .text.prvUnlockQueue
                0x00000afe       0x9a FreeRTOS/src/queue.o
 .text.xQueueGenericReset
                0x00000b98       0x86 FreeRTOS/src/queue.o
                0x00000b98                xQueueGenericReset
 .text.xQueueGenericCreate
                0x00000c1e       0x42 FreeRTOS/src/queue.o
                0x00000c1e                xQueueGenericCreate
 .text.xQueueGenericSend
                0x00000c60      0x140 FreeRTOS/src/queue.o
                0x00000c60                xQueueGenericSend
 .text.xQueueCreateMutex
                0x00000da0       0x36 FreeRTOS/src/queue.o
                0x00000da0                xQueueCreateMutex
 .text.xQueueGenericSendFromISR
                0x00000dd6       0x76 FreeRTOS/src/queue.o
                0x00000dd6                xQueueGenericSendFromISR
 .text.xQueueReceive
                0x00000e4c      0x132 FreeRTOS/src/queue.o
                0x00000e4c                xQueueReceive
 .text.vQueueWaitForMessageRestricted
                0x00000f7e       0x38 FreeRTOS/src/queue.o
                0x00000f7e                vQueueWaitForMessageRestricted
 .text.prvBytesInBuffer
                0x00000fb6       0x26 FreeRTOS/src/stream_buffer.o
 .text.prvWriteBytesToBuffer
                0x00000fdc       0x92 FreeRTOS/src/stream_buffer.o
 .text.prvWriteMessageToBuffer
                0x0000106e       0x80 FreeRTOS/src/stream_buffer.o
 .text.prvReadBytesFromBuffer
                0x000010ee       0x9c FreeRTOS/src/stream_buffer.o
 .text.xStreamBufferGenericCreate
                0x0000118a       0x6a FreeRTOS/src/stream_buffer.o
                0x0000118a                xStreamBufferGenericCreate
 .text.xStreamBufferReset
                0x000011f4       0x74 FreeRTOS/src/stream_buffer.o
                0x000011f4                xStreamBufferReset
 .text.xStreamBufferSpacesAvailable
                0x00001268       0x24 FreeRTOS/src/stream_buffer.o
                0x00001268                xStreamBufferSpacesAvailable
 .text.xStreamBufferSend
                0x0000128c      0x17e FreeRTOS/src/stream_buffer.o
                0x0000128c                xStreamBufferSend
 .text.xStreamBufferSendFromISR
                0x0000140a       0x88 FreeRTOS/src/stream_buffer.o
                0x0000140a                xStreamBufferSendFromISR
 .text.xStreamBufferReceive
                0x00001492      0x154 FreeRTOS/src/stream_buffer.o
                0x00001492                xStreamBufferReceive
 .text.prvResetNextTaskUnblockTime
                0x000015e6       0x4e FreeRTOS/src/tasks.o
 .text.prvAddCurrentTaskToDelayedList
                0x00001634      0x142 FreeRTOS/src/tasks.o
 .text.xTaskCreate
                0x00001776      0x274 FreeRTOS/src/tasks.o
                0x00001776                xTaskCreate
 .text.vTaskStartScheduler
                0x000019ea       0x70 FreeRTOS/src/tasks.o
                0x000019ea                vTaskStartScheduler
 .text.vTaskSuspendAll
                0x00001a5a        0xc FreeRTOS/src/tasks.o
                0x00001a5a                vTaskSuspendAll
 .text.xTaskGetTickCount
                0x00001a66       0x1c FreeRTOS/src/tasks.o
                0x00001a66                xTaskGetTickCount
 .text.xTaskIncrementTick
                0x00001a82      0x260 FreeRTOS/src/tasks.o
                0x00001a82                xTaskIncrementTick
 .text.xTaskResumeAll
                0x00001ce2      0x1cc FreeRTOS/src/tasks.o
                0x00001ce2                xTaskResumeAll
 .text.xTaskDelayUntil
                0x00001eae       0xd4 FreeRTOS/src/tasks.o
                0x00001eae                xTaskDelayUntil
 .text.vTaskDelay
                0x00001f82       0x32 FreeRTOS/src/tasks.o
                0x00001f82                vTaskDelay
 .text.vTaskSwitchContext
                0x00001fb4       0xe2 FreeRTOS/src/tasks.o
                0x00001fb4                vTaskSwitchContext
 .text.vTaskPlaceOnEventList
                0x00002096       0x2e FreeRTOS/src/tasks.o
                0x00002096                vTaskPlaceOnEventList
 .text.vTaskPlaceOnEventListRestricted
                0x000020c4       0x84 FreeRTOS/src/tasks.o
                0x000020c4                vTaskPlaceOnEventListRestricted
 .text.xTaskRemoveFromEventList
                0x00002148      0x160 FreeRTOS/src/tasks.o
                0x00002148                xTaskRemoveFromEventList
 .text.vTaskSetTimeOutState
                0x000022a8       0x2c FreeRTOS/src/tasks.o
                0x000022a8                vTaskSetTimeOutState
 .text.vTaskInternalSetTimeOutState
                0x000022d4       0x22 FreeRTOS/src/tasks.o
                0x000022d4                vTaskInternalSetTimeOutState
 .text.xTaskCheckForTimeOut
                0x000022f6       0xb2 FreeRTOS/src/tasks.o
                0x000022f6                xTaskCheckForTimeOut
 .text.vTaskMissedYield
                0x000023a8        0x8 FreeRTOS/src/tasks.o
                0x000023a8                vTaskMissedYield
 .text.xTaskGetCurrentTaskHandle
                0x000023b0        0xa FreeRTOS/src/tasks.o
                0x000023b0                xTaskGetCurrentTaskHandle
 .text.xTaskGetSchedulerState
                0x000023ba       0x1c FreeRTOS/src/tasks.o
                0x000023ba                xTaskGetSchedulerState
 .text.xTaskPriorityDisinherit
                0x000023d6       0xb6 FreeRTOS/src/tasks.o
                0x000023d6                xTaskPriorityDisinherit
 .text.xTaskGenericNotifyWait
                0x0000248c      0x14e FreeRTOS/src/tasks.o
                0x0000248c                xTaskGenericNotifyWait
 .text.xTaskGenericNotify
                0x000025da      0x1e8 FreeRTOS/src/tasks.o
                0x000025da                xTaskGenericNotify
 .text.xTaskGenericNotifyFromISR
                0x000027c2      0x23c FreeRTOS/src/tasks.o
                0x000027c2                xTaskGenericNotifyFromISR
 .text.xTaskGenericNotifyStateClear
                0x000029fe       0x34 FreeRTOS/src/tasks.o
                0x000029fe                xTaskGenericNotifyStateClear
 .text.prvInsertTimerInActiveList
                0x00002a32       0x92 FreeRTOS/src/timers.o
 .text.prvCheckForValidListAndQueue
                0x00002ac4       0x52 FreeRTOS/src/timers.o
 .text.xTimerCreateTimerTask
                0x00002b16       0x42 FreeRTOS/src/timers.o
                0x00002b16                xTimerCreateTimerTask
 .text.xTimerGenericCommand
                0x00002b58       0xbc FreeRTOS/src/timers.o
                0x00002b58                xTimerGenericCommand
 .text.prvSampleTimeNow
                0x00002c14      0x12e FreeRTOS/src/timers.o
 .text.vApplicationIdleHook
                0x00002d42        0x2 FreeRTOS/src/variantHooks.o
                0x00002d42                vApplicationIdleHook
 .text.prvSetMainLedOn
                0x00002d44        0x6 FreeRTOS/src/variantHooks.o
                0x00002d44                prvSetMainLedOn
 .text.prvBlinkMainLed
                0x00002d4a        0x4 FreeRTOS/src/variantHooks.o
                0x00002d4a                prvBlinkMainLed
 .text.vApplicationMallocFailedHook
                0x00002d4e       0x18 FreeRTOS/src/variantHooks.o
                0x00002d4e                vApplicationMallocFailedHook
 .text.vApplicationStackOverflowHook
                0x00002d66       0x18 FreeRTOS/src/variantHooks.o
                0x00002d66                vApplicationStackOverflowHook
 .text.lora_handler_task
                0x00002d7e      0x226 LoRaWANHandler.o
                0x00002d7e                lora_handler_task
 .text.lora_handler_initialise
                0x00002fa4       0x28 LoRaWANHandler.o
                0x00002fa4                lora_handler_initialise
 .text.task1    0x00002fcc       0x3a main.o
                0x00002fcc                task1
 .text.task2    0x00003006       0x38 main.o
                0x00003006                task2
 .text.create_tasks_and_semaphores
                0x0000303e       0x6c main.o
                0x0000303e                create_tasks_and_semaphores
 .text.initialiseSystem
                0x000030aa       0x22 main.o
                0x000030aa                initialiseSystem
 .text.main     0x000030cc       0x10 main.o
                0x000030cc                main
 .text._serialCallBack
                0x000030dc       0x8c ../drivers\libIotLibrary.a(lora_driver.o)
 .text._uploadMessage
                0x00003168       0xb4 ../drivers\libIotLibrary.a(lora_driver.o)
 .text._reply2ReturnCode
                0x0000321c       0xea ../drivers\libIotLibrary.a(lora_driver.o)
 .text._uploadMessageRc
                0x00003306        0x6 ../drivers\libIotLibrary.a(lora_driver.o)
 .text.lora_driver_flushBuffers
                0x0000330c        0xe ../drivers\libIotLibrary.a(lora_driver.o)
                0x0000330c                lora_driver_flushBuffers
 .text.lora_driver_initialise
                0x0000331a       0x80 ../drivers\libIotLibrary.a(lora_driver.o)
                0x0000331a                lora_driver_initialise
 .text.lora_driver_resetRn2483
                0x0000339a       0x1c ../drivers\libIotLibrary.a(lora_driver.o)
                0x0000339a                lora_driver_resetRn2483
 .text.lora_driver_rn2483FactoryReset
                0x000033b6       0x24 ../drivers\libIotLibrary.a(lora_driver.o)
                0x000033b6                lora_driver_rn2483FactoryReset
 .text.lora_driver_getRn2483Hweui
                0x000033da       0x38 ../drivers\libIotLibrary.a(lora_driver.o)
                0x000033da                lora_driver_getRn2483Hweui
 .text.lora_driver_setDeviceIdentifier
                0x00003412       0x22 ../drivers\libIotLibrary.a(lora_driver.o)
                0x00003412                lora_driver_setDeviceIdentifier
 .text.lora_driver_setApplicationIdentifier
                0x00003434       0x22 ../drivers\libIotLibrary.a(lora_driver.o)
                0x00003434                lora_driver_setApplicationIdentifier
 .text.lora_driver_setApplicationKey
                0x00003456       0x22 ../drivers\libIotLibrary.a(lora_driver.o)
                0x00003456                lora_driver_setApplicationKey
 .text.lora_driver_saveMac
                0x00003478        0xc ../drivers\libIotLibrary.a(lora_driver.o)
                0x00003478                lora_driver_saveMac
 .text.lora_driver_join
                0x00003484       0x52 ../drivers\libIotLibrary.a(lora_driver.o)
                0x00003484                lora_driver_join
 .text.lora_driver_sendUploadMessage
                0x000034d6      0x196 ../drivers\libIotLibrary.a(lora_driver.o)
                0x000034d6                lora_driver_sendUploadMessage
 .text.lora_driver_setAdaptiveDataRate
                0x0000366c       0x16 ../drivers\libIotLibrary.a(lora_driver.o)
                0x0000366c                lora_driver_setAdaptiveDataRate
 .text.lora_driver_setReceiveDelay
                0x00003682       0x30 ../drivers\libIotLibrary.a(lora_driver.o)
                0x00003682                lora_driver_setReceiveDelay
 .text.lora_driver_configureToEu868
                0x000036b2      0x1bc ../drivers\libIotLibrary.a(lora_driver.o)
                0x000036b2                lora_driver_configureToEu868
 .text.lora_driver_setOtaaIdentity
                0x0000386e       0x42 ../drivers\libIotLibrary.a(lora_driver.o)
                0x0000386e                lora_driver_setOtaaIdentity
 .text.lora_driver_mapReturnCodeToText
                0x000038b0       0x18 ../drivers\libIotLibrary.a(lora_driver.o)
                0x000038b0                lora_driver_mapReturnCodeToText
 .text.decode_port_no
                0x000038c8       0x58 ../drivers\libIotLibrary.a(lora_driver_utils.o)
                0x000038c8                decode_port_no
 .text.decode_hexadecimal_string_bytes
                0x00003920       0x92 ../drivers\libIotLibrary.a(lora_driver_utils.o)
                0x00003920                decode_hexadecimal_string_bytes
 .text.serial_create
                0x000039b2      0x138 ../drivers\libIotLibrary.a(serial.o)
                0x000039b2                serial_create
 .text.serial_sendByte
                0x00003aea       0x56 ../drivers\libIotLibrary.a(serial.o)
                0x00003aea                serial_sendByte
 .text.serial_sendBytes
                0x00003b40       0xaa ../drivers\libIotLibrary.a(serial.o)
                0x00003b40                serial_sendBytes
 .text.serial_getByte
                0x00003bea       0x40 ../drivers\libIotLibrary.a(serial.o)
                0x00003bea                serial_getByte
 .text.__vector_25
                0x00003c2a       0xa4 ../drivers\libIotLibrary.a(serial.o)
                0x00003c2a                __vector_25
 .text.__vector_26
                0x00003cce       0x88 ../drivers\libIotLibrary.a(serial.o)
                0x00003cce                __vector_26
 .text.__vector_36
                0x00003d56       0xa4 ../drivers\libIotLibrary.a(serial.o)
                0x00003d56                __vector_36
 .text.__vector_37
                0x00003dfa       0x88 ../drivers\libIotLibrary.a(serial.o)
                0x00003dfa                __vector_37
 .text.__vector_51
                0x00003e82       0xa4 ../drivers\libIotLibrary.a(serial.o)
                0x00003e82                __vector_51
 .text.__vector_52
                0x00003f26       0x88 ../drivers\libIotLibrary.a(serial.o)
                0x00003f26                __vector_52
 .text.__vector_54
                0x00003fae       0xa4 ../drivers\libIotLibrary.a(serial.o)
                0x00003fae                __vector_54
 .text.__vector_55
                0x00004052       0x88 ../drivers\libIotLibrary.a(serial.o)
                0x00004052                __vector_55
 .text.usart_getchar
                0x000040da       0x2a ../drivers\libIotLibrary.a(stdio_driver.o)
 .text.usart_putchar
                0x00004104       0x12 ../drivers\libIotLibrary.a(stdio_driver.o)
 .text.stdio_initialise
                0x00004116       0x52 ../drivers\libIotLibrary.a(stdio_driver.o)
                0x00004116                stdio_initialise
 .text._turn_off
                0x00004168       0x98 ../drivers\libIotLibrary.a(status_leds.o)
 .text._turn_on
                0x00004200       0x98 ../drivers\libIotLibrary.a(status_leds.o)
 .text._hal_led_task
                0x00004298       0x8c ../drivers\libIotLibrary.a(status_leds.o)
 .text.status_leds_initialise
                0x00004324       0x9c ../drivers\libIotLibrary.a(status_leds.o)
                0x00004324                status_leds_initialise
 .text.status_leds_slowBlink
                0x000043c0       0x46 ../drivers\libIotLibrary.a(status_leds.o)
                0x000043c0                status_leds_slowBlink
 .text.status_leds_fastBlink
                0x00004406       0x46 ../drivers\libIotLibrary.a(status_leds.o)
                0x00004406                status_leds_fastBlink
 .text.status_leds_ledOn
                0x0000444c       0x1e ../drivers\libIotLibrary.a(status_leds.o)
                0x0000444c                status_leds_ledOn
 .text.status_leds_ledOff
                0x0000446a       0x1e ../drivers\libIotLibrary.a(status_leds.o)
                0x0000446a                status_leds_ledOff
 .text.status_leds_longPuls
                0x00004488       0x24 ../drivers\libIotLibrary.a(status_leds.o)
                0x00004488                status_leds_longPuls
 .text.status_leds_shortPuls
                0x000044ac       0x24 ../drivers\libIotLibrary.a(status_leds.o)
                0x000044ac                status_leds_shortPuls
 .text.fifo_init
                0x000044d0       0x38 ../drivers\libIotLibrary.a(fifo.o)
                0x000044d0                fifo_init
 .text.avr-libc.fplib
                0x00004508        0xa d:/program files (x86)/atmel/studio/7.0/toolchain/avr8/avr8-gnu-toolchain/bin/../lib/gcc/avr/5.4.0/../../../../avr/lib/avr6\libm.a(addsf3.o)
                0x00004508                __subsf3
                0x0000450a                __addsf3
 .text.avr-libc.fplib
                0x00004512       0xc0 d:/program files (x86)/atmel/studio/7.0/toolchain/avr8/avr8-gnu-toolchain/bin/../lib/gcc/avr/5.4.0/../../../../avr/lib/avr6\libm.a(addsf3x.o)
                0x0000452c                __addsf3x
 .text.avr-libc.fplib
                0x000045d2        0x4 d:/program files (x86)/atmel/studio/7.0/toolchain/avr8/avr8-gnu-toolchain/bin/../lib/gcc/avr/5.4.0/../../../../avr/lib/avr6\libm.a(divsf3.o)
                0x000045d2                __divsf3
 .text.avr-libc.fplib
                0x000045d6       0xcc d:/program files (x86)/atmel/studio/7.0/toolchain/avr8/avr8-gnu-toolchain/bin/../lib/gcc/avr/5.4.0/../../../../avr/lib/avr6\libm.a(divsf3x.o)
                0x000045ec                __divsf3x
                0x000045f0                __divsf3_pse
 .text.avr-libc.fplib
                0x000046a2       0x58 d:/program files (x86)/atmel/studio/7.0/toolchain/avr8/avr8-gnu-toolchain/bin/../lib/gcc/avr/5.4.0/../../../../avr/lib/avr6\libm.a(fixunssfsi.o)
                0x000046a2                __fixunssfsi
 .text.avr-libc.fplib
                0x000046fa       0x7a d:/program files (x86)/atmel/studio/7.0/toolchain/avr8/avr8-gnu-toolchain/bin/../lib/gcc/avr/5.4.0/../../../../avr/lib/avr6\libm.a(floatsisf.o)
                0x000046fa                __floatunsisf
                0x000046fe                __floatsisf
 .text.avr-libc.fplib
                0x00004774        0xc d:/program files (x86)/atmel/studio/7.0/toolchain/avr8/avr8-gnu-toolchain/bin/../lib/gcc/avr/5.4.0/../../../../avr/lib/avr6\libm.a(fp_inf.o)
                0x00004774                __fp_inf
 .text.avr-libc.fplib
                0x00004780        0x6 d:/program files (x86)/atmel/studio/7.0/toolchain/avr8/avr8-gnu-toolchain/bin/../lib/gcc/avr/5.4.0/../../../../avr/lib/avr6\libm.a(fp_nan.o)
                0x00004780                __fp_nan
 .text.avr-libc.fplib
                0x00004786        0xe d:/program files (x86)/atmel/studio/7.0/toolchain/avr8/avr8-gnu-toolchain/bin/../lib/gcc/avr/5.4.0/../../../../avr/lib/avr6\libm.a(fp_pscA.o)
                0x00004786                __fp_pscA
 .text.avr-libc.fplib
                0x00004794        0xe d:/program files (x86)/atmel/studio/7.0/toolchain/avr8/avr8-gnu-toolchain/bin/../lib/gcc/avr/5.4.0/../../../../avr/lib/avr6\libm.a(fp_pscB.o)
                0x00004794                __fp_pscB
 .text.avr-libc.fplib
                0x000047a2       0x22 d:/program files (x86)/atmel/studio/7.0/toolchain/avr8/avr8-gnu-toolchain/bin/../lib/gcc/avr/5.4.0/../../../../avr/lib/avr6\libm.a(fp_round.o)
                0x000047a2                __fp_round
 .text.avr-libc.fplib
                0x000047c4       0x44 d:/program files (x86)/atmel/studio/7.0/toolchain/avr8/avr8-gnu-toolchain/bin/../lib/gcc/avr/5.4.0/../../../../avr/lib/avr6\libm.a(fp_split3.o)
                0x000047c4                __fp_split3
                0x000047d4                __fp_splitA
 .text.avr-libc.fplib
                0x00004808        0xe d:/program files (x86)/atmel/studio/7.0/toolchain/avr8/avr8-gnu-toolchain/bin/../lib/gcc/avr/5.4.0/../../../../avr/lib/avr6\libm.a(fp_zero.o)
                0x00004808                __fp_zero
                0x0000480a                __fp_szero
 .text.avr-libc.fplib
                0x00004816        0x4 d:/program files (x86)/atmel/studio/7.0/toolchain/avr8/avr8-gnu-toolchain/bin/../lib/gcc/avr/5.4.0/../../../../avr/lib/avr6\libm.a(mulsf3.o)
                0x00004816                __mulsf3
 .text.avr-libc.fplib
                0x0000481a       0xc2 d:/program files (x86)/atmel/studio/7.0/toolchain/avr8/avr8-gnu-toolchain/bin/../lib/gcc/avr/5.4.0/../../../../avr/lib/avr6\libm.a(mulsf3x.o)
                0x0000482e                __mulsf3x
                0x00004832                __mulsf3_pse
 .text.libgcc   0x000048dc       0x10 d:/program files (x86)/atmel/studio/7.0/toolchain/avr8/avr8-gnu-toolchain/bin/../lib/gcc/avr/5.4.0/avr6\libgcc.a(_tablejump2.o)
                0x000048dc                __tablejump2__
 .text.avr-libc
                0x000048ec       0x34 d:/program files (x86)/atmel/studio/7.0/toolchain/avr8/avr8-gnu-toolchain/bin/../lib/gcc/avr/5.4.0/../../../../avr/lib/avr6\libc.a(calloc.o)
                0x000048ec                calloc
 .text.avr-libc
                0x00004920      0x242 d:/program files (x86)/atmel/studio/7.0/toolchain/avr8/avr8-gnu-toolchain/bin/../lib/gcc/avr/5.4.0/../../../../avr/lib/avr6\libc.a(malloc.o)
                0x00004920                malloc
                0x00004a50                free
 .text.avr-libc
                0x00004b62        0x8 d:/program files (x86)/atmel/studio/7.0/toolchain/avr8/avr8-gnu-toolchain/bin/../lib/gcc/avr/5.4.0/../../../../avr/lib/avr6\libc.a(abort.o)
                0x00004b62                abort
 .text.avr-libc
                0x00004b6a       0x12 d:/program files (x86)/atmel/studio/7.0/toolchain/avr8/avr8-gnu-toolchain/bin/../lib/gcc/avr/5.4.0/../../../../avr/lib/avr6\libc.a(memcpy.o)
                0x00004b6a                memcpy
 .text.avr-libc
                0x00004b7c        0xe d:/program files (x86)/atmel/studio/7.0/toolchain/avr8/avr8-gnu-toolchain/bin/../lib/gcc/avr/5.4.0/../../../../avr/lib/avr6\libc.a(memset.o)
                0x00004b7c                memset
 .text.avr-libc
                0x00004b8a       0x4a d:/program files (x86)/atmel/studio/7.0/toolchain/avr8/avr8-gnu-toolchain/bin/../lib/gcc/avr/5.4.0/../../../../avr/lib/avr6\libc.a(strcasestr.o)
                0x00004b8a                strcasestr
 .text.avr-libc
                0x00004bd4       0x16 d:/program files (x86)/atmel/studio/7.0/toolchain/avr8/avr8-gnu-toolchain/bin/../lib/gcc/avr/5.4.0/../../../../avr/lib/avr6\libc.a(strcat.o)
                0x00004bd4                strcat
 .text.avr-libc
                0x00004bea        0xe d:/program files (x86)/atmel/studio/7.0/toolchain/avr8/avr8-gnu-toolchain/bin/../lib/gcc/avr/5.4.0/../../../../avr/lib/avr6\libc.a(strcpy.o)
                0x00004bea                strcpy
 .text.avr-libc
                0x00004bf8       0x30 d:/program files (x86)/atmel/studio/7.0/toolchain/avr8/avr8-gnu-toolchain/bin/../lib/gcc/avr/5.4.0/../../../../avr/lib/avr6\libc.a(strncasecmp.o)
                0x00004bf8                strncasecmp
 .text.avr-libc
                0x00004c28       0x26 d:/program files (x86)/atmel/studio/7.0/toolchain/avr8/avr8-gnu-toolchain/bin/../lib/gcc/avr/5.4.0/../../../../avr/lib/avr6\libc.a(printf.o)
                0x00004c28                printf
 .text.avr-libc
                0x00004c4e       0x60 d:/program files (x86)/atmel/studio/7.0/toolchain/avr8/avr8-gnu-toolchain/bin/../lib/gcc/avr/5.4.0/../../../../avr/lib/avr6\libc.a(puts.o)
                0x00004c4e                puts
 .text.avr-libc
                0x00004cae       0x5c d:/program files (x86)/atmel/studio/7.0/toolchain/avr8/avr8-gnu-toolchain/bin/../lib/gcc/avr/5.4.0/../../../../avr/lib/avr6\libc.a(sprintf.o)
                0x00004cae                sprintf
 .text.avr-libc
                0x00004d0a      0x3fa d:/program files (x86)/atmel/studio/7.0/toolchain/avr8/avr8-gnu-toolchain/bin/../lib/gcc/avr/5.4.0/../../../../avr/lib/avr6\libc.a(vfprintf_std.o)
                0x00004d0a                vfprintf
 .text.avr-libc
                0x00005104       0x16 d:/program files (x86)/atmel/studio/7.0/toolchain/avr8/avr8-gnu-toolchain/bin/../lib/gcc/avr/5.4.0/../../../../avr/lib/avr6\libc.a(strnlen_P.o)
                0x00005104                strnlen_P
 .text.avr-libc
                0x0000511a       0x16 d:/program files (x86)/atmel/studio/7.0/toolchain/avr8/avr8-gnu-toolchain/bin/../lib/gcc/avr/5.4.0/../../../../avr/lib/avr6\libc.a(strnlen.o)
                0x0000511a                strnlen
 .text.avr-libc
                0x00005130       0x78 d:/program files (x86)/atmel/studio/7.0/toolchain/avr8/avr8-gnu-toolchain/bin/../lib/gcc/avr/5.4.0/../../../../avr/lib/avr6\libc.a(fputc.o)
                0x00005130                fputc
 .text.avr-libc
                0x000051a8       0xbc d:/program files (x86)/atmel/studio/7.0/toolchain/avr8/avr8-gnu-toolchain/bin/../lib/gcc/avr/5.4.0/../../../../avr/lib/avr6\libc.a(ultoa_invert.o)
                0x000051a8                __ultoa_invert
                0x00005264                . = ALIGN (0x2)
 *(.fini9)
 .fini9         0x00005264        0x0 d:/program files (x86)/atmel/studio/7.0/toolchain/avr8/avr8-gnu-toolchain/bin/../lib/gcc/avr/5.4.0/avr6\libgcc.a(_exit.o)
                0x00005264                _exit
                0x00005264                exit
 *(.fini9)
 *(.fini8)
 *(.fini8)
 *(.fini7)
 *(.fini7)
 *(.fini6)
 *(.fini6)
 *(.fini5)
 *(.fini5)
 *(.fini4)
 *(.fini4)
 *(.fini3)
 *(.fini3)
 *(.fini2)
 *(.fini2)
 *(.fini1)
 *(.fini1)
 *(.fini0)
 .fini0         0x00005264        0x4 d:/program files (x86)/atmel/studio/7.0/toolchain/avr8/avr8-gnu-toolchain/bin/../lib/gcc/avr/5.4.0/avr6\libgcc.a(_exit.o)
 *(.fini0)
                0x00005268                _etext = .

.data           0x00800200      0x486 load address 0x00005268
                0x00800200                PROVIDE (__data_start, .)
 *(.data)
 .data          0x00800200        0x6 d:/program files (x86)/atmel/studio/7.0/toolchain/avr8/avr8-gnu-toolchain/bin/../lib/gcc/avr/5.4.0/../../../../avr/lib/avr6\libc.a(malloc.o)
                0x00800200                __malloc_heap_end
                0x00800202                __malloc_heap_start
                0x00800204                __malloc_margin
 *(.data*)
 .data.uxTopUsedPriority
                0x00800206        0x1 FreeRTOS/src/tasks.o
                0x00800206                uxTopUsedPriority
 .data._com_port_2_udr
                0x00800207        0x8 ../drivers\libIotLibrary.a(serial.o)
                0x00800207                _com_port_2_udr
 .data.mystdout.1882
                0x0080020f        0xe ../drivers\libIotLibrary.a(stdio_driver.o)
 *(.gnu.linkonce.d*)
 *(.rodata)
 .rodata        0x0080021d       0x20 ../drivers\libIotLibrary.a(lora_driver.o)
 *(.rodata*)
 .rodata.str1.1
                0x0080023d        0x5 FreeRTOS/src/tasks.o
 .rodata.str1.1
                0x00800242        0x8 FreeRTOS/src/timers.o
 .rodata.str1.1
                0x0080024a      0x14a LoRaWANHandler.o
 .rodata.str1.1
                0x00800394       0x1e main.o
 .rodata.str1.1
                0x008003b2      0x295 ../drivers\libIotLibrary.a(lora_driver.o)
                                0x2a5 (size before relaxing)
 .rodata._joinMode
                0x00800647        0x4 ../drivers\libIotLibrary.a(lora_driver.o)
 .rodata._returnCode
                0x0080064b       0x33 ../drivers\libIotLibrary.a(lora_driver.o)
                0x0080064b                _returnCode
 .rodata.str1.1
                0x0080067e        0x8 ../drivers\libIotLibrary.a(status_leds.o)
 *(.gnu.linkonce.r*)
                0x00800686                . = ALIGN (0x2)
                0x00800686                _edata = .
                0x00800686                PROVIDE (__data_end, .)

.bss            0x00800686      0xc7c
                0x00800686                PROVIDE (__bss_start, .)
 *(.bss)
 *(.bss*)
 .bss.xBlockAllocatedBit
                0x00800686        0x2 FreeRTOS/src/heap_4.o
 .bss.xNumberOfSuccessfulFrees
                0x00800688        0x2 FreeRTOS/src/heap_4.o
 .bss.xNumberOfSuccessfulAllocations
                0x0080068a        0x2 FreeRTOS/src/heap_4.o
 .bss.xMinimumEverFreeBytesRemaining
                0x0080068c        0x2 FreeRTOS/src/heap_4.o
 .bss.xFreeBytesRemaining
                0x0080068e        0x2 FreeRTOS/src/heap_4.o
 .bss.pxEnd     0x00800690        0x2 FreeRTOS/src/heap_4.o
 .bss.xStart    0x00800692        0x4 FreeRTOS/src/heap_4.o
 .bss.ucHeap    0x00800696      0x9c4 FreeRTOS/src/heap_4.o
 .bss.uxSchedulerSuspended
                0x0080105a        0x1 FreeRTOS/src/tasks.o
 .bss.xIdleTaskHandle
                0x0080105b        0x2 FreeRTOS/src/tasks.o
 .bss.xNextTaskUnblockTime
                0x0080105d        0x4 FreeRTOS/src/tasks.o
 .bss.uxTaskNumber
                0x00801061        0x1 FreeRTOS/src/tasks.o
 .bss.xNumOfOverflows
                0x00801062        0x1 FreeRTOS/src/tasks.o
 .bss.xYieldPending
                0x00801063        0x1 FreeRTOS/src/tasks.o
 .bss.xPendedTicks
                0x00801064        0x4 FreeRTOS/src/tasks.o
 .bss.xSchedulerRunning
                0x00801068        0x1 FreeRTOS/src/tasks.o
 .bss.uxTopReadyPriority
                0x00801069        0x1 FreeRTOS/src/tasks.o
 .bss.xTickCount
                0x0080106a        0x4 FreeRTOS/src/tasks.o
 .bss.uxCurrentNumberOfTasks
                0x0080106e        0x1 FreeRTOS/src/tasks.o
 .bss.xSuspendedTaskList
                0x0080106f        0xb FreeRTOS/src/tasks.o
 .bss.uxDeletedTasksWaitingCleanUp
                0x0080107a        0x1 FreeRTOS/src/tasks.o
 .bss.xTasksWaitingTermination
                0x0080107b        0xb FreeRTOS/src/tasks.o
 .bss.xPendingReadyList
                0x00801086        0xb FreeRTOS/src/tasks.o
 .bss.pxOverflowDelayedTaskList
                0x00801091        0x2 FreeRTOS/src/tasks.o
 .bss.pxDelayedTaskList
                0x00801093        0x2 FreeRTOS/src/tasks.o
 .bss.xDelayedTaskList2
                0x00801095        0xb FreeRTOS/src/tasks.o
 .bss.xDelayedTaskList1
                0x008010a0        0xb FreeRTOS/src/tasks.o
 .bss.pxReadyTasksLists
                0x008010ab       0x6e FreeRTOS/src/tasks.o
 .bss.pxCurrentTCB
                0x00801119        0x2 FreeRTOS/src/tasks.o
                0x00801119                pxCurrentTCB
 .bss.xLastTime.2436
                0x0080111b        0x4 FreeRTOS/src/timers.o
 .bss.xTimerTaskHandle
                0x0080111f        0x2 FreeRTOS/src/timers.o
 .bss.xTimerQueue
                0x00801121        0x2 FreeRTOS/src/timers.o
 .bss.pxOverflowTimerList
                0x00801123        0x2 FreeRTOS/src/timers.o
 .bss.pxCurrentTimerList
                0x00801125        0x2 FreeRTOS/src/timers.o
 .bss.xActiveTimerList2
                0x00801127        0xb FreeRTOS/src/timers.o
 .bss.xActiveTimerList1
                0x00801132        0xb FreeRTOS/src/timers.o
 .bss._uplink_payload
                0x0080113d       0x16 LoRaWANHandler.o
 .bss._out_buf  0x00801153       0x64 LoRaWANHandler.o
 .bss._tmp_buf.2871
                0x008011b7       0x64 ../drivers\libIotLibrary.a(lora_driver.o)
 .bss.rec_buf_inp.2878
                0x0080121b        0x1 ../drivers\libIotLibrary.a(lora_driver.o)
 .bss._downlinkMessageBuffer
                0x0080121c        0x2 ../drivers\libIotLibrary.a(lora_driver.o)
 .bss._serialReplyBufferHandle
                0x0080121e        0x2 ../drivers\libIotLibrary.a(lora_driver.o)
 .bss._rn2483_serial
                0x00801220        0x2 ../drivers\libIotLibrary.a(lora_driver.o)
 .bss._downlinkPayload
                0x00801222       0x16 ../drivers\libIotLibrary.a(lora_driver.o)
 .bss._payLoadHexBytes
                0x00801238       0x15 ../drivers\libIotLibrary.a(lora_driver.o)
 .bss._recMessageBuf
                0x0080124d       0x2d ../drivers\libIotLibrary.a(lora_driver.o)
 .bss._sendMessage
                0x0080127a       0x2d ../drivers\libIotLibrary.a(lora_driver.o)
 .bss._replyMess
                0x008012a7       0x2d ../drivers\libIotLibrary.a(lora_driver.o)
 .bss._ser_handle
                0x008012d4        0x8 ../drivers\libIotLibrary.a(serial.o)
 .bss._com_serial_instance
                0x008012dc        0x2 ../drivers\libIotLibrary.a(stdio_driver.o)
 .bss._led_status
                0x008012de       0x18 ../drivers\libIotLibrary.a(status_leds.o)
 *(COMMON)
 COMMON         0x008012f6        0x2 main.o
                0x008012f6                xTestSemaphore
 COMMON         0x008012f8        0x4 d:/program files (x86)/atmel/studio/7.0/toolchain/avr8/avr8-gnu-toolchain/bin/../lib/gcc/avr/5.4.0/../../../../avr/lib/avr6\libc.a(malloc.o)
                0x008012f8                __brkval
                0x008012fa                __flp
 COMMON         0x008012fc        0x6 d:/program files (x86)/atmel/studio/7.0/toolchain/avr8/avr8-gnu-toolchain/bin/../lib/gcc/avr/5.4.0/../../../../avr/lib/avr6\libc.a(iob.o)
                0x008012fc                __iob
                0x00801302                PROVIDE (__bss_end, .)
                0x00005268                __data_load_start = LOADADDR (.data)
                0x000056ee                __data_load_end = (__data_load_start + SIZEOF (.data))

.noinit         0x00801302        0x0
                [!provide]                PROVIDE (__noinit_start, .)
 *(.noinit*)
                [!provide]                PROVIDE (__noinit_end, .)
                0x00801302                _end = .
                0x00801302                PROVIDE (__heap_start, .)

.eeprom         0x00810000        0x0
 *(.eeprom*)
                0x00810000                __eeprom_end = .

.fuse
 *(.fuse)
 *(.lfuse)
 *(.hfuse)
 *(.efuse)

.lock
 *(.lock*)

.signature
 *(.signature*)

.user_signatures
 *(.user_signatures*)

.stab
 *(.stab)

.stabstr
 *(.stabstr)

.stab.excl
 *(.stab.excl)

.stab.exclstr
 *(.stab.exclstr)

.stab.index
 *(.stab.index)

.stab.indexstr
 *(.stab.indexstr)

.comment        0x00000000       0x5c
 *(.comment)
 .comment       0x00000000       0x30 FreeRTOS/src/heap_4.o
                                 0x31 (size before relaxing)
 .comment       0x00000030       0x31 FreeRTOS/src/list.o
 .comment       0x00000030       0x31 FreeRTOS/src/port.o
 .comment       0x00000030       0x31 FreeRTOS/src/queue.o
 .comment       0x00000030       0x31 FreeRTOS/src/stream_buffer.o
 .comment       0x00000030       0x31 FreeRTOS/src/tasks.o
 .comment       0x00000030       0x31 FreeRTOS/src/timers.o
 .comment       0x00000030       0x31 FreeRTOS/src/variantHooks.o
 .comment       0x00000030       0x31 LoRaWANHandler.o
 .comment       0x00000030       0x31 main.o
 .comment       0x00000030       0x31 ../drivers\libIotLibrary.a(lora_driver.o)
 .comment       0x00000030       0x31 ../drivers\libIotLibrary.a(lora_driver_utils.o)
 .comment       0x00000030       0x31 ../drivers\libIotLibrary.a(serial.o)
 .comment       0x00000030       0x31 ../drivers\libIotLibrary.a(stdio_driver.o)
 .comment       0x00000030       0x31 ../drivers\libIotLibrary.a(status_leds.o)
 .comment       0x00000030       0x31 ../drivers\libIotLibrary.a(fifo.o)
 .comment       0x00000030       0x31 d:/program files (x86)/atmel/studio/7.0/toolchain/avr8/avr8-gnu-toolchain/bin/../lib/gcc/avr/5.4.0/../../../../avr/lib/avr6\libc.a(calloc.o)
 .comment       0x00000030       0x31 d:/program files (x86)/atmel/studio/7.0/toolchain/avr8/avr8-gnu-toolchain/bin/../lib/gcc/avr/5.4.0/../../../../avr/lib/avr6\libc.a(malloc.o)
 .comment       0x00000030       0x31 d:/program files (x86)/atmel/studio/7.0/toolchain/avr8/avr8-gnu-toolchain/bin/../lib/gcc/avr/5.4.0/../../../../avr/lib/avr6\libc.a(iob.o)
 .comment       0x00000030       0x31 d:/program files (x86)/atmel/studio/7.0/toolchain/avr8/avr8-gnu-toolchain/bin/../lib/gcc/avr/5.4.0/../../../../avr/lib/avr6\libc.a(printf.o)
 .comment       0x00000030       0x31 d:/program files (x86)/atmel/studio/7.0/toolchain/avr8/avr8-gnu-toolchain/bin/../lib/gcc/avr/5.4.0/../../../../avr/lib/avr6\libc.a(puts.o)
 .comment       0x00000030       0x31 d:/program files (x86)/atmel/studio/7.0/toolchain/avr8/avr8-gnu-toolchain/bin/../lib/gcc/avr/5.4.0/../../../../avr/lib/avr6\libc.a(sprintf.o)
 .comment       0x00000030       0x2c d:/program files (x86)/atmel/studio/7.0/toolchain/avr8/avr8-gnu-toolchain/bin/../lib/gcc/avr/5.4.0/../../../../avr/lib/avr6\libc.a(vfprintf_std.o)
                                 0x2d (size before relaxing)
 .comment       0x0000005c       0x31 d:/program files (x86)/atmel/studio/7.0/toolchain/avr8/avr8-gnu-toolchain/bin/../lib/gcc/avr/5.4.0/../../../../avr/lib/avr6\libc.a(fputc.o)

.note.gnu.avr.deviceinfo
                0x00000000       0x40
 .note.gnu.avr.deviceinfo
                0x00000000       0x40 D:/Program Files (x86)/Atmel/Studio/7.0/Packs/atmel/ATmega_DFP/1.3.300/gcc/dev/atmega2560/avr6/crtatmega2560.o

.note.gnu.build-id
 *(.note.gnu.build-id)

.debug
 *(.debug)

.line
 *(.line)

.debug_srcinfo
 *(.debug_srcinfo)

.debug_sfnames
 *(.debug_sfnames)

.debug_aranges  0x00000000      0x7f0
 *(.debug_aranges)
 .debug_aranges
                0x00000000       0x50 FreeRTOS/src/heap_4.o
 .debug_aranges
                0x00000050       0x40 FreeRTOS/src/list.o
 .debug_aranges
                0x00000090       0x50 FreeRTOS/src/port.o
 .debug_aranges
                0x000000e0       0xd8 FreeRTOS/src/queue.o
 .debug_aranges
                0x000001b8       0xb0 FreeRTOS/src/stream_buffer.o
 .debug_aranges
                0x00000268      0x198 FreeRTOS/src/tasks.o
 .debug_aranges
                0x00000400       0x98 FreeRTOS/src/timers.o
 .debug_aranges
                0x00000498       0x40 FreeRTOS/src/variantHooks.o
 .debug_aranges
                0x000004d8       0x28 LoRaWANHandler.o
 .debug_aranges
                0x00000500       0x40 main.o
 .debug_aranges
                0x00000540      0x138 ../drivers\libIotLibrary.a(lora_driver.o)
 .debug_aranges
                0x00000678       0x28 ../drivers\libIotLibrary.a(lora_driver_utils.o)
 .debug_aranges
                0x000006a0       0x90 ../drivers\libIotLibrary.a(serial.o)
 .debug_aranges
                0x00000730       0x38 ../drivers\libIotLibrary.a(stdio_driver.o)
 .debug_aranges
                0x00000768       0x68 ../drivers\libIotLibrary.a(status_leds.o)
 .debug_aranges
                0x000007d0       0x20 ../drivers\libIotLibrary.a(fifo.o)

.debug_pubnames
 *(.debug_pubnames)

.debug_info     0x00000000     0xb539
 *(.debug_info .gnu.linkonce.wi.*)
 .debug_info    0x00000000      0xbbc D:/Program Files (x86)/Atmel/Studio/7.0/Packs/atmel/ATmega_DFP/1.3.300/gcc/dev/atmega2560/avr6/crtatmega2560.o
 .debug_info    0x00000bbc      0x50c FreeRTOS/src/heap_4.o
 .debug_info    0x000010c8      0x2e7 FreeRTOS/src/list.o
 .debug_info    0x000013af      0x2f6 FreeRTOS/src/port.o
 .debug_info    0x000016a5     0x17d4 FreeRTOS/src/queue.o
 .debug_info    0x00002e79     0x145a FreeRTOS/src/stream_buffer.o
 .debug_info    0x000042d3     0x226e FreeRTOS/src/tasks.o
 .debug_info    0x00006541     0x10e6 FreeRTOS/src/timers.o
 .debug_info    0x00007627      0x20f FreeRTOS/src/variantHooks.o
 .debug_info    0x00007836      0x78f LoRaWANHandler.o
 .debug_info    0x00007fc5      0x48a main.o
 .debug_info    0x0000844f     0x1747 ../drivers\libIotLibrary.a(lora_driver.o)
 .debug_info    0x00009b96      0x143 ../drivers\libIotLibrary.a(lora_driver_utils.o)
 .debug_info    0x00009cd9      0xddb ../drivers\libIotLibrary.a(serial.o)
 .debug_info    0x0000aab4      0x3b6 ../drivers\libIotLibrary.a(stdio_driver.o)
 .debug_info    0x0000ae6a      0x50c ../drivers\libIotLibrary.a(status_leds.o)
 .debug_info    0x0000b376      0x1c3 ../drivers\libIotLibrary.a(fifo.o)

.debug_abbrev   0x00000000     0x2b23
 *(.debug_abbrev)
 .debug_abbrev  0x00000000      0xb1a D:/Program Files (x86)/Atmel/Studio/7.0/Packs/atmel/ATmega_DFP/1.3.300/gcc/dev/atmega2560/avr6/crtatmega2560.o
 .debug_abbrev  0x00000b1a      0x212 FreeRTOS/src/heap_4.o
 .debug_abbrev  0x00000d2c       0xff FreeRTOS/src/list.o
 .debug_abbrev  0x00000e2b      0x170 FreeRTOS/src/port.o
 .debug_abbrev  0x00000f9b      0x29e FreeRTOS/src/queue.o
 .debug_abbrev  0x00001239      0x2a8 FreeRTOS/src/stream_buffer.o
 .debug_abbrev  0x000014e1      0x348 FreeRTOS/src/tasks.o
 .debug_abbrev  0x00001829      0x2f5 FreeRTOS/src/timers.o
 .debug_abbrev  0x00001b1e       0xff FreeRTOS/src/variantHooks.o
 .debug_abbrev  0x00001c1d      0x1ca LoRaWANHandler.o
 .debug_abbrev  0x00001de7      0x185 main.o
 .debug_abbrev  0x00001f6c      0x33b ../drivers\libIotLibrary.a(lora_driver.o)
 .debug_abbrev  0x000022a7       0xc0 ../drivers\libIotLibrary.a(lora_driver_utils.o)
 .debug_abbrev  0x00002367      0x34a ../drivers\libIotLibrary.a(serial.o)
 .debug_abbrev  0x000026b1      0x1b3 ../drivers\libIotLibrary.a(stdio_driver.o)
 .debug_abbrev  0x00002864      0x1d7 ../drivers\libIotLibrary.a(status_leds.o)
 .debug_abbrev  0x00002a3b       0xe8 ../drivers\libIotLibrary.a(fifo.o)

.debug_line     0x00000000     0x5488
 *(.debug_line .debug_line.* .debug_line_end)
 .debug_line    0x00000000      0x1f9 D:/Program Files (x86)/Atmel/Studio/7.0/Packs/atmel/ATmega_DFP/1.3.300/gcc/dev/atmega2560/avr6/crtatmega2560.o
 .debug_line    0x000001f9      0x3de FreeRTOS/src/heap_4.o
 .debug_line    0x000005d7      0x1db FreeRTOS/src/list.o
 .debug_line    0x000007b2      0x275 FreeRTOS/src/port.o
 .debug_line    0x00000a27      0xb80 FreeRTOS/src/queue.o
 .debug_line    0x000015a7      0x765 FreeRTOS/src/stream_buffer.o
 .debug_line    0x00001d0c     0x147c FreeRTOS/src/tasks.o
 .debug_line    0x00003188      0x55e FreeRTOS/src/timers.o
 .debug_line    0x000036e6      0x1af FreeRTOS/src/variantHooks.o
 .debug_line    0x00003895      0x256 LoRaWANHandler.o
 .debug_line    0x00003aeb      0x231 main.o
 .debug_line    0x00003d1c      0x9aa ../drivers\libIotLibrary.a(lora_driver.o)
 .debug_line    0x000046c6      0x195 ../drivers\libIotLibrary.a(lora_driver_utils.o)
 .debug_line    0x0000485b      0x6a0 ../drivers\libIotLibrary.a(serial.o)
 .debug_line    0x00004efb      0x146 ../drivers\libIotLibrary.a(stdio_driver.o)
 .debug_line    0x00005041      0x32c ../drivers\libIotLibrary.a(status_leds.o)
 .debug_line    0x0000536d      0x11b ../drivers\libIotLibrary.a(fifo.o)

.debug_frame    0x00000000     0x1d28
 *(.debug_frame)
 .debug_frame   0x00000000       0xec FreeRTOS/src/heap_4.o
 .debug_frame   0x000000ec       0x90 FreeRTOS/src/list.o
 .debug_frame   0x0000017c       0x84 FreeRTOS/src/port.o
 .debug_frame   0x00000200      0x388 FreeRTOS/src/queue.o
 .debug_frame   0x00000588      0x3b0 FreeRTOS/src/stream_buffer.o
 .debug_frame   0x00000938      0x69c FreeRTOS/src/tasks.o
 .debug_frame   0x00000fd4      0x238 FreeRTOS/src/timers.o
 .debug_frame   0x0000120c       0x64 FreeRTOS/src/variantHooks.o
 .debug_frame   0x00001270       0x54 LoRaWANHandler.o
 .debug_frame   0x000012c4       0x94 main.o
 .debug_frame   0x00001358      0x460 ../drivers\libIotLibrary.a(lora_driver.o)
 .debug_frame   0x000017b8       0x48 ../drivers\libIotLibrary.a(lora_driver_utils.o)
 .debug_frame   0x00001800      0x384 ../drivers\libIotLibrary.a(serial.o)
 .debug_frame   0x00001b84       0x94 ../drivers\libIotLibrary.a(stdio_driver.o)
 .debug_frame   0x00001c18       0xec ../drivers\libIotLibrary.a(status_leds.o)
 .debug_frame   0x00001d04       0x24 ../drivers\libIotLibrary.a(fifo.o)

.debug_str      0x00000000     0x35c1
 *(.debug_str)
 .debug_str     0x00000000      0x3e6 D:/Program Files (x86)/Atmel/Studio/7.0/Packs/atmel/ATmega_DFP/1.3.300/gcc/dev/atmega2560/avr6/crtatmega2560.o
 .debug_str     0x000003e6      0x44d FreeRTOS/src/heap_4.o
                                0x491 (size before relaxing)
 .debug_str     0x00000833      0x135 FreeRTOS/src/list.o
                                0x2cd (size before relaxing)
 .debug_str     0x00000968      0x16e FreeRTOS/src/port.o
                                0x302 (size before relaxing)
 .debug_str     0x00000ad6      0x672 FreeRTOS/src/queue.o
                                0x941 (size before relaxing)
 .debug_str     0x00001148      0x4ed FreeRTOS/src/stream_buffer.o
                                0x7ca (size before relaxing)
 .debug_str     0x00001635      0x941 FreeRTOS/src/tasks.o
                                0xf62 (size before relaxing)
 .debug_str     0x00001f76      0x414 FreeRTOS/src/timers.o
                                0x838 (size before relaxing)
 .debug_str     0x0000238a       0x81 FreeRTOS/src/variantHooks.o
                                0x279 (size before relaxing)
 .debug_str     0x0000240b      0x47f LoRaWANHandler.o
                                0x67c (size before relaxing)
 .debug_str     0x0000288a      0x123 main.o
                                0x33b (size before relaxing)
 .debug_str     0x000029ad      0x6fc ../drivers\libIotLibrary.a(lora_driver.o)
                                0xcdb (size before relaxing)
 .debug_str     0x000030a9       0x54 ../drivers\libIotLibrary.a(lora_driver_utils.o)
                                0x206 (size before relaxing)
 .debug_str     0x000030fd      0x2f8 ../drivers\libIotLibrary.a(serial.o)
                                0x62f (size before relaxing)
 .debug_str     0x000033f5       0xa6 ../drivers\libIotLibrary.a(stdio_driver.o)
                                0x37d (size before relaxing)
 .debug_str     0x0000349b      0x104 ../drivers\libIotLibrary.a(status_leds.o)
                                0x36d (size before relaxing)
 .debug_str     0x0000359f       0x22 ../drivers\libIotLibrary.a(fifo.o)
                                0x239 (size before relaxing)

.debug_loc      0x00000000     0xa5a3
 *(.debug_loc)
 .debug_loc     0x00000000      0x4e4 FreeRTOS/src/heap_4.o
 .debug_loc     0x000004e4      0x17d FreeRTOS/src/list.o
 .debug_loc     0x00000661       0xf6 FreeRTOS/src/port.o
 .debug_loc     0x00000757     0x1aee FreeRTOS/src/queue.o
 .debug_loc     0x00002245     0x1e19 FreeRTOS/src/stream_buffer.o
 .debug_loc     0x0000405e     0x2a03 FreeRTOS/src/tasks.o
 .debug_loc     0x00006a61      0xcf7 FreeRTOS/src/timers.o
 .debug_loc     0x00007758       0xdc FreeRTOS/src/variantHooks.o
 .debug_loc     0x00007834      0x1a7 LoRaWANHandler.o
 .debug_loc     0x000079db      0x118 main.o
 .debug_loc     0x00007af3     0x1216 ../drivers\libIotLibrary.a(lora_driver.o)
 .debug_loc     0x00008d09      0x1d2 ../drivers\libIotLibrary.a(lora_driver_utils.o)
 .debug_loc     0x00008edb     0x114c ../drivers\libIotLibrary.a(serial.o)
 .debug_loc     0x0000a027      0x18c ../drivers\libIotLibrary.a(stdio_driver.o)
 .debug_loc     0x0000a1b3      0x292 ../drivers\libIotLibrary.a(status_leds.o)
 .debug_loc     0x0000a445      0x15e ../drivers\libIotLibrary.a(fifo.o)

.debug_macinfo
 *(.debug_macinfo)

.debug_weaknames
 *(.debug_weaknames)

.debug_funcnames
 *(.debug_funcnames)

.debug_typenames
 *(.debug_typenames)

.debug_varnames
 *(.debug_varnames)

.debug_pubtypes
 *(.debug_pubtypes)

.debug_ranges   0x00000000      0x8e8
 *(.debug_ranges)
 .debug_ranges  0x00000000       0x40 FreeRTOS/src/heap_4.o
 .debug_ranges  0x00000040       0x30 FreeRTOS/src/list.o
 .debug_ranges  0x00000070       0x40 FreeRTOS/src/port.o
 .debug_ranges  0x000000b0      0x158 FreeRTOS/src/queue.o
 .debug_ranges  0x00000208       0xa0 FreeRTOS/src/stream_buffer.o
 .debug_ranges  0x000002a8      0x238 FreeRTOS/src/tasks.o
 .debug_ranges  0x000004e0       0xe0 FreeRTOS/src/timers.o
 .debug_ranges  0x000005c0       0x30 FreeRTOS/src/variantHooks.o
 .debug_ranges  0x000005f0       0x48 LoRaWANHandler.o
 .debug_ranges  0x00000638       0x30 main.o
 .debug_ranges  0x00000668      0x128 ../drivers\libIotLibrary.a(lora_driver.o)
 .debug_ranges  0x00000790       0x30 ../drivers\libIotLibrary.a(lora_driver_utils.o)
 .debug_ranges  0x000007c0       0x98 ../drivers\libIotLibrary.a(serial.o)
 .debug_ranges  0x00000858       0x28 ../drivers\libIotLibrary.a(stdio_driver.o)
 .debug_ranges  0x00000880       0x58 ../drivers\libIotLibrary.a(status_leds.o)
 .debug_ranges  0x000008d8       0x10 ../drivers\libIotLibrary.a(fifo.o)

.debug_macro
 *(.debug_macro)
OUTPUT(gh-iot.elf elf32-avr)
LOAD linker stubs
