Archive member included to satisfy reference by file (symbol)

d:/program files (x86)/atmel/studio/7.0/toolchain/avr8/avr8-gnu-toolchain/bin/../lib/gcc/avr/5.4.0/../../../../avr/lib/avr6\libm.a(addsf3.o)
                              controller/temperatureSensorController.o (__subsf3)
d:/program files (x86)/atmel/studio/7.0/toolchain/avr8/avr8-gnu-toolchain/bin/../lib/gcc/avr/5.4.0/../../../../avr/lib/avr6\libm.a(addsf3x.o)
                              d:/program files (x86)/atmel/studio/7.0/toolchain/avr8/avr8-gnu-toolchain/bin/../lib/gcc/avr/5.4.0/../../../../avr/lib/avr6\libm.a(addsf3.o) (__addsf3x)
d:/program files (x86)/atmel/studio/7.0/toolchain/avr8/avr8-gnu-toolchain/bin/../lib/gcc/avr/5.4.0/../../../../avr/lib/avr6\libm.a(divsf3.o)
                              controller/sevenSegmentDisplayController.o (__divsf3)
d:/program files (x86)/atmel/studio/7.0/toolchain/avr8/avr8-gnu-toolchain/bin/../lib/gcc/avr/5.4.0/../../../../avr/lib/avr6\libm.a(divsf3x.o)
                              d:/program files (x86)/atmel/studio/7.0/toolchain/avr8/avr8-gnu-toolchain/bin/../lib/gcc/avr/5.4.0/../../../../avr/lib/avr6\libm.a(divsf3.o) (__divsf3x)
d:/program files (x86)/atmel/studio/7.0/toolchain/avr8/avr8-gnu-toolchain/bin/../lib/gcc/avr/5.4.0/../../../../avr/lib/avr6\libm.a(fixsfsi.o)
                              controller/temperatureSensorController.o (__fixsfsi)
d:/program files (x86)/atmel/studio/7.0/toolchain/avr8/avr8-gnu-toolchain/bin/../lib/gcc/avr/5.4.0/../../../../avr/lib/avr6\libm.a(fixunssfsi.o)
                              controller/sevenSegmentDisplayController.o (__fixunssfsi)
d:/program files (x86)/atmel/studio/7.0/toolchain/avr8/avr8-gnu-toolchain/bin/../lib/gcc/avr/5.4.0/../../../../avr/lib/avr6\libm.a(floatsisf.o)
                              controller/sevenSegmentDisplayController.o (__floatsisf)
d:/program files (x86)/atmel/studio/7.0/toolchain/avr8/avr8-gnu-toolchain/bin/../lib/gcc/avr/5.4.0/../../../../avr/lib/avr6\libm.a(fp_inf.o)
                              d:/program files (x86)/atmel/studio/7.0/toolchain/avr8/avr8-gnu-toolchain/bin/../lib/gcc/avr/5.4.0/../../../../avr/lib/avr6\libm.a(addsf3x.o) (__fp_inf)
d:/program files (x86)/atmel/studio/7.0/toolchain/avr8/avr8-gnu-toolchain/bin/../lib/gcc/avr/5.4.0/../../../../avr/lib/avr6\libm.a(fp_nan.o)
                              d:/program files (x86)/atmel/studio/7.0/toolchain/avr8/avr8-gnu-toolchain/bin/../lib/gcc/avr/5.4.0/../../../../avr/lib/avr6\libm.a(addsf3x.o) (__fp_nan)
d:/program files (x86)/atmel/studio/7.0/toolchain/avr8/avr8-gnu-toolchain/bin/../lib/gcc/avr/5.4.0/../../../../avr/lib/avr6\libm.a(fp_pscA.o)
                              d:/program files (x86)/atmel/studio/7.0/toolchain/avr8/avr8-gnu-toolchain/bin/../lib/gcc/avr/5.4.0/../../../../avr/lib/avr6\libm.a(addsf3x.o) (__fp_pscA)
d:/program files (x86)/atmel/studio/7.0/toolchain/avr8/avr8-gnu-toolchain/bin/../lib/gcc/avr/5.4.0/../../../../avr/lib/avr6\libm.a(fp_pscB.o)
                              d:/program files (x86)/atmel/studio/7.0/toolchain/avr8/avr8-gnu-toolchain/bin/../lib/gcc/avr/5.4.0/../../../../avr/lib/avr6\libm.a(addsf3x.o) (__fp_pscB)
d:/program files (x86)/atmel/studio/7.0/toolchain/avr8/avr8-gnu-toolchain/bin/../lib/gcc/avr/5.4.0/../../../../avr/lib/avr6\libm.a(fp_round.o)
                              d:/program files (x86)/atmel/studio/7.0/toolchain/avr8/avr8-gnu-toolchain/bin/../lib/gcc/avr/5.4.0/../../../../avr/lib/avr6\libm.a(addsf3.o) (__fp_round)
d:/program files (x86)/atmel/studio/7.0/toolchain/avr8/avr8-gnu-toolchain/bin/../lib/gcc/avr/5.4.0/../../../../avr/lib/avr6\libm.a(fp_split3.o)
                              d:/program files (x86)/atmel/studio/7.0/toolchain/avr8/avr8-gnu-toolchain/bin/../lib/gcc/avr/5.4.0/../../../../avr/lib/avr6\libm.a(addsf3x.o) (__fp_split3)
d:/program files (x86)/atmel/studio/7.0/toolchain/avr8/avr8-gnu-toolchain/bin/../lib/gcc/avr/5.4.0/../../../../avr/lib/avr6\libm.a(fp_zero.o)
                              d:/program files (x86)/atmel/studio/7.0/toolchain/avr8/avr8-gnu-toolchain/bin/../lib/gcc/avr/5.4.0/../../../../avr/lib/avr6\libm.a(addsf3x.o) (__fp_zero)
d:/program files (x86)/atmel/studio/7.0/toolchain/avr8/avr8-gnu-toolchain/bin/../lib/gcc/avr/5.4.0/../../../../avr/lib/avr6\libm.a(mulsf3.o)
                              controller/sevenSegmentDisplayController.o (__mulsf3)
d:/program files (x86)/atmel/studio/7.0/toolchain/avr8/avr8-gnu-toolchain/bin/../lib/gcc/avr/5.4.0/../../../../avr/lib/avr6\libm.a(mulsf3x.o)
                              d:/program files (x86)/atmel/studio/7.0/toolchain/avr8/avr8-gnu-toolchain/bin/../lib/gcc/avr/5.4.0/../../../../avr/lib/avr6\libm.a(mulsf3.o) (__mulsf3x)
../drivers\libIotLibrary.a(display_7seg.o)
                              controller/sevenSegmentDisplayController.o (display_7seg_display)
../drivers\libIotLibrary.a(hih8120.o)
                              controller/temperatureSensorController.o (hih8120_initialise)
../drivers\libIotLibrary.a(lora_driver.o)
[...]
Memory Configuration

Name             Origin             Length             Attributes
text             0x00000000         0x00100000         xr
data             0x00800200         0x0000fe00         rw !x
eeprom           0x00810000         0x00010000         rw !x
fuse             0x00820000         0x00000003         rw !x
lock             0x00830000         0x00000400         rw !x
signature        0x00840000         0x00000400         rw !x
user_signatures  0x00850000         0x00000400         rw !x
*default*        0x00000000         0xffffffff

Linker script and memory map

Address of section .data set to 0x800200
LOAD D:/Program Files (x86)/Atmel/Studio/7.0/Packs/atmel/ATmega_DFP/1.3.300/gcc/dev/atmega2560/avr6/crtatmega2560.o
LOAD controller/sevenSegmentDisplayController.o
LOAD controller/temperatureSensorController.o
LOAD model/senser/carbonDioxideSensor.o
LOAD model/senser/humiditySensor.o
LOAD model/senser/temperatureSensor.o
LOAD model/sensorModelManager.o
LOAD model/time/myTime.o
LOAD FreeRTOS/FreeRTOSTraceDriver/FreeRTOSTraceDriver.o
LOAD FreeRTOS/src/croutine.o
LOAD FreeRTOS/src/event_groups.o
LOAD FreeRTOS/src/heap_4.o
LOAD FreeRTOS/src/list.o
LOAD FreeRTOS/src/port.o
LOAD FreeRTOS/src/queue.o
LOAD FreeRTOS/src/stream_buffer.o
LOAD FreeRTOS/src/tasks.o
LOAD FreeRTOS/src/timers.o
LOAD FreeRTOS/src/variantHooks.o
LOAD LoRaWANHandler.o
LOAD main.o
START GROUP
LOAD d:/program files (x86)/atmel/studio/7.0/toolchain/avr8/avr8-gnu-toolchain/bin/../lib/gcc/avr/5.4.0/../../../../avr/lib/avr6\libm.a
LOAD ../drivers\libIotLibrary.a
END GROUP
START GROUP
LOAD d:/program files (x86)/atmel/studio/7.0/toolchain/avr8/avr8-gnu-toolchain/bin/../lib/gcc/avr/5.4.0/avr6\libgcc.a
LOAD d:/program files (x86)/atmel/studio/7.0/toolchain/avr8/avr8-gnu-toolchain/bin/../lib/gcc/avr/5.4.0/../../../../avr/lib/avr6\libm.a
LOAD d:/program files (x86)/atmel/studio/7.0/toolchain/avr8/avr8-gnu-toolchain/bin/../lib/gcc/avr/5.4.0/../../../../avr/lib/avr6\libc.a
LOAD D:/Program Files (x86)/Atmel/Studio/7.0/Packs/atmel/ATmega_DFP/1.3.300/gcc/dev/atmega2560/avr6\libatmega2560.a
END GROUP
                0x00000000                __TEXT_REGION_ORIGIN__ = DEFINED (__TEXT_REGION_ORIGIN__)?__TEXT_REGION_ORIGIN__:0x0
                0x00800200                __DATA_REGION_ORIGIN__ = DEFINED (__DATA_REGION_ORIGIN__)?__DATA_REGION_ORIGIN__:0x800200
                0x00100000                __TEXT_REGION_LENGTH__ = DEFINED (__TEXT_REGION_LENGTH__)?__TEXT_REGION_LENGTH__:0x100000
                0x0000fe00                __DATA_REGION_LENGTH__ = DEFINED (__DATA_REGION_LENGTH__)?__DATA_REGION_LENGTH__:0xfe00
                0x00010000                __EEPROM_REGION_LENGTH__ = DEFINED (__EEPROM_REGION_LENGTH__)?__EEPROM_REGION_LENGTH__:0x10000
                [0x00000003]                __FUSE_REGION_LENGTH__ = DEFINED (__FUSE_REGION_LENGTH__)?__FUSE_REGION_LENGTH__:0x400
                0x00000400                __LOCK_REGION_LENGTH__ = DEFINED (__LOCK_REGION_LENGTH__)?__LOCK_REGION_LENGTH__:0x400
                0x00000400                __SIGNATURE_REGION_LENGTH__ = DEFINED (__SIGNATURE_REGION_LENGTH__)?__SIGNATURE_REGION_LENGTH__:0x400
                0x00000400                __USER_SIGNATURE_REGION_LENGTH__ = DEFINED (__USER_SIGNATURE_REGION_LENGTH__)?__USER_SIGNATURE_REGION_LENGTH__:0x400

.hash
 *(.hash)

.dynsym
 *(.dynsym)

.dynstr
 *(.dynstr)

.gnu.version
 *(.gnu.version)

.gnu.version_d
 *(.gnu.version_d)

.gnu.version_r
 *(.gnu.version_r)

.rel.init
 *(.rel.init)

.rela.init
 *(.rela.init)

.rel.text
 *(.rel.text)
 *(.rel.text.*)
 *(.rel.gnu.linkonce.t*)

.rela.text
 *(.rela.text)
 *(.rela.text.*)
 *(.rela.gnu.linkonce.t*)

.rel.fini
 *(.rel.fini)

.rela.fini
 *(.rela.fini)

.rel.rodata
 *(.rel.rodata)
 *(.rel.rodata.*)
 *(.rel.gnu.linkonce.r*)

.rela.rodata
 *(.rela.rodata)
 *(.rela.rodata.*)
 *(.rela.gnu.linkonce.r*)

.rel.data
 *(.rel.data)
 *(.rel.data.*)
 *(.rel.gnu.linkonce.d*)

.rela.data
 *(.rela.data)
 *(.rela.data.*)
 *(.rela.gnu.linkonce.d*)

.rel.ctors
 *(.rel.ctors)

.rela.ctors
 *(.rela.ctors)

.rel.dtors
 *(.rel.dtors)

.rela.dtors
 *(.rela.dtors)

.rel.got
 *(.rel.got)

.rela.got
 *(.rela.got)

.rel.bss
 *(.rel.bss)

.rela.bss
 *(.rela.bss)

.rel.plt
 *(.rel.plt)

.rela.plt
 *(.rela.plt)

.text           0x00000000     0x5198
 *(.vectors)
 .vectors       0x00000000       0xe4 D:/Program Files (x86)/Atmel/Studio/7.0/Packs/atmel/ATmega_DFP/1.3.300/gcc/dev/atmega2560/avr6/crtatmega2560.o
                0x00000000                __vector_default
                0x00000000                __vectors
 *(.vectors)
 *(.progmem.gcc*)
 .progmem.gcc_sw_table
                0x000000e4       0x14 FreeRTOS/src/timers.o
 .progmem.gcc_sw_table.__vector_39
                0x000000f8       0xa2 ../drivers\libIotLibrary.a(twi.o)
 .progmem.gcc_fplib
                0x0000019a       0x28 d:/program files (x86)/atmel/studio/7.0/toolchain/avr8/avr8-gnu-toolchain/bin/../lib/gcc/avr/5.4.0/../../../../avr/lib/avr6\libm.a(exp.o)
 .progmem.gcc_fplib
                0x000001c2       0x5a d:/program files (x86)/atmel/studio/7.0/toolchain/avr8/avr8-gnu-toolchain/bin/../lib/gcc/avr/5.4.0/../../../../avr/lib/avr6\libm.a(log.o)
                0x0000021c                . = ALIGN (0x2)
                0x0000021c                __trampolines_start = .
 *(.trampolines)
 .trampolines   0x0000021c        0x0 linker stubs
 *(.trampolines*)
                0x0000021c                __trampolines_end = .
 *libprintf_flt.a:*(.progmem.data)
 *libc.a:*(.progmem.data)
 *(.progmem*)
                0x0000021c                . = ALIGN (0x2)
 *(.jumptables)
 *(.jumptables*)
 *(.lowtext)
 .lowtext       0x0000021c       0x6c FreeRTOS/src/tasks.o
 .lowtext       0x00000288      0x28c FreeRTOS/src/timers.o
 *(.lowtext*)
                0x00000514                __ctors_start = .
 *(.ctors)
                0x00000514                __ctors_end = .
                0x00000514                __dtors_start = .
 *(.dtors)
                0x00000514                __dtors_end = .
 SORT(*)(.ctors)
 SORT(*)(.dtors)
 *(.init0)
 .init0         0x00000514        0x0 D:/Program Files (x86)/Atmel/Studio/7.0/Packs/atmel/ATmega_DFP/1.3.300/gcc/dev/atmega2560/avr6/crtatmega2560.o
                0x00000514                __init
 *(.init0)
 *(.init1)
 *(.init1)
 *(.init2)
 .init2         0x00000514       0x10 D:/Program Files (x86)/Atmel/Studio/7.0/Packs/atmel/ATmega_DFP/1.3.300/gcc/dev/atmega2560/avr6/crtatmega2560.o
 *(.init2)
 *(.init3)
 *(.init3)
 *(.init4)
 .init4         0x00000524       0x1a d:/program files (x86)/atmel/studio/7.0/toolchain/avr8/avr8-gnu-toolchain/bin/../lib/gcc/avr/5.4.0/avr6\libgcc.a(_copy_data.o)
                0x00000524                __do_copy_data
 .init4         0x0000053e       0x10 d:/program files (x86)/atmel/studio/7.0/toolchain/avr8/avr8-gnu-toolchain/bin/../lib/gcc/avr/5.4.0/avr6\libgcc.a(_clear_bss.o)
                0x0000053e                __do_clear_bss
 *(.init4)
 *(.init5)
 *(.init5)
 *(.init6)
 *(.init6)
 *(.init7)
 *(.init7)
 *(.init8)
 *(.init8)
 *(.init9)
 .init9         0x0000054e        0x8 D:/Program Files (x86)/Atmel/Studio/7.0/Packs/atmel/ATmega_DFP/1.3.300/gcc/dev/atmega2560/avr6/crtatmega2560.o
 *(.init9)
 *(.text)
 .text          0x00000556        0x2 D:/Program Files (x86)/Atmel/Studio/7.0/Packs/atmel/ATmega_DFP/1.3.300/gcc/dev/atmega2560/avr6/crtatmega2560.o
                0x00000556                __vector_38
                0x00000556                __vector_22
                0x00000556                __vector_28
                0x00000556                __vector_1
                0x00000556                __vector_32
                0x00000556                __vector_34
                0x00000556                __vector_46
                0x00000556                __bad_interrupt
                0x00000556                __vector_6
                0x00000556                __vector_31
                0x00000556                __vector_35
                0x00000556                __vector_3
                0x00000556                __vector_23
                0x00000556                __vector_30
                0x00000556                __vector_45
                0x00000556                __vector_11
                0x00000556                __vector_13
                0x00000556                __vector_17
                0x00000556                __vector_19
                0x00000556                __vector_56
                0x00000556                __vector_7
                0x00000556                __vector_49
                0x00000556                __vector_41
                0x00000556                __vector_43
                0x00000556                __vector_27
                0x00000556                __vector_5
                0x00000556                __vector_33
                0x00000556                __vector_47
                0x00000556                __vector_4
                0x00000556                __vector_44
                0x00000556                __vector_9
                0x00000556                __vector_2
                0x00000556                __vector_15
                0x00000556                __vector_29
                0x00000556                __vector_40
                0x00000556                __vector_8
                0x00000556                __vector_48
                0x00000556                __vector_14
                0x00000556                __vector_53
                0x00000556                __vector_10
                0x00000556                __vector_50
                0x00000556                __vector_16
                0x00000556                __vector_18
                0x00000556                __vector_20
                0x00000556                __vector_42
                0x00000558                . = ALIGN (0x2)
 *(.text.*)
 .text.sevenSegmentDisplayController_task
                0x00000558      0x1a2 controller/sevenSegmentDisplayController.o
                0x00000558                sevenSegmentDisplayController_task
 .text.sevenSegmentDisplayController_create
                0x000006fa       0x4c controller/sevenSegmentDisplayController.o
                0x000006fa                sevenSegmentDisplayController_create
 .text.temperatureSensorController_task
                0x00000746      0x1ea controller/temperatureSensorController.o
                0x00000746                temperatureSensorController_task
 .text.temperatureSensorController_create
                0x00000930       0x4a controller/temperatureSensorController.o
                0x00000930                temperatureSensorController_create
 .text.carbonDioxideSensor_create
                0x0000097a       0x66 model/senser/carbonDioxideSensor.o
                0x0000097a                carbonDioxideSensor_create
 .text.carbonDioxideSensor_getValue
                0x000009e0       0x4a model/senser/carbonDioxideSensor.o
                0x000009e0                carbonDioxideSensor_getValue
 .text.humiditySensor_create
                0x00000a2a       0x66 model/senser/humiditySensor.o
                0x00000a2a                humiditySensor_create
 .text.humiditySensor_getValue
                0x00000a90       0x4a model/senser/humiditySensor.o
                0x00000a90                humiditySensor_getValue
 .text.temperatureSensor_create
                0x00000ada       0x66 model/senser/temperatureSensor.o
                0x00000ada                temperatureSensor_create
 .text.temperatureSensor_setValue
                0x00000b40       0x50 model/senser/temperatureSensor.o
                0x00000b40                temperatureSensor_setValue
 .text.temperatureSensor_getReportInterval
                0x00000b90       0x4a model/senser/temperatureSensor.o
                0x00000b90                temperatureSensor_getReportInterval
 .text.temperatureSensor_getValue
                0x00000bda       0x4a model/senser/temperatureSensor.o
                0x00000bda                temperatureSensor_getValue
 .text.temperatureSensor_getUpdateTime
                0x00000c24       0x3c model/senser/temperatureSensor.o
                0x00000c24                temperatureSensor_getUpdateTime
 .text.sensorModelManager_create
                0x00000c60       0x48 model/sensorModelManager.o
                0x00000c60                sensorModelManager_create
 .text.sensorModelManager_getTemperatureSensor
                0x00000ca8        0xa model/sensorModelManager.o
                0x00000ca8                sensorModelManager_getTemperatureSensor
 .text.sensorModelManager_getHumiditySensor
                0x00000cb2        0xa model/sensorModelManager.o
                0x00000cb2                sensorModelManager_getHumiditySensor
 .text.sensorModelManager_getCarbonDioxideSensor
                0x00000cbc        0xa model/sensorModelManager.o
                0x00000cbc                sensorModelManager_getCarbonDioxideSensor
 .text.nowTimeClockTask
                0x00000cc6       0x4c model/time/myTime.o
                0x00000cc6                nowTimeClockTask
 .text.mytime_tryCreateNowTime
                0x00000d12       0x6c model/time/myTime.o
                0x00000d12                mytime_tryCreateNowTime
 .text.myTime_create
                0x00000d7e       0x30 model/time/myTime.o
                0x00000d7e                myTime_create
 .text.myTime_updateToNowTime
                0x00000dae       0x4e model/time/myTime.o
                0x00000dae                myTime_updateToNowTime
 .text.myTime_getNowTime
                0x00000dfc        0xc model/time/myTime.o
                0x00000dfc                myTime_getNowTime
 .text.myTime_getYear
                0x00000e08        0x8 model/time/myTime.o
                0x00000e08                myTime_getYear
 .text.myTime_getMon
                0x00000e10        0x8 model/time/myTime.o
                0x00000e10                myTime_getMon
 .text.myTime_getDay
                0x00000e18        0x8 model/time/myTime.o
                0x00000e18                myTime_getDay
 .text.myTime_getHour
                0x00000e20        0x8 model/time/myTime.o
                0x00000e20                myTime_getHour
 .text.myTime_getMin
                0x00000e28        0x8 model/time/myTime.o
                0x00000e28                myTime_getMin
 .text.myTime_getSec
                0x00000e30        0x8 model/time/myTime.o
                0x00000e30                myTime_getSec
 .text.prvInsertBlockIntoFreeList
                0x00000e38       0x9a FreeRTOS/src/heap_4.o
 .text.pvPortMalloc
                0x00000ed2      0x190 FreeRTOS/src/heap_4.o
                0x00000ed2                pvPortMalloc
 .text.vPortFree
                0x00001062       0x72 FreeRTOS/src/heap_4.o
                0x00001062                vPortFree
 .text.vListInitialise
                0x000010d4       0x22 FreeRTOS/src/list.o
                0x000010d4                vListInitialise
 .text.vListInitialiseItem
                0x000010f6        0x8 FreeRTOS/src/list.o
                0x000010f6                vListInitialiseItem
 .text.vListInsert
                0x000010fe       0x7a FreeRTOS/src/list.o
                0x000010fe                vListInsert
 .text.uxListRemove
                0x00001178       0x4e FreeRTOS/src/list.o
                0x00001178                uxListRemove
 .text.pxPortInitialiseStack
                0x000011c6       0x2e FreeRTOS/src/port.o
                0x000011c6                pxPortInitialiseStack
 .text.xPortStartScheduler
                0x000011f4       0x78 FreeRTOS/src/port.o
                0x000011f4                xPortStartScheduler
 .text.vPortYield
                0x0000126c       0xc2 FreeRTOS/src/port.o
                0x0000126c                vPortYield
 .text.vPortYieldFromTick
                0x0000132e       0xc8 FreeRTOS/src/port.o
                0x0000132e                vPortYieldFromTick
 .text.__vector_12
                0x000013f6        0x4 FreeRTOS/src/port.o
                0x000013f6                __vector_12
 .text.prvIsQueueEmpty
                0x000013fa       0x16 FreeRTOS/src/queue.o
 .text.prvCopyDataToQueue
                0x00001410       0xbe FreeRTOS/src/queue.o
 .text.prvCopyDataFromQueue
                0x000014ce       0x34 FreeRTOS/src/queue.o
 .text.prvUnlockQueue
                0x00001502       0x98 FreeRTOS/src/queue.o
 .text.xQueueGenericReset
                0x0000159a       0x84 FreeRTOS/src/queue.o
                0x0000159a                xQueueGenericReset
 .text.xQueueGenericCreate
                0x0000161e       0x42 FreeRTOS/src/queue.o
                0x0000161e                xQueueGenericCreate
 .text.xQueueGenericSend
                0x00001660      0x138 FreeRTOS/src/queue.o
                0x00001660                xQueueGenericSend
 .text.xQueueGenericSendFromISR
                0x00001798       0x74 FreeRTOS/src/queue.o
                0x00001798                xQueueGenericSendFromISR
 .text.xQueueReceive
                0x0000180c      0x12a FreeRTOS/src/queue.o
                0x0000180c                xQueueReceive
 .text.xQueueSemaphoreTake
                0x00001936      0x190 FreeRTOS/src/queue.o
                0x00001936                xQueueSemaphoreTake
 .text.vQueueWaitForMessageRestricted
                0x00001ac6       0x36 FreeRTOS/src/queue.o
                0x00001ac6                vQueueWaitForMessageRestricted
 .text.prvResetNextTaskUnblockTime
                0x00001afc       0x4e FreeRTOS/src/tasks.o
 .text.prvAddCurrentTaskToDelayedList
                0x00001b4a      0x13e FreeRTOS/src/tasks.o
 .text.xTaskCreate
                0x00001c88      0x25a FreeRTOS/src/tasks.o
                0x00001c88                xTaskCreate
 .text.vTaskStartScheduler
                0x00001ee2       0x6c FreeRTOS/src/tasks.o
                0x00001ee2                vTaskStartScheduler
 .text.vTaskSuspendAll
                0x00001f4e        0xc FreeRTOS/src/tasks.o
                0x00001f4e                vTaskSuspendAll
 .text.xTaskGetTickCount
                0x00001f5a       0x1c FreeRTOS/src/tasks.o
                0x00001f5a                xTaskGetTickCount
 .text.xTaskIncrementTick
                0x00001f76      0x260 FreeRTOS/src/tasks.o
                0x00001f76                xTaskIncrementTick
 .text.xTaskResumeAll
                0x000021d6      0x1cc FreeRTOS/src/tasks.o
                0x000021d6                xTaskResumeAll
 .text.vTaskDelay
                0x000023a2       0x32 FreeRTOS/src/tasks.o
                0x000023a2                vTaskDelay
 .text.vTaskSwitchContext
                0x000023d4       0xe2 FreeRTOS/src/tasks.o
                0x000023d4                vTaskSwitchContext
 .text.vTaskPlaceOnEventList
                0x000024b6       0x2e FreeRTOS/src/tasks.o
                0x000024b6                vTaskPlaceOnEventList
 .text.vTaskPlaceOnEventListRestricted
                0x000024e4       0x84 FreeRTOS/src/tasks.o
                0x000024e4                vTaskPlaceOnEventListRestricted
 .text.xTaskRemoveFromEventList
                0x00002568      0x160 FreeRTOS/src/tasks.o
                0x00002568                xTaskRemoveFromEventList
 .text.vTaskInternalSetTimeOutState
                0x000026c8       0x22 FreeRTOS/src/tasks.o
                0x000026c8                vTaskInternalSetTimeOutState
 .text.xTaskCheckForTimeOut
                0x000026ea       0xb2 FreeRTOS/src/tasks.o
                0x000026ea                xTaskCheckForTimeOut
 .text.vTaskMissedYield
                0x0000279c        0x8 FreeRTOS/src/tasks.o
                0x0000279c                vTaskMissedYield
 .text.xTaskGetSchedulerState
                0x000027a4       0x1c FreeRTOS/src/tasks.o
                0x000027a4                xTaskGetSchedulerState
 .text.xTaskPriorityInherit
                0x000027c0      0x10e FreeRTOS/src/tasks.o
                0x000027c0                xTaskPriorityInherit
 .text.xTaskPriorityDisinherit
                0x000028ce       0xb6 FreeRTOS/src/tasks.o
                0x000028ce                xTaskPriorityDisinherit
 .text.vTaskPriorityDisinheritAfterTimeout
                0x00002984       0xce FreeRTOS/src/tasks.o
                0x00002984                vTaskPriorityDisinheritAfterTimeout
 .text.pvTaskIncrementMutexHeldCount
                0x00002a52       0x24 FreeRTOS/src/tasks.o
                0x00002a52                pvTaskIncrementMutexHeldCount
 .text.prvInsertTimerInActiveList
                0x00002a76       0x92 FreeRTOS/src/timers.o
 .text.prvCheckForValidListAndQueue
                0x00002b08       0x52 FreeRTOS/src/timers.o
 .text.xTimerCreateTimerTask
                0x00002b5a       0x40 FreeRTOS/src/timers.o
                0x00002b5a                xTimerCreateTimerTask
 .text.xTimerGenericCommand
                0x00002b9a       0xbc FreeRTOS/src/timers.o
                0x00002b9a                xTimerGenericCommand
 .text.prvSampleTimeNow
                0x00002c56      0x12c FreeRTOS/src/timers.o
 .text.vApplicationIdleHook
                0x00002d82        0x2 FreeRTOS/src/variantHooks.o
                0x00002d82                vApplicationIdleHook
 .text.prvSetMainLedOn
                0x00002d84        0x6 FreeRTOS/src/variantHooks.o
                0x00002d84                prvSetMainLedOn
 .text.prvBlinkMainLed
                0x00002d8a        0x4 FreeRTOS/src/variantHooks.o
                0x00002d8a                prvBlinkMainLed
 .text.vApplicationMallocFailedHook
                0x00002d8e       0x18 FreeRTOS/src/variantHooks.o
                0x00002d8e                vApplicationMallocFailedHook
 .text.vApplicationStackOverflowHook
                0x00002da6       0x18 FreeRTOS/src/variantHooks.o
                0x00002da6                vApplicationStackOverflowHook
 .text.initialiseSystem
                0x00002dbe       0x4a main.o
                0x00002dbe                initialiseSystem
 .text.main     0x00002e08       0x10 main.o
                0x00002e08                main
 .text.avr-libc.fplib
                0x00002e18        0xa d:/program files (x86)/atmel/studio/7.0/toolchain/avr8/avr8-gnu-toolchain/bin/../lib/gcc/avr/5.4.0/../../../../avr/lib/avr6\libm.a(addsf3.o)
                0x00002e18                __subsf3
                0x00002e1a                __addsf3
 .text.avr-libc.fplib
                0x00002e22       0xc0 d:/program files (x86)/atmel/studio/7.0/toolchain/avr8/avr8-gnu-toolchain/bin/../lib/gcc/avr/5.4.0/../../../../avr/lib/avr6\libm.a(addsf3x.o)
                0x00002e3c                __addsf3x
 .text.avr-libc.fplib
                0x00002ee2        0x4 d:/program files (x86)/atmel/studio/7.0/toolchain/avr8/avr8-gnu-toolchain/bin/../lib/gcc/avr/5.4.0/../../../../avr/lib/avr6\libm.a(divsf3.o)
                0x00002ee2                __divsf3
 .text.avr-libc.fplib
                0x00002ee6       0xcc d:/program files (x86)/atmel/studio/7.0/toolchain/avr8/avr8-gnu-toolchain/bin/../lib/gcc/avr/5.4.0/../../../../avr/lib/avr6\libm.a(divsf3x.o)
                0x00002efc                __divsf3x
                0x00002f00                __divsf3_pse
 .text.avr-libc.fplib
                0x00002fb2        0xa d:/program files (x86)/atmel/studio/7.0/toolchain/avr8/avr8-gnu-toolchain/bin/../lib/gcc/avr/5.4.0/../../../../avr/lib/avr6\libm.a(fixsfsi.o)
                0x00002fb2                __fixsfsi
 .text.avr-libc.fplib
                0x00002fbc       0x58 d:/program files (x86)/atmel/studio/7.0/toolchain/avr8/avr8-gnu-toolchain/bin/../lib/gcc/avr/5.4.0/../../../../avr/lib/avr6\libm.a(fixunssfsi.o)
                0x00002fbc                __fixunssfsi
 .text.avr-libc.fplib
                0x00003014       0x7a d:/program files (x86)/atmel/studio/7.0/toolchain/avr8/avr8-gnu-toolchain/bin/../lib/gcc/avr/5.4.0/../../../../avr/lib/avr6\libm.a(floatsisf.o)
                0x00003014                __floatunsisf
                0x00003018                __floatsisf
 .text.avr-libc.fplib
                0x0000308e        0xc d:/program files (x86)/atmel/studio/7.0/toolchain/avr8/avr8-gnu-toolchain/bin/../lib/gcc/avr/5.4.0/../../../../avr/lib/avr6\libm.a(fp_inf.o)
                0x0000308e                __fp_inf
 .text.avr-libc.fplib
                0x0000309a        0x6 d:/program files (x86)/atmel/studio/7.0/toolchain/avr8/avr8-gnu-toolchain/bin/../lib/gcc/avr/5.4.0/../../../../avr/lib/avr6\libm.a(fp_nan.o)
                0x0000309a                __fp_nan
 .text.avr-libc.fplib
                0x000030a0        0xe d:/program files (x86)/atmel/studio/7.0/toolchain/avr8/avr8-gnu-toolchain/bin/../lib/gcc/avr/5.4.0/../../../../avr/lib/avr6\libm.a(fp_pscA.o)
                0x000030a0                __fp_pscA
 .text.avr-libc.fplib
                0x000030ae        0xe d:/program files (x86)/atmel/studio/7.0/toolchain/avr8/avr8-gnu-toolchain/bin/../lib/gcc/avr/5.4.0/../../../../avr/lib/avr6\libm.a(fp_pscB.o)
                0x000030ae                __fp_pscB
 .text.avr-libc.fplib
                0x000030bc       0x22 d:/program files (x86)/atmel/studio/7.0/toolchain/avr8/avr8-gnu-toolchain/bin/../lib/gcc/avr/5.4.0/../../../../avr/lib/avr6\libm.a(fp_round.o)
                0x000030bc                __fp_round
 .text.avr-libc.fplib
                0x000030de       0x44 d:/program files (x86)/atmel/studio/7.0/toolchain/avr8/avr8-gnu-toolchain/bin/../lib/gcc/avr/5.4.0/../../../../avr/lib/avr6\libm.a(fp_split3.o)
                0x000030de                __fp_split3
                0x000030ee                __fp_splitA
 .text.avr-libc.fplib
                0x00003122        0xe d:/program files (x86)/atmel/studio/7.0/toolchain/avr8/avr8-gnu-toolchain/bin/../lib/gcc/avr/5.4.0/../../../../avr/lib/avr6\libm.a(fp_zero.o)
                0x00003122                __fp_zero
                0x00003124                __fp_szero
 .text.avr-libc.fplib
                0x00003130        0x4 d:/program files (x86)/atmel/studio/7.0/toolchain/avr8/avr8-gnu-toolchain/bin/../lib/gcc/avr/5.4.0/../../../../avr/lib/avr6\libm.a(mulsf3.o)
                0x00003130                __mulsf3
 .text.avr-libc.fplib
                0x00003134       0xc2 d:/program files (x86)/atmel/studio/7.0/toolchain/avr8/avr8-gnu-toolchain/bin/../lib/gcc/avr/5.4.0/../../../../avr/lib/avr6\libm.a(mulsf3x.o)
                0x00003148                __mulsf3x
                0x0000314c                __mulsf3_pse
 .text._spiCallBack
                0x000031f6       0x34 ../drivers\libIotLibrary.a(display_7seg.o)
 .text.display_7seg_displayErr
                0x0000322a       0x18 ../drivers\libIotLibrary.a(display_7seg.o)
                0x0000322a                display_7seg_displayErr
 .text.display_7seg_display
                0x00003242      0x14c ../drivers\libIotLibrary.a(display_7seg.o)
                0x00003242                display_7seg_display
 .text.display_7seg_powerUp
                0x0000338e        0x8 ../drivers\libIotLibrary.a(display_7seg.o)
                0x0000338e                display_7seg_powerUp
 .text.display_7seg_powerDown
                0x00003396        0xe ../drivers\libIotLibrary.a(display_7seg.o)
                0x00003396                display_7seg_powerDown
 .text.display_7seg_initialise
                0x000033a4       0x7a ../drivers\libIotLibrary.a(display_7seg.o)
                0x000033a4                display_7seg_initialise
 .text.__vector_21
                0x0000341e       0xe0 ../drivers\libIotLibrary.a(display_7seg.o)
                0x0000341e                __vector_21
 .text._hihTwiCallback
                0x000034fe       0x5a ../drivers\libIotLibrary.a(hih8120.o)
 .text.hih8120_initialise
                0x00003558       0x2e ../drivers\libIotLibrary.a(hih8120.o)
                0x00003558                hih8120_initialise
 .text.hih8120_wakeup
                0x00003586       0x28 ../drivers\libIotLibrary.a(hih8120.o)
                0x00003586                hih8120_wakeup
 .text.hih8120_measure
                0x000035ae       0x20 ../drivers\libIotLibrary.a(hih8120.o)
                0x000035ae                hih8120_measure
 .text.hih8120_getTemperature
                0x000035ce       0x2e ../drivers\libIotLibrary.a(hih8120.o)
                0x000035ce                hih8120_getTemperature
 .text.serial_create
                0x000035fc      0x142 ../drivers\libIotLibrary.a(serial.o)
                0x000035fc                serial_create
 .text.serial_sendByte
                0x0000373e       0x56 ../drivers\libIotLibrary.a(serial.o)
                0x0000373e                serial_sendByte
 .text.serial_getByte
                0x00003794       0x40 ../drivers\libIotLibrary.a(serial.o)
                0x00003794                serial_getByte
 .text.__vector_25
                0x000037d4       0xa4 ../drivers\libIotLibrary.a(serial.o)
                0x000037d4                __vector_25
 .text.__vector_26
                0x00003878       0x88 ../drivers\libIotLibrary.a(serial.o)
                0x00003878                __vector_26
 .text.__vector_36
                0x00003900       0xa4 ../drivers\libIotLibrary.a(serial.o)
                0x00003900                __vector_36
 .text.__vector_37
                0x000039a4       0x88 ../drivers\libIotLibrary.a(serial.o)
                0x000039a4                __vector_37
 .text.__vector_51
                0x00003a2c       0xa4 ../drivers\libIotLibrary.a(serial.o)
                0x00003a2c                __vector_51
 .text.__vector_52
                0x00003ad0       0x88 ../drivers\libIotLibrary.a(serial.o)
                0x00003ad0                __vector_52
 .text.__vector_54
                0x00003b58       0xa4 ../drivers\libIotLibrary.a(serial.o)
                0x00003b58                __vector_54
 .text.__vector_55
                0x00003bfc       0x88 ../drivers\libIotLibrary.a(serial.o)
                0x00003bfc                __vector_55
 .text.usart_getchar
                0x00003c84       0x2a ../drivers\libIotLibrary.a(stdio_driver.o)
 .text.usart_putchar
                0x00003cae       0x12 ../drivers\libIotLibrary.a(stdio_driver.o)
 .text.stdio_initialise
                0x00003cc0       0x52 ../drivers\libIotLibrary.a(stdio_driver.o)
                0x00003cc0                stdio_initialise
 .text._select_instance
                0x00003d12       0x72 ../drivers\libIotLibrary.a(spi_iha.o)
 .text.spi_create
                0x00003d84      0x1a4 ../drivers\libIotLibrary.a(spi_iha.o)
                0x00003d84                spi_create
 .text.spi_sendByte
                0x00003f28       0xea ../drivers\libIotLibrary.a(spi_iha.o)
                0x00003f28                spi_sendByte
 .text.__vector_24
                0x00004012      0x136 ../drivers\libIotLibrary.a(spi_iha.o)
                0x00004012                __vector_24
 .text._initTwiInterface
                0x00004148       0x22 ../drivers\libIotLibrary.a(twi.o)
 .text.twiCreate
                0x0000416a       0x9a ../drivers\libIotLibrary.a(twi.o)
                0x0000416a                twiCreate
 .text.twiIsBusy
                0x00004204        0x8 ../drivers\libIotLibrary.a(twi.o)
                0x00004204                twiIsBusy
 .text.twiTransmit
                0x0000420c       0x98 ../drivers\libIotLibrary.a(twi.o)
                0x0000420c                twiTransmit
 .text.twiReceive
                0x000042a4       0x66 ../drivers\libIotLibrary.a(twi.o)
                0x000042a4                twiReceive
 .text.__vector_39
                0x0000430a      0x17a ../drivers\libIotLibrary.a(twi.o)
                0x0000430a                __vector_39
 .text.fifo_init
                0x00004484       0x38 ../drivers\libIotLibrary.a(fifo.o)
                0x00004484                fifo_init
 .text.avr-libc.fplib
                0x000044bc       0x28 d:/program files (x86)/atmel/studio/7.0/toolchain/avr8/avr8-gnu-toolchain/bin/../lib/gcc/avr/5.4.0/../../../../avr/lib/avr6\libm.a(floor.o)
                0x000044bc                floor
 .text.avr-libc.fplib
                0x000044e4       0x36 d:/program files (x86)/atmel/studio/7.0/toolchain/avr8/avr8-gnu-toolchain/bin/../lib/gcc/avr/5.4.0/../../../../avr/lib/avr6\libm.a(fp_mintl.o)
                0x000044e4                __fp_mintl
 .text.avr-libc.fplib
                0x0000451a       0x1c d:/program files (x86)/atmel/studio/7.0/toolchain/avr8/avr8-gnu-toolchain/bin/../lib/gcc/avr/5.4.0/../../../../avr/lib/avr6\libm.a(fp_mpack.o)
                0x0000451a                __fp_mpack
                0x0000451e                __fp_mpack_finite
 .text.avr-libc.fplib
                0x00004536       0x30 d:/program files (x86)/atmel/studio/7.0/toolchain/avr8/avr8-gnu-toolchain/bin/../lib/gcc/avr/5.4.0/../../../../avr/lib/avr6\libm.a(fp_trunc.o)
                0x00004536                __fp_trunc
 .text.avr-libc.fplib
                0x00004566       0x9c d:/program files (x86)/atmel/studio/7.0/toolchain/avr8/avr8-gnu-toolchain/bin/../lib/gcc/avr/5.4.0/../../../../avr/lib/avr6\libm.a(pow.o)
                0x00004566                pow
 .text.avr-libc.fplib
                0x00004602       0x6c d:/program files (x86)/atmel/studio/7.0/toolchain/avr8/avr8-gnu-toolchain/bin/../lib/gcc/avr/5.4.0/../../../../avr/lib/avr6\libm.a(exp.o)
                0x00004612                exp
 .text.avr-libc.fplib
                0x0000466e       0x4e d:/program files (x86)/atmel/studio/7.0/toolchain/avr8/avr8-gnu-toolchain/bin/../lib/gcc/avr/5.4.0/../../../../avr/lib/avr6\libm.a(fp_powser.o)
                0x0000466e                __fp_powser
 .text.avr-libc.fplib
                0x000046bc       0x10 d:/program files (x86)/atmel/studio/7.0/toolchain/avr8/avr8-gnu-toolchain/bin/../lib/gcc/avr/5.4.0/../../../../avr/lib/avr6\libm.a(inverse.o)
                0x000046bc                inverse
 .text.avr-libc.fplib
                0x000046cc       0x72 d:/program files (x86)/atmel/studio/7.0/toolchain/avr8/avr8-gnu-toolchain/bin/../lib/gcc/avr/5.4.0/../../../../avr/lib/avr6\libm.a(ldexp.o)
                0x000046d2                ldexp
 .text.avr-libc.fplib
                0x0000473e       0x9c d:/program files (x86)/atmel/studio/7.0/toolchain/avr8/avr8-gnu-toolchain/bin/../lib/gcc/avr/5.4.0/../../../../avr/lib/avr6\libm.a(log.o)
                0x0000474c                log
 .text.avr-libc.fplib
                0x000047da       0x68 d:/program files (x86)/atmel/studio/7.0/toolchain/avr8/avr8-gnu-toolchain/bin/../lib/gcc/avr/5.4.0/../../../../avr/lib/avr6\libm.a(modf.o)
                0x000047da                modf
                0x000047da                modff
 .text.libgcc.div
                0x00004842       0x26 d:/program files (x86)/atmel/studio/7.0/toolchain/avr8/avr8-gnu-toolchain/bin/../lib/gcc/avr/5.4.0/avr6\libgcc.a(_divmodhi4.o)
                0x00004842                _div
                0x00004842                __divmodhi4
 .text.libgcc.div
                0x00004868       0x44 d:/program files (x86)/atmel/studio/7.0/toolchain/avr8/avr8-gnu-toolchain/bin/../lib/gcc/avr/5.4.0/avr6\libgcc.a(_udivmodsi4.o)
                0x00004868                __udivmodsi4
 .text.libgcc   0x000048ac       0x10 d:/program files (x86)/atmel/studio/7.0/toolchain/avr8/avr8-gnu-toolchain/bin/../lib/gcc/avr/5.4.0/avr6\libgcc.a(_tablejump2.o)
                0x000048ac                __tablejump2__
 .text.libgcc.mul
                0x000048bc       0x14 d:/program files (x86)/atmel/studio/7.0/toolchain/avr8/avr8-gnu-toolchain/bin/../lib/gcc/avr/5.4.0/avr6\libgcc.a(_muluhisi3.o)
                0x000048bc                __muluhisi3
 .text.libgcc.div
                0x000048d0       0x28 d:/program files (x86)/atmel/studio/7.0/toolchain/avr8/avr8-gnu-toolchain/bin/../lib/gcc/avr/5.4.0/avr6\libgcc.a(_udivmodhi4.o)
                0x000048d0                __udivmodhi4
 .text.libgcc.mul
                0x000048f8       0x1e d:/program files (x86)/atmel/studio/7.0/toolchain/avr8/avr8-gnu-toolchain/bin/../lib/gcc/avr/5.4.0/avr6\libgcc.a(_umulhisi3.o)
                0x000048f8                __umulhisi3
 .text.avr-libc
                0x00004916       0x34 d:/program files (x86)/atmel/studio/7.0/toolchain/avr8/avr8-gnu-toolchain/bin/../lib/gcc/avr/5.4.0/../../../../avr/lib/avr6\libc.a(calloc.o)
                0x00004916                calloc
 .text.avr-libc
                0x0000494a      0x242 d:/program files (x86)/atmel/studio/7.0/toolchain/avr8/avr8-gnu-toolchain/bin/../lib/gcc/avr/5.4.0/../../../../avr/lib/avr6\libc.a(malloc.o)
                0x0000494a                malloc
                0x00004a7a                free
 .text.avr-libc
                0x00004b8c        0x8 d:/program files (x86)/atmel/studio/7.0/toolchain/avr8/avr8-gnu-toolchain/bin/../lib/gcc/avr/5.4.0/../../../../avr/lib/avr6\libc.a(abort.o)
                0x00004b8c                abort
 .text.avr-libc
                0x00004b94       0x12 d:/program files (x86)/atmel/studio/7.0/toolchain/avr8/avr8-gnu-toolchain/bin/../lib/gcc/avr/5.4.0/../../../../avr/lib/avr6\libc.a(memcpy.o)
                0x00004b94                memcpy
 .text.avr-libc
                0x00004ba6        0xe d:/program files (x86)/atmel/studio/7.0/toolchain/avr8/avr8-gnu-toolchain/bin/../lib/gcc/avr/5.4.0/../../../../avr/lib/avr6\libc.a(memset.o)
                0x00004ba6                memset
 .text.avr-libc
                0x00004bb4       0x26 d:/program files (x86)/atmel/studio/7.0/toolchain/avr8/avr8-gnu-toolchain/bin/../lib/gcc/avr/5.4.0/../../../../avr/lib/avr6\libc.a(printf.o)
                0x00004bb4                printf
 .text.avr-libc
                0x00004bda       0x60 d:/program files (x86)/atmel/studio/7.0/toolchain/avr8/avr8-gnu-toolchain/bin/../lib/gcc/avr/5.4.0/../../../../avr/lib/avr6\libc.a(puts.o)
                0x00004bda                puts
 .text.avr-libc
                0x00004c3a      0x3fa d:/program files (x86)/atmel/studio/7.0/toolchain/avr8/avr8-gnu-toolchain/bin/../lib/gcc/avr/5.4.0/../../../../avr/lib/avr6\libc.a(vfprintf_std.o)
                0x00004c3a                vfprintf
 .text.avr-libc
                0x00005034       0x16 d:/program files (x86)/atmel/studio/7.0/toolchain/avr8/avr8-gnu-toolchain/bin/../lib/gcc/avr/5.4.0/../../../../avr/lib/avr6\libc.a(strnlen_P.o)
                0x00005034                strnlen_P
 .text.avr-libc
                0x0000504a       0x16 d:/program files (x86)/atmel/studio/7.0/toolchain/avr8/avr8-gnu-toolchain/bin/../lib/gcc/avr/5.4.0/../../../../avr/lib/avr6\libc.a(strnlen.o)
                0x0000504a                strnlen
 .text.avr-libc
                0x00005060       0x78 d:/program files (x86)/atmel/studio/7.0/toolchain/avr8/avr8-gnu-toolchain/bin/../lib/gcc/avr/5.4.0/../../../../avr/lib/avr6\libc.a(fputc.o)
                0x00005060                fputc
 .text.avr-libc
                0x000050d8       0xbc d:/program files (x86)/atmel/studio/7.0/toolchain/avr8/avr8-gnu-toolchain/bin/../lib/gcc/avr/5.4.0/../../../../avr/lib/avr6\libc.a(ultoa_invert.o)
                0x000050d8                __ultoa_invert
                0x00005194                . = ALIGN (0x2)
 *(.fini9)
 .fini9         0x00005194        0x0 d:/program files (x86)/atmel/studio/7.0/toolchain/avr8/avr8-gnu-toolchain/bin/../lib/gcc/avr/5.4.0/avr6\libgcc.a(_exit.o)
                0x00005194                _exit
                0x00005194                exit
 *(.fini9)
 *(.fini8)
 *(.fini8)
 *(.fini7)
 *(.fini7)
 *(.fini6)
 *(.fini6)
 *(.fini5)
 *(.fini5)
 *(.fini4)
 *(.fini4)
 *(.fini3)
 *(.fini3)
 *(.fini2)
 *(.fini2)
 *(.fini1)
 *(.fini1)
 *(.fini0)
 .fini0         0x00005194        0x4 d:/program files (x86)/atmel/studio/7.0/toolchain/avr8/avr8-gnu-toolchain/bin/../lib/gcc/avr/5.4.0/avr6\libgcc.a(_exit.o)
 *(.fini0)
                0x00005198                _etext = .

.data           0x00800200      0x15a load address 0x00005198
                0x00800200                PROVIDE (__data_start, .)
 *(.data)
 .data          0x00800200        0x6 d:/program files (x86)/atmel/studio/7.0/toolchain/avr8/avr8-gnu-toolchain/bin/../lib/gcc/avr/5.4.0/../../../../avr/lib/avr6\libc.a(malloc.o)
                0x00800200                __malloc_heap_end
                0x00800202                __malloc_heap_start
                0x00800204                __malloc_margin
 *(.data*)
 .data.uxTopUsedPriority
                0x00800206        0x1 FreeRTOS/src/tasks.o
                0x00800206                uxTopUsedPriority
 .data._temp    0x00800207        0x2 ../drivers\libIotLibrary.a(hih8120.o)
 .data._hum     0x00800209        0x2 ../drivers\libIotLibrary.a(hih8120.o)
 .data._com_port_2_udr
                0x0080020b        0x8 ../drivers\libIotLibrary.a(serial.o)
                0x0080020b                _com_port_2_udr
 .data.mystdout.1882
                0x00800213        0xe ../drivers\libIotLibrary.a(stdio_driver.o)
 .data._twiCurrentState
                0x00800221        0x1 ../drivers\libIotLibrary.a(twi.o)
 *(.gnu.linkonce.d*)
 *(.rodata)
 *(.rodata*)
 .rodata.str1.1
                0x00800222       0x34 controller/sevenSegmentDisplayController.o
 .rodata.str1.1
                0x00800256       0xa2 controller/temperatureSensorController.o
 .rodata.str1.1
                0x008002f8       0x2b model/time/myTime.o
 .rodata.str1.1
                0x00800323        0x5 FreeRTOS/src/tasks.o
 .rodata.str1.1
                0x00800328        0x8 FreeRTOS/src/timers.o
 .rodata.str1.1
                0x00800330       0x13 main.o
 .rodata._int2Seg
                0x00800343       0x10 ../drivers\libIotLibrary.a(display_7seg.o)
 .rodata._prescaler_mask
                0x00800353        0x7 ../drivers\libIotLibrary.a(spi_iha.o)
 *(.gnu.linkonce.r*)
                0x0080035a                . = ALIGN (0x2)
                0x0080035a                _edata = .
                0x0080035a                PROVIDE (__data_end, .)

.bss            0x0080035a      0xb26
                0x0080035a                PROVIDE (__bss_start, .)
 *(.bss)
 *(.bss*)
 .bss.temperature
                0x0080035a        0x4 controller/temperatureSensorController.o
                0x0080035a                temperature
 .bss.xBlockAllocatedBit
                0x0080035e        0x2 FreeRTOS/src/heap_4.o
 .bss.xNumberOfSuccessfulFrees
                0x00800360        0x2 FreeRTOS/src/heap_4.o
 .bss.xNumberOfSuccessfulAllocations
                0x00800362        0x2 FreeRTOS/src/heap_4.o
 .bss.xMinimumEverFreeBytesRemaining
                0x00800364        0x2 FreeRTOS/src/heap_4.o
 .bss.xFreeBytesRemaining
                0x00800366        0x2 FreeRTOS/src/heap_4.o
 .bss.pxEnd     0x00800368        0x2 FreeRTOS/src/heap_4.o
 .bss.xStart    0x0080036a        0x4 FreeRTOS/src/heap_4.o
 .bss.ucHeap    0x0080036e      0x9c4 FreeRTOS/src/heap_4.o
 .bss.uxSchedulerSuspended
                0x00800d32        0x1 FreeRTOS/src/tasks.o
 .bss.xIdleTaskHandle
                0x00800d33        0x2 FreeRTOS/src/tasks.o
 .bss.xNextTaskUnblockTime
                0x00800d35        0x4 FreeRTOS/src/tasks.o
 .bss.uxTaskNumber
                0x00800d39        0x1 FreeRTOS/src/tasks.o
 .bss.xNumOfOverflows
                0x00800d3a        0x1 FreeRTOS/src/tasks.o
 .bss.xYieldPending
                0x00800d3b        0x1 FreeRTOS/src/tasks.o
 .bss.xPendedTicks
                0x00800d3c        0x4 FreeRTOS/src/tasks.o
 .bss.xSchedulerRunning
                0x00800d40        0x1 FreeRTOS/src/tasks.o
 .bss.uxTopReadyPriority
                0x00800d41        0x1 FreeRTOS/src/tasks.o
 .bss.xTickCount
                0x00800d42        0x4 FreeRTOS/src/tasks.o
 .bss.uxCurrentNumberOfTasks
                0x00800d46        0x1 FreeRTOS/src/tasks.o
 .bss.xSuspendedTaskList
                0x00800d47        0xb FreeRTOS/src/tasks.o
 .bss.uxDeletedTasksWaitingCleanUp
                0x00800d52        0x1 FreeRTOS/src/tasks.o
 .bss.xTasksWaitingTermination
                0x00800d53        0xb FreeRTOS/src/tasks.o
 .bss.xPendingReadyList
                0x00800d5e        0xb FreeRTOS/src/tasks.o
 .bss.pxOverflowDelayedTaskList
                0x00800d69        0x2 FreeRTOS/src/tasks.o
 .bss.pxDelayedTaskList
                0x00800d6b        0x2 FreeRTOS/src/tasks.o
 .bss.xDelayedTaskList2
                0x00800d6d        0xb FreeRTOS/src/tasks.o
 .bss.xDelayedTaskList1
                0x00800d78        0xb FreeRTOS/src/tasks.o
 .bss.pxReadyTasksLists
                0x00800d83       0x6e FreeRTOS/src/tasks.o
 .bss.pxCurrentTCB
                0x00800df1        0x2 FreeRTOS/src/tasks.o
                0x00800df1                pxCurrentTCB
 .bss.xLastTime.2436
                0x00800df3        0x4 FreeRTOS/src/timers.o
 .bss.xTimerTaskHandle
                0x00800df7        0x2 FreeRTOS/src/timers.o
 .bss.xTimerQueue
                0x00800df9        0x2 FreeRTOS/src/timers.o
 .bss.pxOverflowTimerList
                0x00800dfb        0x2 FreeRTOS/src/timers.o
 .bss.pxCurrentTimerList
                0x00800dfd        0x2 FreeRTOS/src/timers.o
 .bss.xActiveTimerList2
                0x00800dff        0xb FreeRTOS/src/timers.o
 .bss.xActiveTimerList1
                0x00800e0a        0xb FreeRTOS/src/timers.o
 .bss._displayDoneCallBack
                0x00800e15        0x2 ../drivers\libIotLibrary.a(display_7seg.o)
 .bss._scrollIndex
                0x00800e17        0x1 ../drivers\libIotLibrary.a(display_7seg.o)
 .bss._maxHexSegmentindex
                0x00800e18        0x1 ../drivers\libIotLibrary.a(display_7seg.o)
 .bss._intCounter
                0x00800e19        0x2 ../drivers\libIotLibrary.a(display_7seg.o)
 .bss._hexSegments
                0x00800e1b       0x26 ../drivers\libIotLibrary.a(display_7seg.o)
 .bss._digitSegments
                0x00800e41        0x4 ../drivers\libIotLibrary.a(display_7seg.o)
 .bss._digitNo  0x00800e45        0x1 ../drivers\libIotLibrary.a(display_7seg.o)
 .bss._spi      0x00800e46        0x2 ../drivers\libIotLibrary.a(display_7seg.o)
 .bss._measuringIsReady
                0x00800e48        0x1 ../drivers\libIotLibrary.a(hih8120.o)
 .bss._hih8120Handler
                0x00800e49        0x2 ../drivers\libIotLibrary.a(hih8120.o)
 .bss._ser_handle
                0x00800e4b        0x8 ../drivers\libIotLibrary.a(serial.o)
 .bss._com_serial_instance
                0x00800e53        0x2 ../drivers\libIotLibrary.a(stdio_driver.o)
 .bss._initialised
                0x00800e55        0x1 ../drivers\libIotLibrary.a(spi_iha.o)
 .bss._this     0x00800e56        0x2 ../drivers\libIotLibrary.a(spi_iha.o)
 .bss._spi_active
                0x00800e58        0x1 ../drivers\libIotLibrary.a(spi_iha.o)
 .bss._index.1885
                0x00800e59        0x1 ../drivers\libIotLibrary.a(twi.o)
 .bss._twiCurrentHandler
                0x00800e5a        0x2 ../drivers\libIotLibrary.a(twi.o)
 .bss._twiMessageLen
                0x00800e5c        0x1 ../drivers\libIotLibrary.a(twi.o)
 .bss._twiMessageBuffer
                0x00800e5d        0xa ../drivers\libIotLibrary.a(twi.o)
 .bss._twiIsInitiated
                0x00800e67        0x1 ../drivers\libIotLibrary.a(twi.o)
 *(COMMON)
 COMMON         0x00800e68        0x4 controller/sevenSegmentDisplayController.o
                0x00800e68                updateTime
 COMMON         0x00800e6c        0x2 controller/temperatureSensorController.o
                0x00800e6c                sensor
 COMMON         0x00800e6e        0x6 model/sensorModelManager.o
                0x00800e6e                carbonDioxideSensor
                0x00800e70                temperatureSensor
                0x00800e72                humiditySensor
 COMMON         0x00800e74        0x2 model/time/myTime.o
                0x00800e74                nowTime
 COMMON         0x00800e76        0x4 d:/program files (x86)/atmel/studio/7.0/toolchain/avr8/avr8-gnu-toolchain/bin/../lib/gcc/avr/5.4.0/../../../../avr/lib/avr6\libc.a(malloc.o)
                0x00800e76                __brkval
                0x00800e78                __flp
 COMMON         0x00800e7a        0x6 d:/program files (x86)/atmel/studio/7.0/toolchain/avr8/avr8-gnu-toolchain/bin/../lib/gcc/avr/5.4.0/../../../../avr/lib/avr6\libc.a(iob.o)
                0x00800e7a                __iob
                0x00800e80                PROVIDE (__bss_end, .)
                0x00005198                __data_load_start = LOADADDR (.data)
                0x000052f2                __data_load_end = (__data_load_start + SIZEOF (.data))

.noinit         0x00800e80        0x0
                [!provide]                PROVIDE (__noinit_start, .)
 *(.noinit*)
                [!provide]                PROVIDE (__noinit_end, .)
                0x00800e80                _end = .
                0x00800e80                PROVIDE (__heap_start, .)

.eeprom         0x00810000        0x0
 *(.eeprom*)
                0x00810000                __eeprom_end = .

.fuse
 *(.fuse)
 *(.lfuse)
 *(.hfuse)
 *(.efuse)

.lock
 *(.lock*)

.signature
 *(.signature*)

.user_signatures
 *(.user_signatures*)

.stab
 *(.stab)

.stabstr
 *(.stabstr)

.stab.excl
 *(.stab.excl)

.stab.exclstr
 *(.stab.exclstr)

.stab.index
 *(.stab.index)

.stab.indexstr
 *(.stab.indexstr)

.comment        0x00000000       0x5c
 *(.comment)
 .comment       0x00000000       0x30 controller/sevenSegmentDisplayController.o
                                 0x31 (size before relaxing)
 .comment       0x00000030       0x31 controller/temperatureSensorController.o
 .comment       0x00000030       0x31 model/senser/carbonDioxideSensor.o
 .comment       0x00000030       0x31 model/senser/humiditySensor.o
 .comment       0x00000030       0x31 model/senser/temperatureSensor.o
 .comment       0x00000030       0x31 model/sensorModelManager.o
 .comment       0x00000030       0x31 model/time/myTime.o
 .comment       0x00000030       0x31 FreeRTOS/src/heap_4.o
 .comment       0x00000030       0x31 FreeRTOS/src/list.o
 .comment       0x00000030       0x31 FreeRTOS/src/port.o
 .comment       0x00000030       0x31 FreeRTOS/src/queue.o
 .comment       0x00000030       0x31 FreeRTOS/src/tasks.o
 .comment       0x00000030       0x31 FreeRTOS/src/timers.o
 .comment       0x00000030       0x31 FreeRTOS/src/variantHooks.o
 .comment       0x00000030       0x31 main.o
 .comment       0x00000030       0x31 ../drivers\libIotLibrary.a(display_7seg.o)
 .comment       0x00000030       0x31 ../drivers\libIotLibrary.a(hih8120.o)
 .comment       0x00000030       0x31 ../drivers\libIotLibrary.a(serial.o)
 .comment       0x00000030       0x31 ../drivers\libIotLibrary.a(stdio_driver.o)
 .comment       0x00000030       0x31 ../drivers\libIotLibrary.a(spi_iha.o)
 .comment       0x00000030       0x31 ../drivers\libIotLibrary.a(twi.o)
 .comment       0x00000030       0x31 ../drivers\libIotLibrary.a(fifo.o)
 .comment       0x00000030       0x31 d:/program files (x86)/atmel/studio/7.0/toolchain/avr8/avr8-gnu-toolchain/bin/../lib/gcc/avr/5.4.0/../../../../avr/lib/avr6\libc.a(calloc.o)
 .comment       0x00000030       0x31 d:/program files (x86)/atmel/studio/7.0/toolchain/avr8/avr8-gnu-toolchain/bin/../lib/gcc/avr/5.4.0/../../../../avr/lib/avr6\libc.a(malloc.o)
 .comment       0x00000030       0x31 d:/program files (x86)/atmel/studio/7.0/toolchain/avr8/avr8-gnu-toolchain/bin/../lib/gcc/avr/5.4.0/../../../../avr/lib/avr6\libc.a(iob.o)
 .comment       0x00000030       0x31 d:/program files (x86)/atmel/studio/7.0/toolchain/avr8/avr8-gnu-toolchain/bin/../lib/gcc/avr/5.4.0/../../../../avr/lib/avr6\libc.a(printf.o)
 .comment       0x00000030       0x31 d:/program files (x86)/atmel/studio/7.0/toolchain/avr8/avr8-gnu-toolchain/bin/../lib/gcc/avr/5.4.0/../../../../avr/lib/avr6\libc.a(puts.o)
 .comment       0x00000030       0x2c d:/program files (x86)/atmel/studio/7.0/toolchain/avr8/avr8-gnu-toolchain/bin/../lib/gcc/avr/5.4.0/../../../../avr/lib/avr6\libc.a(vfprintf_std.o)
                                 0x2d (size before relaxing)
 .comment       0x0000005c       0x31 d:/program files (x86)/atmel/studio/7.0/toolchain/avr8/avr8-gnu-toolchain/bin/../lib/gcc/avr/5.4.0/../../../../avr/lib/avr6\libc.a(fputc.o)

.note.gnu.avr.deviceinfo
                0x00000000       0x40
 .note.gnu.avr.deviceinfo
                0x00000000       0x40 D:/Program Files (x86)/Atmel/Studio/7.0/Packs/atmel/ATmega_DFP/1.3.300/gcc/dev/atmega2560/avr6/crtatmega2560.o

.note.gnu.build-id
 *(.note.gnu.build-id)

.debug
 *(.debug)

.line
 *(.line)

.debug_srcinfo
 *(.debug_srcinfo)

.debug_sfnames
 *(.debug_sfnames)

.debug_aranges  0x00000000      0x868
 *(.debug_aranges)
 .debug_aranges
                0x00000000       0x28 controller/sevenSegmentDisplayController.o
 .debug_aranges
                0x00000028       0x28 controller/temperatureSensorController.o
 .debug_aranges
                0x00000050       0x48 model/senser/carbonDioxideSensor.o
 .debug_aranges
                0x00000098       0x48 model/senser/humiditySensor.o
 .debug_aranges
                0x000000e0       0x48 model/senser/temperatureSensor.o
 .debug_aranges
                0x00000128       0x40 model/sensorModelManager.o
 .debug_aranges
                0x00000168       0x78 model/time/myTime.o
 .debug_aranges
                0x000001e0       0x50 FreeRTOS/src/heap_4.o
 .debug_aranges
                0x00000230       0x40 FreeRTOS/src/list.o
 .debug_aranges
                0x00000270       0x50 FreeRTOS/src/port.o
 .debug_aranges
                0x000002c0       0xd8 FreeRTOS/src/queue.o
 .debug_aranges
                0x00000398      0x198 FreeRTOS/src/tasks.o
 .debug_aranges
                0x00000530       0x98 FreeRTOS/src/timers.o
 .debug_aranges
                0x000005c8       0x40 FreeRTOS/src/variantHooks.o
 .debug_aranges
                0x00000608       0x28 main.o
 .debug_aranges
                0x00000630       0x58 ../drivers\libIotLibrary.a(display_7seg.o)
 .debug_aranges
                0x00000688       0x68 ../drivers\libIotLibrary.a(hih8120.o)
 .debug_aranges
                0x000006f0       0x90 ../drivers\libIotLibrary.a(serial.o)
 .debug_aranges
                0x00000780       0x38 ../drivers\libIotLibrary.a(stdio_driver.o)
 .debug_aranges
                0x000007b8       0x40 ../drivers\libIotLibrary.a(spi_iha.o)
 .debug_aranges
                0x000007f8       0x50 ../drivers\libIotLibrary.a(twi.o)
 .debug_aranges
                0x00000848       0x20 ../drivers\libIotLibrary.a(fifo.o)

.debug_pubnames
 *(.debug_pubnames)

.debug_info     0x00000000     0xb06f
 *(.debug_info .gnu.linkonce.wi.*)
 .debug_info    0x00000000      0xbbc D:/Program Files (x86)/Atmel/Studio/7.0/Packs/atmel/ATmega_DFP/1.3.300/gcc/dev/atmega2560/avr6/crtatmega2560.o
 .debug_info    0x00000bbc      0x3f0 controller/sevenSegmentDisplayController.o
 .debug_info    0x00000fac      0x42d controller/temperatureSensorController.o
 .debug_info    0x000013d9      0x4e8 model/senser/carbonDioxideSensor.o
 .debug_info    0x000018c1      0x4e8 model/senser/humiditySensor.o
 .debug_info    0x00001da9      0x4e8 model/senser/temperatureSensor.o
 .debug_info    0x00002291      0x2f5 model/sensorModelManager.o
 .debug_info    0x00002586      0x488 model/time/myTime.o
 .debug_info    0x00002a0e      0x50c FreeRTOS/src/heap_4.o
 .debug_info    0x00002f1a      0x2e7 FreeRTOS/src/list.o
 .debug_info    0x00003201      0x2f6 FreeRTOS/src/port.o
 .debug_info    0x000034f7     0x17d4 FreeRTOS/src/queue.o
 .debug_info    0x00004ccb     0x226e FreeRTOS/src/tasks.o
 .debug_info    0x00006f39     0x10e6 FreeRTOS/src/timers.o
 .debug_info    0x0000801f      0x20f FreeRTOS/src/variantHooks.o
 .debug_info    0x0000822e      0x142 main.o
 .debug_info    0x00008370      0x5b8 ../drivers\libIotLibrary.a(display_7seg.o)
 .debug_info    0x00008928      0x3a9 ../drivers\libIotLibrary.a(hih8120.o)
 .debug_info    0x00008cd1      0xddb ../drivers\libIotLibrary.a(serial.o)
 .debug_info    0x00009aac      0x3b6 ../drivers\libIotLibrary.a(stdio_driver.o)
 .debug_info    0x00009e62      0xaed ../drivers\libIotLibrary.a(spi_iha.o)
 .debug_info    0x0000a94f      0x55d ../drivers\libIotLibrary.a(twi.o)
 .debug_info    0x0000aeac      0x1c3 ../drivers\libIotLibrary.a(fifo.o)

.debug_abbrev   0x00000000     0x311f
 *(.debug_abbrev)
 .debug_abbrev  0x00000000      0xb1a D:/Program Files (x86)/Atmel/Studio/7.0/Packs/atmel/ATmega_DFP/1.3.300/gcc/dev/atmega2560/avr6/crtatmega2560.o
 .debug_abbrev  0x00000b1a      0x129 controller/sevenSegmentDisplayController.o
 .debug_abbrev  0x00000c43      0x161 controller/temperatureSensorController.o
 .debug_abbrev  0x00000da4      0x110 model/senser/carbonDioxideSensor.o
 .debug_abbrev  0x00000eb4      0x110 model/senser/humiditySensor.o
 .debug_abbrev  0x00000fc4      0x110 model/senser/temperatureSensor.o
 .debug_abbrev  0x000010d4      0x108 model/sensorModelManager.o
 .debug_abbrev  0x000011dc      0x19e model/time/myTime.o
 .debug_abbrev  0x0000137a      0x212 FreeRTOS/src/heap_4.o
 .debug_abbrev  0x0000158c       0xff FreeRTOS/src/list.o
 .debug_abbrev  0x0000168b      0x170 FreeRTOS/src/port.o
 .debug_abbrev  0x000017fb      0x29e FreeRTOS/src/queue.o
 .debug_abbrev  0x00001a99      0x348 FreeRTOS/src/tasks.o
 .debug_abbrev  0x00001de1      0x2f5 FreeRTOS/src/timers.o
 .debug_abbrev  0x000020d6       0xff FreeRTOS/src/variantHooks.o
 .debug_abbrev  0x000021d5       0xde main.o
 .debug_abbrev  0x000022b3      0x21f ../drivers\libIotLibrary.a(display_7seg.o)
 .debug_abbrev  0x000024d2      0x184 ../drivers\libIotLibrary.a(hih8120.o)
 .debug_abbrev  0x00002656      0x34a ../drivers\libIotLibrary.a(serial.o)
 .debug_abbrev  0x000029a0      0x1b3 ../drivers\libIotLibrary.a(stdio_driver.o)
 .debug_abbrev  0x00002b53      0x2cd ../drivers\libIotLibrary.a(spi_iha.o)
 .debug_abbrev  0x00002e20      0x217 ../drivers\libIotLibrary.a(twi.o)
 .debug_abbrev  0x00003037       0xe8 ../drivers\libIotLibrary.a(fifo.o)

.debug_line     0x00000000     0x5a08
 *(.debug_line .debug_line.* .debug_line_end)
 .debug_line    0x00000000      0x1f9 D:/Program Files (x86)/Atmel/Studio/7.0/Packs/atmel/ATmega_DFP/1.3.300/gcc/dev/atmega2560/avr6/crtatmega2560.o
 .debug_line    0x000001f9      0x2f8 controller/sevenSegmentDisplayController.o
 .debug_line    0x000004f1      0x210 controller/temperatureSensorController.o
 .debug_line    0x00000701      0x232 model/senser/carbonDioxideSensor.o
 .debug_line    0x00000933      0x228 model/senser/humiditySensor.o
 .debug_line    0x00000b5b      0x22e model/senser/temperatureSensor.o
 .debug_line    0x00000d89      0x1c9 model/sensorModelManager.o
 .debug_line    0x00000f52      0x2ff model/time/myTime.o
 .debug_line    0x00001251      0x3de FreeRTOS/src/heap_4.o
 .debug_line    0x0000162f      0x1db FreeRTOS/src/list.o
 .debug_line    0x0000180a      0x275 FreeRTOS/src/port.o
 .debug_line    0x00001a7f      0xb80 FreeRTOS/src/queue.o
 .debug_line    0x000025ff     0x147c FreeRTOS/src/tasks.o
 .debug_line    0x00003a7b      0x55e FreeRTOS/src/timers.o
 .debug_line    0x00003fd9      0x1af FreeRTOS/src/variantHooks.o
 .debug_line    0x00004188      0x153 main.o
 .debug_line    0x000042db      0x3e0 ../drivers\libIotLibrary.a(display_7seg.o)
 .debug_line    0x000046bb      0x24a ../drivers\libIotLibrary.a(hih8120.o)
 .debug_line    0x00004905      0x6a0 ../drivers\libIotLibrary.a(serial.o)
 .debug_line    0x00004fa5      0x146 ../drivers\libIotLibrary.a(stdio_driver.o)
 .debug_line    0x000050eb      0x4e6 ../drivers\libIotLibrary.a(spi_iha.o)
 .debug_line    0x000055d1      0x31c ../drivers\libIotLibrary.a(twi.o)
 .debug_line    0x000058ed      0x11b ../drivers\libIotLibrary.a(fifo.o)

.debug_frame    0x00000000     0x1db0
 *(.debug_frame)
 .debug_frame   0x00000000       0x44 controller/sevenSegmentDisplayController.o
 .debug_frame   0x00000044       0x60 controller/temperatureSensorController.o
 .debug_frame   0x000000a4      0x144 model/senser/carbonDioxideSensor.o
 .debug_frame   0x000001e8      0x144 model/senser/humiditySensor.o
 .debug_frame   0x0000032c      0x144 model/senser/temperatureSensor.o
 .debug_frame   0x00000470       0x78 model/sensorModelManager.o
 .debug_frame   0x000004e8      0x12c model/time/myTime.o
 .debug_frame   0x00000614       0xec FreeRTOS/src/heap_4.o
 .debug_frame   0x00000700       0x90 FreeRTOS/src/list.o
 .debug_frame   0x00000790       0x84 FreeRTOS/src/port.o
 .debug_frame   0x00000814      0x388 FreeRTOS/src/queue.o
 .debug_frame   0x00000b9c      0x69c FreeRTOS/src/tasks.o
 .debug_frame   0x00001238      0x238 FreeRTOS/src/timers.o
 .debug_frame   0x00001470       0x64 FreeRTOS/src/variantHooks.o
 .debug_frame   0x000014d4       0x34 main.o
 .debug_frame   0x00001508      0x14c ../drivers\libIotLibrary.a(display_7seg.o)
 .debug_frame   0x00001654       0xc0 ../drivers\libIotLibrary.a(hih8120.o)
 .debug_frame   0x00001714      0x384 ../drivers\libIotLibrary.a(serial.o)
 .debug_frame   0x00001a98       0x94 ../drivers\libIotLibrary.a(stdio_driver.o)
 .debug_frame   0x00001b2c      0x134 ../drivers\libIotLibrary.a(spi_iha.o)
 .debug_frame   0x00001c60      0x12c ../drivers\libIotLibrary.a(twi.o)
 .debug_frame   0x00001d8c       0x24 ../drivers\libIotLibrary.a(fifo.o)

.debug_str      0x00000000     0x36fc
 *(.debug_str)
 .debug_str     0x00000000      0x3e6 D:/Program Files (x86)/Atmel/Studio/7.0/Packs/atmel/ATmega_DFP/1.3.300/gcc/dev/atmega2560/avr6/crtatmega2560.o
 .debug_str     0x000003e6      0x3dd controller/sevenSegmentDisplayController.o
                                0x43e (size before relaxing)
 .debug_str     0x000007c3      0x1d4 controller/temperatureSensorController.o
                                0x42d (size before relaxing)
 .debug_str     0x00000997      0x1a8 model/senser/carbonDioxideSensor.o
                                0x3ca (size before relaxing)
 .debug_str     0x00000b3f       0xc0 model/senser/humiditySensor.o
                                0x398 (size before relaxing)
 .debug_str     0x00000bff       0x76 model/senser/temperatureSensor.o
                                0x3b6 (size before relaxing)
 .debug_str     0x00000c75       0x71 model/sensorModelManager.o
                                0x3ea (size before relaxing)
 .debug_str     0x00000ce6       0x67 model/time/myTime.o
                                0x2f8 (size before relaxing)
 .debug_str     0x00000d4d      0x342 FreeRTOS/src/heap_4.o
                                0x491 (size before relaxing)
 .debug_str     0x0000108f      0x129 FreeRTOS/src/list.o
                                0x2cd (size before relaxing)
 .debug_str     0x000011b8      0x15b FreeRTOS/src/port.o
                                0x302 (size before relaxing)
 .debug_str     0x00001313      0x61f FreeRTOS/src/queue.o
                                0x941 (size before relaxing)
 .debug_str     0x00001932      0x9d0 FreeRTOS/src/tasks.o
                                0xf62 (size before relaxing)
 .debug_str     0x00002302      0x414 FreeRTOS/src/timers.o
                                0x838 (size before relaxing)
 .debug_str     0x00002716       0x81 FreeRTOS/src/variantHooks.o
                                0x279 (size before relaxing)
 .debug_str     0x00002797       0x5f main.o
                                0x215 (size before relaxing)
 .debug_str     0x000027f6      0x2f7 ../drivers\libIotLibrary.a(display_7seg.o)
                                0x493 (size before relaxing)
 .debug_str     0x00002aed      0x20d ../drivers\libIotLibrary.a(hih8120.o)
                                0x45c (size before relaxing)
 .debug_str     0x00002cfa      0x429 ../drivers\libIotLibrary.a(serial.o)
                                0x62f (size before relaxing)
 .debug_str     0x00003123       0xa6 ../drivers\libIotLibrary.a(stdio_driver.o)
                                0x37d (size before relaxing)
 .debug_str     0x000031c9      0x221 ../drivers\libIotLibrary.a(spi_iha.o)
                                0x623 (size before relaxing)
 .debug_str     0x000033ea      0x2f0 ../drivers\libIotLibrary.a(twi.o)
                                0x5b4 (size before relaxing)
 .debug_str     0x000036da       0x22 ../drivers\libIotLibrary.a(fifo.o)
                                0x239 (size before relaxing)

.debug_loc      0x00000000     0x9b8d
 *(.debug_loc)
 .debug_loc     0x00000000      0x11f controller/sevenSegmentDisplayController.o
 .debug_loc     0x0000011f      0x14a controller/temperatureSensorController.o
 .debug_loc     0x00000269      0x528 model/senser/carbonDioxideSensor.o
 .debug_loc     0x00000791      0x528 model/senser/humiditySensor.o
 .debug_loc     0x00000cb9      0x528 model/senser/temperatureSensor.o
 .debug_loc     0x000011e1       0x8d model/sensorModelManager.o
 .debug_loc     0x0000126e      0x384 model/time/myTime.o
 .debug_loc     0x000015f2      0x4e4 FreeRTOS/src/heap_4.o
 .debug_loc     0x00001ad6      0x17d FreeRTOS/src/list.o
 .debug_loc     0x00001c53       0xf6 FreeRTOS/src/port.o
 .debug_loc     0x00001d49     0x1aee FreeRTOS/src/queue.o
 .debug_loc     0x00003837     0x2a03 FreeRTOS/src/tasks.o
 .debug_loc     0x0000623a      0xcf7 FreeRTOS/src/timers.o
 .debug_loc     0x00006f31       0xdc FreeRTOS/src/variantHooks.o
 .debug_loc     0x0000700d      0x76a ../drivers\libIotLibrary.a(display_7seg.o)
 .debug_loc     0x00007777       0x9f ../drivers\libIotLibrary.a(hih8120.o)
 .debug_loc     0x00007816     0x114c ../drivers\libIotLibrary.a(serial.o)
 .debug_loc     0x00008962      0x18c ../drivers\libIotLibrary.a(stdio_driver.o)
 .debug_loc     0x00008aee      0x9cc ../drivers\libIotLibrary.a(spi_iha.o)
 .debug_loc     0x000094ba      0x575 ../drivers\libIotLibrary.a(twi.o)
 .debug_loc     0x00009a2f      0x15e ../drivers\libIotLibrary.a(fifo.o)

.debug_macinfo
 *(.debug_macinfo)

.debug_weaknames
 *(.debug_weaknames)

.debug_funcnames
 *(.debug_funcnames)

.debug_typenames
 *(.debug_typenames)

.debug_varnames
 *(.debug_varnames)

.debug_pubtypes
 *(.debug_pubtypes)

.debug_ranges   0x00000000      0x910
 *(.debug_ranges)
 .debug_ranges  0x00000000       0x18 controller/sevenSegmentDisplayController.o
 .debug_ranges  0x00000018       0x18 controller/temperatureSensorController.o
 .debug_ranges  0x00000030       0x38 model/senser/carbonDioxideSensor.o
 .debug_ranges  0x00000068       0x38 model/senser/humiditySensor.o
 .debug_ranges  0x000000a0       0x38 model/senser/temperatureSensor.o
 .debug_ranges  0x000000d8       0x30 model/sensorModelManager.o
 .debug_ranges  0x00000108       0x68 model/time/myTime.o
 .debug_ranges  0x00000170       0x40 FreeRTOS/src/heap_4.o
 .debug_ranges  0x000001b0       0x30 FreeRTOS/src/list.o
 .debug_ranges  0x000001e0       0x40 FreeRTOS/src/port.o
 .debug_ranges  0x00000220      0x158 FreeRTOS/src/queue.o
 .debug_ranges  0x00000378      0x238 FreeRTOS/src/tasks.o
 .debug_ranges  0x000005b0       0xe0 FreeRTOS/src/timers.o
 .debug_ranges  0x00000690       0x30 FreeRTOS/src/variantHooks.o
 .debug_ranges  0x000006c0       0x18 main.o
 .debug_ranges  0x000006d8       0x48 ../drivers\libIotLibrary.a(display_7seg.o)
 .debug_ranges  0x00000720       0x58 ../drivers\libIotLibrary.a(hih8120.o)
 .debug_ranges  0x00000778       0x98 ../drivers\libIotLibrary.a(serial.o)
 .debug_ranges  0x00000810       0x28 ../drivers\libIotLibrary.a(stdio_driver.o)
 .debug_ranges  0x00000838       0x88 ../drivers\libIotLibrary.a(spi_iha.o)
 .debug_ranges  0x000008c0       0x40 ../drivers\libIotLibrary.a(twi.o)
 .debug_ranges  0x00000900       0x10 ../drivers\libIotLibrary.a(fifo.o)

.debug_macro
 *(.debug_macro)
OUTPUT(gh-iot.elf elf32-avr)
LOAD linker stubs
