Archive member included to satisfy reference by file (symbol)

c:/program files (x86)/atmel/studio/7.0/toolchain/avr8/avr8-gnu-toolchain/bin/../lib/gcc/avr/5.4.0/../../../../avr/lib/avr6\libm.a(addsf3.o)
                              controller/CO2SensorController.o (__subsf3)
c:/program files (x86)/atmel/studio/7.0/toolchain/avr8/avr8-gnu-toolchain/bin/../lib/gcc/avr/5.4.0/../../../../avr/lib/avr6\libm.a(addsf3x.o)
                              c:/program files (x86)/atmel/studio/7.0/toolchain/avr8/avr8-gnu-toolchain/bin/../lib/gcc/avr/5.4.0/../../../../avr/lib/avr6\libm.a(addsf3.o) (__addsf3x)
c:/program files (x86)/atmel/studio/7.0/toolchain/avr8/avr8-gnu-toolchain/bin/../lib/gcc/avr/5.4.0/../../../../avr/lib/avr6\libm.a(divsf3.o)
                              controller/sevenSegmentDisplayController.o (__divsf3)
c:/program files (x86)/atmel/studio/7.0/toolchain/avr8/avr8-gnu-toolchain/bin/../lib/gcc/avr/5.4.0/../../../../avr/lib/avr6\libm.a(divsf3x.o)
                              c:/program files (x86)/atmel/studio/7.0/toolchain/avr8/avr8-gnu-toolchain/bin/../lib/gcc/avr/5.4.0/../../../../avr/lib/avr6\libm.a(divsf3.o) (__divsf3x)
c:/program files (x86)/atmel/studio/7.0/toolchain/avr8/avr8-gnu-toolchain/bin/../lib/gcc/avr/5.4.0/../../../../avr/lib/avr6\libm.a(fixsfsi.o)
                              controller/CO2SensorController.o (__fixsfsi)
c:/program files (x86)/atmel/studio/7.0/toolchain/avr8/avr8-gnu-toolchain/bin/../lib/gcc/avr/5.4.0/../../../../avr/lib/avr6\libm.a(fixunssfsi.o)
                              controller/CO2SensorController.o (__fixunssfsi)
c:/program files (x86)/atmel/studio/7.0/toolchain/avr8/avr8-gnu-toolchain/bin/../lib/gcc/avr/5.4.0/../../../../avr/lib/avr6\libm.a(floatsisf.o)
                              controller/CO2SensorController.o (__floatunsisf)
c:/program files (x86)/atmel/studio/7.0/toolchain/avr8/avr8-gnu-toolchain/bin/../lib/gcc/avr/5.4.0/../../../../avr/lib/avr6\libm.a(fp_inf.o)
                              c:/program files (x86)/atmel/studio/7.0/toolchain/avr8/avr8-gnu-toolchain/bin/../lib/gcc/avr/5.4.0/../../../../avr/lib/avr6\libm.a(addsf3x.o) (__fp_inf)
c:/program files (x86)/atmel/studio/7.0/toolchain/avr8/avr8-gnu-toolchain/bin/../lib/gcc/avr/5.4.0/../../../../avr/lib/avr6\libm.a(fp_nan.o)
                              c:/program files (x86)/atmel/studio/7.0/toolchain/avr8/avr8-gnu-toolchain/bin/../lib/gcc/avr/5.4.0/../../../../avr/lib/avr6\libm.a(addsf3x.o) (__fp_nan)
c:/program files (x86)/atmel/studio/7.0/toolchain/avr8/avr8-gnu-toolchain/bin/../lib/gcc/avr/5.4.0/../../../../avr/lib/avr6\libm.a(fp_pscA.o)
                              c:/program files (x86)/atmel/studio/7.0/toolchain/avr8/avr8-gnu-toolchain/bin/../lib/gcc/avr/5.4.0/../../../../avr/lib/avr6\libm.a(addsf3x.o) (__fp_pscA)
c:/program files (x86)/atmel/studio/7.0/toolchain/avr8/avr8-gnu-toolchain/bin/../lib/gcc/avr/5.4.0/../../../../avr/lib/avr6\libm.a(fp_pscB.o)
                              c:/program files (x86)/atmel/studio/7.0/toolchain/avr8/avr8-gnu-toolchain/bin/../lib/gcc/avr/5.4.0/../../../../avr/lib/avr6\libm.a(addsf3x.o) (__fp_pscB)
c:/program files (x86)/atmel/studio/7.0/toolchain/avr8/avr8-gnu-toolchain/bin/../lib/gcc/avr/5.4.0/../../../../avr/lib/avr6\libm.a(fp_round.o)
                              c:/program files (x86)/atmel/studio/7.0/toolchain/avr8/avr8-gnu-toolchain/bin/../lib/gcc/avr/5.4.0/../../../../avr/lib/avr6\libm.a(addsf3.o) (__fp_round)
c:/program files (x86)/atmel/studio/7.0/toolchain/avr8/avr8-gnu-toolchain/bin/../lib/gcc/avr/5.4.0/../../../../avr/lib/avr6\libm.a(fp_split3.o)
                              c:/program files (x86)/atmel/studio/7.0/toolchain/avr8/avr8-gnu-toolchain/bin/../lib/gcc/avr/5.4.0/../../../../avr/lib/avr6\libm.a(addsf3x.o) (__fp_split3)
c:/program files (x86)/atmel/studio/7.0/toolchain/avr8/avr8-gnu-toolchain/bin/../lib/gcc/avr/5.4.0/../../../../avr/lib/avr6\libm.a(fp_zero.o)
                              c:/program files (x86)/atmel/studio/7.0/toolchain/avr8/avr8-gnu-toolchain/bin/../lib/gcc/avr/5.4.0/../../../../avr/lib/avr6\libm.a(addsf3x.o) (__fp_zero)
c:/program files (x86)/atmel/studio/7.0/toolchain/avr8/avr8-gnu-toolchain/bin/../lib/gcc/avr/5.4.0/../../../../avr/lib/avr6\libm.a(mulsf3.o)
                              controller/CO2SensorController.o (__mulsf3)
c:/program files (x86)/atmel/studio/7.0/toolchain/avr8/avr8-gnu-toolchain/bin/../lib/gcc/avr/5.4.0/../../../../avr/lib/avr6\libm.a(mulsf3x.o)
                              c:/program files (x86)/atmel/studio/7.0/toolchain/avr8/avr8-gnu-toolchain/bin/../lib/gcc/avr/5.4.0/../../../../avr/lib/avr6\libm.a(mulsf3.o) (__mulsf3x)
../drivers\libIotLibrary.a(display_7seg.o)
                              controller/sevenSegmentDisplayController.o (display_7seg_display)
../drivers\libIotLibrary.a(hih8120.o)
                              main.o (hih8120_initialise)
../drivers\libIotLibrary.a(lora_driver.o)
                              LoRaWANHandler.o (lora_driver_flushBuffers)
[...]
Memory Configuration

Name             Origin             Length             Attributes
text             0x00000000         0x00100000         xr
data             0x00800200         0x0000fe00         rw !x
eeprom           0x00810000         0x00010000         rw !x
fuse             0x00820000         0x00000003         rw !x
lock             0x00830000         0x00000400         rw !x
signature        0x00840000         0x00000400         rw !x
user_signatures  0x00850000         0x00000400         rw !x
*default*        0x00000000         0xffffffff

Linker script and memory map

Address of section .data set to 0x800200
LOAD C:/Program Files (x86)/Atmel/Studio/7.0/Packs/atmel/ATmega_DFP/1.3.300/gcc/dev/atmega2560/avr6/crtatmega2560.o
LOAD controller/CO2SensorController.o
LOAD controller/HumSensorController.o
LOAD controller/sevenSegmentDisplayController.o
LOAD controller/temperatureSensorController.o
LOAD model/senser/carbonDioxideSensor.o
LOAD model/senser/humiditySensor.o
LOAD model/senser/temperatureSensor.o
LOAD model/sensorModelManager.o
LOAD model/time/myTime.o
LOAD FreeRTOS/FreeRTOSTraceDriver/FreeRTOSTraceDriver.o
LOAD FreeRTOS/src/croutine.o
LOAD FreeRTOS/src/event_groups.o
LOAD FreeRTOS/src/heap_4.o
LOAD FreeRTOS/src/list.o
LOAD FreeRTOS/src/port.o
LOAD FreeRTOS/src/queue.o
LOAD FreeRTOS/src/stream_buffer.o
LOAD FreeRTOS/src/tasks.o
LOAD FreeRTOS/src/timers.o
LOAD FreeRTOS/src/variantHooks.o
LOAD LoRaWANHandler.o
LOAD main.o
START GROUP
LOAD c:/program files (x86)/atmel/studio/7.0/toolchain/avr8/avr8-gnu-toolchain/bin/../lib/gcc/avr/5.4.0/../../../../avr/lib/avr6\libm.a
LOAD ../drivers\libIotLibrary.a
END GROUP
START GROUP
LOAD c:/program files (x86)/atmel/studio/7.0/toolchain/avr8/avr8-gnu-toolchain/bin/../lib/gcc/avr/5.4.0/avr6\libgcc.a
LOAD c:/program files (x86)/atmel/studio/7.0/toolchain/avr8/avr8-gnu-toolchain/bin/../lib/gcc/avr/5.4.0/../../../../avr/lib/avr6\libm.a
LOAD c:/program files (x86)/atmel/studio/7.0/toolchain/avr8/avr8-gnu-toolchain/bin/../lib/gcc/avr/5.4.0/../../../../avr/lib/avr6\libc.a
LOAD C:/Program Files (x86)/Atmel/Studio/7.0/Packs/atmel/ATmega_DFP/1.3.300/gcc/dev/atmega2560/avr6\libatmega2560.a
END GROUP
                0x00000000                __TEXT_REGION_ORIGIN__ = DEFINED (__TEXT_REGION_ORIGIN__)?__TEXT_REGION_ORIGIN__:0x0
                0x00800200                __DATA_REGION_ORIGIN__ = DEFINED (__DATA_REGION_ORIGIN__)?__DATA_REGION_ORIGIN__:0x800200
                0x00100000                __TEXT_REGION_LENGTH__ = DEFINED (__TEXT_REGION_LENGTH__)?__TEXT_REGION_LENGTH__:0x100000
                0x0000fe00                __DATA_REGION_LENGTH__ = DEFINED (__DATA_REGION_LENGTH__)?__DATA_REGION_LENGTH__:0xfe00
                0x00010000                __EEPROM_REGION_LENGTH__ = DEFINED (__EEPROM_REGION_LENGTH__)?__EEPROM_REGION_LENGTH__:0x10000
                [0x00000003]                __FUSE_REGION_LENGTH__ = DEFINED (__FUSE_REGION_LENGTH__)?__FUSE_REGION_LENGTH__:0x400
                0x00000400                __LOCK_REGION_LENGTH__ = DEFINED (__LOCK_REGION_LENGTH__)?__LOCK_REGION_LENGTH__:0x400
                0x00000400                __SIGNATURE_REGION_LENGTH__ = DEFINED (__SIGNATURE_REGION_LENGTH__)?__SIGNATURE_REGION_LENGTH__:0x400
                0x00000400                __USER_SIGNATURE_REGION_LENGTH__ = DEFINED (__USER_SIGNATURE_REGION_LENGTH__)?__USER_SIGNATURE_REGION_LENGTH__:0x400

.hash
 *(.hash)

.dynsym
 *(.dynsym)

.dynstr
 *(.dynstr)

.gnu.version
 *(.gnu.version)

.gnu.version_d
 *(.gnu.version_d)

.gnu.version_r
 *(.gnu.version_r)

.rel.init
 *(.rel.init)

.rela.init
 *(.rela.init)

.rel.text
 *(.rel.text)
 *(.rel.text.*)
 *(.rel.gnu.linkonce.t*)

.rela.text
 *(.rela.text)
 *(.rela.text.*)
 *(.rela.gnu.linkonce.t*)

.rel.fini
 *(.rel.fini)

.rela.fini
 *(.rela.fini)

.rel.rodata
 *(.rel.rodata)
 *(.rel.rodata.*)
 *(.rel.gnu.linkonce.r*)

.rela.rodata
 *(.rela.rodata)
 *(.rela.rodata.*)
 *(.rela.gnu.linkonce.r*)

.rel.data
 *(.rel.data)
 *(.rel.data.*)
 *(.rel.gnu.linkonce.d*)

.rela.data
 *(.rela.data)
 *(.rela.data.*)
 *(.rela.gnu.linkonce.d*)

.rel.ctors
 *(.rel.ctors)

.rela.ctors
 *(.rela.ctors)

.rel.dtors
 *(.rel.dtors)

.rela.dtors
 *(.rela.dtors)

.rel.got
 *(.rel.got)

.rela.got
 *(.rela.got)

.rel.bss
 *(.rel.bss)

.rela.bss
 *(.rela.bss)

.rel.plt
 *(.rel.plt)

.rela.plt
 *(.rela.plt)

.text           0x00000000     0x5818
 *(.vectors)
 .vectors       0x00000000       0xe4 C:/Program Files (x86)/Atmel/Studio/7.0/Packs/atmel/ATmega_DFP/1.3.300/gcc/dev/atmega2560/avr6/crtatmega2560.o
                0x00000000                __vector_default
                0x00000000                __vectors
 *(.vectors)
 *(.progmem.gcc*)
 .progmem.gcc_sw_table
                0x000000e4       0x14 FreeRTOS/src/timers.o
 .progmem.gcc_sw_table.__vector_39
                0x000000f8       0xa2 ../drivers\libIotLibrary.a(twi.o)
 .progmem.gcc_fplib
                0x0000019a       0x28 c:/program files (x86)/atmel/studio/7.0/toolchain/avr8/avr8-gnu-toolchain/bin/../lib/gcc/avr/5.4.0/../../../../avr/lib/avr6\libm.a(exp.o)
 .progmem.gcc_fplib
                0x000001c2       0x5a c:/program files (x86)/atmel/studio/7.0/toolchain/avr8/avr8-gnu-toolchain/bin/../lib/gcc/avr/5.4.0/../../../../avr/lib/avr6\libm.a(log.o)
                0x0000021c                . = ALIGN (0x2)
                0x0000021c                __trampolines_start = .
 *(.trampolines)
 .trampolines   0x0000021c        0x0 linker stubs
 *(.trampolines*)
                0x0000021c                __trampolines_end = .
 *libprintf_flt.a:*(.progmem.data)
 *libc.a:*(.progmem.data)
 *(.progmem*)
                0x0000021c                . = ALIGN (0x2)
 *(.jumptables)
 *(.jumptables*)
 *(.lowtext)
 .lowtext       0x0000021c       0x74 FreeRTOS/src/tasks.o
 .lowtext       0x00000290      0x292 FreeRTOS/src/timers.o
 *(.lowtext*)
                0x00000522                __ctors_start = .
 *(.ctors)
                0x00000522                __ctors_end = .
                0x00000522                __dtors_start = .
 *(.dtors)
                0x00000522                __dtors_end = .
 SORT(*)(.ctors)
 SORT(*)(.dtors)
 *(.init0)
 .init0         0x00000522        0x0 C:/Program Files (x86)/Atmel/Studio/7.0/Packs/atmel/ATmega_DFP/1.3.300/gcc/dev/atmega2560/avr6/crtatmega2560.o
                0x00000522                __init
 *(.init0)
 *(.init1)
 *(.init1)
 *(.init2)
 .init2         0x00000522       0x10 C:/Program Files (x86)/Atmel/Studio/7.0/Packs/atmel/ATmega_DFP/1.3.300/gcc/dev/atmega2560/avr6/crtatmega2560.o
 *(.init2)
 *(.init3)
 *(.init3)
 *(.init4)
 .init4         0x00000532       0x1a c:/program files (x86)/atmel/studio/7.0/toolchain/avr8/avr8-gnu-toolchain/bin/../lib/gcc/avr/5.4.0/avr6\libgcc.a(_copy_data.o)
                0x00000532                __do_copy_data
 .init4         0x0000054c       0x10 c:/program files (x86)/atmel/studio/7.0/toolchain/avr8/avr8-gnu-toolchain/bin/../lib/gcc/avr/5.4.0/avr6\libgcc.a(_clear_bss.o)
                0x0000054c                __do_clear_bss
 *(.init4)
 *(.init5)
 *(.init5)
 *(.init6)
 *(.init6)
 *(.init7)
 *(.init7)
 *(.init8)
 *(.init8)
 *(.init9)
 .init9         0x0000055c        0x8 C:/Program Files (x86)/Atmel/Studio/7.0/Packs/atmel/ATmega_DFP/1.3.300/gcc/dev/atmega2560/avr6/crtatmega2560.o
 *(.init9)
 *(.text)
 .text          0x00000564        0x2 C:/Program Files (x86)/Atmel/Studio/7.0/Packs/atmel/ATmega_DFP/1.3.300/gcc/dev/atmega2560/avr6/crtatmega2560.o
                0x00000564                __vector_38
                0x00000564                __vector_22
                0x00000564                __vector_28
                0x00000564                __vector_1
                0x00000564                __vector_32
                0x00000564                __vector_34
                0x00000564                __vector_46
                0x00000564                __bad_interrupt
                0x00000564                __vector_6
                0x00000564                __vector_31
                0x00000564                __vector_35
                0x00000564                __vector_3
                0x00000564                __vector_23
                0x00000564                __vector_30
                0x00000564                __vector_45
                0x00000564                __vector_11
                0x00000564                __vector_13
                0x00000564                __vector_17
                0x00000564                __vector_19
                0x00000564                __vector_56
                0x00000564                __vector_7
                0x00000564                __vector_49
                0x00000564                __vector_41
                0x00000564                __vector_43
                0x00000564                __vector_27
                0x00000564                __vector_5
                0x00000564                __vector_33
                0x00000564                __vector_47
                0x00000564                __vector_4
                0x00000564                __vector_44
                0x00000564                __vector_9
                0x00000564                __vector_2
                0x00000564                __vector_15
                0x00000564                __vector_29
                0x00000564                __vector_40
                0x00000564                __vector_8
                0x00000564                __vector_48
                0x00000564                __vector_14
                0x00000564                __vector_53
                0x00000564                __vector_10
                0x00000564                __vector_50
                0x00000564                __vector_16
                0x00000564                __vector_18
                0x00000564                __vector_20
                0x00000564                __vector_42
                0x00000566                . = ALIGN (0x2)
 *(.text.*)
 .text.carbonDioxideController_task
                0x00000566      0x11c controller/CO2SensorController.o
                0x00000566                carbonDioxideController_task
 .text.CO2SensorController_create
                0x00000682       0x38 controller/CO2SensorController.o
                0x00000682                CO2SensorController_create
 .text.HumSensorController_task
                0x000006ba      0x17a controller/HumSensorController.o
                0x000006ba                HumSensorController_task
 .text.HumSensorController_create
                0x00000834       0x38 controller/HumSensorController.o
                0x00000834                HumSensorController_create
 .text.sevenSegmentDisplayController_task
                0x0000086c      0x1a2 controller/sevenSegmentDisplayController.o
                0x0000086c                sevenSegmentDisplayController_task
 .text.sevenSegmentDisplayController_create
                0x00000a0e       0x4c controller/sevenSegmentDisplayController.o
                0x00000a0e                sevenSegmentDisplayController_create
 .text.temperatureSensorController_task
                0x00000a5a      0x17a controller/temperatureSensorController.o
                0x00000a5a                temperatureSensorController_task
 .text.temperatureSensorController_create
                0x00000bd4       0x38 controller/temperatureSensorController.o
                0x00000bd4                temperatureSensorController_create
 .text.carbonDioxideSensor_create
                0x00000c0c       0x66 model/senser/carbonDioxideSensor.o
                0x00000c0c                carbonDioxideSensor_create
 .text.carbonDioxideSensor_setValue
                0x00000c72       0x52 model/senser/carbonDioxideSensor.o
                0x00000c72                carbonDioxideSensor_setValue
 .text.carbonDioxideSensor_getReportInterval
                0x00000cc4       0x4c model/senser/carbonDioxideSensor.o
                0x00000cc4                carbonDioxideSensor_getReportInterval
 .text.carbonDioxideSensor_getValue
                0x00000d10       0x4c model/senser/carbonDioxideSensor.o
                0x00000d10                carbonDioxideSensor_getValue
 .text.carbonDioxideSensor_getUpdateTime
                0x00000d5c       0x3c model/senser/carbonDioxideSensor.o
                0x00000d5c                carbonDioxideSensor_getUpdateTime
 .text.humiditySensor_create
                0x00000d98       0x66 model/senser/humiditySensor.o
                0x00000d98                humiditySensor_create
 .text.humiditySensor_setValue
                0x00000dfe       0x50 model/senser/humiditySensor.o
                0x00000dfe                humiditySensor_setValue
 .text.humiditySensor_getReportInterval
                0x00000e4e       0x4a model/senser/humiditySensor.o
                0x00000e4e                humiditySensor_getReportInterval
 .text.humiditySensor_getValue
                0x00000e98       0x4a model/senser/humiditySensor.o
                0x00000e98                humiditySensor_getValue
 .text.humiditySensor_getUpdateTime
                0x00000ee2       0x3c model/senser/humiditySensor.o
                0x00000ee2                humiditySensor_getUpdateTime
 .text.temperatureSensor_create
                0x00000f1e       0x66 model/senser/temperatureSensor.o
                0x00000f1e                temperatureSensor_create
 .text.temperatureSensor_setValue
                0x00000f84       0x50 model/senser/temperatureSensor.o
                0x00000f84                temperatureSensor_setValue
 .text.temperatureSensor_getReportInterval
                0x00000fd4       0x4a model/senser/temperatureSensor.o
                0x00000fd4                temperatureSensor_getReportInterval
 .text.temperatureSensor_getValue
                0x0000101e       0x4a model/senser/temperatureSensor.o
                0x0000101e                temperatureSensor_getValue
 .text.temperatureSensor_getUpdateTime
                0x00001068       0x3c model/senser/temperatureSensor.o
                0x00001068                temperatureSensor_getUpdateTime
 .text.sensorModelManager_create
                0x000010a4       0x4c model/sensorModelManager.o
                0x000010a4                sensorModelManager_create
 .text.sensorModelManager_getTemperatureSensor
                0x000010f0        0xa model/sensorModelManager.o
                0x000010f0                sensorModelManager_getTemperatureSensor
 .text.sensorModelManager_getHumiditySensor
                0x000010fa        0xa model/sensorModelManager.o
                0x000010fa                sensorModelManager_getHumiditySensor
 .text.sensorModelManager_getCarbonDioxideSensor
                0x00001104        0xa model/sensorModelManager.o
                0x00001104                sensorModelManager_getCarbonDioxideSensor
 .text.nowTimeClockTask
                0x0000110e       0x4c model/time/myTime.o
                0x0000110e                nowTimeClockTask
 .text.mytime_tryCreateNowTime
                0x0000115a       0x6c model/time/myTime.o
                0x0000115a                mytime_tryCreateNowTime
 .text.myTime_create
                0x000011c6       0x30 model/time/myTime.o
                0x000011c6                myTime_create
 .text.myTime_updateToNowTime
                0x000011f6       0x4e model/time/myTime.o
                0x000011f6                myTime_updateToNowTime
 .text.myTime_getNowTime
                0x00001244        0xc model/time/myTime.o
                0x00001244                myTime_getNowTime
 .text.myTime_getHour
                0x00001250        0x8 model/time/myTime.o
                0x00001250                myTime_getHour
 .text.myTime_getMin
                0x00001258        0x8 model/time/myTime.o
                0x00001258                myTime_getMin
 .text.prvInsertBlockIntoFreeList
                0x00001260       0x9a FreeRTOS/src/heap_4.o
 .text.pvPortMalloc
                0x000012fa      0x190 FreeRTOS/src/heap_4.o
                0x000012fa                pvPortMalloc
 .text.vPortFree
                0x0000148a       0x72 FreeRTOS/src/heap_4.o
                0x0000148a                vPortFree
 .text.vListInitialise
                0x000014fc       0x22 FreeRTOS/src/list.o
                0x000014fc                vListInitialise
 .text.vListInitialiseItem
                0x0000151e        0x8 FreeRTOS/src/list.o
                0x0000151e                vListInitialiseItem
 .text.vListInsert
                0x00001526       0x7a FreeRTOS/src/list.o
                0x00001526                vListInsert
 .text.uxListRemove
                0x000015a0       0x4e FreeRTOS/src/list.o
                0x000015a0                uxListRemove
 .text.pxPortInitialiseStack
                0x000015ee       0x2e FreeRTOS/src/port.o
                0x000015ee                pxPortInitialiseStack
 .text.xPortStartScheduler
                0x0000161c       0x78 FreeRTOS/src/port.o
                0x0000161c                xPortStartScheduler
 .text.vPortYield
                0x00001694       0xc2 FreeRTOS/src/port.o
                0x00001694                vPortYield
 .text.vPortYieldFromTick
                0x00001756       0xc8 FreeRTOS/src/port.o
                0x00001756                vPortYieldFromTick
 .text.__vector_12
                0x0000181e        0x4 FreeRTOS/src/port.o
                0x0000181e                __vector_12
 .text.prvIsQueueEmpty
                0x00001822       0x16 FreeRTOS/src/queue.o
 .text.prvCopyDataToQueue
                0x00001838       0xbe FreeRTOS/src/queue.o
 .text.prvCopyDataFromQueue
                0x000018f6       0x34 FreeRTOS/src/queue.o
 .text.prvUnlockQueue
                0x0000192a       0x98 FreeRTOS/src/queue.o
 .text.xQueueGenericReset
                0x000019c2       0x84 FreeRTOS/src/queue.o
                0x000019c2                xQueueGenericReset
 .text.xQueueGenericCreate
                0x00001a46       0x42 FreeRTOS/src/queue.o
                0x00001a46                xQueueGenericCreate
 .text.xQueueGenericSend
                0x00001a88      0x138 FreeRTOS/src/queue.o
                0x00001a88                xQueueGenericSend
 .text.xQueueGenericSendFromISR
                0x00001bc0       0x74 FreeRTOS/src/queue.o
                0x00001bc0                xQueueGenericSendFromISR
 .text.xQueueReceive
                0x00001c34      0x12a FreeRTOS/src/queue.o
                0x00001c34                xQueueReceive
 .text.xQueueSemaphoreTake
                0x00001d5e      0x190 FreeRTOS/src/queue.o
                0x00001d5e                xQueueSemaphoreTake
 .text.vQueueWaitForMessageRestricted
                0x00001eee       0x36 FreeRTOS/src/queue.o
                0x00001eee                vQueueWaitForMessageRestricted
 .text.prvResetNextTaskUnblockTime
                0x00001f24       0x4e FreeRTOS/src/tasks.o
 .text.prvAddCurrentTaskToDelayedList
                0x00001f72      0x13e FreeRTOS/src/tasks.o
 .text.xTaskCreate
                0x000020b0      0x25a FreeRTOS/src/tasks.o
                0x000020b0                xTaskCreate
 .text.vTaskStartScheduler
                0x0000230a       0x6c FreeRTOS/src/tasks.o
                0x0000230a                vTaskStartScheduler
 .text.vTaskSuspendAll
                0x00002376        0xc FreeRTOS/src/tasks.o
                0x00002376                vTaskSuspendAll
 .text.xTaskGetTickCount
                0x00002382       0x1c FreeRTOS/src/tasks.o
                0x00002382                xTaskGetTickCount
 .text.xTaskIncrementTick
                0x0000239e      0x260 FreeRTOS/src/tasks.o
                0x0000239e                xTaskIncrementTick
 .text.xTaskResumeAll
                0x000025fe      0x1cc FreeRTOS/src/tasks.o
                0x000025fe                xTaskResumeAll
 .text.vTaskDelay
                0x000027ca       0x32 FreeRTOS/src/tasks.o
                0x000027ca                vTaskDelay
 .text.vTaskSwitchContext
                0x000027fc       0xe2 FreeRTOS/src/tasks.o
                0x000027fc                vTaskSwitchContext
 .text.vTaskPlaceOnEventList
                0x000028de       0x2e FreeRTOS/src/tasks.o
                0x000028de                vTaskPlaceOnEventList
 .text.vTaskPlaceOnEventListRestricted
                0x0000290c       0x84 FreeRTOS/src/tasks.o
                0x0000290c                vTaskPlaceOnEventListRestricted
 .text.xTaskRemoveFromEventList
                0x00002990      0x160 FreeRTOS/src/tasks.o
                0x00002990                xTaskRemoveFromEventList
 .text.vTaskInternalSetTimeOutState
                0x00002af0       0x22 FreeRTOS/src/tasks.o
                0x00002af0                vTaskInternalSetTimeOutState
 .text.xTaskCheckForTimeOut
                0x00002b12       0xb2 FreeRTOS/src/tasks.o
                0x00002b12                xTaskCheckForTimeOut
 .text.vTaskMissedYield
                0x00002bc4        0x8 FreeRTOS/src/tasks.o
                0x00002bc4                vTaskMissedYield
 .text.xTaskGetSchedulerState
                0x00002bcc       0x1c FreeRTOS/src/tasks.o
                0x00002bcc                xTaskGetSchedulerState
 .text.xTaskPriorityInherit
                0x00002be8      0x10e FreeRTOS/src/tasks.o
                0x00002be8                xTaskPriorityInherit
 .text.xTaskPriorityDisinherit
                0x00002cf6       0xb6 FreeRTOS/src/tasks.o
                0x00002cf6                xTaskPriorityDisinherit
 .text.vTaskPriorityDisinheritAfterTimeout
                0x00002dac       0xce FreeRTOS/src/tasks.o
                0x00002dac                vTaskPriorityDisinheritAfterTimeout
 .text.pvTaskIncrementMutexHeldCount
                0x00002e7a       0x24 FreeRTOS/src/tasks.o
                0x00002e7a                pvTaskIncrementMutexHeldCount
 .text.prvInsertTimerInActiveList
                0x00002e9e       0x92 FreeRTOS/src/timers.o
 .text.prvCheckForValidListAndQueue
                0x00002f30       0x52 FreeRTOS/src/timers.o
 .text.xTimerCreateTimerTask
                0x00002f82       0x40 FreeRTOS/src/timers.o
                0x00002f82                xTimerCreateTimerTask
 .text.xTimerGenericCommand
                0x00002fc2       0xbc FreeRTOS/src/timers.o
                0x00002fc2                xTimerGenericCommand
 .text.prvSampleTimeNow
                0x0000307e      0x12c FreeRTOS/src/timers.o
 .text.vApplicationIdleHook
                0x000031aa        0x2 FreeRTOS/src/variantHooks.o
                0x000031aa                vApplicationIdleHook
 .text.prvSetMainLedOn
                0x000031ac        0x6 FreeRTOS/src/variantHooks.o
                0x000031ac                prvSetMainLedOn
 .text.prvBlinkMainLed
                0x000031b2        0x4 FreeRTOS/src/variantHooks.o
                0x000031b2                prvBlinkMainLed
 .text.vApplicationMallocFailedHook
                0x000031b6       0x18 FreeRTOS/src/variantHooks.o
                0x000031b6                vApplicationMallocFailedHook
 .text.vApplicationStackOverflowHook
                0x000031ce       0x18 FreeRTOS/src/variantHooks.o
                0x000031ce                vApplicationStackOverflowHook
 .text.initialiseSystem
                0x000031e6       0x54 main.o
                0x000031e6                initialiseSystem
 .text.main     0x0000323a       0x10 main.o
                0x0000323a                main
 .text.avr-libc.fplib
                0x0000324a        0xa c:/program files (x86)/atmel/studio/7.0/toolchain/avr8/avr8-gnu-toolchain/bin/../lib/gcc/avr/5.4.0/../../../../avr/lib/avr6\libm.a(addsf3.o)
                0x0000324a                __subsf3
                0x0000324c                __addsf3
 .text.avr-libc.fplib
                0x00003254       0xc0 c:/program files (x86)/atmel/studio/7.0/toolchain/avr8/avr8-gnu-toolchain/bin/../lib/gcc/avr/5.4.0/../../../../avr/lib/avr6\libm.a(addsf3x.o)
                0x0000326e                __addsf3x
 .text.avr-libc.fplib
                0x00003314        0x4 c:/program files (x86)/atmel/studio/7.0/toolchain/avr8/avr8-gnu-toolchain/bin/../lib/gcc/avr/5.4.0/../../../../avr/lib/avr6\libm.a(divsf3.o)
                0x00003314                __divsf3
 .text.avr-libc.fplib
                0x00003318       0xcc c:/program files (x86)/atmel/studio/7.0/toolchain/avr8/avr8-gnu-toolchain/bin/../lib/gcc/avr/5.4.0/../../../../avr/lib/avr6\libm.a(divsf3x.o)
                0x0000332e                __divsf3x
                0x00003332                __divsf3_pse
 .text.avr-libc.fplib
                0x000033e4        0xa c:/program files (x86)/atmel/studio/7.0/toolchain/avr8/avr8-gnu-toolchain/bin/../lib/gcc/avr/5.4.0/../../../../avr/lib/avr6\libm.a(fixsfsi.o)
                0x000033e4                __fixsfsi
 .text.avr-libc.fplib
                0x000033ee       0x58 c:/program files (x86)/atmel/studio/7.0/toolchain/avr8/avr8-gnu-toolchain/bin/../lib/gcc/avr/5.4.0/../../../../avr/lib/avr6\libm.a(fixunssfsi.o)
                0x000033ee                __fixunssfsi
 .text.avr-libc.fplib
                0x00003446       0x7a c:/program files (x86)/atmel/studio/7.0/toolchain/avr8/avr8-gnu-toolchain/bin/../lib/gcc/avr/5.4.0/../../../../avr/lib/avr6\libm.a(floatsisf.o)
                0x00003446                __floatunsisf
                0x0000344a                __floatsisf
 .text.avr-libc.fplib
                0x000034c0        0xc c:/program files (x86)/atmel/studio/7.0/toolchain/avr8/avr8-gnu-toolchain/bin/../lib/gcc/avr/5.4.0/../../../../avr/lib/avr6\libm.a(fp_inf.o)
                0x000034c0                __fp_inf
 .text.avr-libc.fplib
                0x000034cc        0x6 c:/program files (x86)/atmel/studio/7.0/toolchain/avr8/avr8-gnu-toolchain/bin/../lib/gcc/avr/5.4.0/../../../../avr/lib/avr6\libm.a(fp_nan.o)
                0x000034cc                __fp_nan
 .text.avr-libc.fplib
                0x000034d2        0xe c:/program files (x86)/atmel/studio/7.0/toolchain/avr8/avr8-gnu-toolchain/bin/../lib/gcc/avr/5.4.0/../../../../avr/lib/avr6\libm.a(fp_pscA.o)
                0x000034d2                __fp_pscA
 .text.avr-libc.fplib
                0x000034e0        0xe c:/program files (x86)/atmel/studio/7.0/toolchain/avr8/avr8-gnu-toolchain/bin/../lib/gcc/avr/5.4.0/../../../../avr/lib/avr6\libm.a(fp_pscB.o)
                0x000034e0                __fp_pscB
 .text.avr-libc.fplib
                0x000034ee       0x22 c:/program files (x86)/atmel/studio/7.0/toolchain/avr8/avr8-gnu-toolchain/bin/../lib/gcc/avr/5.4.0/../../../../avr/lib/avr6\libm.a(fp_round.o)
                0x000034ee                __fp_round
 .text.avr-libc.fplib
                0x00003510       0x44 c:/program files (x86)/atmel/studio/7.0/toolchain/avr8/avr8-gnu-toolchain/bin/../lib/gcc/avr/5.4.0/../../../../avr/lib/avr6\libm.a(fp_split3.o)
                0x00003510                __fp_split3
                0x00003520                __fp_splitA
 .text.avr-libc.fplib
                0x00003554        0xe c:/program files (x86)/atmel/studio/7.0/toolchain/avr8/avr8-gnu-toolchain/bin/../lib/gcc/avr/5.4.0/../../../../avr/lib/avr6\libm.a(fp_zero.o)
                0x00003554                __fp_zero
                0x00003556                __fp_szero
 .text.avr-libc.fplib
                0x00003562        0x4 c:/program files (x86)/atmel/studio/7.0/toolchain/avr8/avr8-gnu-toolchain/bin/../lib/gcc/avr/5.4.0/../../../../avr/lib/avr6\libm.a(mulsf3.o)
                0x00003562                __mulsf3
 .text.avr-libc.fplib
                0x00003566       0xc2 c:/program files (x86)/atmel/studio/7.0/toolchain/avr8/avr8-gnu-toolchain/bin/../lib/gcc/avr/5.4.0/../../../../avr/lib/avr6\libm.a(mulsf3x.o)
                0x0000357a                __mulsf3x
                0x0000357e                __mulsf3_pse
 .text._spiCallBack
                0x00003628       0x34 ../drivers\libIotLibrary.a(display_7seg.o)
 .text.display_7seg_displayErr
                0x0000365c       0x18 ../drivers\libIotLibrary.a(display_7seg.o)
                0x0000365c                display_7seg_displayErr
 .text.display_7seg_display
                0x00003674      0x14c ../drivers\libIotLibrary.a(display_7seg.o)
                0x00003674                display_7seg_display
 .text.display_7seg_powerUp
                0x000037c0        0x8 ../drivers\libIotLibrary.a(display_7seg.o)
                0x000037c0                display_7seg_powerUp
 .text.display_7seg_powerDown
                0x000037c8        0xe ../drivers\libIotLibrary.a(display_7seg.o)
                0x000037c8                display_7seg_powerDown
 .text.display_7seg_initialise
                0x000037d6       0x7a ../drivers\libIotLibrary.a(display_7seg.o)
                0x000037d6                display_7seg_initialise
 .text.__vector_21
                0x00003850       0xe0 ../drivers\libIotLibrary.a(display_7seg.o)
                0x00003850                __vector_21
 .text._hihTwiCallback
                0x00003930       0x5a ../drivers\libIotLibrary.a(hih8120.o)
 .text.hih8120_initialise
                0x0000398a       0x2e ../drivers\libIotLibrary.a(hih8120.o)
                0x0000398a                hih8120_initialise
 .text.hih8120_wakeup
                0x000039b8       0x28 ../drivers\libIotLibrary.a(hih8120.o)
                0x000039b8                hih8120_wakeup
 .text.hih8120_measure
                0x000039e0       0x20 ../drivers\libIotLibrary.a(hih8120.o)
                0x000039e0                hih8120_measure
 .text.hih8120_getHumidity
                0x00003a00       0x24 ../drivers\libIotLibrary.a(hih8120.o)
                0x00003a00                hih8120_getHumidity
 .text.hih8120_getTemperature
                0x00003a24       0x2e ../drivers\libIotLibrary.a(hih8120.o)
                0x00003a24                hih8120_getTemperature
 .text._serialCallBack
                0x00003a52       0xb6 ../drivers\libIotLibrary.a(mh_z19.o)
 .text.mh_z19_initialise
                0x00003b08       0x4a ../drivers\libIotLibrary.a(mh_z19.o)
                0x00003b08                mh_z19_initialise
 .text.mh_z19_takeMeassuring
                0x00003b52       0x5e ../drivers\libIotLibrary.a(mh_z19.o)
                0x00003b52                mh_z19_takeMeassuring
 .text.mh_z19_getCo2Ppm
                0x00003bb0       0x22 ../drivers\libIotLibrary.a(mh_z19.o)
                0x00003bb0                mh_z19_getCo2Ppm
 .text.serial_create
                0x00003bd2      0x142 ../drivers\libIotLibrary.a(serial.o)
                0x00003bd2                serial_create
 .text.serial_sendByte
                0x00003d14       0x56 ../drivers\libIotLibrary.a(serial.o)
                0x00003d14                serial_sendByte
 .text.serial_sendBytes
                0x00003d6a       0xaa ../drivers\libIotLibrary.a(serial.o)
                0x00003d6a                serial_sendBytes
 .text.serial_getByte
                0x00003e14       0x40 ../drivers\libIotLibrary.a(serial.o)
                0x00003e14                serial_getByte
 .text.__vector_25
                0x00003e54       0xa4 ../drivers\libIotLibrary.a(serial.o)
                0x00003e54                __vector_25
 .text.__vector_26
                0x00003ef8       0x88 ../drivers\libIotLibrary.a(serial.o)
                0x00003ef8                __vector_26
 .text.__vector_36
                0x00003f80       0xa4 ../drivers\libIotLibrary.a(serial.o)
                0x00003f80                __vector_36
 .text.__vector_37
                0x00004024       0x88 ../drivers\libIotLibrary.a(serial.o)
                0x00004024                __vector_37
 .text.__vector_51
                0x000040ac       0xa4 ../drivers\libIotLibrary.a(serial.o)
                0x000040ac                __vector_51
 .text.__vector_52
                0x00004150       0x88 ../drivers\libIotLibrary.a(serial.o)
                0x00004150                __vector_52
 .text.__vector_54
                0x000041d8       0xa4 ../drivers\libIotLibrary.a(serial.o)
                0x000041d8                __vector_54
 .text.__vector_55
                0x0000427c       0x88 ../drivers\libIotLibrary.a(serial.o)
                0x0000427c                __vector_55
 .text.usart_getchar
                0x00004304       0x2a ../drivers\libIotLibrary.a(stdio_driver.o)
 .text.usart_putchar
                0x0000432e       0x12 ../drivers\libIotLibrary.a(stdio_driver.o)
 .text.stdio_initialise
                0x00004340       0x52 ../drivers\libIotLibrary.a(stdio_driver.o)
                0x00004340                stdio_initialise
 .text._select_instance
                0x00004392       0x72 ../drivers\libIotLibrary.a(spi_iha.o)
 .text.spi_create
                0x00004404      0x1a4 ../drivers\libIotLibrary.a(spi_iha.o)
                0x00004404                spi_create
 .text.spi_sendByte
                0x000045a8       0xea ../drivers\libIotLibrary.a(spi_iha.o)
                0x000045a8                spi_sendByte
 .text.__vector_24
                0x00004692      0x136 ../drivers\libIotLibrary.a(spi_iha.o)
                0x00004692                __vector_24
 .text._initTwiInterface
                0x000047c8       0x22 ../drivers\libIotLibrary.a(twi.o)
 .text.twiCreate
                0x000047ea       0x9a ../drivers\libIotLibrary.a(twi.o)
                0x000047ea                twiCreate
 .text.twiIsBusy
                0x00004884        0x8 ../drivers\libIotLibrary.a(twi.o)
                0x00004884                twiIsBusy
 .text.twiTransmit
                0x0000488c       0x98 ../drivers\libIotLibrary.a(twi.o)
                0x0000488c                twiTransmit
 .text.twiReceive
                0x00004924       0x66 ../drivers\libIotLibrary.a(twi.o)
                0x00004924                twiReceive
 .text.__vector_39
                0x0000498a      0x17a ../drivers\libIotLibrary.a(twi.o)
                0x0000498a                __vector_39
 .text.fifo_init
                0x00004b04       0x38 ../drivers\libIotLibrary.a(fifo.o)
                0x00004b04                fifo_init
 .text.avr-libc.fplib
                0x00004b3c       0x28 c:/program files (x86)/atmel/studio/7.0/toolchain/avr8/avr8-gnu-toolchain/bin/../lib/gcc/avr/5.4.0/../../../../avr/lib/avr6\libm.a(floor.o)
                0x00004b3c                floor
 .text.avr-libc.fplib
                0x00004b64       0x36 c:/program files (x86)/atmel/studio/7.0/toolchain/avr8/avr8-gnu-toolchain/bin/../lib/gcc/avr/5.4.0/../../../../avr/lib/avr6\libm.a(fp_mintl.o)
                0x00004b64                __fp_mintl
 .text.avr-libc.fplib
                0x00004b9a       0x1c c:/program files (x86)/atmel/studio/7.0/toolchain/avr8/avr8-gnu-toolchain/bin/../lib/gcc/avr/5.4.0/../../../../avr/lib/avr6\libm.a(fp_mpack.o)
                0x00004b9a                __fp_mpack
                0x00004b9e                __fp_mpack_finite
 .text.avr-libc.fplib
                0x00004bb6       0x30 c:/program files (x86)/atmel/studio/7.0/toolchain/avr8/avr8-gnu-toolchain/bin/../lib/gcc/avr/5.4.0/../../../../avr/lib/avr6\libm.a(fp_trunc.o)
                0x00004bb6                __fp_trunc
 .text.avr-libc.fplib
                0x00004be6       0x9c c:/program files (x86)/atmel/studio/7.0/toolchain/avr8/avr8-gnu-toolchain/bin/../lib/gcc/avr/5.4.0/../../../../avr/lib/avr6\libm.a(pow.o)
                0x00004be6                pow
 .text.avr-libc.fplib
                0x00004c82       0x6c c:/program files (x86)/atmel/studio/7.0/toolchain/avr8/avr8-gnu-toolchain/bin/../lib/gcc/avr/5.4.0/../../../../avr/lib/avr6\libm.a(exp.o)
                0x00004c92                exp
 .text.avr-libc.fplib
                0x00004cee       0x4e c:/program files (x86)/atmel/studio/7.0/toolchain/avr8/avr8-gnu-toolchain/bin/../lib/gcc/avr/5.4.0/../../../../avr/lib/avr6\libm.a(fp_powser.o)
                0x00004cee                __fp_powser
 .text.avr-libc.fplib
                0x00004d3c       0x10 c:/program files (x86)/atmel/studio/7.0/toolchain/avr8/avr8-gnu-toolchain/bin/../lib/gcc/avr/5.4.0/../../../../avr/lib/avr6\libm.a(inverse.o)
                0x00004d3c                inverse
 .text.avr-libc.fplib
                0x00004d4c       0x72 c:/program files (x86)/atmel/studio/7.0/toolchain/avr8/avr8-gnu-toolchain/bin/../lib/gcc/avr/5.4.0/../../../../avr/lib/avr6\libm.a(ldexp.o)
                0x00004d52                ldexp
 .text.avr-libc.fplib
                0x00004dbe       0x9c c:/program files (x86)/atmel/studio/7.0/toolchain/avr8/avr8-gnu-toolchain/bin/../lib/gcc/avr/5.4.0/../../../../avr/lib/avr6\libm.a(log.o)
                0x00004dcc                log
 .text.avr-libc.fplib
                0x00004e5a       0x68 c:/program files (x86)/atmel/studio/7.0/toolchain/avr8/avr8-gnu-toolchain/bin/../lib/gcc/avr/5.4.0/../../../../avr/lib/avr6\libm.a(modf.o)
                0x00004e5a                modf
                0x00004e5a                modff
 .text.libgcc.div
                0x00004ec2       0x26 c:/program files (x86)/atmel/studio/7.0/toolchain/avr8/avr8-gnu-toolchain/bin/../lib/gcc/avr/5.4.0/avr6\libgcc.a(_divmodhi4.o)
                0x00004ec2                _div
                0x00004ec2                __divmodhi4
 .text.libgcc.div
                0x00004ee8       0x44 c:/program files (x86)/atmel/studio/7.0/toolchain/avr8/avr8-gnu-toolchain/bin/../lib/gcc/avr/5.4.0/avr6\libgcc.a(_udivmodsi4.o)
                0x00004ee8                __udivmodsi4
 .text.libgcc   0x00004f2c       0x10 c:/program files (x86)/atmel/studio/7.0/toolchain/avr8/avr8-gnu-toolchain/bin/../lib/gcc/avr/5.4.0/avr6\libgcc.a(_tablejump2.o)
                0x00004f2c                __tablejump2__
 .text.libgcc.mul
                0x00004f3c       0x14 c:/program files (x86)/atmel/studio/7.0/toolchain/avr8/avr8-gnu-toolchain/bin/../lib/gcc/avr/5.4.0/avr6\libgcc.a(_muluhisi3.o)
                0x00004f3c                __muluhisi3
 .text.libgcc.div
                0x00004f50       0x28 c:/program files (x86)/atmel/studio/7.0/toolchain/avr8/avr8-gnu-toolchain/bin/../lib/gcc/avr/5.4.0/avr6\libgcc.a(_udivmodhi4.o)
                0x00004f50                __udivmodhi4
 .text.libgcc.mul
                0x00004f78       0x1e c:/program files (x86)/atmel/studio/7.0/toolchain/avr8/avr8-gnu-toolchain/bin/../lib/gcc/avr/5.4.0/avr6\libgcc.a(_umulhisi3.o)
                0x00004f78                __umulhisi3
 .text.avr-libc
                0x00004f96       0x34 c:/program files (x86)/atmel/studio/7.0/toolchain/avr8/avr8-gnu-toolchain/bin/../lib/gcc/avr/5.4.0/../../../../avr/lib/avr6\libc.a(calloc.o)
                0x00004f96                calloc
 .text.avr-libc
                0x00004fca      0x242 c:/program files (x86)/atmel/studio/7.0/toolchain/avr8/avr8-gnu-toolchain/bin/../lib/gcc/avr/5.4.0/../../../../avr/lib/avr6\libc.a(malloc.o)
                0x00004fca                malloc
                0x000050fa                free
 .text.avr-libc
                0x0000520c        0x8 c:/program files (x86)/atmel/studio/7.0/toolchain/avr8/avr8-gnu-toolchain/bin/../lib/gcc/avr/5.4.0/../../../../avr/lib/avr6\libc.a(abort.o)
                0x0000520c                abort
 .text.avr-libc
                0x00005214       0x12 c:/program files (x86)/atmel/studio/7.0/toolchain/avr8/avr8-gnu-toolchain/bin/../lib/gcc/avr/5.4.0/../../../../avr/lib/avr6\libc.a(memcpy.o)
                0x00005214                memcpy
 .text.avr-libc
                0x00005226        0xe c:/program files (x86)/atmel/studio/7.0/toolchain/avr8/avr8-gnu-toolchain/bin/../lib/gcc/avr/5.4.0/../../../../avr/lib/avr6\libc.a(memset.o)
                0x00005226                memset
 .text.avr-libc
                0x00005234       0x26 c:/program files (x86)/atmel/studio/7.0/toolchain/avr8/avr8-gnu-toolchain/bin/../lib/gcc/avr/5.4.0/../../../../avr/lib/avr6\libc.a(printf.o)
                0x00005234                printf
 .text.avr-libc
                0x0000525a       0x60 c:/program files (x86)/atmel/studio/7.0/toolchain/avr8/avr8-gnu-toolchain/bin/../lib/gcc/avr/5.4.0/../../../../avr/lib/avr6\libc.a(puts.o)
                0x0000525a                puts
 .text.avr-libc
                0x000052ba      0x3fa c:/program files (x86)/atmel/studio/7.0/toolchain/avr8/avr8-gnu-toolchain/bin/../lib/gcc/avr/5.4.0/../../../../avr/lib/avr6\libc.a(vfprintf_std.o)
                0x000052ba                vfprintf
 .text.avr-libc
                0x000056b4       0x16 c:/program files (x86)/atmel/studio/7.0/toolchain/avr8/avr8-gnu-toolchain/bin/../lib/gcc/avr/5.4.0/../../../../avr/lib/avr6\libc.a(strnlen_P.o)
                0x000056b4                strnlen_P
 .text.avr-libc
                0x000056ca       0x16 c:/program files (x86)/atmel/studio/7.0/toolchain/avr8/avr8-gnu-toolchain/bin/../lib/gcc/avr/5.4.0/../../../../avr/lib/avr6\libc.a(strnlen.o)
                0x000056ca                strnlen
 .text.avr-libc
                0x000056e0       0x78 c:/program files (x86)/atmel/studio/7.0/toolchain/avr8/avr8-gnu-toolchain/bin/../lib/gcc/avr/5.4.0/../../../../avr/lib/avr6\libc.a(fputc.o)
                0x000056e0                fputc
 .text.avr-libc
                0x00005758       0xbc c:/program files (x86)/atmel/studio/7.0/toolchain/avr8/avr8-gnu-toolchain/bin/../lib/gcc/avr/5.4.0/../../../../avr/lib/avr6\libc.a(ultoa_invert.o)
                0x00005758                __ultoa_invert
                0x00005814                . = ALIGN (0x2)
 *(.fini9)
 .fini9         0x00005814        0x0 c:/program files (x86)/atmel/studio/7.0/toolchain/avr8/avr8-gnu-toolchain/bin/../lib/gcc/avr/5.4.0/avr6\libgcc.a(_exit.o)
                0x00005814                _exit
                0x00005814                exit
 *(.fini9)
 *(.fini8)
 *(.fini8)
 *(.fini7)
 *(.fini7)
 *(.fini6)
 *(.fini6)
 *(.fini5)
 *(.fini5)
 *(.fini4)
 *(.fini4)
 *(.fini3)
 *(.fini3)
 *(.fini2)
 *(.fini2)
 *(.fini1)
 *(.fini1)
 *(.fini0)
 .fini0         0x00005814        0x4 c:/program files (x86)/atmel/studio/7.0/toolchain/avr8/avr8-gnu-toolchain/bin/../lib/gcc/avr/5.4.0/avr6\libgcc.a(_exit.o)
 *(.fini0)
                0x00005818                _etext = .

.data           0x00800200      0x20a load address 0x00005818
                0x00800200                PROVIDE (__data_start, .)
 *(.data)
 .data          0x00800200        0x6 c:/program files (x86)/atmel/studio/7.0/toolchain/avr8/avr8-gnu-toolchain/bin/../lib/gcc/avr/5.4.0/../../../../avr/lib/avr6\libc.a(malloc.o)
                0x00800200                __malloc_heap_end
                0x00800202                __malloc_heap_start
                0x00800204                __malloc_margin
 *(.data*)
 .data.uxTopUsedPriority
                0x00800206        0x1 FreeRTOS/src/tasks.o
                0x00800206                uxTopUsedPriority
 .data._temp    0x00800207        0x2 ../drivers\libIotLibrary.a(hih8120.o)
 .data._hum     0x00800209        0x2 ../drivers\libIotLibrary.a(hih8120.o)
 .data._com_port_2_udr
                0x0080020b        0x8 ../drivers\libIotLibrary.a(serial.o)
                0x0080020b                _com_port_2_udr
 .data.mystdout.1882
                0x00800213        0xe ../drivers\libIotLibrary.a(stdio_driver.o)
 .data._twiCurrentState
                0x00800221        0x1 ../drivers\libIotLibrary.a(twi.o)
 *(.gnu.linkonce.d*)
 *(.rodata)
 .rodata        0x00800222       0x2d ../drivers\libIotLibrary.a(mh_z19.o)
 *(.rodata*)
 .rodata.str1.1
                0x0080024f       0x42 controller/CO2SensorController.o
 .rodata.str1.1
                0x00800291       0x78 controller/HumSensorController.o
 .rodata.str1.1
                0x00800309       0x34 controller/sevenSegmentDisplayController.o
 .rodata.str1.1
                0x0080033d       0x6b controller/temperatureSensorController.o
                                 0x8f (size before relaxing)
 .rodata.str1.1
                0x008003a8       0x2b model/time/myTime.o
 .rodata.str1.1
                0x008003d3        0x5 FreeRTOS/src/tasks.o
 .rodata.str1.1
                0x008003d8        0x8 FreeRTOS/src/timers.o
 .rodata.str1.1
                0x008003e0       0x13 main.o
 .rodata._int2Seg
                0x008003f3       0x10 ../drivers\libIotLibrary.a(display_7seg.o)
 .rodata._prescaler_mask
                0x00800403        0x7 ../drivers\libIotLibrary.a(spi_iha.o)
 *(.gnu.linkonce.r*)
                0x0080040a                . = ALIGN (0x2)
                0x0080040a                _edata = .
                0x0080040a                PROVIDE (__data_end, .)

.bss            0x0080040a      0xb3c
                0x0080040a                PROVIDE (__bss_start, .)
 *(.bss)
 *(.bss*)
 .bss.humility  0x0080040a        0x4 controller/HumSensorController.o
                0x0080040a                humility
 .bss.temperature
                0x0080040e        0x4 controller/temperatureSensorController.o
                0x0080040e                temperature
 .bss.xBlockAllocatedBit
                0x00800412        0x2 FreeRTOS/src/heap_4.o
 .bss.xNumberOfSuccessfulFrees
                0x00800414        0x2 FreeRTOS/src/heap_4.o
 .bss.xNumberOfSuccessfulAllocations
                0x00800416        0x2 FreeRTOS/src/heap_4.o
 .bss.xMinimumEverFreeBytesRemaining
                0x00800418        0x2 FreeRTOS/src/heap_4.o
 .bss.xFreeBytesRemaining
                0x0080041a        0x2 FreeRTOS/src/heap_4.o
 .bss.pxEnd     0x0080041c        0x2 FreeRTOS/src/heap_4.o
 .bss.xStart    0x0080041e        0x4 FreeRTOS/src/heap_4.o
 .bss.ucHeap    0x00800422      0x9c4 FreeRTOS/src/heap_4.o
 .bss.uxSchedulerSuspended
                0x00800de6        0x1 FreeRTOS/src/tasks.o
 .bss.xIdleTaskHandle
                0x00800de7        0x2 FreeRTOS/src/tasks.o
 .bss.xNextTaskUnblockTime
                0x00800de9        0x4 FreeRTOS/src/tasks.o
 .bss.uxTaskNumber
                0x00800ded        0x1 FreeRTOS/src/tasks.o
 .bss.xNumOfOverflows
                0x00800dee        0x1 FreeRTOS/src/tasks.o
 .bss.xYieldPending
                0x00800def        0x1 FreeRTOS/src/tasks.o
 .bss.xPendedTicks
                0x00800df0        0x4 FreeRTOS/src/tasks.o
 .bss.xSchedulerRunning
                0x00800df4        0x1 FreeRTOS/src/tasks.o
 .bss.uxTopReadyPriority
                0x00800df5        0x1 FreeRTOS/src/tasks.o
 .bss.xTickCount
                0x00800df6        0x4 FreeRTOS/src/tasks.o
 .bss.uxCurrentNumberOfTasks
                0x00800dfa        0x1 FreeRTOS/src/tasks.o
 .bss.xSuspendedTaskList
                0x00800dfb        0xb FreeRTOS/src/tasks.o
 .bss.uxDeletedTasksWaitingCleanUp
                0x00800e06        0x1 FreeRTOS/src/tasks.o
 .bss.xTasksWaitingTermination
                0x00800e07        0xb FreeRTOS/src/tasks.o
 .bss.xPendingReadyList
                0x00800e12        0xb FreeRTOS/src/tasks.o
 .bss.pxOverflowDelayedTaskList
                0x00800e1d        0x2 FreeRTOS/src/tasks.o
 .bss.pxDelayedTaskList
                0x00800e1f        0x2 FreeRTOS/src/tasks.o
 .bss.xDelayedTaskList2
                0x00800e21        0xb FreeRTOS/src/tasks.o
 .bss.xDelayedTaskList1
                0x00800e2c        0xb FreeRTOS/src/tasks.o
 .bss.pxReadyTasksLists
                0x00800e37       0x6e FreeRTOS/src/tasks.o
 .bss.pxCurrentTCB
                0x00800ea5        0x2 FreeRTOS/src/tasks.o
                0x00800ea5                pxCurrentTCB
 .bss.xLastTime.2436
                0x00800ea7        0x4 FreeRTOS/src/timers.o
 .bss.xTimerTaskHandle
                0x00800eab        0x2 FreeRTOS/src/timers.o
 .bss.xTimerQueue
                0x00800ead        0x2 FreeRTOS/src/timers.o
 .bss.pxOverflowTimerList
                0x00800eaf        0x2 FreeRTOS/src/timers.o
 .bss.pxCurrentTimerList
                0x00800eb1        0x2 FreeRTOS/src/timers.o
 .bss.xActiveTimerList2
                0x00800eb3        0xb FreeRTOS/src/timers.o
 .bss.xActiveTimerList1
                0x00800ebe        0xb FreeRTOS/src/timers.o
 .bss._displayDoneCallBack
                0x00800ec9        0x2 ../drivers\libIotLibrary.a(display_7seg.o)
 .bss._scrollIndex
                0x00800ecb        0x1 ../drivers\libIotLibrary.a(display_7seg.o)
 .bss._maxHexSegmentindex
                0x00800ecc        0x1 ../drivers\libIotLibrary.a(display_7seg.o)
 .bss._intCounter
                0x00800ecd        0x2 ../drivers\libIotLibrary.a(display_7seg.o)
 .bss._hexSegments
                0x00800ecf       0x26 ../drivers\libIotLibrary.a(display_7seg.o)
 .bss._digitSegments
                0x00800ef5        0x4 ../drivers\libIotLibrary.a(display_7seg.o)
 .bss._digitNo  0x00800ef9        0x1 ../drivers\libIotLibrary.a(display_7seg.o)
 .bss._spi      0x00800efa        0x2 ../drivers\libIotLibrary.a(display_7seg.o)
 .bss._measuringIsReady
                0x00800efc        0x1 ../drivers\libIotLibrary.a(hih8120.o)
 .bss._hih8120Handler
                0x00800efd        0x2 ../drivers\libIotLibrary.a(hih8120.o)
 .bss.data.1944
                0x00800eff        0x2 ../drivers\libIotLibrary.a(mh_z19.o)
 .bss.inDex.1943
                0x00800f01        0x1 ../drivers\libIotLibrary.a(mh_z19.o)
 .bss.crc_sum.1945
                0x00800f02        0x1 ../drivers\libIotLibrary.a(mh_z19.o)
 .bss._appCallBack
                0x00800f03        0x2 ../drivers\libIotLibrary.a(mh_z19.o)
 .bss._mh_state
                0x00800f05        0x1 ../drivers\libIotLibrary.a(mh_z19.o)
                0x00800f05                _mh_state
 .bss._ppm      0x00800f06        0x2 ../drivers\libIotLibrary.a(mh_z19.o)
 .bss._serial   0x00800f08        0x2 ../drivers\libIotLibrary.a(mh_z19.o)
 .bss._ser_handle
                0x00800f0a        0x8 ../drivers\libIotLibrary.a(serial.o)
 .bss._com_serial_instance
                0x00800f12        0x2 ../drivers\libIotLibrary.a(stdio_driver.o)
 .bss._initialised
                0x00800f14        0x1 ../drivers\libIotLibrary.a(spi_iha.o)
 .bss._this     0x00800f15        0x2 ../drivers\libIotLibrary.a(spi_iha.o)
 .bss._spi_active
                0x00800f17        0x1 ../drivers\libIotLibrary.a(spi_iha.o)
 .bss._index.1885
                0x00800f18        0x1 ../drivers\libIotLibrary.a(twi.o)
 .bss._twiCurrentHandler
                0x00800f19        0x2 ../drivers\libIotLibrary.a(twi.o)
 .bss._twiMessageLen
                0x00800f1b        0x1 ../drivers\libIotLibrary.a(twi.o)
 .bss._twiMessageBuffer
                0x00800f1c        0xa ../drivers\libIotLibrary.a(twi.o)
 .bss._twiIsInitiated
                0x00800f26        0x1 ../drivers\libIotLibrary.a(twi.o)
 *(COMMON)
 COMMON         0x00800f27        0x5 controller/CO2SensorController.o
                0x00800f27                rc
                0x00800f28                appm
                0x00800f2a                carbon
 COMMON         0x00800f2c        0x2 controller/HumSensorController.o
                0x00800f2c                humSensor
 COMMON         0x00800f2e        0x4 controller/sevenSegmentDisplayController.o
                0x00800f2e                updateTime
 COMMON         0x00800f32        0x2 controller/temperatureSensorController.o
                0x00800f32                temSensor
 COMMON         0x00800f34        0x6 model/sensorModelManager.o
                0x00800f34                carbonDioxideSensor
                0x00800f36                temperatureSensor
                0x00800f38                humiditySensor
 COMMON         0x00800f3a        0x2 model/time/myTime.o
                0x00800f3a                nowTime
 COMMON         0x00800f3c        0x4 c:/program files (x86)/atmel/studio/7.0/toolchain/avr8/avr8-gnu-toolchain/bin/../lib/gcc/avr/5.4.0/../../../../avr/lib/avr6\libc.a(malloc.o)
                0x00800f3c                __brkval
                0x00800f3e                __flp
 COMMON         0x00800f40        0x6 c:/program files (x86)/atmel/studio/7.0/toolchain/avr8/avr8-gnu-toolchain/bin/../lib/gcc/avr/5.4.0/../../../../avr/lib/avr6\libc.a(iob.o)
                0x00800f40                __iob
                0x00800f46                PROVIDE (__bss_end, .)
                0x00005818                __data_load_start = LOADADDR (.data)
                0x00005a22                __data_load_end = (__data_load_start + SIZEOF (.data))

.noinit         0x00800f46        0x0
                [!provide]                PROVIDE (__noinit_start, .)
 *(.noinit*)
                [!provide]                PROVIDE (__noinit_end, .)
                0x00800f46                _end = .
                0x00800f46                PROVIDE (__heap_start, .)

.eeprom         0x00810000        0x0
 *(.eeprom*)
                0x00810000                __eeprom_end = .

.fuse
 *(.fuse)
 *(.lfuse)
 *(.hfuse)
 *(.efuse)

.lock
 *(.lock*)

.signature
 *(.signature*)

.user_signatures
 *(.user_signatures*)

.stab
 *(.stab)

.stabstr
 *(.stabstr)

.stab.excl
 *(.stab.excl)

.stab.exclstr
 *(.stab.exclstr)

.stab.index
 *(.stab.index)

.stab.indexstr
 *(.stab.indexstr)

.comment        0x00000000       0x5c
 *(.comment)
 .comment       0x00000000       0x30 controller/CO2SensorController.o
                                 0x31 (size before relaxing)
 .comment       0x00000030       0x31 controller/HumSensorController.o
 .comment       0x00000030       0x31 controller/sevenSegmentDisplayController.o
 .comment       0x00000030       0x31 controller/temperatureSensorController.o
 .comment       0x00000030       0x31 model/senser/carbonDioxideSensor.o
 .comment       0x00000030       0x31 model/senser/humiditySensor.o
 .comment       0x00000030       0x31 model/senser/temperatureSensor.o
 .comment       0x00000030       0x31 model/sensorModelManager.o
 .comment       0x00000030       0x31 model/time/myTime.o
 .comment       0x00000030       0x31 FreeRTOS/src/heap_4.o
 .comment       0x00000030       0x31 FreeRTOS/src/list.o
 .comment       0x00000030       0x31 FreeRTOS/src/port.o
 .comment       0x00000030       0x31 FreeRTOS/src/queue.o
 .comment       0x00000030       0x31 FreeRTOS/src/tasks.o
 .comment       0x00000030       0x31 FreeRTOS/src/timers.o
 .comment       0x00000030       0x31 FreeRTOS/src/variantHooks.o
 .comment       0x00000030       0x31 main.o
 .comment       0x00000030       0x31 ../drivers\libIotLibrary.a(display_7seg.o)
 .comment       0x00000030       0x31 ../drivers\libIotLibrary.a(hih8120.o)
 .comment       0x00000030       0x31 ../drivers\libIotLibrary.a(mh_z19.o)
 .comment       0x00000030       0x31 ../drivers\libIotLibrary.a(serial.o)
 .comment       0x00000030       0x31 ../drivers\libIotLibrary.a(stdio_driver.o)
 .comment       0x00000030       0x31 ../drivers\libIotLibrary.a(spi_iha.o)
 .comment       0x00000030       0x31 ../drivers\libIotLibrary.a(twi.o)
 .comment       0x00000030       0x31 ../drivers\libIotLibrary.a(fifo.o)
 .comment       0x00000030       0x31 c:/program files (x86)/atmel/studio/7.0/toolchain/avr8/avr8-gnu-toolchain/bin/../lib/gcc/avr/5.4.0/../../../../avr/lib/avr6\libc.a(calloc.o)
 .comment       0x00000030       0x31 c:/program files (x86)/atmel/studio/7.0/toolchain/avr8/avr8-gnu-toolchain/bin/../lib/gcc/avr/5.4.0/../../../../avr/lib/avr6\libc.a(malloc.o)
 .comment       0x00000030       0x31 c:/program files (x86)/atmel/studio/7.0/toolchain/avr8/avr8-gnu-toolchain/bin/../lib/gcc/avr/5.4.0/../../../../avr/lib/avr6\libc.a(iob.o)
 .comment       0x00000030       0x31 c:/program files (x86)/atmel/studio/7.0/toolchain/avr8/avr8-gnu-toolchain/bin/../lib/gcc/avr/5.4.0/../../../../avr/lib/avr6\libc.a(printf.o)
 .comment       0x00000030       0x31 c:/program files (x86)/atmel/studio/7.0/toolchain/avr8/avr8-gnu-toolchain/bin/../lib/gcc/avr/5.4.0/../../../../avr/lib/avr6\libc.a(puts.o)
 .comment       0x00000030       0x2c c:/program files (x86)/atmel/studio/7.0/toolchain/avr8/avr8-gnu-toolchain/bin/../lib/gcc/avr/5.4.0/../../../../avr/lib/avr6\libc.a(vfprintf_std.o)
                                 0x2d (size before relaxing)
 .comment       0x0000005c       0x31 c:/program files (x86)/atmel/studio/7.0/toolchain/avr8/avr8-gnu-toolchain/bin/../lib/gcc/avr/5.4.0/../../../../avr/lib/avr6\libc.a(fputc.o)

.note.gnu.avr.deviceinfo
                0x00000000       0x40
 .note.gnu.avr.deviceinfo
                0x00000000       0x40 C:/Program Files (x86)/Atmel/Studio/7.0/Packs/atmel/ATmega_DFP/1.3.300/gcc/dev/atmega2560/avr6/crtatmega2560.o

.note.gnu.build-id
 *(.note.gnu.build-id)

.debug
 *(.debug)

.line
 *(.line)

.debug_srcinfo
 *(.debug_srcinfo)

.debug_sfnames
 *(.debug_sfnames)

.debug_aranges  0x00000000      0x918
 *(.debug_aranges)
 .debug_aranges
                0x00000000       0x30 controller/CO2SensorController.o
 .debug_aranges
                0x00000030       0x28 controller/HumSensorController.o
 .debug_aranges
                0x00000058       0x28 controller/sevenSegmentDisplayController.o
 .debug_aranges
                0x00000080       0x28 controller/temperatureSensorController.o
 .debug_aranges
                0x000000a8       0x48 model/senser/carbonDioxideSensor.o
 .debug_aranges
                0x000000f0       0x48 model/senser/humiditySensor.o
 .debug_aranges
                0x00000138       0x48 model/senser/temperatureSensor.o
 .debug_aranges
                0x00000180       0x40 model/sensorModelManager.o
 .debug_aranges
                0x000001c0       0x78 model/time/myTime.o
 .debug_aranges
                0x00000238       0x50 FreeRTOS/src/heap_4.o
 .debug_aranges
                0x00000288       0x40 FreeRTOS/src/list.o
 .debug_aranges
                0x000002c8       0x50 FreeRTOS/src/port.o
 .debug_aranges
                0x00000318       0xd8 FreeRTOS/src/queue.o
 .debug_aranges
                0x000003f0      0x198 FreeRTOS/src/tasks.o
 .debug_aranges
                0x00000588       0x98 FreeRTOS/src/timers.o
 .debug_aranges
                0x00000620       0x40 FreeRTOS/src/variantHooks.o
 .debug_aranges
                0x00000660       0x28 main.o
 .debug_aranges
                0x00000688       0x58 ../drivers\libIotLibrary.a(display_7seg.o)
 .debug_aranges
                0x000006e0       0x68 ../drivers\libIotLibrary.a(hih8120.o)
 .debug_aranges
                0x00000748       0x58 ../drivers\libIotLibrary.a(mh_z19.o)
 .debug_aranges
                0x000007a0       0x90 ../drivers\libIotLibrary.a(serial.o)
 .debug_aranges
                0x00000830       0x38 ../drivers\libIotLibrary.a(stdio_driver.o)
 .debug_aranges
                0x00000868       0x40 ../drivers\libIotLibrary.a(spi_iha.o)
 .debug_aranges
                0x000008a8       0x50 ../drivers\libIotLibrary.a(twi.o)
 .debug_aranges
                0x000008f8       0x20 ../drivers\libIotLibrary.a(fifo.o)

.debug_pubnames
 *(.debug_pubnames)

.debug_info     0x00000000     0xbbfd
 *(.debug_info .gnu.linkonce.wi.*)
 .debug_info    0x00000000      0xbbc C:/Program Files (x86)/Atmel/Studio/7.0/Packs/atmel/ATmega_DFP/1.3.300/gcc/dev/atmega2560/avr6/crtatmega2560.o
 .debug_info    0x00000bbc      0x365 controller/CO2SensorController.o
 .debug_info    0x00000f21      0x323 controller/HumSensorController.o
 .debug_info    0x00001244      0x3f0 controller/sevenSegmentDisplayController.o
 .debug_info    0x00001634      0x323 controller/temperatureSensorController.o
 .debug_info    0x00001957      0x4e8 model/senser/carbonDioxideSensor.o
 .debug_info    0x00001e3f      0x4e8 model/senser/humiditySensor.o
 .debug_info    0x00002327      0x4e8 model/senser/temperatureSensor.o
 .debug_info    0x0000280f      0x334 model/sensorModelManager.o
 .debug_info    0x00002b43      0x488 model/time/myTime.o
 .debug_info    0x00002fcb      0x50c FreeRTOS/src/heap_4.o
 .debug_info    0x000034d7      0x2e7 FreeRTOS/src/list.o
 .debug_info    0x000037be      0x2f6 FreeRTOS/src/port.o
 .debug_info    0x00003ab4     0x17d4 FreeRTOS/src/queue.o
 .debug_info    0x00005288     0x226e FreeRTOS/src/tasks.o
 .debug_info    0x000074f6     0x10e6 FreeRTOS/src/timers.o
 .debug_info    0x000085dc      0x20f FreeRTOS/src/variantHooks.o
 .debug_info    0x000087eb      0x1bd main.o
 .debug_info    0x000089a8      0x5b8 ../drivers\libIotLibrary.a(display_7seg.o)
 .debug_info    0x00008f60      0x3a9 ../drivers\libIotLibrary.a(hih8120.o)
 .debug_info    0x00009309      0x556 ../drivers\libIotLibrary.a(mh_z19.o)
 .debug_info    0x0000985f      0xddb ../drivers\libIotLibrary.a(serial.o)
 .debug_info    0x0000a63a      0x3b6 ../drivers\libIotLibrary.a(stdio_driver.o)
 .debug_info    0x0000a9f0      0xaed ../drivers\libIotLibrary.a(spi_iha.o)
 .debug_info    0x0000b4dd      0x55d ../drivers\libIotLibrary.a(twi.o)
 .debug_info    0x0000ba3a      0x1c3 ../drivers\libIotLibrary.a(fifo.o)

.debug_abbrev   0x00000000     0x3672
 *(.debug_abbrev)
 .debug_abbrev  0x00000000      0xb1a C:/Program Files (x86)/Atmel/Studio/7.0/Packs/atmel/ATmega_DFP/1.3.300/gcc/dev/atmega2560/avr6/crtatmega2560.o
 .debug_abbrev  0x00000b1a      0x188 controller/CO2SensorController.o
 .debug_abbrev  0x00000ca2      0x15f controller/HumSensorController.o
 .debug_abbrev  0x00000e01      0x129 controller/sevenSegmentDisplayController.o
 .debug_abbrev  0x00000f2a      0x15f controller/temperatureSensorController.o
 .debug_abbrev  0x00001089      0x110 model/senser/carbonDioxideSensor.o
 .debug_abbrev  0x00001199      0x110 model/senser/humiditySensor.o
 .debug_abbrev  0x000012a9      0x110 model/senser/temperatureSensor.o
 .debug_abbrev  0x000013b9      0x120 model/sensorModelManager.o
 .debug_abbrev  0x000014d9      0x19e model/time/myTime.o
 .debug_abbrev  0x00001677      0x212 FreeRTOS/src/heap_4.o
 .debug_abbrev  0x00001889       0xff FreeRTOS/src/list.o
 .debug_abbrev  0x00001988      0x170 FreeRTOS/src/port.o
 .debug_abbrev  0x00001af8      0x29e FreeRTOS/src/queue.o
 .debug_abbrev  0x00001d96      0x348 FreeRTOS/src/tasks.o
 .debug_abbrev  0x000020de      0x2f5 FreeRTOS/src/timers.o
 .debug_abbrev  0x000023d3       0xff FreeRTOS/src/variantHooks.o
 .debug_abbrev  0x000024d2       0xfc main.o
 .debug_abbrev  0x000025ce      0x21f ../drivers\libIotLibrary.a(display_7seg.o)
 .debug_abbrev  0x000027ed      0x184 ../drivers\libIotLibrary.a(hih8120.o)
 .debug_abbrev  0x00002971      0x238 ../drivers\libIotLibrary.a(mh_z19.o)
 .debug_abbrev  0x00002ba9      0x34a ../drivers\libIotLibrary.a(serial.o)
 .debug_abbrev  0x00002ef3      0x1b3 ../drivers\libIotLibrary.a(stdio_driver.o)
 .debug_abbrev  0x000030a6      0x2cd ../drivers\libIotLibrary.a(spi_iha.o)
 .debug_abbrev  0x00003373      0x217 ../drivers\libIotLibrary.a(twi.o)
 .debug_abbrev  0x0000358a       0xe8 ../drivers\libIotLibrary.a(fifo.o)

.debug_line     0x00000000     0x613c
 *(.debug_line .debug_line.* .debug_line_end)
 .debug_line    0x00000000      0x1f9 C:/Program Files (x86)/Atmel/Studio/7.0/Packs/atmel/ATmega_DFP/1.3.300/gcc/dev/atmega2560/avr6/crtatmega2560.o
 .debug_line    0x000001f9      0x1fc controller/CO2SensorController.o
 .debug_line    0x000003f5      0x206 controller/HumSensorController.o
 .debug_line    0x000005fb      0x2f3 controller/sevenSegmentDisplayController.o
 .debug_line    0x000008ee      0x211 controller/temperatureSensorController.o
 .debug_line    0x00000aff      0x232 model/senser/carbonDioxideSensor.o
 .debug_line    0x00000d31      0x228 model/senser/humiditySensor.o
 .debug_line    0x00000f59      0x22e model/senser/temperatureSensor.o
 .debug_line    0x00001187      0x1ea model/sensorModelManager.o
 .debug_line    0x00001371      0x2ff model/time/myTime.o
 .debug_line    0x00001670      0x3de FreeRTOS/src/heap_4.o
 .debug_line    0x00001a4e      0x1db FreeRTOS/src/list.o
 .debug_line    0x00001c29      0x275 FreeRTOS/src/port.o
 .debug_line    0x00001e9e      0xb80 FreeRTOS/src/queue.o
 .debug_line    0x00002a1e     0x147c FreeRTOS/src/tasks.o
 .debug_line    0x00003e9a      0x55e FreeRTOS/src/timers.o
 .debug_line    0x000043f8      0x1af FreeRTOS/src/variantHooks.o
 .debug_line    0x000045a7      0x16c main.o
 .debug_line    0x00004713      0x3e0 ../drivers\libIotLibrary.a(display_7seg.o)
 .debug_line    0x00004af3      0x24a ../drivers\libIotLibrary.a(hih8120.o)
 .debug_line    0x00004d3d      0x2fc ../drivers\libIotLibrary.a(mh_z19.o)
 .debug_line    0x00005039      0x6a0 ../drivers\libIotLibrary.a(serial.o)
 .debug_line    0x000056d9      0x146 ../drivers\libIotLibrary.a(stdio_driver.o)
 .debug_line    0x0000581f      0x4e6 ../drivers\libIotLibrary.a(spi_iha.o)
 .debug_line    0x00005d05      0x31c ../drivers\libIotLibrary.a(twi.o)
 .debug_line    0x00006021      0x11b ../drivers\libIotLibrary.a(fifo.o)

.debug_frame    0x00000000     0x1f9c
 *(.debug_frame)
 .debug_frame   0x00000000       0x74 controller/CO2SensorController.o
 .debug_frame   0x00000074       0x6c controller/HumSensorController.o
 .debug_frame   0x000000e0       0x44 controller/sevenSegmentDisplayController.o
 .debug_frame   0x00000124       0x6c controller/temperatureSensorController.o
 .debug_frame   0x00000190      0x144 model/senser/carbonDioxideSensor.o
 .debug_frame   0x000002d4      0x144 model/senser/humiditySensor.o
 .debug_frame   0x00000418      0x144 model/senser/temperatureSensor.o
 .debug_frame   0x0000055c       0x78 model/sensorModelManager.o
 .debug_frame   0x000005d4      0x12c model/time/myTime.o
 .debug_frame   0x00000700       0xec FreeRTOS/src/heap_4.o
 .debug_frame   0x000007ec       0x90 FreeRTOS/src/list.o
 .debug_frame   0x0000087c       0x84 FreeRTOS/src/port.o
 .debug_frame   0x00000900      0x388 FreeRTOS/src/queue.o
 .debug_frame   0x00000c88      0x69c FreeRTOS/src/tasks.o
 .debug_frame   0x00001324      0x238 FreeRTOS/src/timers.o
 .debug_frame   0x0000155c       0x64 FreeRTOS/src/variantHooks.o
 .debug_frame   0x000015c0       0x34 main.o
 .debug_frame   0x000015f4      0x14c ../drivers\libIotLibrary.a(display_7seg.o)
 .debug_frame   0x00001740       0xc0 ../drivers\libIotLibrary.a(hih8120.o)
 .debug_frame   0x00001800      0x100 ../drivers\libIotLibrary.a(mh_z19.o)
 .debug_frame   0x00001900      0x384 ../drivers\libIotLibrary.a(serial.o)
 .debug_frame   0x00001c84       0x94 ../drivers\libIotLibrary.a(stdio_driver.o)
 .debug_frame   0x00001d18      0x134 ../drivers\libIotLibrary.a(spi_iha.o)
 .debug_frame   0x00001e4c      0x12c ../drivers\libIotLibrary.a(twi.o)
 .debug_frame   0x00001f78       0x24 ../drivers\libIotLibrary.a(fifo.o)

.debug_str      0x00000000     0x3943
 *(.debug_str)
 .debug_str     0x00000000      0x3e6 C:/Program Files (x86)/Atmel/Studio/7.0/Packs/atmel/ATmega_DFP/1.3.300/gcc/dev/atmega2560/avr6/crtatmega2560.o
 .debug_str     0x000003e6      0x311 controller/CO2SensorController.o
                                0x363 (size before relaxing)
 .debug_str     0x000006f7      0x19a controller/HumSensorController.o
                                0x362 (size before relaxing)
 .debug_str     0x00000891      0x1e1 controller/sevenSegmentDisplayController.o
                                0x402 (size before relaxing)
 .debug_str     0x00000a72       0xfc controller/temperatureSensorController.o
                                0x392 (size before relaxing)
 .debug_str     0x00000b6e      0x143 model/senser/carbonDioxideSensor.o
                                0x38e (size before relaxing)
 .debug_str     0x00000cb1       0x6a model/senser/humiditySensor.o
                                0x35c (size before relaxing)
 .debug_str     0x00000d1b       0x76 model/senser/temperatureSensor.o
                                0x37a (size before relaxing)
 .debug_str     0x00000d91       0x71 model/sensorModelManager.o
                                0x3e4 (size before relaxing)
 .debug_str     0x00000e02       0xa0 model/time/myTime.o
                                0x2bc (size before relaxing)
 .debug_str     0x00000ea2      0x304 FreeRTOS/src/heap_4.o
                                0x46f (size before relaxing)
 .debug_str     0x000011a6      0x129 FreeRTOS/src/list.o
                                0x2ab (size before relaxing)
 .debug_str     0x000012cf      0x152 FreeRTOS/src/port.o
                                0x2e0 (size before relaxing)
 .debug_str     0x00001421      0x61f FreeRTOS/src/queue.o
                                0x91f (size before relaxing)
 .debug_str     0x00001a40      0x9d0 FreeRTOS/src/tasks.o
                                0xf40 (size before relaxing)
 .debug_str     0x00002410      0x414 FreeRTOS/src/timers.o
                                0x816 (size before relaxing)
 .debug_str     0x00002824       0x81 FreeRTOS/src/variantHooks.o
                                0x257 (size before relaxing)
 .debug_str     0x000028a5       0x84 main.o
                                0x267 (size before relaxing)
 .debug_str     0x00002929      0x2f7 ../drivers\libIotLibrary.a(display_7seg.o)
                                0x493 (size before relaxing)
 .debug_str     0x00002c20      0x1f9 ../drivers\libIotLibrary.a(hih8120.o)
                                0x45c (size before relaxing)
 .debug_str     0x00002e19      0x225 ../drivers\libIotLibrary.a(mh_z19.o)
                                0x489 (size before relaxing)
 .debug_str     0x0000303e      0x332 ../drivers\libIotLibrary.a(serial.o)
                                0x62f (size before relaxing)
 .debug_str     0x00003370       0xa6 ../drivers\libIotLibrary.a(stdio_driver.o)
                                0x37d (size before relaxing)
 .debug_str     0x00003416      0x21b ../drivers\libIotLibrary.a(spi_iha.o)
                                0x623 (size before relaxing)
 .debug_str     0x00003631      0x2f0 ../drivers\libIotLibrary.a(twi.o)
                                0x5b4 (size before relaxing)
 .debug_str     0x00003921       0x22 ../drivers\libIotLibrary.a(fifo.o)
                                0x239 (size before relaxing)

.debug_loc      0x00000000     0xa218
 *(.debug_loc)
 .debug_loc     0x00000000      0x155 controller/CO2SensorController.o
 .debug_loc     0x00000155      0x182 controller/HumSensorController.o
 .debug_loc     0x000002d7      0x11f controller/sevenSegmentDisplayController.o
 .debug_loc     0x000003f6      0x182 controller/temperatureSensorController.o
 .debug_loc     0x00000578      0x528 model/senser/carbonDioxideSensor.o
 .debug_loc     0x00000aa0      0x528 model/senser/humiditySensor.o
 .debug_loc     0x00000fc8      0x528 model/senser/temperatureSensor.o
 .debug_loc     0x000014f0       0x8d model/sensorModelManager.o
 .debug_loc     0x0000157d      0x384 model/time/myTime.o
 .debug_loc     0x00001901      0x4e4 FreeRTOS/src/heap_4.o
 .debug_loc     0x00001de5      0x17d FreeRTOS/src/list.o
 .debug_loc     0x00001f62       0xf6 FreeRTOS/src/port.o
 .debug_loc     0x00002058     0x1aee FreeRTOS/src/queue.o
 .debug_loc     0x00003b46     0x2a03 FreeRTOS/src/tasks.o
 .debug_loc     0x00006549      0xcf7 FreeRTOS/src/timers.o
 .debug_loc     0x00007240       0xdc FreeRTOS/src/variantHooks.o
 .debug_loc     0x0000731c      0x76a ../drivers\libIotLibrary.a(display_7seg.o)
 .debug_loc     0x00007a86       0x9f ../drivers\libIotLibrary.a(hih8120.o)
 .debug_loc     0x00007b25      0x37c ../drivers\libIotLibrary.a(mh_z19.o)
 .debug_loc     0x00007ea1     0x114c ../drivers\libIotLibrary.a(serial.o)
 .debug_loc     0x00008fed      0x18c ../drivers\libIotLibrary.a(stdio_driver.o)
 .debug_loc     0x00009179      0x9cc ../drivers\libIotLibrary.a(spi_iha.o)
 .debug_loc     0x00009b45      0x575 ../drivers\libIotLibrary.a(twi.o)
 .debug_loc     0x0000a0ba      0x15e ../drivers\libIotLibrary.a(fifo.o)

.debug_macinfo
 *(.debug_macinfo)

.debug_weaknames
 *(.debug_weaknames)

.debug_funcnames
 *(.debug_funcnames)

.debug_typenames
 *(.debug_typenames)

.debug_varnames
 *(.debug_varnames)

.debug_pubtypes
 *(.debug_pubtypes)

.debug_ranges   0x00000000      0x990
 *(.debug_ranges)
 .debug_ranges  0x00000000       0x20 controller/CO2SensorController.o
 .debug_ranges  0x00000020       0x18 controller/HumSensorController.o
 .debug_ranges  0x00000038       0x18 controller/sevenSegmentDisplayController.o
 .debug_ranges  0x00000050       0x18 controller/temperatureSensorController.o
 .debug_ranges  0x00000068       0x38 model/senser/carbonDioxideSensor.o
 .debug_ranges  0x000000a0       0x38 model/senser/humiditySensor.o
 .debug_ranges  0x000000d8       0x38 model/senser/temperatureSensor.o
 .debug_ranges  0x00000110       0x30 model/sensorModelManager.o
 .debug_ranges  0x00000140       0x68 model/time/myTime.o
 .debug_ranges  0x000001a8       0x40 FreeRTOS/src/heap_4.o
 .debug_ranges  0x000001e8       0x30 FreeRTOS/src/list.o
 .debug_ranges  0x00000218       0x40 FreeRTOS/src/port.o
 .debug_ranges  0x00000258      0x158 FreeRTOS/src/queue.o
 .debug_ranges  0x000003b0      0x238 FreeRTOS/src/tasks.o
 .debug_ranges  0x000005e8       0xe0 FreeRTOS/src/timers.o
 .debug_ranges  0x000006c8       0x30 FreeRTOS/src/variantHooks.o
 .debug_ranges  0x000006f8       0x18 main.o
 .debug_ranges  0x00000710       0x48 ../drivers\libIotLibrary.a(display_7seg.o)
 .debug_ranges  0x00000758       0x58 ../drivers\libIotLibrary.a(hih8120.o)
 .debug_ranges  0x000007b0       0x48 ../drivers\libIotLibrary.a(mh_z19.o)
 .debug_ranges  0x000007f8       0x98 ../drivers\libIotLibrary.a(serial.o)
 .debug_ranges  0x00000890       0x28 ../drivers\libIotLibrary.a(stdio_driver.o)
 .debug_ranges  0x000008b8       0x88 ../drivers\libIotLibrary.a(spi_iha.o)
 .debug_ranges  0x00000940       0x40 ../drivers\libIotLibrary.a(twi.o)
 .debug_ranges  0x00000980       0x10 ../drivers\libIotLibrary.a(fifo.o)

.debug_macro
 *(.debug_macro)
OUTPUT(gh-iot.elf elf32-avr)
LOAD linker stubs
