Archive member included to satisfy reference by file (symbol)

d:/program files (x86)/atmel/studio/7.0/toolchain/avr8/avr8-gnu-toolchain/bin/../lib/gcc/avr/5.4.0/../../../../avr/lib/avr6\libm.a(fixsfsi.o)
                              controller/temperatureSensorController.o (__fixsfsi)
d:/program files (x86)/atmel/studio/7.0/toolchain/avr8/avr8-gnu-toolchain/bin/../lib/gcc/avr/5.4.0/../../../../avr/lib/avr6\libm.a(fixunssfsi.o)
                              controller/temperatureSensorController.o (__fixunssfsi)
d:/program files (x86)/atmel/studio/7.0/toolchain/avr8/avr8-gnu-toolchain/bin/../lib/gcc/avr/5.4.0/../../../../avr/lib/avr6\libm.a(fp_split3.o)
                              d:/program files (x86)/atmel/studio/7.0/toolchain/avr8/avr8-gnu-toolchain/bin/../lib/gcc/avr/5.4.0/../../../../avr/lib/avr6\libm.a(fixunssfsi.o) (__fp_splitA)
d:/program files (x86)/atmel/studio/7.0/toolchain/avr8/avr8-gnu-toolchain/bin/../lib/gcc/avr/5.4.0/../../../../avr/lib/avr6\libm.a(fp_zero.o)
                              d:/program files (x86)/atmel/studio/7.0/toolchain/avr8/avr8-gnu-toolchain/bin/../lib/gcc/avr/5.4.0/../../../../avr/lib/avr6\libm.a(fixunssfsi.o) (__fp_zero)
d:/program files (x86)/atmel/studio/7.0/toolchain/avr8/avr8-gnu-toolchain/bin/../lib/gcc/avr/5.4.0/../../../../avr/lib/avr6\libm.a(mulsf3.o)
                              controller/temperatureSensorController.o (__mulsf3)
d:/program files (x86)/atmel/studio/7.0/toolchain/avr8/avr8-gnu-toolchain/bin/../lib/gcc/avr/5.4.0/../../../../avr/lib/avr6\libm.a(mulsf3x.o)
                              d:/program files (x86)/atmel/studio/7.0/toolchain/avr8/avr8-gnu-toolchain/bin/../lib/gcc/avr/5.4.0/../../../../avr/lib/avr6\libm.a(mulsf3.o) (__mulsf3x)
d:/program files (x86)/atmel/studio/7.0/toolchain/avr8/avr8-gnu-toolchain/bin/../lib/gcc/avr/5.4.0/../../../../avr/lib/avr6\libm.a(fp_inf.o)
                              d:/program files (x86)/atmel/studio/7.0/toolchain/avr8/avr8-gnu-toolchain/bin/../lib/gcc/avr/5.4.0/../../../../avr/lib/avr6\libm.a(mulsf3x.o) (__fp_inf)
d:/program files (x86)/atmel/studio/7.0/toolchain/avr8/avr8-gnu-toolchain/bin/../lib/gcc/avr/5.4.0/../../../../avr/lib/avr6\libm.a(fp_nan.o)
                              d:/program files (x86)/atmel/studio/7.0/toolchain/avr8/avr8-gnu-toolchain/bin/../lib/gcc/avr/5.4.0/../../../../avr/lib/avr6\libm.a(mulsf3x.o) (__fp_nan)
d:/program files (x86)/atmel/studio/7.0/toolchain/avr8/avr8-gnu-toolchain/bin/../lib/gcc/avr/5.4.0/../../../../avr/lib/avr6\libm.a(fp_pscA.o)
                              d:/program files (x86)/atmel/studio/7.0/toolchain/avr8/avr8-gnu-toolchain/bin/../lib/gcc/avr/5.4.0/../../../../avr/lib/avr6\libm.a(mulsf3x.o) (__fp_pscA)
d:/program files (x86)/atmel/studio/7.0/toolchain/avr8/avr8-gnu-toolchain/bin/../lib/gcc/avr/5.4.0/../../../../avr/lib/avr6\libm.a(fp_pscB.o)
                              d:/program files (x86)/atmel/studio/7.0/toolchain/avr8/avr8-gnu-toolchain/bin/../lib/gcc/avr/5.4.0/../../../../avr/lib/avr6\libm.a(mulsf3x.o) (__fp_pscB)
d:/program files (x86)/atmel/studio/7.0/toolchain/avr8/avr8-gnu-toolchain/bin/../lib/gcc/avr/5.4.0/../../../../avr/lib/avr6\libm.a(fp_round.o)
                              d:/program files (x86)/atmel/studio/7.0/toolchain/avr8/avr8-gnu-toolchain/bin/../lib/gcc/avr/5.4.0/../../../../avr/lib/avr6\libm.a(mulsf3.o) (__fp_round)
../drivers\libIotLibrary.a(hih8120.o)
                              controller/temperatureSensorController.o (hih8120_initialise)
../drivers\libIotLibrary.a(lora_driver.o)
                              LoRaWANHandler.o (lora_driver_flushBuffers)
../drivers\libIotLibrary.a(lora_driver_utils.o)
                              ../drivers\libIotLibrary.a(lora_driver.o) (decode_port_no)
../drivers\libIotLibrary.a(serial.o)
                              ../drivers\libIotLibrary.a(lora_driver.o) (serial_create)
../drivers\libIotLibrary.a(stdio_driver.o)
                              main.o (stdio_initialise)
../drivers\libIotLibrary.a(status_leds.o)
                              LoRaWANHandler.o (status_leds_slowBlink)
../drivers\libIotLibrary.a(twi.o)
                              ../drivers\libIotLibrary.a(hih8120.o) (twiCreate)
../drivers\libIotLibrary.a(fifo.o)
                              ../drivers\libIotLibrary.a(serial.o) (fifo_init)
d:/program files (x86)/atmel/studio/7.0/toolchain/avr8/avr8-gnu-toolchain/bin/../lib/gcc/avr/5.4.0/../../../../avr/lib/avr6\libm.a(addsf3.o)
                              ../drivers\libIotLibrary.a(hih8120.o) (__subsf3)
d:/program files (x86)/atmel/studio/7.0/toolchain/avr8/avr8-gnu-toolchain/bin/../lib/gcc/avr/5.4.0/../../../../avr/lib/avr6\libm.a(addsf3x.o)
                              d:/program files (x86)/atmel/studio/7.0/toolchain/avr8/avr8-gnu-toolchain/bin/../lib/gcc/avr/5.4.0/../../../../avr/lib/avr6\libm.a(addsf3.o) (__addsf3x)
d:/program files (x86)/atmel/studio/7.0/toolchain/avr8/avr8-gnu-toolchain/bin/../lib/gcc/avr/5.4.0/../../../../avr/lib/avr6\libm.a(divsf3.o)
[...]
Memory Configuration

Name             Origin             Length             Attributes
text             0x00000000         0x00100000         xr
data             0x00800200         0x0000fe00         rw !x
eeprom           0x00810000         0x00010000         rw !x
fuse             0x00820000         0x00000003         rw !x
lock             0x00830000         0x00000400         rw !x
signature        0x00840000         0x00000400         rw !x
user_signatures  0x00850000         0x00000400         rw !x
*default*        0x00000000         0xffffffff

Linker script and memory map

Address of section .data set to 0x800200
LOAD D:/Program Files (x86)/Atmel/Studio/7.0/Packs/atmel/ATmega_DFP/1.3.300/gcc/dev/atmega2560/avr6/crtatmega2560.o
LOAD controller/temperatureSensorController.o
LOAD model/senser/temperatureSensor.o
LOAD model/sensorModelManager.o
LOAD FreeRTOS/FreeRTOSTraceDriver/FreeRTOSTraceDriver.o
LOAD FreeRTOS/src/croutine.o
LOAD FreeRTOS/src/event_groups.o
LOAD FreeRTOS/src/heap_4.o
LOAD FreeRTOS/src/list.o
LOAD FreeRTOS/src/port.o
LOAD FreeRTOS/src/queue.o
LOAD FreeRTOS/src/stream_buffer.o
LOAD FreeRTOS/src/tasks.o
LOAD FreeRTOS/src/timers.o
LOAD FreeRTOS/src/variantHooks.o
LOAD LoRaWANHandler.o
LOAD main.o
START GROUP
LOAD d:/program files (x86)/atmel/studio/7.0/toolchain/avr8/avr8-gnu-toolchain/bin/../lib/gcc/avr/5.4.0/../../../../avr/lib/avr6\libm.a
LOAD ../drivers\libIotLibrary.a
END GROUP
START GROUP
LOAD d:/program files (x86)/atmel/studio/7.0/toolchain/avr8/avr8-gnu-toolchain/bin/../lib/gcc/avr/5.4.0/avr6\libgcc.a
LOAD d:/program files (x86)/atmel/studio/7.0/toolchain/avr8/avr8-gnu-toolchain/bin/../lib/gcc/avr/5.4.0/../../../../avr/lib/avr6\libm.a
LOAD d:/program files (x86)/atmel/studio/7.0/toolchain/avr8/avr8-gnu-toolchain/bin/../lib/gcc/avr/5.4.0/../../../../avr/lib/avr6\libc.a
LOAD D:/Program Files (x86)/Atmel/Studio/7.0/Packs/atmel/ATmega_DFP/1.3.300/gcc/dev/atmega2560/avr6\libatmega2560.a
END GROUP
                0x00000000                __TEXT_REGION_ORIGIN__ = DEFINED (__TEXT_REGION_ORIGIN__)?__TEXT_REGION_ORIGIN__:0x0
                0x00800200                __DATA_REGION_ORIGIN__ = DEFINED (__DATA_REGION_ORIGIN__)?__DATA_REGION_ORIGIN__:0x800200
                0x00100000                __TEXT_REGION_LENGTH__ = DEFINED (__TEXT_REGION_LENGTH__)?__TEXT_REGION_LENGTH__:0x100000
                0x0000fe00                __DATA_REGION_LENGTH__ = DEFINED (__DATA_REGION_LENGTH__)?__DATA_REGION_LENGTH__:0xfe00
                0x00010000                __EEPROM_REGION_LENGTH__ = DEFINED (__EEPROM_REGION_LENGTH__)?__EEPROM_REGION_LENGTH__:0x10000
                [0x00000003]                __FUSE_REGION_LENGTH__ = DEFINED (__FUSE_REGION_LENGTH__)?__FUSE_REGION_LENGTH__:0x400
                0x00000400                __LOCK_REGION_LENGTH__ = DEFINED (__LOCK_REGION_LENGTH__)?__LOCK_REGION_LENGTH__:0x400
                0x00000400                __SIGNATURE_REGION_LENGTH__ = DEFINED (__SIGNATURE_REGION_LENGTH__)?__SIGNATURE_REGION_LENGTH__:0x400
                0x00000400                __USER_SIGNATURE_REGION_LENGTH__ = DEFINED (__USER_SIGNATURE_REGION_LENGTH__)?__USER_SIGNATURE_REGION_LENGTH__:0x400

.hash
 *(.hash)

.dynsym
 *(.dynsym)

.dynstr
 *(.dynstr)

.gnu.version
 *(.gnu.version)

.gnu.version_d
 *(.gnu.version_d)

.gnu.version_r
 *(.gnu.version_r)

.rel.init
 *(.rel.init)

.rela.init
 *(.rela.init)

.rel.text
 *(.rel.text)
 *(.rel.text.*)
 *(.rel.gnu.linkonce.t*)

.rela.text
 *(.rela.text)
 *(.rela.text.*)
 *(.rela.gnu.linkonce.t*)

.rel.fini
 *(.rel.fini)

.rela.fini
 *(.rela.fini)

.rel.rodata
 *(.rel.rodata)
 *(.rel.rodata.*)
 *(.rel.gnu.linkonce.r*)

.rela.rodata
 *(.rela.rodata)
 *(.rela.rodata.*)
 *(.rela.gnu.linkonce.r*)

.rel.data
 *(.rel.data)
 *(.rel.data.*)
 *(.rel.gnu.linkonce.d*)

.rela.data
 *(.rela.data)
 *(.rela.data.*)
 *(.rela.gnu.linkonce.d*)

.rel.ctors
 *(.rel.ctors)

.rela.ctors
 *(.rela.ctors)

.rel.dtors
 *(.rel.dtors)

.rela.dtors
 *(.rela.dtors)

.rel.got
 *(.rel.got)

.rela.got
 *(.rela.got)

.rel.bss
 *(.rel.bss)

.rela.bss
 *(.rela.bss)

.rel.plt
 *(.rel.plt)

.rela.plt
 *(.rela.plt)

.text           0x00000000     0x39f0
 *(.vectors)
 .vectors       0x00000000       0xe4 D:/Program Files (x86)/Atmel/Studio/7.0/Packs/atmel/ATmega_DFP/1.3.300/gcc/dev/atmega2560/avr6/crtatmega2560.o
                0x00000000                __vector_default
                0x00000000                __vectors
 *(.vectors)
 *(.progmem.gcc*)
 .progmem.gcc_sw_table
                0x000000e4       0x14 FreeRTOS/src/timers.o
 .progmem.gcc_sw_table.__vector_39
                0x000000f8       0xa2 ../drivers\libIotLibrary.a(twi.o)
                0x0000019a                . = ALIGN (0x2)
                0x0000019a                __trampolines_start = .
 *(.trampolines)
 .trampolines   0x0000019a        0x0 linker stubs
 *(.trampolines*)
                0x0000019a                __trampolines_end = .
 *libprintf_flt.a:*(.progmem.data)
 *libc.a:*(.progmem.data)
 *(.progmem*)
                0x0000019a                . = ALIGN (0x2)
 *(.jumptables)
 *(.jumptables*)
 *(.lowtext)
 .lowtext       0x0000019a       0x6c FreeRTOS/src/tasks.o
 .lowtext       0x00000206      0x288 FreeRTOS/src/timers.o
 *(.lowtext*)
                0x0000048e                __ctors_start = .
 *(.ctors)
                0x0000048e                __ctors_end = .
                0x0000048e                __dtors_start = .
 *(.dtors)
                0x0000048e                __dtors_end = .
 SORT(*)(.ctors)
 SORT(*)(.dtors)
 *(.init0)
 .init0         0x0000048e        0x0 D:/Program Files (x86)/Atmel/Studio/7.0/Packs/atmel/ATmega_DFP/1.3.300/gcc/dev/atmega2560/avr6/crtatmega2560.o
                0x0000048e                __init
 *(.init0)
 *(.init1)
 *(.init1)
 *(.init2)
 .init2         0x0000048e       0x10 D:/Program Files (x86)/Atmel/Studio/7.0/Packs/atmel/ATmega_DFP/1.3.300/gcc/dev/atmega2560/avr6/crtatmega2560.o
 *(.init2)
 *(.init3)
 *(.init3)
 *(.init4)
 .init4         0x0000049e       0x1a d:/program files (x86)/atmel/studio/7.0/toolchain/avr8/avr8-gnu-toolchain/bin/../lib/gcc/avr/5.4.0/avr6\libgcc.a(_copy_data.o)
                0x0000049e                __do_copy_data
 .init4         0x000004b8       0x10 d:/program files (x86)/atmel/studio/7.0/toolchain/avr8/avr8-gnu-toolchain/bin/../lib/gcc/avr/5.4.0/avr6\libgcc.a(_clear_bss.o)
                0x000004b8                __do_clear_bss
 *(.init4)
 *(.init5)
 *(.init5)
 *(.init6)
 *(.init6)
 *(.init7)
 *(.init7)
 *(.init8)
 *(.init8)
 *(.init9)
 .init9         0x000004c8        0x8 D:/Program Files (x86)/Atmel/Studio/7.0/Packs/atmel/ATmega_DFP/1.3.300/gcc/dev/atmega2560/avr6/crtatmega2560.o
 *(.init9)
 *(.text)
 .text          0x000004d0        0x2 D:/Program Files (x86)/Atmel/Studio/7.0/Packs/atmel/ATmega_DFP/1.3.300/gcc/dev/atmega2560/avr6/crtatmega2560.o
                0x000004d0                __vector_38
                0x000004d0                __vector_22
                0x000004d0                __vector_28
                0x000004d0                __vector_1
                0x000004d0                __vector_32
                0x000004d0                __vector_34
                0x000004d0                __vector_24
                0x000004d0                __vector_46
                0x000004d0                __bad_interrupt
                0x000004d0                __vector_6
                0x000004d0                __vector_31
                0x000004d0                __vector_35
                0x000004d0                __vector_3
                0x000004d0                __vector_23
                0x000004d0                __vector_30
                0x000004d0                __vector_45
                0x000004d0                __vector_11
                0x000004d0                __vector_13
                0x000004d0                __vector_17
                0x000004d0                __vector_19
                0x000004d0                __vector_56
                0x000004d0                __vector_7
                0x000004d0                __vector_49
                0x000004d0                __vector_41
                0x000004d0                __vector_43
                0x000004d0                __vector_27
                0x000004d0                __vector_5
                0x000004d0                __vector_33
                0x000004d0                __vector_47
                0x000004d0                __vector_4
                0x000004d0                __vector_44
                0x000004d0                __vector_9
                0x000004d0                __vector_2
                0x000004d0                __vector_21
                0x000004d0                __vector_15
                0x000004d0                __vector_29
                0x000004d0                __vector_40
                0x000004d0                __vector_8
                0x000004d0                __vector_48
                0x000004d0                __vector_14
                0x000004d0                __vector_53
                0x000004d0                __vector_10
                0x000004d0                __vector_50
                0x000004d0                __vector_16
                0x000004d0                __vector_18
                0x000004d0                __vector_20
                0x000004d0                __vector_42
                0x000004d2                . = ALIGN (0x2)
 *(.text.*)
 .text.task     0x000004d2       0xbe controller/temperatureSensorController.o
                0x000004d2                task
 .text.temperatureSensorController_create
                0x00000590       0x4a controller/temperatureSensorController.o
                0x00000590                temperatureSensorController_create
 .text.temperatureSensor_create
                0x000005da       0x38 model/senser/temperatureSensor.o
                0x000005da                temperatureSensor_create
 .text.temperatureSensor_setValue
                0x00000612        0xc model/senser/temperatureSensor.o
                0x00000612                temperatureSensor_setValue
 .text.temperatureSensor_getReportInterval
                0x0000061e        0xc model/senser/temperatureSensor.o
                0x0000061e                temperatureSensor_getReportInterval
 .text.temperatureSensor_getValue
                0x0000062a        0xc model/senser/temperatureSensor.o
                0x0000062a                temperatureSensor_getValue
 .text.sensorModelManager_create
                0x00000636       0x16 model/sensorModelManager.o
                0x00000636                sensorModelManager_create
 .text.prvInsertBlockIntoFreeList
                0x0000064c       0x9a FreeRTOS/src/heap_4.o
 .text.pvPortMalloc
                0x000006e6      0x18a FreeRTOS/src/heap_4.o
                0x000006e6                pvPortMalloc
 .text.vPortFree
                0x00000870       0x70 FreeRTOS/src/heap_4.o
                0x00000870                vPortFree
 .text.vListInitialise
                0x000008e0       0x22 FreeRTOS/src/list.o
                0x000008e0                vListInitialise
 .text.vListInitialiseItem
                0x00000902        0x8 FreeRTOS/src/list.o
                0x00000902                vListInitialiseItem
 .text.vListInsert
                0x0000090a       0x7a FreeRTOS/src/list.o
                0x0000090a                vListInsert
 .text.uxListRemove
                0x00000984       0x4e FreeRTOS/src/list.o
                0x00000984                uxListRemove
 .text.pxPortInitialiseStack
                0x000009d2       0x2e FreeRTOS/src/port.o
                0x000009d2                pxPortInitialiseStack
 .text.xPortStartScheduler
                0x00000a00       0x78 FreeRTOS/src/port.o
                0x00000a00                xPortStartScheduler
 .text.vPortYield
                0x00000a78       0xc0 FreeRTOS/src/port.o
                0x00000a78                vPortYield
 .text.vPortYieldFromTick
                0x00000b38       0xc6 FreeRTOS/src/port.o
                0x00000b38                vPortYieldFromTick
 .text.__vector_12
                0x00000bfe        0x4 FreeRTOS/src/port.o
                0x00000bfe                __vector_12
 .text.prvIsQueueEmpty
                0x00000c02       0x16 FreeRTOS/src/queue.o
 .text.prvCopyDataToQueue
                0x00000c18       0xbe FreeRTOS/src/queue.o
 .text.prvCopyDataFromQueue
                0x00000cd6       0x34 FreeRTOS/src/queue.o
 .text.prvUnlockQueue
                0x00000d0a       0x96 FreeRTOS/src/queue.o
 .text.xQueueGenericReset
                0x00000da0       0x84 FreeRTOS/src/queue.o
                0x00000da0                xQueueGenericReset
 .text.xQueueGenericCreate
                0x00000e24       0x42 FreeRTOS/src/queue.o
                0x00000e24                xQueueGenericCreate
 .text.xQueueGenericSend
                0x00000e66      0x138 FreeRTOS/src/queue.o
                0x00000e66                xQueueGenericSend
 .text.xQueueGenericSendFromISR
                0x00000f9e       0x74 FreeRTOS/src/queue.o
                0x00000f9e                xQueueGenericSendFromISR
 .text.xQueueReceive
                0x00001012      0x12a FreeRTOS/src/queue.o
                0x00001012                xQueueReceive
 .text.vQueueWaitForMessageRestricted
                0x0000113c       0x36 FreeRTOS/src/queue.o
                0x0000113c                vQueueWaitForMessageRestricted
 .text.prvResetNextTaskUnblockTime
                0x00001172       0x4e FreeRTOS/src/tasks.o
 .text.prvAddCurrentTaskToDelayedList
                0x000011c0      0x13e FreeRTOS/src/tasks.o
 .text.xTaskCreate
                0x000012fe      0x25a FreeRTOS/src/tasks.o
                0x000012fe                xTaskCreate
 .text.vTaskStartScheduler
                0x00001558       0x6c FreeRTOS/src/tasks.o
                0x00001558                vTaskStartScheduler
 .text.vTaskSuspendAll
                0x000015c4        0xc FreeRTOS/src/tasks.o
                0x000015c4                vTaskSuspendAll
 .text.xTaskGetTickCount
                0x000015d0       0x1c FreeRTOS/src/tasks.o
                0x000015d0                xTaskGetTickCount
 .text.xTaskIncrementTick
                0x000015ec      0x260 FreeRTOS/src/tasks.o
                0x000015ec                xTaskIncrementTick
 .text.xTaskResumeAll
                0x0000184c      0x1ca FreeRTOS/src/tasks.o
                0x0000184c                xTaskResumeAll
 .text.vTaskDelay
                0x00001a16       0x30 FreeRTOS/src/tasks.o
                0x00001a16                vTaskDelay
 .text.vTaskSwitchContext
                0x00001a46       0xe2 FreeRTOS/src/tasks.o
                0x00001a46                vTaskSwitchContext
 .text.vTaskPlaceOnEventList
                0x00001b28       0x2e FreeRTOS/src/tasks.o
                0x00001b28                vTaskPlaceOnEventList
 .text.vTaskPlaceOnEventListRestricted
                0x00001b56       0x84 FreeRTOS/src/tasks.o
                0x00001b56                vTaskPlaceOnEventListRestricted
 .text.xTaskRemoveFromEventList
                0x00001bda      0x160 FreeRTOS/src/tasks.o
                0x00001bda                xTaskRemoveFromEventList
 .text.vTaskInternalSetTimeOutState
                0x00001d3a       0x22 FreeRTOS/src/tasks.o
                0x00001d3a                vTaskInternalSetTimeOutState
 .text.xTaskCheckForTimeOut
                0x00001d5c       0xb2 FreeRTOS/src/tasks.o
                0x00001d5c                xTaskCheckForTimeOut
 .text.vTaskMissedYield
                0x00001e0e        0x8 FreeRTOS/src/tasks.o
                0x00001e0e                vTaskMissedYield
 .text.xTaskGetSchedulerState
                0x00001e16       0x1c FreeRTOS/src/tasks.o
                0x00001e16                xTaskGetSchedulerState
 .text.xTaskPriorityDisinherit
                0x00001e32       0xb6 FreeRTOS/src/tasks.o
                0x00001e32                xTaskPriorityDisinherit
 .text.prvInsertTimerInActiveList
                0x00001ee8       0x92 FreeRTOS/src/timers.o
 .text.prvCheckForValidListAndQueue
                0x00001f7a       0x52 FreeRTOS/src/timers.o
 .text.xTimerCreateTimerTask
                0x00001fcc       0x40 FreeRTOS/src/timers.o
                0x00001fcc                xTimerCreateTimerTask
 .text.xTimerGenericCommand
                0x0000200c       0xbc FreeRTOS/src/timers.o
                0x0000200c                xTimerGenericCommand
 .text.prvSampleTimeNow
                0x000020c8      0x12c FreeRTOS/src/timers.o
 .text.vApplicationIdleHook
                0x000021f4        0x2 FreeRTOS/src/variantHooks.o
                0x000021f4                vApplicationIdleHook
 .text.prvSetMainLedOn
                0x000021f6        0x6 FreeRTOS/src/variantHooks.o
                0x000021f6                prvSetMainLedOn
 .text.prvBlinkMainLed
                0x000021fc        0x4 FreeRTOS/src/variantHooks.o
                0x000021fc                prvBlinkMainLed
 .text.vApplicationMallocFailedHook
                0x00002200       0x18 FreeRTOS/src/variantHooks.o
                0x00002200                vApplicationMallocFailedHook
 .text.vApplicationStackOverflowHook
                0x00002218       0x18 FreeRTOS/src/variantHooks.o
                0x00002218                vApplicationStackOverflowHook
 .text.initialiseSystem
                0x00002230        0xc main.o
                0x00002230                initialiseSystem
 .text.main     0x0000223c       0x10 main.o
                0x0000223c                main
 .text.avr-libc.fplib
                0x0000224c        0xa d:/program files (x86)/atmel/studio/7.0/toolchain/avr8/avr8-gnu-toolchain/bin/../lib/gcc/avr/5.4.0/../../../../avr/lib/avr6\libm.a(fixsfsi.o)
                0x0000224c                __fixsfsi
 .text.avr-libc.fplib
                0x00002256       0x58 d:/program files (x86)/atmel/studio/7.0/toolchain/avr8/avr8-gnu-toolchain/bin/../lib/gcc/avr/5.4.0/../../../../avr/lib/avr6\libm.a(fixunssfsi.o)
                0x00002256                __fixunssfsi
 .text.avr-libc.fplib
                0x000022ae       0x44 d:/program files (x86)/atmel/studio/7.0/toolchain/avr8/avr8-gnu-toolchain/bin/../lib/gcc/avr/5.4.0/../../../../avr/lib/avr6\libm.a(fp_split3.o)
                0x000022ae                __fp_split3
                0x000022be                __fp_splitA
 .text.avr-libc.fplib
                0x000022f2        0xe d:/program files (x86)/atmel/studio/7.0/toolchain/avr8/avr8-gnu-toolchain/bin/../lib/gcc/avr/5.4.0/../../../../avr/lib/avr6\libm.a(fp_zero.o)
                0x000022f2                __fp_zero
                0x000022f4                __fp_szero
 .text.avr-libc.fplib
                0x00002300        0x4 d:/program files (x86)/atmel/studio/7.0/toolchain/avr8/avr8-gnu-toolchain/bin/../lib/gcc/avr/5.4.0/../../../../avr/lib/avr6\libm.a(mulsf3.o)
                0x00002300                __mulsf3
 .text.avr-libc.fplib
                0x00002304       0xc2 d:/program files (x86)/atmel/studio/7.0/toolchain/avr8/avr8-gnu-toolchain/bin/../lib/gcc/avr/5.4.0/../../../../avr/lib/avr6\libm.a(mulsf3x.o)
                0x00002318                __mulsf3x
                0x0000231c                __mulsf3_pse
 .text.avr-libc.fplib
                0x000023c6        0xc d:/program files (x86)/atmel/studio/7.0/toolchain/avr8/avr8-gnu-toolchain/bin/../lib/gcc/avr/5.4.0/../../../../avr/lib/avr6\libm.a(fp_inf.o)
                0x000023c6                __fp_inf
 .text.avr-libc.fplib
                0x000023d2        0x6 d:/program files (x86)/atmel/studio/7.0/toolchain/avr8/avr8-gnu-toolchain/bin/../lib/gcc/avr/5.4.0/../../../../avr/lib/avr6\libm.a(fp_nan.o)
                0x000023d2                __fp_nan
 .text.avr-libc.fplib
                0x000023d8        0xe d:/program files (x86)/atmel/studio/7.0/toolchain/avr8/avr8-gnu-toolchain/bin/../lib/gcc/avr/5.4.0/../../../../avr/lib/avr6\libm.a(fp_pscA.o)
                0x000023d8                __fp_pscA
 .text.avr-libc.fplib
                0x000023e6        0xe d:/program files (x86)/atmel/studio/7.0/toolchain/avr8/avr8-gnu-toolchain/bin/../lib/gcc/avr/5.4.0/../../../../avr/lib/avr6\libm.a(fp_pscB.o)
                0x000023e6                __fp_pscB
 .text.avr-libc.fplib
                0x000023f4       0x22 d:/program files (x86)/atmel/studio/7.0/toolchain/avr8/avr8-gnu-toolchain/bin/../lib/gcc/avr/5.4.0/../../../../avr/lib/avr6\libm.a(fp_round.o)
                0x000023f4                __fp_round
 .text._hihTwiCallback
                0x00002416       0x5a ../drivers\libIotLibrary.a(hih8120.o)
 .text.hih8120_initialise
                0x00002470       0x2e ../drivers\libIotLibrary.a(hih8120.o)
                0x00002470                hih8120_initialise
 .text.hih8120_measure
                0x0000249e       0x20 ../drivers\libIotLibrary.a(hih8120.o)
                0x0000249e                hih8120_measure
 .text.hih8120_getTemperature
                0x000024be       0x2e ../drivers\libIotLibrary.a(hih8120.o)
                0x000024be                hih8120_getTemperature
 .text.serial_create
                0x000024ec      0x138 ../drivers\libIotLibrary.a(serial.o)
                0x000024ec                serial_create
 .text.serial_sendByte
                0x00002624       0x56 ../drivers\libIotLibrary.a(serial.o)
                0x00002624                serial_sendByte
 .text.serial_getByte
                0x0000267a       0x40 ../drivers\libIotLibrary.a(serial.o)
                0x0000267a                serial_getByte
 .text.__vector_25
                0x000026ba       0xa4 ../drivers\libIotLibrary.a(serial.o)
                0x000026ba                __vector_25
 .text.__vector_26
                0x0000275e       0x88 ../drivers\libIotLibrary.a(serial.o)
                0x0000275e                __vector_26
 .text.__vector_36
                0x000027e6       0xa4 ../drivers\libIotLibrary.a(serial.o)
                0x000027e6                __vector_36
 .text.__vector_37
                0x0000288a       0x88 ../drivers\libIotLibrary.a(serial.o)
                0x0000288a                __vector_37
 .text.__vector_51
                0x00002912       0xa4 ../drivers\libIotLibrary.a(serial.o)
                0x00002912                __vector_51
 .text.__vector_52
                0x000029b6       0x88 ../drivers\libIotLibrary.a(serial.o)
                0x000029b6                __vector_52
 .text.__vector_54
                0x00002a3e       0xa4 ../drivers\libIotLibrary.a(serial.o)
                0x00002a3e                __vector_54
 .text.__vector_55
                0x00002ae2       0x88 ../drivers\libIotLibrary.a(serial.o)
                0x00002ae2                __vector_55
 .text.usart_getchar
                0x00002b6a       0x2a ../drivers\libIotLibrary.a(stdio_driver.o)
 .text.usart_putchar
                0x00002b94       0x12 ../drivers\libIotLibrary.a(stdio_driver.o)
 .text.stdio_initialise
                0x00002ba6       0x52 ../drivers\libIotLibrary.a(stdio_driver.o)
                0x00002ba6                stdio_initialise
 .text._initTwiInterface
                0x00002bf8       0x22 ../drivers\libIotLibrary.a(twi.o)
 .text.twiCreate
                0x00002c1a       0x9a ../drivers\libIotLibrary.a(twi.o)
                0x00002c1a                twiCreate
 .text.twiIsBusy
                0x00002cb4        0x8 ../drivers\libIotLibrary.a(twi.o)
                0x00002cb4                twiIsBusy
 .text.twiReceive
                0x00002cbc       0x66 ../drivers\libIotLibrary.a(twi.o)
                0x00002cbc                twiReceive
 .text.__vector_39
                0x00002d22      0x17a ../drivers\libIotLibrary.a(twi.o)
                0x00002d22                __vector_39
 .text.fifo_init
                0x00002e9c       0x38 ../drivers\libIotLibrary.a(fifo.o)
                0x00002e9c                fifo_init
 .text.avr-libc.fplib
                0x00002ed4        0xa d:/program files (x86)/atmel/studio/7.0/toolchain/avr8/avr8-gnu-toolchain/bin/../lib/gcc/avr/5.4.0/../../../../avr/lib/avr6\libm.a(addsf3.o)
                0x00002ed4                __subsf3
                0x00002ed6                __addsf3
 .text.avr-libc.fplib
                0x00002ede       0xc0 d:/program files (x86)/atmel/studio/7.0/toolchain/avr8/avr8-gnu-toolchain/bin/../lib/gcc/avr/5.4.0/../../../../avr/lib/avr6\libm.a(addsf3x.o)
                0x00002ef8                __addsf3x
 .text.avr-libc.fplib
                0x00002f9e        0x4 d:/program files (x86)/atmel/studio/7.0/toolchain/avr8/avr8-gnu-toolchain/bin/../lib/gcc/avr/5.4.0/../../../../avr/lib/avr6\libm.a(divsf3.o)
                0x00002f9e                __divsf3
 .text.avr-libc.fplib
                0x00002fa2       0xcc d:/program files (x86)/atmel/studio/7.0/toolchain/avr8/avr8-gnu-toolchain/bin/../lib/gcc/avr/5.4.0/../../../../avr/lib/avr6\libm.a(divsf3x.o)
                0x00002fb8                __divsf3x
                0x00002fbc                __divsf3_pse
 .text.avr-libc.fplib
                0x0000306e       0x7a d:/program files (x86)/atmel/studio/7.0/toolchain/avr8/avr8-gnu-toolchain/bin/../lib/gcc/avr/5.4.0/../../../../avr/lib/avr6\libm.a(floatsisf.o)
                0x0000306e                __floatunsisf
                0x00003072                __floatsisf
 .text.libgcc.div
                0x000030e8       0x44 d:/program files (x86)/atmel/studio/7.0/toolchain/avr8/avr8-gnu-toolchain/bin/../lib/gcc/avr/5.4.0/avr6\libgcc.a(_udivmodsi4.o)
                0x000030e8                __udivmodsi4
 .text.libgcc   0x0000312c       0x10 d:/program files (x86)/atmel/studio/7.0/toolchain/avr8/avr8-gnu-toolchain/bin/../lib/gcc/avr/5.4.0/avr6\libgcc.a(_tablejump2.o)
                0x0000312c                __tablejump2__
 .text.libgcc.mul
                0x0000313c       0x14 d:/program files (x86)/atmel/studio/7.0/toolchain/avr8/avr8-gnu-toolchain/bin/../lib/gcc/avr/5.4.0/avr6\libgcc.a(_muluhisi3.o)
                0x0000313c                __muluhisi3
 .text.libgcc.mul
                0x00003150       0x1e d:/program files (x86)/atmel/studio/7.0/toolchain/avr8/avr8-gnu-toolchain/bin/../lib/gcc/avr/5.4.0/avr6\libgcc.a(_umulhisi3.o)
                0x00003150                __umulhisi3
 .text.avr-libc
                0x0000316e       0x34 d:/program files (x86)/atmel/studio/7.0/toolchain/avr8/avr8-gnu-toolchain/bin/../lib/gcc/avr/5.4.0/../../../../avr/lib/avr6\libc.a(calloc.o)
                0x0000316e                calloc
 .text.avr-libc
                0x000031a2      0x242 d:/program files (x86)/atmel/studio/7.0/toolchain/avr8/avr8-gnu-toolchain/bin/../lib/gcc/avr/5.4.0/../../../../avr/lib/avr6\libc.a(malloc.o)
                0x000031a2                malloc
                0x000032d2                free
 .text.avr-libc
                0x000033e4        0x8 d:/program files (x86)/atmel/studio/7.0/toolchain/avr8/avr8-gnu-toolchain/bin/../lib/gcc/avr/5.4.0/../../../../avr/lib/avr6\libc.a(abort.o)
                0x000033e4                abort
 .text.avr-libc
                0x000033ec       0x12 d:/program files (x86)/atmel/studio/7.0/toolchain/avr8/avr8-gnu-toolchain/bin/../lib/gcc/avr/5.4.0/../../../../avr/lib/avr6\libc.a(memcpy.o)
                0x000033ec                memcpy
 .text.avr-libc
                0x000033fe        0xe d:/program files (x86)/atmel/studio/7.0/toolchain/avr8/avr8-gnu-toolchain/bin/../lib/gcc/avr/5.4.0/../../../../avr/lib/avr6\libc.a(memset.o)
                0x000033fe                memset
 .text.avr-libc
                0x0000340c       0x26 d:/program files (x86)/atmel/studio/7.0/toolchain/avr8/avr8-gnu-toolchain/bin/../lib/gcc/avr/5.4.0/../../../../avr/lib/avr6\libc.a(printf.o)
                0x0000340c                printf
 .text.avr-libc
                0x00003432       0x60 d:/program files (x86)/atmel/studio/7.0/toolchain/avr8/avr8-gnu-toolchain/bin/../lib/gcc/avr/5.4.0/../../../../avr/lib/avr6\libc.a(puts.o)
                0x00003432                puts
 .text.avr-libc
                0x00003492      0x3fa d:/program files (x86)/atmel/studio/7.0/toolchain/avr8/avr8-gnu-toolchain/bin/../lib/gcc/avr/5.4.0/../../../../avr/lib/avr6\libc.a(vfprintf_std.o)
                0x00003492                vfprintf
 .text.avr-libc
                0x0000388c       0x16 d:/program files (x86)/atmel/studio/7.0/toolchain/avr8/avr8-gnu-toolchain/bin/../lib/gcc/avr/5.4.0/../../../../avr/lib/avr6\libc.a(strnlen_P.o)
                0x0000388c                strnlen_P
 .text.avr-libc
                0x000038a2       0x16 d:/program files (x86)/atmel/studio/7.0/toolchain/avr8/avr8-gnu-toolchain/bin/../lib/gcc/avr/5.4.0/../../../../avr/lib/avr6\libc.a(strnlen.o)
                0x000038a2                strnlen
 .text.avr-libc
                0x000038b8       0x78 d:/program files (x86)/atmel/studio/7.0/toolchain/avr8/avr8-gnu-toolchain/bin/../lib/gcc/avr/5.4.0/../../../../avr/lib/avr6\libc.a(fputc.o)
                0x000038b8                fputc
 .text.avr-libc
                0x00003930       0xbc d:/program files (x86)/atmel/studio/7.0/toolchain/avr8/avr8-gnu-toolchain/bin/../lib/gcc/avr/5.4.0/../../../../avr/lib/avr6\libc.a(ultoa_invert.o)
                0x00003930                __ultoa_invert
                0x000039ec                . = ALIGN (0x2)
 *(.fini9)
 .fini9         0x000039ec        0x0 d:/program files (x86)/atmel/studio/7.0/toolchain/avr8/avr8-gnu-toolchain/bin/../lib/gcc/avr/5.4.0/avr6\libgcc.a(_exit.o)
                0x000039ec                _exit
                0x000039ec                exit
 *(.fini9)
 *(.fini8)
 *(.fini8)
 *(.fini7)
 *(.fini7)
 *(.fini6)
 *(.fini6)
 *(.fini5)
 *(.fini5)
 *(.fini4)
 *(.fini4)
 *(.fini3)
 *(.fini3)
 *(.fini2)
 *(.fini2)
 *(.fini1)
 *(.fini1)
 *(.fini0)
 .fini0         0x000039ec        0x4 d:/program files (x86)/atmel/studio/7.0/toolchain/avr8/avr8-gnu-toolchain/bin/../lib/gcc/avr/5.4.0/avr6\libgcc.a(_exit.o)
 *(.fini0)
                0x000039f0                _etext = .

.data           0x00800200       0xac load address 0x000039f0
                0x00800200                PROVIDE (__data_start, .)
 *(.data)
 .data          0x00800200        0x6 d:/program files (x86)/atmel/studio/7.0/toolchain/avr8/avr8-gnu-toolchain/bin/../lib/gcc/avr/5.4.0/../../../../avr/lib/avr6\libc.a(malloc.o)
                0x00800200                __malloc_heap_end
                0x00800202                __malloc_heap_start
                0x00800204                __malloc_margin
 *(.data*)
 .data.uxTopUsedPriority
                0x00800206        0x1 FreeRTOS/src/tasks.o
                0x00800206                uxTopUsedPriority
 .data._temp    0x00800207        0x2 ../drivers\libIotLibrary.a(hih8120.o)
 .data._hum     0x00800209        0x2 ../drivers\libIotLibrary.a(hih8120.o)
 .data._com_port_2_udr
                0x0080020b        0x8 ../drivers\libIotLibrary.a(serial.o)
                0x0080020b                _com_port_2_udr
 .data.mystdout.1882
                0x00800213        0xe ../drivers\libIotLibrary.a(stdio_driver.o)
 .data._twiCurrentState
                0x00800221        0x1 ../drivers\libIotLibrary.a(twi.o)
 *(.gnu.linkonce.d*)
 *(.rodata)
 *(.rodata*)
 .rodata.str1.1
                0x00800222       0x69 controller/temperatureSensorController.o
 .rodata.str1.1
                0x0080028b        0x5 FreeRTOS/src/tasks.o
 .rodata.str1.1
                0x00800290        0x8 FreeRTOS/src/timers.o
 .rodata.str1.1
                0x00800298       0x13 main.o
 *(.gnu.linkonce.r*)
                0x008002ac                . = ALIGN (0x2)
 *fill*         0x008002ab        0x1 
                0x008002ac                _edata = .
                0x008002ac                PROVIDE (__data_end, .)

.bss            0x008002ac      0xae5
                0x008002ac                PROVIDE (__bss_start, .)
 *(.bss)
 *(.bss*)
 .bss.temperature
                0x008002ac        0x4 controller/temperatureSensorController.o
                0x008002ac                temperature
 .bss.xBlockAllocatedBit
                0x008002b0        0x2 FreeRTOS/src/heap_4.o
 .bss.xNumberOfSuccessfulFrees
                0x008002b2        0x2 FreeRTOS/src/heap_4.o
 .bss.xNumberOfSuccessfulAllocations
                0x008002b4        0x2 FreeRTOS/src/heap_4.o
 .bss.xMinimumEverFreeBytesRemaining
                0x008002b6        0x2 FreeRTOS/src/heap_4.o
 .bss.xFreeBytesRemaining
                0x008002b8        0x2 FreeRTOS/src/heap_4.o
 .bss.pxEnd     0x008002ba        0x2 FreeRTOS/src/heap_4.o
 .bss.xStart    0x008002bc        0x4 FreeRTOS/src/heap_4.o
 .bss.ucHeap    0x008002c0      0x9c4 FreeRTOS/src/heap_4.o
 .bss.uxSchedulerSuspended
                0x00800c84        0x1 FreeRTOS/src/tasks.o
 .bss.xIdleTaskHandle
                0x00800c85        0x2 FreeRTOS/src/tasks.o
 .bss.xNextTaskUnblockTime
                0x00800c87        0x4 FreeRTOS/src/tasks.o
 .bss.uxTaskNumber
                0x00800c8b        0x1 FreeRTOS/src/tasks.o
 .bss.xNumOfOverflows
                0x00800c8c        0x1 FreeRTOS/src/tasks.o
 .bss.xYieldPending
                0x00800c8d        0x1 FreeRTOS/src/tasks.o
 .bss.xPendedTicks
                0x00800c8e        0x4 FreeRTOS/src/tasks.o
 .bss.xSchedulerRunning
                0x00800c92        0x1 FreeRTOS/src/tasks.o
 .bss.uxTopReadyPriority
                0x00800c93        0x1 FreeRTOS/src/tasks.o
 .bss.xTickCount
                0x00800c94        0x4 FreeRTOS/src/tasks.o
 .bss.uxCurrentNumberOfTasks
                0x00800c98        0x1 FreeRTOS/src/tasks.o
 .bss.xSuspendedTaskList
                0x00800c99        0xb FreeRTOS/src/tasks.o
 .bss.uxDeletedTasksWaitingCleanUp
                0x00800ca4        0x1 FreeRTOS/src/tasks.o
 .bss.xTasksWaitingTermination
                0x00800ca5        0xb FreeRTOS/src/tasks.o
 .bss.xPendingReadyList
                0x00800cb0        0xb FreeRTOS/src/tasks.o
 .bss.pxOverflowDelayedTaskList
                0x00800cbb        0x2 FreeRTOS/src/tasks.o
 .bss.pxDelayedTaskList
                0x00800cbd        0x2 FreeRTOS/src/tasks.o
 .bss.xDelayedTaskList2
                0x00800cbf        0xb FreeRTOS/src/tasks.o
 .bss.xDelayedTaskList1
                0x00800cca        0xb FreeRTOS/src/tasks.o
 .bss.pxReadyTasksLists
                0x00800cd5       0x6e FreeRTOS/src/tasks.o
 .bss.pxCurrentTCB
                0x00800d43        0x2 FreeRTOS/src/tasks.o
                0x00800d43                pxCurrentTCB
 .bss.xLastTime.2436
                0x00800d45        0x4 FreeRTOS/src/timers.o
 .bss.xTimerTaskHandle
                0x00800d49        0x2 FreeRTOS/src/timers.o
 .bss.xTimerQueue
                0x00800d4b        0x2 FreeRTOS/src/timers.o
 .bss.pxOverflowTimerList
                0x00800d4d        0x2 FreeRTOS/src/timers.o
 .bss.pxCurrentTimerList
                0x00800d4f        0x2 FreeRTOS/src/timers.o
 .bss.xActiveTimerList2
                0x00800d51        0xb FreeRTOS/src/timers.o
 .bss.xActiveTimerList1
                0x00800d5c        0xb FreeRTOS/src/timers.o
 .bss._measuringIsReady
                0x00800d67        0x1 ../drivers\libIotLibrary.a(hih8120.o)
 .bss._hih8120Handler
                0x00800d68        0x2 ../drivers\libIotLibrary.a(hih8120.o)
 .bss._ser_handle
                0x00800d6a        0x8 ../drivers\libIotLibrary.a(serial.o)
 .bss._com_serial_instance
                0x00800d72        0x2 ../drivers\libIotLibrary.a(stdio_driver.o)
 .bss._index.1885
                0x00800d74        0x1 ../drivers\libIotLibrary.a(twi.o)
 .bss._twiCurrentHandler
                0x00800d75        0x2 ../drivers\libIotLibrary.a(twi.o)
 .bss._twiMessageLen
                0x00800d77        0x1 ../drivers\libIotLibrary.a(twi.o)
 .bss._twiMessageBuffer
                0x00800d78        0xa ../drivers\libIotLibrary.a(twi.o)
 .bss._twiIsInitiated
                0x00800d82        0x1 ../drivers\libIotLibrary.a(twi.o)
 *(COMMON)
 COMMON         0x00800d83        0x2 controller/temperatureSensorController.o
                0x00800d83                sensor
 COMMON         0x00800d85        0x2 model/sensorModelManager.o
                0x00800d85                temperatureSensor
 COMMON         0x00800d87        0x4 d:/program files (x86)/atmel/studio/7.0/toolchain/avr8/avr8-gnu-toolchain/bin/../lib/gcc/avr/5.4.0/../../../../avr/lib/avr6\libc.a(malloc.o)
                0x00800d87                __brkval
                0x00800d89                __flp
 COMMON         0x00800d8b        0x6 d:/program files (x86)/atmel/studio/7.0/toolchain/avr8/avr8-gnu-toolchain/bin/../lib/gcc/avr/5.4.0/../../../../avr/lib/avr6\libc.a(iob.o)
                0x00800d8b                __iob
                0x00800d91                PROVIDE (__bss_end, .)
                0x000039f0                __data_load_start = LOADADDR (.data)
                0x00003a9c                __data_load_end = (__data_load_start + SIZEOF (.data))

.noinit         0x00800d91        0x0
                [!provide]                PROVIDE (__noinit_start, .)
 *(.noinit*)
                [!provide]                PROVIDE (__noinit_end, .)
                0x00800d91                _end = .
                0x00800d91                PROVIDE (__heap_start, .)

.eeprom         0x00810000        0x0
 *(.eeprom*)
                0x00810000                __eeprom_end = .

.fuse
 *(.fuse)
 *(.lfuse)
 *(.hfuse)
 *(.efuse)

.lock
 *(.lock*)

.signature
 *(.signature*)

.user_signatures
 *(.user_signatures*)

.stab
 *(.stab)

.stabstr
 *(.stabstr)

.stab.excl
 *(.stab.excl)

.stab.exclstr
 *(.stab.exclstr)

.stab.index
 *(.stab.index)

.stab.indexstr
 *(.stab.indexstr)

.comment        0x00000000       0x5c
 *(.comment)
 .comment       0x00000000       0x30 controller/temperatureSensorController.o
                                 0x31 (size before relaxing)
 .comment       0x00000030       0x31 model/senser/temperatureSensor.o
 .comment       0x00000030       0x31 model/sensorModelManager.o
 .comment       0x00000030       0x31 FreeRTOS/src/heap_4.o
 .comment       0x00000030       0x31 FreeRTOS/src/list.o
 .comment       0x00000030       0x31 FreeRTOS/src/port.o
 .comment       0x00000030       0x31 FreeRTOS/src/queue.o
 .comment       0x00000030       0x31 FreeRTOS/src/tasks.o
 .comment       0x00000030       0x31 FreeRTOS/src/timers.o
 .comment       0x00000030       0x31 FreeRTOS/src/variantHooks.o
 .comment       0x00000030       0x31 main.o
 .comment       0x00000030       0x31 ../drivers\libIotLibrary.a(hih8120.o)
 .comment       0x00000030       0x31 ../drivers\libIotLibrary.a(serial.o)
 .comment       0x00000030       0x31 ../drivers\libIotLibrary.a(stdio_driver.o)
 .comment       0x00000030       0x31 ../drivers\libIotLibrary.a(twi.o)
 .comment       0x00000030       0x31 ../drivers\libIotLibrary.a(fifo.o)
 .comment       0x00000030       0x31 d:/program files (x86)/atmel/studio/7.0/toolchain/avr8/avr8-gnu-toolchain/bin/../lib/gcc/avr/5.4.0/../../../../avr/lib/avr6\libc.a(calloc.o)
 .comment       0x00000030       0x31 d:/program files (x86)/atmel/studio/7.0/toolchain/avr8/avr8-gnu-toolchain/bin/../lib/gcc/avr/5.4.0/../../../../avr/lib/avr6\libc.a(malloc.o)
 .comment       0x00000030       0x31 d:/program files (x86)/atmel/studio/7.0/toolchain/avr8/avr8-gnu-toolchain/bin/../lib/gcc/avr/5.4.0/../../../../avr/lib/avr6\libc.a(iob.o)
 .comment       0x00000030       0x31 d:/program files (x86)/atmel/studio/7.0/toolchain/avr8/avr8-gnu-toolchain/bin/../lib/gcc/avr/5.4.0/../../../../avr/lib/avr6\libc.a(printf.o)
 .comment       0x00000030       0x31 d:/program files (x86)/atmel/studio/7.0/toolchain/avr8/avr8-gnu-toolchain/bin/../lib/gcc/avr/5.4.0/../../../../avr/lib/avr6\libc.a(puts.o)
 .comment       0x00000030       0x2c d:/program files (x86)/atmel/studio/7.0/toolchain/avr8/avr8-gnu-toolchain/bin/../lib/gcc/avr/5.4.0/../../../../avr/lib/avr6\libc.a(vfprintf_std.o)
                                 0x2d (size before relaxing)
 .comment       0x0000005c       0x31 d:/program files (x86)/atmel/studio/7.0/toolchain/avr8/avr8-gnu-toolchain/bin/../lib/gcc/avr/5.4.0/../../../../avr/lib/avr6\libc.a(fputc.o)

.note.gnu.avr.deviceinfo
                0x00000000       0x40
 .note.gnu.avr.deviceinfo
                0x00000000       0x40 D:/Program Files (x86)/Atmel/Studio/7.0/Packs/atmel/ATmega_DFP/1.3.300/gcc/dev/atmega2560/avr6/crtatmega2560.o

.note.gnu.build-id
 *(.note.gnu.build-id)

.debug
 *(.debug)

.line
 *(.line)

.debug_srcinfo
 *(.debug_srcinfo)

.debug_sfnames
 *(.debug_sfnames)

.debug_aranges  0x00000000      0x688
 *(.debug_aranges)
 .debug_aranges
                0x00000000       0x28 controller/temperatureSensorController.o
 .debug_aranges
                0x00000028       0x40 model/senser/temperatureSensor.o
 .debug_aranges
                0x00000068       0x30 model/sensorModelManager.o
 .debug_aranges
                0x00000098       0x50 FreeRTOS/src/heap_4.o
 .debug_aranges
                0x000000e8       0x40 FreeRTOS/src/list.o
 .debug_aranges
                0x00000128       0x50 FreeRTOS/src/port.o
 .debug_aranges
                0x00000178       0xd8 FreeRTOS/src/queue.o
 .debug_aranges
                0x00000250      0x198 FreeRTOS/src/tasks.o
 .debug_aranges
                0x000003e8       0x98 FreeRTOS/src/timers.o
 .debug_aranges
                0x00000480       0x40 FreeRTOS/src/variantHooks.o
 .debug_aranges
                0x000004c0       0x28 main.o
 .debug_aranges
                0x000004e8       0x68 ../drivers\libIotLibrary.a(hih8120.o)
 .debug_aranges
                0x00000550       0x90 ../drivers\libIotLibrary.a(serial.o)
 .debug_aranges
                0x000005e0       0x38 ../drivers\libIotLibrary.a(stdio_driver.o)
 .debug_aranges
                0x00000618       0x50 ../drivers\libIotLibrary.a(twi.o)
 .debug_aranges
                0x00000668       0x20 ../drivers\libIotLibrary.a(fifo.o)

.debug_pubnames
 *(.debug_pubnames)

.debug_info     0x00000000     0x874b
 *(.debug_info .gnu.linkonce.wi.*)
 .debug_info    0x00000000      0xbbc D:/Program Files (x86)/Atmel/Studio/7.0/Packs/atmel/ATmega_DFP/1.3.300/gcc/dev/atmega2560/avr6/crtatmega2560.o
 .debug_info    0x00000bbc      0x2d2 controller/temperatureSensorController.o
 .debug_info    0x00000e8e      0x1d8 model/senser/temperatureSensor.o
 .debug_info    0x00001066      0x129 model/sensorModelManager.o
 .debug_info    0x0000118f      0x50c FreeRTOS/src/heap_4.o
 .debug_info    0x0000169b      0x2e7 FreeRTOS/src/list.o
 .debug_info    0x00001982      0x2f6 FreeRTOS/src/port.o
 .debug_info    0x00001c78     0x17d4 FreeRTOS/src/queue.o
 .debug_info    0x0000344c     0x226e FreeRTOS/src/tasks.o
 .debug_info    0x000056ba     0x10e6 FreeRTOS/src/timers.o
 .debug_info    0x000067a0      0x20f FreeRTOS/src/variantHooks.o
 .debug_info    0x000069af      0x142 main.o
 .debug_info    0x00006af1      0x3a9 ../drivers\libIotLibrary.a(hih8120.o)
 .debug_info    0x00006e9a      0xddb ../drivers\libIotLibrary.a(serial.o)
 .debug_info    0x00007c75      0x3b6 ../drivers\libIotLibrary.a(stdio_driver.o)
 .debug_info    0x0000802b      0x55d ../drivers\libIotLibrary.a(twi.o)
 .debug_info    0x00008588      0x1c3 ../drivers\libIotLibrary.a(fifo.o)

.debug_abbrev   0x00000000     0x26fe
 *(.debug_abbrev)
 .debug_abbrev  0x00000000      0xb1a D:/Program Files (x86)/Atmel/Studio/7.0/Packs/atmel/ATmega_DFP/1.3.300/gcc/dev/atmega2560/avr6/crtatmega2560.o
 .debug_abbrev  0x00000b1a      0x138 controller/temperatureSensorController.o
 .debug_abbrev  0x00000c52      0x108 model/senser/temperatureSensor.o
 .debug_abbrev  0x00000d5a       0xeb model/sensorModelManager.o
 .debug_abbrev  0x00000e45      0x212 FreeRTOS/src/heap_4.o
 .debug_abbrev  0x00001057       0xff FreeRTOS/src/list.o
 .debug_abbrev  0x00001156      0x170 FreeRTOS/src/port.o
 .debug_abbrev  0x000012c6      0x29e FreeRTOS/src/queue.o
 .debug_abbrev  0x00001564      0x348 FreeRTOS/src/tasks.o
 .debug_abbrev  0x000018ac      0x2f5 FreeRTOS/src/timers.o
 .debug_abbrev  0x00001ba1       0xff FreeRTOS/src/variantHooks.o
 .debug_abbrev  0x00001ca0       0xde main.o
 .debug_abbrev  0x00001d7e      0x184 ../drivers\libIotLibrary.a(hih8120.o)
 .debug_abbrev  0x00001f02      0x34a ../drivers\libIotLibrary.a(serial.o)
 .debug_abbrev  0x0000224c      0x1b3 ../drivers\libIotLibrary.a(stdio_driver.o)
 .debug_abbrev  0x000023ff      0x217 ../drivers\libIotLibrary.a(twi.o)
 .debug_abbrev  0x00002616       0xe8 ../drivers\libIotLibrary.a(fifo.o)

.debug_line     0x00000000     0x44c9
 *(.debug_line .debug_line.* .debug_line_end)
 .debug_line    0x00000000      0x1f9 D:/Program Files (x86)/Atmel/Studio/7.0/Packs/atmel/ATmega_DFP/1.3.300/gcc/dev/atmega2560/avr6/crtatmega2560.o
 .debug_line    0x000001f9      0x1cc controller/temperatureSensorController.o
 .debug_line    0x000003c5      0x14c model/senser/temperatureSensor.o
 .debug_line    0x00000511       0xf7 model/sensorModelManager.o
 .debug_line    0x00000608      0x3de FreeRTOS/src/heap_4.o
 .debug_line    0x000009e6      0x1db FreeRTOS/src/list.o
 .debug_line    0x00000bc1      0x275 FreeRTOS/src/port.o
 .debug_line    0x00000e36      0xb80 FreeRTOS/src/queue.o
 .debug_line    0x000019b6     0x147c FreeRTOS/src/tasks.o
 .debug_line    0x00002e32      0x55e FreeRTOS/src/timers.o
 .debug_line    0x00003390      0x1af FreeRTOS/src/variantHooks.o
 .debug_line    0x0000353f      0x123 main.o
 .debug_line    0x00003662      0x24a ../drivers\libIotLibrary.a(hih8120.o)
 .debug_line    0x000038ac      0x6a0 ../drivers\libIotLibrary.a(serial.o)
 .debug_line    0x00003f4c      0x146 ../drivers\libIotLibrary.a(stdio_driver.o)
 .debug_line    0x00004092      0x31c ../drivers\libIotLibrary.a(twi.o)
 .debug_line    0x000043ae      0x11b ../drivers\libIotLibrary.a(fifo.o)

.debug_frame    0x00000000     0x1644
 *(.debug_frame)
 .debug_frame   0x00000000       0x6c controller/temperatureSensorController.o
 .debug_frame   0x0000006c       0x78 model/senser/temperatureSensor.o
 .debug_frame   0x000000e4       0x44 model/sensorModelManager.o
 .debug_frame   0x00000128       0xec FreeRTOS/src/heap_4.o
 .debug_frame   0x00000214       0x90 FreeRTOS/src/list.o
 .debug_frame   0x000002a4       0x84 FreeRTOS/src/port.o
 .debug_frame   0x00000328      0x388 FreeRTOS/src/queue.o
 .debug_frame   0x000006b0      0x69c FreeRTOS/src/tasks.o
 .debug_frame   0x00000d4c      0x238 FreeRTOS/src/timers.o
 .debug_frame   0x00000f84       0x64 FreeRTOS/src/variantHooks.o
 .debug_frame   0x00000fe8       0x34 main.o
 .debug_frame   0x0000101c       0xc0 ../drivers\libIotLibrary.a(hih8120.o)
 .debug_frame   0x000010dc      0x384 ../drivers\libIotLibrary.a(serial.o)
 .debug_frame   0x00001460       0x94 ../drivers\libIotLibrary.a(stdio_driver.o)
 .debug_frame   0x000014f4      0x12c ../drivers\libIotLibrary.a(twi.o)
 .debug_frame   0x00001620       0x24 ../drivers\libIotLibrary.a(fifo.o)

.debug_str      0x00000000     0x2dbf
 *(.debug_str)
 .debug_str     0x00000000      0x3e6 D:/Program Files (x86)/Atmel/Studio/7.0/Packs/atmel/ATmega_DFP/1.3.300/gcc/dev/atmega2560/avr6/crtatmega2560.o
 .debug_str     0x000003e6      0x34d controller/temperatureSensorController.o
                                0x38b (size before relaxing)
 .debug_str     0x00000733       0x97 model/senser/temperatureSensor.o
                                0x23e (size before relaxing)
 .debug_str     0x000007ca       0x85 model/sensorModelManager.o
                                0x22b (size before relaxing)
 .debug_str     0x0000084f      0x342 FreeRTOS/src/heap_4.o
                                0x491 (size before relaxing)
 .debug_str     0x00000b91      0x129 FreeRTOS/src/list.o
                                0x2cd (size before relaxing)
 .debug_str     0x00000cba      0x15b FreeRTOS/src/port.o
                                0x302 (size before relaxing)
 .debug_str     0x00000e15      0x672 FreeRTOS/src/queue.o
                                0x941 (size before relaxing)
 .debug_str     0x00001487      0x9d0 FreeRTOS/src/tasks.o
                                0xf62 (size before relaxing)
 .debug_str     0x00001e57      0x414 FreeRTOS/src/timers.o
                                0x838 (size before relaxing)
 .debug_str     0x0000226b       0x81 FreeRTOS/src/variantHooks.o
                                0x279 (size before relaxing)
 .debug_str     0x000022ec       0x5f main.o
                                0x215 (size before relaxing)
 .debug_str     0x0000234b      0x26d ../drivers\libIotLibrary.a(hih8120.o)
                                0x45c (size before relaxing)
 .debug_str     0x000025b8      0x44f ../drivers\libIotLibrary.a(serial.o)
                                0x62f (size before relaxing)
 .debug_str     0x00002a07       0xa6 ../drivers\libIotLibrary.a(stdio_driver.o)
                                0x37d (size before relaxing)
 .debug_str     0x00002aad      0x2f0 ../drivers\libIotLibrary.a(twi.o)
                                0x5b4 (size before relaxing)
 .debug_str     0x00002d9d       0x22 ../drivers\libIotLibrary.a(fifo.o)
                                0x239 (size before relaxing)

.debug_loc      0x00000000     0x7671
 *(.debug_loc)
 .debug_loc     0x00000000      0x151 controller/temperatureSensorController.o
 .debug_loc     0x00000151       0x8d model/senser/temperatureSensor.o
 .debug_loc     0x000001de       0x2e model/sensorModelManager.o
 .debug_loc     0x0000020c      0x4e4 FreeRTOS/src/heap_4.o
 .debug_loc     0x000006f0      0x17d FreeRTOS/src/list.o
 .debug_loc     0x0000086d       0xf6 FreeRTOS/src/port.o
 .debug_loc     0x00000963     0x1aee FreeRTOS/src/queue.o
 .debug_loc     0x00002451     0x2a03 FreeRTOS/src/tasks.o
 .debug_loc     0x00004e54      0xcf7 FreeRTOS/src/timers.o
 .debug_loc     0x00005b4b       0xdc FreeRTOS/src/variantHooks.o
 .debug_loc     0x00005c27       0x9f ../drivers\libIotLibrary.a(hih8120.o)
 .debug_loc     0x00005cc6     0x114c ../drivers\libIotLibrary.a(serial.o)
 .debug_loc     0x00006e12      0x18c ../drivers\libIotLibrary.a(stdio_driver.o)
 .debug_loc     0x00006f9e      0x575 ../drivers\libIotLibrary.a(twi.o)
 .debug_loc     0x00007513      0x15e ../drivers\libIotLibrary.a(fifo.o)

.debug_macinfo
 *(.debug_macinfo)

.debug_weaknames
 *(.debug_weaknames)

.debug_funcnames
 *(.debug_funcnames)

.debug_typenames
 *(.debug_typenames)

.debug_varnames
 *(.debug_varnames)

.debug_pubtypes
 *(.debug_pubtypes)

.debug_ranges   0x00000000      0x738
 *(.debug_ranges)
 .debug_ranges  0x00000000       0x18 controller/temperatureSensorController.o
 .debug_ranges  0x00000018       0x30 model/senser/temperatureSensor.o
 .debug_ranges  0x00000048       0x20 model/sensorModelManager.o
 .debug_ranges  0x00000068       0x40 FreeRTOS/src/heap_4.o
 .debug_ranges  0x000000a8       0x30 FreeRTOS/src/list.o
 .debug_ranges  0x000000d8       0x40 FreeRTOS/src/port.o
 .debug_ranges  0x00000118      0x158 FreeRTOS/src/queue.o
 .debug_ranges  0x00000270      0x238 FreeRTOS/src/tasks.o
 .debug_ranges  0x000004a8       0xe0 FreeRTOS/src/timers.o
 .debug_ranges  0x00000588       0x30 FreeRTOS/src/variantHooks.o
 .debug_ranges  0x000005b8       0x18 main.o
 .debug_ranges  0x000005d0       0x58 ../drivers\libIotLibrary.a(hih8120.o)
 .debug_ranges  0x00000628       0x98 ../drivers\libIotLibrary.a(serial.o)
 .debug_ranges  0x000006c0       0x28 ../drivers\libIotLibrary.a(stdio_driver.o)
 .debug_ranges  0x000006e8       0x40 ../drivers\libIotLibrary.a(twi.o)
 .debug_ranges  0x00000728       0x10 ../drivers\libIotLibrary.a(fifo.o)

.debug_macro
 *(.debug_macro)
OUTPUT(gh-iot.elf elf32-avr)
LOAD linker stubs
